
> clawd-on-desk@0.10.1-dev test
> node test/run-tests.js

TAP version 13
# Subtest: isAgentEnabled
    # Subtest: returns true when snapshot is missing
    ok 1 - returns true when snapshot is missing
      ---
      duration_ms: 1.094772
      type: 'test'
      ...
    # Subtest: returns true when agentId is missing
    ok 2 - returns true when agentId is missing
      ---
      duration_ms: 0.558486
      type: 'test'
      ...
    # Subtest: returns true when agents field is absent (legacy upgrade)
    ok 3 - returns true when agents field is absent (legacy upgrade)
      ---
      duration_ms: 0.398138
      type: 'test'
      ...
    # Subtest: returns true when the agent id is not in the map
    ok 4 - returns true when the agent id is not in the map
      ---
      duration_ms: 0.231888
      type: 'test'
      ...
    # Subtest: returns true when enabled is not false
    ok 5 - returns true when enabled is not false
      ---
      duration_ms: 0.16562
      type: 'test'
      ...
    # Subtest: returns false only when enabled === false
    ok 6 - returns false only when enabled === false
      ---
      duration_ms: 0.237721
      type: 'test'
      ...
    # Subtest: treats malformed agent entries as enabled
    ok 7 - treats malformed agent entries as enabled
      ---
      duration_ms: 0.16557
      type: 'test'
      ...
    1..7
ok 1 - isAgentEnabled
  ---
  duration_ms: 4.512333
  type: 'suite'
  ...
# Subtest: isAgentIntegrationInstalled
    # Subtest: defaults true for missing legacy snapshots
    ok 1 - defaults true for missing legacy snapshots
      ---
      duration_ms: 0.410929
      type: 'test'
      ...
    # Subtest: reads explicit installed intent from normalized prefs
    ok 2 - reads explicit installed intent from normalized prefs
      ---
      duration_ms: 0.390502
      type: 'test'
      ...
    # Subtest: combines installed intent and enabled for startup sync
    ok 3 - combines installed intent and enabled for startup sync
      ---
      duration_ms: 0.461666
      type: 'test'
      ...
    1..3
ok 2 - isAgentIntegrationInstalled
  ---
  duration_ms: 1.714359
  type: 'suite'
  ...
# Subtest: isAgentPermissionsEnabled
    # Subtest: returns true when snapshot is missing
    ok 1 - returns true when snapshot is missing
      ---
      duration_ms: 0.236605
      type: 'test'
      ...
    # Subtest: returns true when agentId is missing
    ok 2 - returns true when agentId is missing
      ---
      duration_ms: 0.163475
      type: 'test'
      ...
    # Subtest: returns true when agents field is absent (legacy upgrade)
    ok 3 - returns true when agents field is absent (legacy upgrade)
      ---
      duration_ms: 0.170225
      type: 'test'
      ...
    # Subtest: returns true when the agent id is unknown to the registry
    ok 4 - returns true when the agent id is unknown to the registry
      ---
      duration_ms: 0.186422
      type: 'test'
      ...
    # Subtest: returns true when permissionsEnabled flag is absent (pre-subgate prefs file)
    ok 5 - returns true when permissionsEnabled flag is absent (pre-subgate prefs file)
      ---
      duration_ms: 0.123654
      type: 'test'
      ...
    # Subtest: returns false only when permissionsEnabled === false
    ok 6 - returns false only when permissionsEnabled === false
      ---
      duration_ms: 0.118315
      type: 'test'
      ...
    # Subtest: is independent of the master enabled flag (does NOT short-circuit)
    ok 7 - is independent of the master enabled flag (does NOT short-circuit)
      ---
      duration_ms: 0.130507
      type: 'test'
      ...
    # Subtest: treats malformed agent entries as permissions-enabled
    ok 8 - treats malformed agent entries as permissions-enabled
      ---
      duration_ms: 0.109515
      type: 'test'
      ...
    1..8
ok 3 - isAgentPermissionsEnabled
  ---
  duration_ms: 1.617769
  type: 'suite'
  ...
# Subtest: isAgentNotificationHookEnabled
    # Subtest: returns true for missing snapshot / agentId / agents field
    ok 1 - returns true for missing snapshot / agentId / agents field
      ---
      duration_ms: 0.678366
      type: 'test'
      ...
    # Subtest: returns true when the flag is absent (pre-flag prefs file)
    ok 2 - returns true when the flag is absent (pre-flag prefs file)
      ---
      duration_ms: 0.326456
      type: 'test'
      ...
    # Subtest: returns false only when notificationHookEnabled === false
    ok 3 - returns false only when notificationHookEnabled === false
      ---
      duration_ms: 0.318327
      type: 'test'
      ...
    # Subtest: is independent of master enabled / permissionsEnabled flags
    ok 4 - is independent of master enabled / permissionsEnabled flags
      ---
      duration_ms: 0.337363
      type: 'test'
      ...
    1..4
ok 4 - isAgentNotificationHookEnabled
  ---
  duration_ms: 2.142334
  type: 'suite'
  ...
# Subtest: Codex permission mode gate
    # Subtest: defaults missing Codex permissionMode to intercept
    ok 1 - defaults missing Codex permissionMode to intercept
      ---
      duration_ms: 0.602563
      type: 'test'
      ...
    # Subtest: uses native mode only when explicitly selected
    ok 2 - uses native mode only when explicitly selected
      ---
      duration_ms: 0.332986
      type: 'test'
      ...
    1..2
ok 5 - Codex permission mode gate
  ---
  duration_ms: 1.342111
  type: 'suite'
  ...
# Subtest: isAgentSubagentPermissionsEnabled
    # Subtest: returns true when the flag is absent (pre-\#451 prefs file)
    ok 1 - returns true when the flag is absent (pre-\#451 prefs file)
      ---
      duration_ms: 0.565399
      type: 'test'
      ...
    # Subtest: returns false only when subagentPermissionsEnabled === false
    ok 2 - returns false only when subagentPermissionsEnabled === false
      ---
      duration_ms: 0.251785
      type: 'test'
      ...
    # Subtest: is independent of the master / permission gates
    ok 3 - is independent of the master / permission gates
      ---
      duration_ms: 0.3259
      type: 'test'
      ...
    # Subtest: defaults true for agents that never carry the flag
    ok 4 - defaults true for agents that never carry the flag
      ---
      duration_ms: 0.462855
      type: 'test'
      ...
    1..4
ok 6 - isAgentSubagentPermissionsEnabled
  ---
  duration_ms: 2.145843
  type: 'suite'
  ...
# Subtest: Codex native notification sound gate
    # Subtest: defaults off for missing / legacy prefs
    ok 1 - defaults off for missing / legacy prefs
      ---
      duration_ms: 0.424879
      type: 'test'
      ...
    # Subtest: returns true only when nativeNotificationSoundEnabled === true
    ok 2 - returns true only when nativeNotificationSoundEnabled === true
      ---
      duration_ms: 0.324154
      type: 'test'
      ...
    1..2
ok 7 - Codex native notification sound gate
  ---
  duration_ms: 1.101532
  type: 'suite'
  ...
# Subtest: setAgentFlag command
    # Subtest: rejects missing agentId
    ok 1 - rejects missing agentId
      ---
      duration_ms: 2.033449
      type: 'test'
      ...
    # Subtest: rejects unknown flag name
    ok 2 - rejects unknown flag name
      ---
      duration_ms: 0.637114
      type: 'test'
      ...
    # Subtest: does not let the generic flag command fake installed state
    ok 3 - does not let the generic flag command fake installed state
      ---
      duration_ms: 1.073499
      type: 'test'
      ...
    # Subtest: rejects non-boolean value
    ok 4 - rejects non-boolean value
      ---
      duration_ms: 0.500794
      type: 'test'
      ...
    # Subtest: is noop when value already matches current state
    ok 5 - is noop when value already matches current state
      ---
      duration_ms: 0.744015
      type: 'test'
      ...
    # Subtest: disabling master flag runs stop + clear sessions + dismiss permissions
    ok 6 - disabling master flag runs stop + clear sessions + dismiss permissions
      ---
      duration_ms: 1.854309
      type: 'test'
      ...
    # Subtest: enabling a previously-disabled agent syncs its integration and starts the monitor
    ok 7 - enabling a previously-disabled agent syncs its integration and starts the monitor
      ---
      duration_ms: 1.118862
      type: 'test'
      ...
    # Subtest: enabling an uninstalled agent starts the monitor without syncing integration files
    ok 8 - enabling an uninstalled agent starts the monitor without syncing integration files
      ---
      duration_ms: 2.2546
      type: 'test'
      ...
    # Subtest: disabling Claude Code stops its integration watcher before commit
    ok 9 - disabling Claude Code stops its integration watcher before commit
      ---
      duration_ms: 1.865163
      type: 'test'
      ...
    # Subtest: toggling master flag preserves permissionsEnabled (no silent wipe)
    ok 10 - toggling master flag preserves permissionsEnabled (no silent wipe)
      ---
      duration_ms: 1.198592
      type: 'test'
      ...
    # Subtest: rejects subagentPermissionsEnabled for non-claude agents before any side effect (\#451)
    ok 11 - rejects subagentPermissionsEnabled for non-claude agents before any side effect (\#451)
      ---
      duration_ms: 0.652604
      type: 'test'
      ...
    # Subtest: disabling subagentPermissionsEnabled dismisses only subagent bubbles (\#451)
    ok 12 - disabling subagentPermissionsEnabled dismisses only subagent bubbles (\#451)
      ---
      duration_ms: 7.553126
      type: 'test'
      ...
    # Subtest: enabling subagentPermissionsEnabled is a pure data flip — no side effects
    ok 13 - enabling subagentPermissionsEnabled is a pure data flip — no side effects
      ---
      duration_ms: 0.661647
      type: 'test'
      ...
    # Subtest: disabling permissionsEnabled only dismisses bubbles — no monitor/session churn
    ok 14 - disabling permissionsEnabled only dismisses bubbles — no monitor/session churn
      ---
      duration_ms: 0.228146
      type: 'test'
      ...
    # Subtest: enabling permissionsEnabled is a pure data flip — no side effects
    ok 15 - enabling permissionsEnabled is a pure data flip — no side effects
      ---
      duration_ms: 0.407336
      type: 'test'
      ...
    # Subtest: propagates an error if a side effect throws, without committing
    ok 16 - propagates an error if a side effect throws, without committing
      ---
      duration_ms: 0.412202
      type: 'test'
      ...
    # Subtest: missing side-effect deps are tolerated (simulates hook-only agent)
    ok 17 - missing side-effect deps are tolerated (simulates hook-only agent)
      ---
      duration_ms: 0.214923
      type: 'test'
      ...
    # Subtest: accepts notificationHookEnabled as a pure data flip — no side effects
    ok 18 - accepts notificationHookEnabled as a pure data flip — no side effects
      ---
      duration_ms: 0.187918
      type: 'test'
      ...
    # Subtest: accepts Codex nativeNotificationSoundEnabled as a pure data flip
    ok 19 - accepts Codex nativeNotificationSoundEnabled as a pure data flip
      ---
      duration_ms: 0.230206
      type: 'test'
      ...
    1..19
ok 8 - setAgentFlag command
  ---
  duration_ms: 25.924551
  type: 'suite'
  ...
# Subtest: setAgentPermissionMode command
    # Subtest: treats switching Codex to the default intercept mode as a noop
    ok 1 - treats switching Codex to the default intercept mode as a noop
      ---
      duration_ms: 1.339922
      type: 'test'
      ...
    # Subtest: switches Codex back to native mode and dismisses pending Codex bubbles
    ok 2 - switches Codex back to native mode and dismisses pending Codex bubbles
      ---
      duration_ms: 0.389831
      type: 'test'
      ...
    # Subtest: treats missing Codex permissionMode as intercept when switching to native
    ok 3 - treats missing Codex permissionMode as intercept when switching to native
      ---
      duration_ms: 0.608324
      type: 'test'
      ...
    # Subtest: rejects unsupported agents and modes
    ok 4 - rejects unsupported agents and modes
      ---
      duration_ms: 0.5109
      type: 'test'
      ...
    1..4
ok 9 - setAgentPermissionMode command
  ---
  duration_ms: 3.138957
  type: 'suite'
  ...
# Subtest: agent installation detector
    # Subtest: skips default integrations and returns runtime-only checkedAt metadata
    ok 1 - skips default integrations and returns runtime-only checkedAt metadata
      ---
      duration_ms: 15.664432
      type: 'test'
      ...
    # Subtest: detects generic parent-directory agents and reports Clawd marker presence separately
    ok 2 - detects generic parent-directory agents and reports Clawd marker presence separately
      ---
      duration_ms: 10.101339
      type: 'test'
      ...
    # Subtest: does not confuse Antigravity's ~/.gemini/config with Gemini CLI
    ok 3 - does not confuse Antigravity's ~/.gemini/config with Gemini CLI
      ---
      duration_ms: 10.071279
      type: 'test'
      ...
    # Subtest: treats Gemini Clawd-only settings as integration marker, not install proof
    ok 4 - treats Gemini Clawd-only settings as integration marker, not install proof
      ---
      duration_ms: 23.137929
      type: 'test'
      ...
    # Subtest: re-resolves env-dependent paths at detection time
    ok 5 - re-resolves env-dependent paths at detection time
      ---
      duration_ms: 9.062942
      type: 'test'
      ...
    # Subtest: treats a bare Hermes home directory as low-confidence residue
    ok 6 - treats a bare Hermes home directory as low-confidence residue
      ---
      duration_ms: 5.554355
      type: 'test'
      ...
    # Subtest: uses only read-style fs operations
    ok 7 - uses only read-style fs operations
      ---
      duration_ms: 6.949264
      type: 'test'
      ...
    1..7
ok 10 - agent installation detector
  ---
  duration_ms: 83.467
  type: 'suite'
  ...
# Subtest: agent-runtime-main
    # Subtest: keeps Codex monitor ownership and agent deferred wrappers out of main
    ok 1 - keeps Codex monitor ownership and agent deferred wrappers out of main
      ---
      duration_ms: 22.567236
      type: 'test'
      ...
    # Subtest: marks official Codex sessions and suppresses covered JSONL events until the TTL expires
    ok 2 - marks official Codex sessions and suppresses covered JSONL events until the TTL expires
      ---
      duration_ms: 3.213614
      type: 'test'
      ...
    # Subtest: lets JSONL token_count update official-hook Codex session metadata during suppression
    ok 3 - lets JSONL token_count update official-hook Codex session metadata during suppression
      ---
      duration_ms: 2.267285
      type: 'test'
      ...
    # Subtest: handles JSONL token_count as metadata without clearing bubbles or changing state
    ok 4 - handles JSONL token_count as metadata without clearing bubbles or changing state
      ---
      duration_ms: 0.819445
      type: 'test'
      ...
    # Subtest: captures Ghostty terminal id for foreground session-start events
    ok 5 - captures Ghostty terminal id for foreground session-start events
      ---
      duration_ms: 1.448529
      type: 'test'
      ...
    # Subtest: maps Codex JSONL monitor permission and state callbacks through the main runtime effects
    ok 6 - maps Codex JSONL monitor permission and state callbacks through the main runtime effects
      ---
      duration_ms: 1.620497
      type: 'test'
      ...
    # Subtest: starts and stops the Codex monitor through agent gate hooks and cleanup
    ok 7 - starts and stops the Codex monitor through agent gate hooks and cleanup
      ---
      duration_ms: 0.777814
      type: 'test'
      ...
    # Subtest: delegates integration repair and sync calls to the server when available
    ok 8 - delegates integration repair and sync calls to the server when available
      ---
      duration_ms: 1.272903
      type: 'test'
      ...
    # Subtest: clears sessions and releases Kimi permission state when an agent is disabled
    ok 9 - clears sessions and releases Kimi permission state when an agent is disabled
      ---
      duration_ms: 1.646229
      type: 'test'
      ...
    # Subtest: rescues a stuck local Codex turn with JSONL task_complete while suppressing other covered events
    ok 10 - rescues a stuck local Codex turn with JSONL task_complete while suppressing other covered events
      ---
      duration_ms: 1.557591
      type: 'test'
      ...
    # Subtest: treats every working-like state as a rescuable local Codex turn
    ok 11 - treats every working-like state as a rescuable local Codex turn
      ---
      duration_ms: 0.540236
      type: 'test'
      ...
    # Subtest: keeps suppressing JSONL task_complete once the official Stop has idled the session
    ok 12 - keeps suppressing JSONL task_complete once the official Stop has idled the session
      ---
      duration_ms: 0.425194
      type: 'test'
      ...
    # Subtest: does not apply the JSONL completion fallback to remote or headless Codex sessions
    ok 13 - does not apply the JSONL completion fallback to remote or headless Codex sessions
      ---
      duration_ms: 0.379601
      type: 'test'
      ...
    # Subtest: only rescues known local Codex sessions, and never suppresses without recent official hooks
    ok 14 - only rescues known local Codex sessions, and never suppresses without recent official hooks
      ---
      duration_ms: 0.630228
      type: 'test'
      ...
    # Subtest: lets the JSONL monitor close a stuck local Codex turn, then suppresses the duplicate
    ok 15 - lets the JSONL monitor close a stuck local Codex turn, then suppresses the duplicate
      ---
      duration_ms: 1.400968
      type: 'test'
      ...
    1..15
ok 11 - agent-runtime-main
  ---
  duration_ms: 46.463995
  type: 'suite'
  ...
# Subtest: Agent config modules — data integrity
    # Subtest: claude-code
        # Subtest: has required top-level fields
        ok 1 - has required top-level fields
          ---
          duration_ms: 2.15581
          type: 'test'
          ...
        # Subtest: eventMap values are all valid states
        ok 2 - eventMap values are all valid states
          ---
          duration_ms: 1.557828
          type: 'test'
          ...
        # Subtest: has at least one event map (eventMap or logEventMap)
        ok 3 - has at least one event map (eventMap or logEventMap)
          ---
          duration_ms: 0.76189
          type: 'test'
          ...
        # Subtest: win processNames all end with .exe
        ok 4 - win processNames all end with .exe
          ---
          duration_ms: 0.389429
          type: 'test'
          ...
        # Subtest: mac processNames do not end with .exe
        ok 5 - mac processNames do not end with .exe
          ---
          duration_ms: 0.391991
          type: 'test'
          ...
        # Subtest: linux processNames do not end with .exe
        ok 6 - linux processNames do not end with .exe
          ---
          duration_ms: 0.82184
          type: 'test'
          ...
        # Subtest: capabilities has all required boolean fields
        ok 7 - capabilities has all required boolean fields
          ---
          duration_ms: 0.914012
          type: 'test'
          ...
        1..7
    ok 1 - claude-code
      ---
      duration_ms: 10.453132
      type: 'suite'
      ...
    # Subtest: codex
        # Subtest: has required top-level fields
        ok 1 - has required top-level fields
          ---
          duration_ms: 1.096454
          type: 'test'
          ...
        # Subtest: eventMap values are all valid states
        ok 2 - eventMap values are all valid states
          ---
          duration_ms: 0.751501
          type: 'test'
          ...
        # Subtest: logEventMap values are all valid states
        ok 3 - logEventMap values are all valid states
          ---
          duration_ms: 2.427501
          type: 'test'
          ...
        # Subtest: has at least one event map (eventMap or logEventMap)
        ok 4 - has at least one event map (eventMap or logEventMap)
          ---
          duration_ms: 0.150222
          type: 'test'
          ...
        # Subtest: win processNames all end with .exe
        ok 5 - win processNames all end with .exe
          ---
          duration_ms: 0.09123
          type: 'test'
          ...
        # Subtest: mac processNames do not end with .exe
        ok 6 - mac processNames do not end with .exe
          ---
          duration_ms: 0.071847
          type: 'test'
          ...
        # Subtest: linux processNames do not end with .exe
        ok 7 - linux processNames do not end with .exe
          ---
          duration_ms: 0.150794
          type: 'test'
          ...
        # Subtest: capabilities has all required boolean fields
        ok 8 - capabilities has all required boolean fields
          ---
          duration_ms: 0.252102
          type: 'test'
          ...
        1..8
    ok 2 - codex
      ---
      duration_ms: 5.969203
      type: 'suite'
      ...
    # Subtest: copilot-cli
        # Subtest: has required top-level fields
        ok 1 - has required top-level fields
          ---
          duration_ms: 0.244903
          type: 'test'
          ...
        # Subtest: eventMap values are all valid states
        ok 2 - eventMap values are all valid states
          ---
          duration_ms: 0.563989
          type: 'test'
          ...
        # Subtest: has at least one event map (eventMap or logEventMap)
        ok 3 - has at least one event map (eventMap or logEventMap)
          ---
          duration_ms: 0.372895
          type: 'test'
          ...
        # Subtest: win processNames all end with .exe
        ok 4 - win processNames all end with .exe
          ---
          duration_ms: 0.348508
          type: 'test'
          ...
        # Subtest: mac processNames do not end with .exe
        ok 5 - mac processNames do not end with .exe
          ---
          duration_ms: 0.284687
          type: 'test'
          ...
        # Subtest: linux processNames do not end with .exe
        ok 6 - linux processNames do not end with .exe
          ---
          duration_ms: 0.268637
          type: 'test'
          ...
        # Subtest: capabilities has all required boolean fields
        ok 7 - capabilities has all required boolean fields
          ---
          duration_ms: 0.449886
          type: 'test'
          ...
        1..7
    ok 3 - copilot-cli
      ---
      duration_ms: 3.49462
      type: 'suite'
      ...
    # Subtest: gemini-cli
        # Subtest: has required top-level fields
        ok 1 - has required top-level fields
          ---
          duration_ms: 0.706919
          type: 'test'
          ...
        # Subtest: eventMap values are all valid states
        ok 2 - eventMap values are all valid states
          ---
          duration_ms: 0.392647
          type: 'test'
          ...
        # Subtest: has at least one event map (eventMap or logEventMap)
        ok 3 - has at least one event map (eventMap or logEventMap)
          ---
          duration_ms: 0.272934
          type: 'test'
          ...
        # Subtest: win processNames all end with .exe
        ok 4 - win processNames all end with .exe
          ---
          duration_ms: 0.884849
          type: 'test'
          ...
        # Subtest: mac processNames do not end with .exe
        ok 5 - mac processNames do not end with .exe
          ---
          duration_ms: 0.343957
          type: 'test'
          ...
        # Subtest: linux processNames do not end with .exe
        ok 6 - linux processNames do not end with .exe
          ---
          duration_ms: 0.253901
          type: 'test'
          ...
        # Subtest: capabilities has all required boolean fields
        ok 7 - capabilities has all required boolean fields
          ---
          duration_ms: 0.223962
          type: 'test'
          ...
        1..7
    ok 4 - gemini-cli
      ---
      duration_ms: 4.268182
      type: 'suite'
      ...
    # Subtest: antigravity-cli
        # Subtest: has required top-level fields
        ok 1 - has required top-level fields
          ---
          duration_ms: 0.602148
          type: 'test'
          ...
        # Subtest: eventMap values are all valid states
        ok 2 - eventMap values are all valid states
          ---
          duration_ms: 0.264025
          type: 'test'
          ...
        # Subtest: has at least one event map (eventMap or logEventMap)
        ok 3 - has at least one event map (eventMap or logEventMap)
          ---
          duration_ms: 0.640654
          type: 'test'
          ...
        # Subtest: win processNames all end with .exe
        ok 4 - win processNames all end with .exe
          ---
          duration_ms: 0.393541
          type: 'test'
          ...
        # Subtest: mac processNames do not end with .exe
        ok 5 - mac processNames do not end with .exe
          ---
          duration_ms: 0.359259
          type: 'test'
          ...
        # Subtest: linux processNames do not end with .exe
        ok 6 - linux processNames do not end with .exe
          ---
          duration_ms: 0.661971
          type: 'test'
          ...
        # Subtest: capabilities has all required boolean fields
        ok 7 - capabilities has all required boolean fields
          ---
          duration_ms: 0.347943
          type: 'test'
          ...
        1..7
    ok 5 - antigravity-cli
      ---
      duration_ms: 4.506545
      type: 'suite'
      ...
    # Subtest: cursor-agent
        # Subtest: has required top-level fields
        ok 1 - has required top-level fields
          ---
          duration_ms: 0.910431
          type: 'test'
          ...
        # Subtest: eventMap values are all valid states
        ok 2 - eventMap values are all valid states
          ---
          duration_ms: 0.539353
          type: 'test'
          ...
        # Subtest: has at least one event map (eventMap or logEventMap)
        ok 3 - has at least one event map (eventMap or logEventMap)
          ---
          duration_ms: 0.31206
          type: 'test'
          ...
        # Subtest: win processNames all end with .exe
        ok 4 - win processNames all end with .exe
          ---
          duration_ms: 0.593733
          type: 'test'
          ...
        # Subtest: mac processNames do not end with .exe
        ok 5 - mac processNames do not end with .exe
          ---
          duration_ms: 0.30277
          type: 'test'
          ...
        # Subtest: linux processNames do not end with .exe
        ok 6 - linux processNames do not end with .exe
          ---
          duration_ms: 0.396381
          type: 'test'
          ...
        # Subtest: capabilities has all required boolean fields
        ok 7 - capabilities has all required boolean fields
          ---
          duration_ms: 0.33597
          type: 'test'
          ...
        1..7
    ok 6 - cursor-agent
      ---
      duration_ms: 4.545347
      type: 'suite'
      ...
    # Subtest: codebuddy
        # Subtest: has required top-level fields
        ok 1 - has required top-level fields
          ---
          duration_ms: 0.854992
          type: 'test'
          ...
        # Subtest: eventMap values are all valid states
        ok 2 - eventMap values are all valid states
          ---
          duration_ms: 0.50819
          type: 'test'
          ...
        # Subtest: has at least one event map (eventMap or logEventMap)
        ok 3 - has at least one event map (eventMap or logEventMap)
          ---
          duration_ms: 0.357015
          type: 'test'
          ...
        # Subtest: win processNames all end with .exe
        ok 4 - win processNames all end with .exe
          ---
          duration_ms: 0.308792
          type: 'test'
          ...
        # Subtest: mac processNames do not end with .exe
        ok 5 - mac processNames do not end with .exe
          ---
          duration_ms: 0.362069
          type: 'test'
          ...
        # Subtest: linux processNames do not end with .exe
        ok 6 - linux processNames do not end with .exe
          ---
          duration_ms: 0.437809
          type: 'test'
          ...
        # Subtest: capabilities has all required boolean fields
        ok 7 - capabilities has all required boolean fields
          ---
          duration_ms: 1.45964
          type: 'test'
          ...
        1..7
    ok 7 - codebuddy
      ---
      duration_ms: 5.904535
      type: 'suite'
      ...
    # Subtest: kiro-cli
        # Subtest: has required top-level fields
        ok 1 - has required top-level fields
          ---
          duration_ms: 1.092305
          type: 'test'
          ...
        # Subtest: eventMap values are all valid states
        ok 2 - eventMap values are all valid states
          ---
          duration_ms: 5.883004
          type: 'test'
          ...
        # Subtest: has at least one event map (eventMap or logEventMap)
        ok 3 - has at least one event map (eventMap or logEventMap)
          ---
          duration_ms: 0.49241
          type: 'test'
          ...
        # Subtest: win processNames all end with .exe
        ok 4 - win processNames all end with .exe
          ---
          duration_ms: 0.145663
          type: 'test'
          ...
        # Subtest: mac processNames do not end with .exe
        ok 5 - mac processNames do not end with .exe
          ---
          duration_ms: 0.116095
          type: 'test'
          ...
        # Subtest: linux processNames do not end with .exe
        ok 6 - linux processNames do not end with .exe
          ---
          duration_ms: 0.107179
          type: 'test'
          ...
        # Subtest: capabilities has all required boolean fields
        ok 7 - capabilities has all required boolean fields
          ---
          duration_ms: 0.112497
          type: 'test'
          ...
        1..7
    ok 8 - kiro-cli
      ---
      duration_ms: 8.637483
      type: 'suite'
      ...
    # Subtest: kimi-cli
        # Subtest: has required top-level fields
        ok 1 - has required top-level fields
          ---
          duration_ms: 0.317928
          type: 'test'
          ...
        # Subtest: eventMap values are all valid states
        ok 2 - eventMap values are all valid states
          ---
          duration_ms: 0.176636
          type: 'test'
          ...
        # Subtest: has at least one event map (eventMap or logEventMap)
        ok 3 - has at least one event map (eventMap or logEventMap)
          ---
          duration_ms: 0.375632
          type: 'test'
          ...
        # Subtest: win processNames all end with .exe
        ok 4 - win processNames all end with .exe
          ---
          duration_ms: 0.143866
          type: 'test'
          ...
        # Subtest: mac processNames do not end with .exe
        ok 5 - mac processNames do not end with .exe
          ---
          duration_ms: 0.167291
          type: 'test'
          ...
        # Subtest: linux processNames do not end with .exe
        ok 6 - linux processNames do not end with .exe
          ---
          duration_ms: 0.128421
          type: 'test'
          ...
        # Subtest: capabilities has all required boolean fields
        ok 7 - capabilities has all required boolean fields
          ---
          duration_ms: 0.119751
          type: 'test'
          ...
        1..7
    ok 9 - kimi-cli
      ---
      duration_ms: 1.934325
      type: 'suite'
      ...
    # Subtest: qwen-code
        # Subtest: has required top-level fields
        ok 1 - has required top-level fields
          ---
          duration_ms: 1.88373
          type: 'test'
          ...
        # Subtest: eventMap values are all valid states
        ok 2 - eventMap values are all valid states
          ---
          duration_ms: 0.166909
          type: 'test'
          ...
        # Subtest: has at least one event map (eventMap or logEventMap)
        ok 3 - has at least one event map (eventMap or logEventMap)
          ---
          duration_ms: 0.126403
          type: 'test'
          ...
        # Subtest: win processNames all end with .exe
        ok 4 - win processNames all end with .exe
          ---
          duration_ms: 0.270238
          type: 'test'
          ...
        # Subtest: mac processNames do not end with .exe
        ok 5 - mac processNames do not end with .exe
          ---
          duration_ms: 0.131238
          type: 'test'
          ...
        # Subtest: linux processNames do not end with .exe
        ok 6 - linux processNames do not end with .exe
          ---
          duration_ms: 0.164223
          type: 'test'
          ...
        # Subtest: capabilities has all required boolean fields
        ok 7 - capabilities has all required boolean fields
          ---
          duration_ms: 0.122828
          type: 'test'
          ...
        1..7
    ok 10 - qwen-code
      ---
      duration_ms: 3.317306
      type: 'suite'
      ...
    # Subtest: codewhale
        # Subtest: has required top-level fields
        ok 1 - has required top-level fields
          ---
          duration_ms: 0.345869
          type: 'test'
          ...
        # Subtest: eventMap values are all valid states
        ok 2 - eventMap values are all valid states
          ---
          duration_ms: 0.176741
          type: 'test'
          ...
        # Subtest: has at least one event map (eventMap or logEventMap)
        ok 3 - has at least one event map (eventMap or logEventMap)
          ---
          duration_ms: 0.125392
          type: 'test'
          ...
        # Subtest: win processNames all end with .exe
        ok 4 - win processNames all end with .exe
          ---
          duration_ms: 0.205533
          type: 'test'
          ...
        # Subtest: mac processNames do not end with .exe
        ok 5 - mac processNames do not end with .exe
          ---
          duration_ms: 0.198154
          type: 'test'
          ...
        # Subtest: linux processNames do not end with .exe
        ok 6 - linux processNames do not end with .exe
          ---
          duration_ms: 0.203242
          type: 'test'
          ...
        # Subtest: capabilities has all required boolean fields
        ok 7 - capabilities has all required boolean fields
          ---
          duration_ms: 0.746754
          type: 'test'
          ...
        1..7
    ok 11 - codewhale
      ---
      duration_ms: 2.655168
      type: 'suite'
      ...
    # Subtest: opencode
        # Subtest: has required top-level fields
        ok 1 - has required top-level fields
          ---
          duration_ms: 0.749909
          type: 'test'
          ...
        # Subtest: eventMap values are all valid states
        ok 2 - eventMap values are all valid states
          ---
          duration_ms: 0.678033
          type: 'test'
          ...
        # Subtest: has at least one event map (eventMap or logEventMap)
        ok 3 - has at least one event map (eventMap or logEventMap)
          ---
          duration_ms: 0.300315
          type: 'test'
          ...
        # Subtest: win processNames all end with .exe
        ok 4 - win processNames all end with .exe
          ---
          duration_ms: 0.2463
          type: 'test'
          ...
        # Subtest: mac processNames do not end with .exe
        ok 5 - mac processNames do not end with .exe
          ---
          duration_ms: 0.279653
          type: 'test'
          ...
        # Subtest: linux processNames do not end with .exe
        ok 6 - linux processNames do not end with .exe
          ---
          duration_ms: 0.404838
          type: 'test'
          ...
        # Subtest: capabilities has all required boolean fields
        ok 7 - capabilities has all required boolean fields
          ---
          duration_ms: 0.267655
          type: 'test'
          ...
        1..7
    ok 12 - opencode
      ---
      duration_ms: 4.638721
      type: 'suite'
      ...
    # Subtest: pi
        # Subtest: has required top-level fields
        ok 1 - has required top-level fields
          ---
          duration_ms: 0.769222
          type: 'test'
          ...
        # Subtest: eventMap values are all valid states
        ok 2 - eventMap values are all valid states
          ---
          duration_ms: 0.341421
          type: 'test'
          ...
        # Subtest: has at least one event map (eventMap or logEventMap)
        ok 3 - has at least one event map (eventMap or logEventMap)
          ---
          duration_ms: 0.270928
          type: 'test'
          ...
        # Subtest: win processNames all end with .exe
        ok 4 - win processNames all end with .exe
          ---
          duration_ms: 0.25009
          type: 'test'
          ...
        # Subtest: mac processNames do not end with .exe
        ok 5 - mac processNames do not end with .exe
          ---
          duration_ms: 0.238496
          type: 'test'
          ...
        # Subtest: linux processNames do not end with .exe
        ok 6 - linux processNames do not end with .exe
          ---
          duration_ms: 0.245003
          type: 'test'
          ...
        # Subtest: capabilities has all required boolean fields
        ok 7 - capabilities has all required boolean fields
          ---
          duration_ms: 0.256016
          type: 'test'
          ...
        1..7
    ok 13 - pi
      ---
      duration_ms: 3.170312
      type: 'suite'
      ...
    # Subtest: openclaw
        # Subtest: has required top-level fields
        ok 1 - has required top-level fields
          ---
          duration_ms: 1.262638
          type: 'test'
          ...
        # Subtest: eventMap values are all valid states
        ok 2 - eventMap values are all valid states
          ---
          duration_ms: 0.378944
          type: 'test'
          ...
        # Subtest: has at least one event map (eventMap or logEventMap)
        ok 3 - has at least one event map (eventMap or logEventMap)
          ---
          duration_ms: 0.198007
          type: 'test'
          ...
        # Subtest: win processNames all end with .exe
        ok 4 - win processNames all end with .exe
          ---
          duration_ms: 0.204242
          type: 'test'
          ...
        # Subtest: mac processNames do not end with .exe
        ok 5 - mac processNames do not end with .exe
          ---
          duration_ms: 0.256828
          type: 'test'
          ...
        # Subtest: linux processNames do not end with .exe
        ok 6 - linux processNames do not end with .exe
          ---
          duration_ms: 0.408084
          type: 'test'
          ...
        # Subtest: capabilities has all required boolean fields
        ok 7 - capabilities has all required boolean fields
          ---
          duration_ms: 0.421922
          type: 'test'
          ...
        1..7
    ok 14 - openclaw
      ---
      duration_ms: 4.468208
      type: 'suite'
      ...
    # Subtest: hermes
        # Subtest: has required top-level fields
        ok 1 - has required top-level fields
          ---
          duration_ms: 1.486757
          type: 'test'
          ...
        # Subtest: eventMap values are all valid states
        ok 2 - eventMap values are all valid states
          ---
          duration_ms: 0.518063
          type: 'test'
          ...
        # Subtest: has at least one event map (eventMap or logEventMap)
        ok 3 - has at least one event map (eventMap or logEventMap)
          ---
          duration_ms: 0.259206
          type: 'test'
          ...
        # Subtest: win processNames all end with .exe
        ok 4 - win processNames all end with .exe
          ---
          duration_ms: 0.211294
          type: 'test'
          ...
        # Subtest: mac processNames do not end with .exe
        ok 5 - mac processNames do not end with .exe
          ---
          duration_ms: 4.670166
          type: 'test'
          ...
        # Subtest: linux processNames do not end with .exe
        ok 6 - linux processNames do not end with .exe
          ---
          duration_ms: 0.113255
          type: 'test'
          ...
        # Subtest: capabilities has all required boolean fields
        ok 7 - capabilities has all required boolean fields
          ---
          duration_ms: 0.079159
          type: 'test'
          ...
        1..7
    ok 15 - hermes
      ---
      duration_ms: 8.4748
      type: 'suite'
      ...
    # Subtest: qoder
        # Subtest: has required top-level fields
        ok 1 - has required top-level fields
          ---
          duration_ms: 0.183764
          type: 'test'
          ...
        # Subtest: eventMap values are all valid states
        ok 2 - eventMap values are all valid states
          ---
          duration_ms: 0.136448
          type: 'test'
          ...
        # Subtest: has at least one event map (eventMap or logEventMap)
        ok 3 - has at least one event map (eventMap or logEventMap)
          ---
          duration_ms: 0.095759
          type: 'test'
          ...
        # Subtest: win processNames all end with .exe
        ok 4 - win processNames all end with .exe
          ---
          duration_ms: 0.070516
          type: 'test'
          ...
        # Subtest: mac processNames do not end with .exe
        ok 5 - mac processNames do not end with .exe
          ---
          duration_ms: 0.074601
          type: 'test'
          ...
        # Subtest: linux processNames do not end with .exe
        ok 6 - linux processNames do not end with .exe
          ---
          duration_ms: 0.065884
          type: 'test'
          ...
        # Subtest: capabilities has all required boolean fields
        ok 7 - capabilities has all required boolean fields
          ---
          duration_ms: 0.066885
          type: 'test'
          ...
        1..7
    ok 16 - qoder
      ---
      duration_ms: 3.087656
      type: 'suite'
      ...
    # Subtest: reasonix
        # Subtest: has required top-level fields
        ok 1 - has required top-level fields
          ---
          duration_ms: 0.184019
          type: 'test'
          ...
        # Subtest: eventMap values are all valid states
        ok 2 - eventMap values are all valid states
          ---
          duration_ms: 0.089734
          type: 'test'
          ...
        # Subtest: has at least one event map (eventMap or logEventMap)
        ok 3 - has at least one event map (eventMap or logEventMap)
          ---
          duration_ms: 0.068162
          type: 'test'
          ...
        # Subtest: win processNames all end with .exe
        ok 4 - win processNames all end with .exe
          ---
          duration_ms: 0.056505
          type: 'test'
          ...
        # Subtest: mac processNames do not end with .exe
        ok 5 - mac processNames do not end with .exe
          ---
          duration_ms: 0.056018
          type: 'test'
          ...
        # Subtest: linux processNames do not end with .exe
        ok 6 - linux processNames do not end with .exe
          ---
          duration_ms: 0.053629
          type: 'test'
          ...
        # Subtest: capabilities has all required boolean fields
        ok 7 - capabilities has all required boolean fields
          ---
          duration_ms: 0.056158
          type: 'test'
          ...
        1..7
    ok 17 - reasonix
      ---
      duration_ms: 0.905084
      type: 'suite'
      ...
    # Subtest: all agent IDs are unique
    ok 18 - all agent IDs are unique
      ---
      duration_ms: 0.253557
      type: 'test'
      ...
    # Subtest: codex has interactiveBubble=true so settings UI renders its bubble sub-toggle
    ok 19 - codex has interactiveBubble=true so settings UI renders its bubble sub-toggle
      ---
      duration_ms: 0.125616
      type: 'test'
      ...
    # Subtest: pi is state-only and does not expose a bubble sub-toggle
    ok 20 - pi is state-only and does not expose a bubble sub-toggle
      ---
      duration_ms: 0.141837
      type: 'test'
      ...
    # Subtest: qoder is state-only and does not expose a bubble sub-toggle
    ok 21 - qoder is state-only and does not expose a bubble sub-toggle
      ---
      duration_ms: 0.110877
      type: 'test'
      ...
    # Subtest: codewhale is state-only and exposes only passive notifications
    ok 22 - codewhale is state-only and exposes only passive notifications
      ---
      duration_ms: 0.101357
      type: 'test'
      ...
    1..22
ok 12 - Agent config modules — data integrity
  ---
  duration_ms: 92.607184
  type: 'suite'
  ...
# node:internal/modules/cjs/loader:1386
#   throw err;
#   ^
# Error: Cannot find module 'htmlparser2'
# Require stack:
# - /app/src/animation-cycle.js
# - /app/test/animation-cycle.test.js
#     at Function._resolveFilename (node:internal/modules/cjs/loader:1383:15)
#     at defaultResolveImpl (node:internal/modules/cjs/loader:1025:19)
#     at resolveForCJSWithHooks (node:internal/modules/cjs/loader:1030:22)
#     at Function._load (node:internal/modules/cjs/loader:1192:37)
#     at TracingChannel.traceSync (node:diagnostics_channel:328:14)
#     at wrapModuleLoad (node:internal/modules/cjs/loader:237:24)
#     at Module.require (node:internal/modules/cjs/loader:1463:12)
#     at require (node:internal/modules/helpers:147:16)
#     at Object.<anonymous> (/app/src/animation-cycle.js:5:27)
#     at Module._compile (node:internal/modules/cjs/loader:1705:14) {
#   code: 'MODULE_NOT_FOUND',
#   requireStack: [
#     '/app/src/animation-cycle.js',
#     '/app/test/animation-cycle.test.js'
#   ]
# }
# Node.js v22.22.1
# Subtest: /app/test/animation-cycle.test.js
not ok 5 - /app/test/animation-cycle.test.js
  ---
  duration_ms: 128.003249
  type: 'test'
  location: '/app/test/animation-cycle.test.js:1:1'
  failureType: 'testCodeFailure'
  exitCode: 1
  signal: ~
  error: 'test failed'
  code: 'ERR_TEST_FAILURE'
  ...
# Subtest: Antigravity hook script
    # Subtest: writes ask JSON for PreToolUse so agy keeps native permission handling
    ok 1 - writes ask JSON for PreToolUse so agy keeps native permission handling
      ---
      duration_ms: 157.909373
      type: 'test'
      ...
    # Subtest: posts Antigravity conversation ids and workspace cwd
    ok 2 - posts Antigravity conversation ids and workspace cwd
      ---
      duration_ms: 1.038688
      type: 'test'
      ...
    # Subtest: uses tool Cwd before workspace paths
    ok 3 - uses tool Cwd before workspace paths
      ---
      duration_ms: 0.209339
      type: 'test'
      ...
    # Subtest: builds a permission body from PreToolUse camelCase payloads
    ok 4 - builds a permission body from PreToolUse camelCase payloads
      ---
      duration_ms: 0.599344
      type: 'test'
      ...
    # Subtest: falls back to ask when Clawd server returns 204 for a stray PreToolUse
    ok 5 - falls back to ask when Clawd server returns 204 for a stray PreToolUse
      ---
      duration_ms: 1.397934
      type: 'test'
      ...
    # Subtest: writes gated debug logs to a file without changing hook stdout
    ok 6 - writes gated debug logs to a file without changing hook stdout
      ---
      duration_ms: 2.539694
      type: 'test'
      ...
    # Subtest: falls back to ask when Clawd returns no Antigravity decision
    ok 7 - falls back to ask when Clawd returns no Antigravity decision
      ---
      duration_ms: 1.039693
      type: 'test'
      ...
    # Subtest: sanitizes deny decisions into Antigravity stdout shape
    ok 8 - sanitizes deny decisions into Antigravity stdout shape
      ---
      duration_ms: 0.992969
      type: 'test'
      ...
    # Subtest: maps PostToolUse errors to PostToolUseFailure
    ok 9 - maps PostToolUse errors to PostToolUseFailure
      ---
      duration_ms: 0.690488
      type: 'test'
      ...
    # Subtest: maps fully idle Stop to the shared done event
    ok 10 - maps fully idle Stop to the shared done event
      ---
      duration_ms: 0.907012
      type: 'test'
      ...
    # Subtest: keeps non-idle Stop as working while background tasks remain
    ok 11 - keeps non-idle Stop as working while background tasks remain
      ---
      duration_ms: 0.281703
      type: 'test'
      ...
    # Subtest: recognizes agy command lines for agent PID tracking
    ok 12 - recognizes agy command lines for agent PID tracking
      ---
      duration_ms: 0.382307
      type: 'test'
      ...
    # Subtest: fails open when local hook setup throws
    ok 13 - fails open when local hook setup throws
      ---
      duration_ms: 63.481939
      type: 'test'
      ...
    1..13
ok 14 - Antigravity hook script
  ---
  duration_ms: 236.020422
  type: 'suite'
  ...
# Subtest: Antigravity hook installer
    # Subtest: installs a managed global hooks file with all hook events
    ok 1 - installs a managed global hooks file with all hook events
      ---
      duration_ms: 6.986846
      type: 'test'
      ...
    # Subtest: is idempotent on second run
    ok 2 - is idempotent on second run
      ---
      duration_ms: 5.519161
      type: 'test'
      ...
    # Subtest: skips when Antigravity config is absent
    ok 3 - skips when Antigravity config is absent
      ---
      duration_ms: 1.228548
      type: 'test'
      ...
    # Subtest: preserves other hook groups in hooks.json
    ok 4 - preserves other hook groups in hooks.json
      ---
      duration_ms: 3.962142
      type: 'test'
      ...
    # Subtest: preserves a manually disabled Clawd hook group (enabled:false carries over)
    ok 5 - preserves a manually disabled Clawd hook group (enabled:false carries over)
      ---
      duration_ms: 7.733709
      type: 'test'
      ...
    # Subtest: strips a legacy PreToolUse entry even when 4 state hooks already match exactly (D2 migration count edge case)
    ok 6 - strips a legacy PreToolUse entry even when 4 state hooks already match exactly (D2 migration count edge case)
      ---
      duration_ms: 9.909011
      type: 'test'
      ...
    # Subtest: strips a legacy PreToolUse entry on auto-sync (D2 migration)
    ok 7 - strips a legacy PreToolUse entry on auto-sync (D2 migration)
      ---
      duration_ms: 2.318072
      type: 'test'
      ...
    # Subtest: fail-opens POSIX hook commands when Node cannot start
    ok 8 - fail-opens POSIX hook commands when Node cannot start
      ---
      duration_ms: 91.626332
      type: 'test'
      ...
    # Subtest: fail-opens POSIX Stop hooks with an allow-shaped fallback
    ok 9 - fail-opens POSIX Stop hooks with an allow-shaped fallback
      ---
      duration_ms: 51.276538
      type: 'test'
      ...
    # Subtest: overrides partial POSIX hook stdout when Node exits nonzero
    ok 10 - overrides partial POSIX hook stdout when Node exits nonzero
      ---
      duration_ms: 8047.918824
      type: 'test'
      ...
    # Subtest: falls back when a POSIX hook exits successfully with empty stdout
    ok 11 - falls back when a POSIX hook exits successfully with empty stdout
      ---
      duration_ms: 8019.480805
      type: 'test'
      ...
    # Subtest: preserves successful POSIX multiline stdout and suppresses stderr
    ok 12 - preserves successful POSIX multiline stdout and suppresses stderr
      ---
      duration_ms: 8018.151382
      type: 'test'
      ...
    # Subtest: falls back when a POSIX hook prints non-JSON on a zero exit
    ok 13 - falls back when a POSIX hook prints non-JSON on a zero exit
      ---
      duration_ms: 8018.670589
      type: 'test'
      ...
    # Subtest: fails open when a POSIX hook exceeds the internal timeout
    ok 14 - fails open when a POSIX hook exceeds the internal timeout
      ---
      duration_ms: 1024.979107
      type: 'test'
      ...
    # Subtest: fail-opens Windows hook commands when Node cannot start
    ok 15 - fail-opens Windows hook commands when Node cannot start # SKIP requires Windows PowerShell
      ---
      duration_ms: 0.114299
      type: 'test'
      ...
    # Subtest: falls back on Windows when the hook prints non-JSON on a zero exit
    ok 16 - falls back on Windows when the hook prints non-JSON on a zero exit # SKIP requires Windows PowerShell
      ---
      duration_ms: 0.094897
      type: 'test'
      ...
    # Subtest: preserves successful Windows hook stdout and suppresses stderr
    ok 17 - preserves successful Windows hook stdout and suppresses stderr # SKIP requires Windows PowerShell
      ---
      duration_ms: 0.123985
      type: 'test'
      ...
    # Subtest: fails open when a Windows hook exceeds the internal timeout
    ok 18 - fails open when a Windows hook exceeds the internal timeout # SKIP requires Windows PowerShell
      ---
      duration_ms: 0.081972
      type: 'test'
      ...
    # Subtest: builds Windows PowerShell bridge commands with fail-open fallback
    ok 19 - builds Windows PowerShell bridge commands with fail-open fallback
      ---
      duration_ms: 0.951749
      type: 'test'
      ...
    # Subtest: uses an absolute node.exe for Windows Antigravity hooks
    ok 20 - uses an absolute node.exe for Windows Antigravity hooks
      ---
      duration_ms: 2.380286
      type: 'test'
      ...
    # Subtest: finds node.exe with where.exe when the installer runs from Electron
    ok 21 - finds node.exe with where.exe when the installer runs from Electron
      ---
      duration_ms: 0.651853
      type: 'test'
      ...
    # Subtest: ignores Windows scoop shims through the shared node resolver
    ok 22 - ignores Windows scoop shims through the shared node resolver
      ---
      duration_ms: 0.434272
      type: 'test'
      ...
    # Subtest: preserves an existing Windows node.exe path when detection fails later
    ok 23 - preserves an existing Windows node.exe path when detection fails later
      ---
      duration_ms: 3.615555
      type: 'test'
      ...
    # Subtest: unregister removes the clawd group only when it contains a Clawd marker
    ok 24 - unregister removes the clawd group only when it contains a Clawd marker
      ---
      duration_ms: 2.720803
      type: 'test'
      ...
    # Subtest: unregister preserves a same-name clawd group without a Clawd marker
    ok 25 - unregister preserves a same-name clawd group without a Clawd marker
      ---
      duration_ms: 1.190846
      type: 'test'
      ...
    1..25
ok 15 - Antigravity hook installer
  ---
  duration_ms: 33326.054541
  type: 'suite'
  ...
# Subtest: auto-start exits without launching when Clawd is already listening
ok 16 - auto-start exits without launching when Clawd is already listening
  ---
  duration_ms: 2.714801
  type: 'test'
  ...
# Subtest: auto-start waits for the cold-launched app before exiting
ok 17 - auto-start waits for the cold-launched app before exiting
  ---
  duration_ms: 0.768608
  type: 'test'
  ...
# Subtest: waitForClawdPort gives up after the startup deadline
ok 18 - waitForClawdPort gives up after the startup deadline
  ---
  duration_ms: 0.460707
  type: 'test'
  ...
# Subtest: AskUserQuestion bubble Other option
    # Subtest: defines Other copy and textarea placeholders for all supported bubble locales
    ok 1 - defines Other copy and textarea placeholders for all supported bubble locales
      ---
      duration_ms: 1.738779
      type: 'test'
      ...
    # Subtest: renders a client-side Other option with a folding textarea
    ok 2 - renders a client-side Other option with a folding textarea
      ---
      duration_ms: 0.467384
      type: 'test'
      ...
    # Subtest: requires non-empty custom text when Other is selected and disables textareas during submit
    ok 3 - requires non-empty custom text when Other is selected and disables textareas during submit
      ---
      duration_ms: 2.033349
      type: 'test'
      ...
    # Subtest: keeps Other arrow navigation narrow and avoids checkbox toggles
    ok 4 - keeps Other arrow navigation narrow and avoids checkbox toggles
      ---
      duration_ms: 0.506216
      type: 'test'
      ...
    1..4
ok 19 - AskUserQuestion bubble Other option
  ---
  duration_ms: 6.539679
  type: 'suite'
  ...
# Subtest: AskUserQuestion bubble overflow
    # Subtest: documents applyElicitationViewport as a no-op until the overflow redesign lands
    ok 1 - documents applyElicitationViewport as a no-op until the overflow redesign lands
      ---
      duration_ms: 1.680303
      type: 'test'
      ...
    # Subtest: reports natural content height before calling the no-op viewport hook
    ok 2 - reports natural content height before calling the no-op viewport hook
      ---
      duration_ms: 0.622631
      type: 'test'
      ...
    # Subtest: does not make the no-op viewport hook add internal scrolling or a max-height clamp
    ok 3 - does not make the no-op viewport hook add internal scrolling or a max-height clamp
      ---
      duration_ms: 0.287537
      type: 'test'
      ...
    1..3
ok 20 - AskUserQuestion bubble overflow
  ---
  duration_ms: 4.287106
  type: 'suite'
  ...
# Subtest: AskUserQuestion bubble stepper
    # Subtest: tracks active question and answers in local renderer state
    ok 1 - tracks active question and answers in local renderer state
      ---
      duration_ms: 2.000727
      type: 'test'
      ...
    # Subtest: renders only the active full question and compact summaries for answered questions
    ok 2 - renders only the active full question and compact summaries for answered questions
      ---
      duration_ms: 0.545871
      type: 'test'
      ...
    # Subtest: does not auto-select the first option on initial focus (form-like elicitation)
    ok 3 - does not auto-select the first option on initial focus (form-like elicitation)
      ---
      duration_ms: 2.622307
      type: 'test'
      ...
    # Subtest: lets answered summary rows reopen their question
    ok 4 - lets answered summary rows reopen their question
      ---
      duration_ms: 0.411966
      type: 'test'
      ...
    # Subtest: uses Back and Next before the final Submit Answer action
    ok 5 - uses Back and Next before the final Submit Answer action
      ---
      duration_ms: 0.533773
      type: 'test'
      ...
    # Subtest: submits all answers together with the existing elicitation response contract
    ok 6 - submits all answers together with the existing elicitation response contract
      ---
      duration_ms: 0.350292
      type: 'test'
      ...
    # Subtest: treats selected Other with empty custom text as an incomplete answer
    ok 7 - treats selected Other with empty custom text as an incomplete answer
      ---
      duration_ms: 0.213474
      type: 'test'
      ...
    # Subtest: keeps terminal fallback separate from Back/Next/Submit controls
    ok 8 - keeps terminal fallback separate from Back/Next/Submit controls
      ---
      duration_ms: 0.695486
      type: 'test'
      ...
    # Subtest: does not recalculate submit state twice when a non-Other radio hides the Other textarea
    ok 9 - does not recalculate submit state twice when a non-Other radio hides the Other textarea
      ---
      duration_ms: 0.43466
      type: 'test'
      ...
    1..9
ok 21 - AskUserQuestion bubble stepper
  ---
  duration_ms: 10.224006
  type: 'suite'
  ...
# Subtest: bubble-format truncate
    # Subtest: returns input unchanged when within max
    ok 1 - returns input unchanged when within max
      ---
      duration_ms: 2.391019
      type: 'test'
      ...
    # Subtest: trims and appends ellipsis when over max
    ok 2 - trims and appends ellipsis when over max
      ---
      duration_ms: 0.310299
      type: 'test'
      ...
    1..2
ok 22 - bubble-format truncate
  ---
  duration_ms: 4.130133
  type: 'suite'
  ...
# Subtest: bubble-format firstStringValue
    # Subtest: returns first non-empty trimmed string from candidate names
    ok 1 - returns first non-empty trimmed string from candidate names
      ---
      duration_ms: 0.429788
      type: 'test'
      ...
    # Subtest: returns empty string when no candidate is a non-empty string
    ok 2 - returns empty string when no candidate is a non-empty string
      ---
      duration_ms: 0.192029
      type: 'test'
      ...
    1..2
ok 23 - bubble-format firstStringValue
  ---
  duration_ms: 0.859603
  type: 'suite'
  ...
# Subtest: bubble-format formatDetail builtin tools
    # Subtest: uses input.description before anything else
    ok 1 - uses input.description before anything else
      ---
      duration_ms: 0.398446
      type: 'test'
      ...
    # Subtest: formats Bash command
    ok 2 - formats Bash command
      ---
      duration_ms: 0.356176
      type: 'test'
      ...
    # Subtest: formats Edit/Write/Read file_path
    ok 3 - formats Edit/Write/Read file_path
      ---
      duration_ms: 0.419799
      type: 'test'
      ...
    # Subtest: formats Glob/Grep pattern
    ok 4 - formats Glob/Grep pattern
      ---
      duration_ms: 0.344819
      type: 'test'
      ...
    # Subtest: returns empty string for invalid input
    ok 5 - returns empty string for invalid input
      ---
      duration_ms: 0.263193
      type: 'test'
      ...
    1..5
ok 24 - bubble-format formatDetail builtin tools
  ---
  duration_ms: 2.530019
  type: 'suite'
  ...
# Subtest: bubble-format formatDetail antigravity gating
    # Subtest: does NOT call Antigravity formatter for snake_case tools when isAntigravity is false
    ok 1 - does NOT call Antigravity formatter for snake_case tools when isAntigravity is false
      ---
      duration_ms: 0.319435
      type: 'test'
      ...
    # Subtest: does NOT produce Antigravity composite for write_to_file when isAntigravity is false
    ok 2 - does NOT produce Antigravity composite for write_to_file when isAntigravity is false
      ---
      duration_ms: 0.153994
      type: 'test'
      ...
    # Subtest: calls Antigravity formatter when isAntigravity is true
    ok 3 - calls Antigravity formatter when isAntigravity is true
      ---
      duration_ms: 0.338202
      type: 'test'
      ...
    # Subtest: falls back to generic path when isAntigravity is true but tool is unknown
    ok 4 - falls back to generic path when isAntigravity is true but tool is unknown
      ---
      duration_ms: 0.155636
      type: 'test'
      ...
    1..4
ok 25 - bubble-format formatDetail antigravity gating
  ---
  duration_ms: 1.212366
  type: 'suite'
  ...
# Subtest: bubble-format formatAntigravityDetail tool coverage
    # Subtest: formats run_command/bash/shell from CommandLine/command
    ok 1 - formats run_command/bash/shell from CommandLine/command
      ---
      duration_ms: 0.24489
      type: 'test'
      ...
    # Subtest: formats write_to_file with TargetFile and Description
    ok 2 - formats write_to_file with TargetFile and Description
      ---
      duration_ms: 0.135869
      type: 'test'
      ...
    # Subtest: formats view_file/read with AbsolutePath
    ok 3 - formats view_file/read with AbsolutePath
      ---
      duration_ms: 0.212821
      type: 'test'
      ...
    # Subtest: formats grep_search with SearchPath and Query
    ok 4 - formats grep_search with SearchPath and Query
      ---
      duration_ms: 0.265744
      type: 'test'
      ...
    # Subtest: formats ask_permission with Target and Reason
    ok 5 - formats ask_permission with Target and Reason
      ---
      duration_ms: 0.227108
      type: 'test'
      ...
    # Subtest: returns empty string for empty / unknown tool name
    ok 6 - returns empty string for empty / unknown tool name
      ---
      duration_ms: 0.167325
      type: 'test'
      ...
    1..6
ok 26 - bubble-format formatAntigravityDetail tool coverage
  ---
  duration_ms: 3.204751
  type: 'suite'
  ...
# Subtest: bubble-format parseMcpToolName (issue \#445)
    # Subtest: parses the reported Codex Vercel MCP names to server · tool
    ok 1 - parses the reported Codex Vercel MCP names to server · tool
      ---
      duration_ms: 1.185948
      type: 'test'
      ...
    # Subtest: handles Claude Code lower-case 3-segment names too
    ok 2 - handles Claude Code lower-case 3-segment names too
      ---
      duration_ms: 0.194441
      type: 'test'
      ...
    # Subtest: uses the last two segments regardless of namespace depth
    ok 3 - uses the last two segments regardless of namespace depth
      ---
      duration_ms: 0.152831
      type: 'test'
      ...
    # Subtest: returns tool-only display when there is no server segment
    ok 4 - returns tool-only display when there is no server segment
      ---
      duration_ms: 0.116651
      type: 'test'
      ...
    # Subtest: returns null for non-MCP tool names (raw fallback path)
    ok 5 - returns null for non-MCP tool names (raw fallback path)
      ---
      duration_ms: 0.124281
      type: 'test'
      ...
    # Subtest: never throws and falls back to null for malformed / empty input
    ok 6 - never throws and falls back to null for malformed / empty input
      ---
      duration_ms: 0.15918
      type: 'test'
      ...
    # Subtest: returns null for trailing / middle empty segments (raw fallback, not partial label)
    ok 7 - returns null for trailing / middle empty segments (raw fallback, not partial label)
      ---
      duration_ms: 0.183177
      type: 'test'
      ...
    1..7
ok 27 - bubble-format parseMcpToolName (issue \#445)
  ---
  duration_ms: 2.382675
  type: 'suite'
  ...
# Subtest: permission bubble HTML assets
    # Subtest: loads external bubble CSS and renderer scripts under CSP
    ok 1 - loads external bubble CSS and renderer scripts under CSP
      ---
      duration_ms: 1.234632
      type: 'test'
      ...
    1..1
ok 28 - permission bubble HTML assets
  ---
  duration_ms: 2.485629
  type: 'suite'
  ...
# Subtest: bubble-renderer MCP labeling (issue \#445)
    # Subtest: imports the display-only MCP parser from bubble-format
    ok 1 - imports the display-only MCP parser from bubble-format
      ---
      duration_ms: 1.31094
      type: 'test'
      ...
    # Subtest: relabels the title only for Codex MCP approvals
    ok 2 - relabels the title only for Codex MCP approvals
      ---
      duration_ms: 0.281275
      type: 'test'
      ...
    # Subtest: shows the friendly server · tool pill for MCP, raw name otherwise
    ok 3 - shows the friendly server · tool pill for MCP, raw name otherwise
      ---
      duration_ms: 1.781469
      type: 'test'
      ...
    # Subtest: keeps Allow/Deny decision semantics (no auto-resolve added)
    ok 4 - keeps Allow/Deny decision semantics (no auto-resolve added)
      ---
      duration_ms: 0.252499
      type: 'test'
      ...
    # Subtest: does not reuse the OS-permission wording for the new Codex title
    ok 5 - does not reuse the OS-permission wording for the new Codex title
      ---
      duration_ms: 0.433091
      type: 'test'
      ...
    # Subtest: defines the new title key in every supported language
    ok 6 - defines the new title key in every supported language
      ---
      duration_ms: 0.255244
      type: 'test'
      ...
    1..6
ok 29 - bubble-renderer MCP labeling (issue \#445)
  ---
  duration_ms: 6.409118
  type: 'suite'
  ...
# Subtest: permission payload carries Codex provenance (issue \#445)
    # Subtest: buildPermissionBubblePayload forwards isCodex to the renderer
    ok 1 - buildPermissionBubblePayload forwards isCodex to the renderer
      ---
      duration_ms: 0.338643
      type: 'test'
      ...
    1..1
ok 30 - permission payload carries Codex provenance (issue \#445)
  ---
  duration_ms: 0.692319
  type: 'suite'
  ...
# Subtest: bubble policy
    # Subtest: keeps permission bubbles visible without auto-close by default
    ok 1 - keeps permission bubbles visible without auto-close by default
      ---
      duration_ms: 2.682665
      type: 'test'
      ...
    # Subtest: maps permissionBubbleAutoCloseSeconds to autoCloseMs for permission kind
    ok 2 - maps permissionBubbleAutoCloseSeconds to autoCloseMs for permission kind
      ---
      duration_ms: 0.334375
      type: 'test'
      ...
    # Subtest: disabling the permission bubble switch ignores any autoclose seconds
    ok 3 - disabling the permission bubble switch ignores any autoclose seconds
      ---
      duration_ms: 0.260492
      type: 'test'
      ...
    # Subtest: maps notification and update seconds to enabled policies
    ok 4 - maps notification and update seconds to enabled policies
      ---
      duration_ms: 0.288421
      type: 'test'
      ...
    # Subtest: treats aggregate hidden as all three categories off
    ok 5 - treats aggregate hidden as all three categories off
      ---
      duration_ms: 0.286179
      type: 'test'
      ...
    # Subtest: category toggles update the matching setting and aggregate flag
    ok 6 - category toggles update the matching setting and aggregate flag
      ---
      duration_ms: 0.446008
      type: 'test'
      ...
    # Subtest: category toggles preserve existing positive auto-close seconds
    ok 7 - category toggles preserve existing positive auto-close seconds
      ---
      duration_ms: 0.263193
      type: 'test'
      ...
    # Subtest: uses aggregate hide as an override without destroying category settings
    ok 8 - uses aggregate hide as an override without destroying category settings
      ---
      duration_ms: 0.433492
      type: 'test'
      ...
    # Subtest: restores defaults when the aggregate menu is used on fully disabled categories
    ok 9 - restores defaults when the aggregate menu is used on fully disabled categories
      ---
      duration_ms: 0.414847
      type: 'test'
      ...
    1..9
ok 31 - bubble policy
  ---
  duration_ms: 8.796175
  type: 'suite'
  ...
# Clawd: hooks missing from settings.json — re-registering
# Clawd: hooks missing from settings.json — re-registering
# Clawd: hooks missing from settings.json — re-registering
# Clawd: settings.json shrank suspiciously — skipping auto-resync to preserve third-party hooks
# Clawd: hooks missing from settings.json — re-registering
# Clawd: hooks missing from settings.json — re-registering
# Clawd: settings.json shrank suspiciously — skipping auto-resync to preserve third-party hooks
# Clawd: settings.json shrank suspiciously — skipping auto-resync to preserve third-party hooks
# Clawd: settings.json shrank suspiciously — skipping auto-resync to preserve third-party hooks
# Clawd: settings.json shrank suspiciously — skipping auto-resync to preserve third-party hooks
# Clawd: settings.json shrank suspiciously — skipping auto-resync to preserve third-party hooks
# Clawd: settings.json shrank suspiciously — skipping auto-resync to preserve third-party hooks
# Clawd: settings.json shrank suspiciously — skipping auto-resync to preserve third-party hooks
# Clawd: hooks missing from settings.json — re-registering
# Clawd: hooks missing from settings.json — re-registering
# Subtest: settingsNeedClaudeHookResync
    # Subtest: returns false for empty or invalid settings content
    ok 1 - returns false for empty or invalid settings content
      ---
      duration_ms: 1.213146
      type: 'test'
      ...
    # Subtest: requires both managed command hooks and the expected PermissionRequest URL
    ok 2 - requires both managed command hooks and the expected PermissionRequest URL
      ---
      duration_ms: 0.504063
      type: 'test'
      ...
    1..2
ok 32 - settingsNeedClaudeHookResync
  ---
  duration_ms: 3.167412
  type: 'suite'
  ...
# Subtest: createClaudeSettingsWatcher
    # Subtest: watches the Claude settings directory and ignores unrelated filenames
    ok 1 - watches the Claude settings directory and ignores unrelated filenames
      ---
      duration_ms: 2.407061
      type: 'test'
      ...
    # Subtest: debounces settings changes and clears the pending timer on stop
    ok 2 - debounces settings changes and clears the pending timer on stop
      ---
      duration_ms: 0.657836
      type: 'test'
      ...
    # Subtest: re-syncs missing hooks when management and Claude Code are enabled
    ok 3 - re-syncs missing hooks when management and Claude Code are enabled
      ---
      duration_ms: 1.417695
      type: 'test'
      ...
    # Subtest: re-syncs when a healthy Clawd-only baseline loses hooks
    ok 4 - re-syncs when a healthy Clawd-only baseline loses hooks
      ---
      duration_ms: 0.506322
      type: 'test'
      ...
    # Subtest: treats Clawd auto-start hooks as managed when checking for suspicious shrink
    ok 5 - treats Clawd auto-start hooks as managed when checking for suspicious shrink
      ---
      duration_ms: 0.837396
      type: 'test'
      ...
    1..5
ok 33 - createClaudeSettingsWatcher
  ---
  duration_ms: 6.749026
  type: 'suite'
  ...
# Subtest: createClaudeSettingsWatcher — suspicious shrink protection
    # Subtest: skips auto-resync when settings.json shrinks suspiciously (race with external CLI)
    ok 1 - skips auto-resync when settings.json shrinks suspiciously (race with external CLI)
      ---
      duration_ms: 3.306554
      type: 'test'
      ...
    # Subtest: allows resync on first tick when start() found no healthy baseline to seed
    ok 2 - allows resync on first tick when start() found no healthy baseline to seed
      ---
      duration_ms: 0.555784
      type: 'test'
      ...
    # Subtest: allows resync on minor shrink (user removes a single hook)
    ok 3 - allows resync on minor shrink (user removes a single hook)
      ---
      duration_ms: 0.91294
      type: 'test'
      ...
    # Subtest: skips auto-resync when third-party hooks disappear even without top-level key loss
    ok 4 - skips auto-resync when third-party hooks disappear even without top-level key loss
      ---
      duration_ms: 0.750757
      type: 'test'
      ...
    # Subtest: respects ctx.suspiciousShrinkRatio and ctx.suspiciousKeyLossThreshold tuning
    ok 5 - respects ctx.suspiciousShrinkRatio and ctx.suspiciousKeyLossThreshold tuning
      ---
      duration_ms: 0.653391
      type: 'test'
      ...
    # Subtest: notifies suspicious-shrink callback when guard trips
    ok 6 - notifies suspicious-shrink callback when guard trips
      ---
      duration_ms: 0.882504
      type: 'test'
      ...
    # Subtest: seeds the baseline on start so the very first watcher event can trip the guard
    ok 7 - seeds the baseline on start so the very first watcher event can trip the guard
      ---
      duration_ms: 0.489751
      type: 'test'
      ...
    # Subtest: keeps blocking resync while the shrunk state persists across watcher events
    ok 8 - keeps blocking resync while the shrunk state persists across watcher events
      ---
      duration_ms: 0.550861
      type: 'test'
      ...
    # Subtest: treats non-object JSON payloads (null, array) as unparseable and allows resync
    ok 9 - treats non-object JSON payloads (null, array) as unparseable and allows resync
      ---
      duration_ms: 0.504692
      type: 'test'
      ...
    1..9
ok 34 - createClaudeSettingsWatcher — suspicious shrink protection
  ---
  duration_ms: 9.276727
  type: 'suite'
  ...
# Subtest: buildStateBody
    # Subtest: returns null for unknown events
    ok 1 - returns null for unknown events
      ---
      duration_ms: 1.89181
      type: 'test'
      ...
    # Subtest: returns null for empty event name
    ok 2 - returns null for empty event name
      ---
      duration_ms: 0.238464
      type: 'test'
      ...
    # Subtest: builds body with state + session_id + event + agent_id
    ok 3 - builds body with state + session_id + event + agent_id
      ---
      duration_ms: 0.543073
      type: 'test'
      ...
    # Subtest: maps PreToolUse to working state
    ok 4 - maps PreToolUse to working state
      ---
      duration_ms: 0.22967
      type: 'test'
      ...
    # Subtest: maps PreToolUse Task to synthetic SubagentStart
    ok 5 - maps PreToolUse Task to synthetic SubagentStart
      ---
      duration_ms: 0.195531
      type: 'test'
      ...
    # Subtest: keeps non-Task PreToolUse as working
    ok 6 - keeps non-Task PreToolUse as working
      ---
      duration_ms: 0.171438
      type: 'test'
      ...
    # Subtest: keeps PostToolUse Task as working
    ok 7 - keeps PostToolUse Task as working
      ---
      duration_ms: 0.308257
      type: 'test'
      ...
    # Subtest: maps Stop to attention state
    ok 8 - maps Stop to attention state
      ---
      duration_ms: 0.451695
      type: 'test'
      ...
    # Subtest: maps PostCompact (auto / unspecified) to thinking, not attention (\#406)
    ok 9 - maps PostCompact (auto / unspecified) to thinking, not attention (\#406)
      ---
      duration_ms: 0.957796
      type: 'test'
      ...
    # Subtest: maps PostCompact (manual /compact) to idle (\#406)
    ok 10 - maps PostCompact (manual /compact) to idle (\#406)
      ---
      duration_ms: 0.804406
      type: 'test'
      ...
    # Subtest: forwards background_tasks / session_crons counts on Stop (\#406)
    ok 11 - forwards background_tasks / session_crons counts on Stop (\#406)
      ---
      duration_ms: 0.54021
      type: 'test'
      ...
    # Subtest: forwards only counts — never background task command/description text (\#406)
    ok 12 - forwards only counts — never background task command/description text (\#406)
      ---
      duration_ms: 0.367469
      type: 'test'
      ...
    # Subtest: forwards stop_hook_active on Stop (\#406)
    ok 13 - forwards stop_hook_active on Stop (\#406)
      ---
      duration_ms: 0.180117
      type: 'test'
      ...
    # Subtest: omits completion-gate fields on a plain Stop with no background work (\#406)
    ok 14 - omits completion-gate fields on a plain Stop with no background work (\#406)
      ---
      duration_ms: 0.172742
      type: 'test'
      ...
    # Subtest: maps SubagentStart to juggling state
    ok 15 - maps SubagentStart to juggling state
      ---
      duration_ms: 0.122448
      type: 'test'
      ...
    # Subtest: remaps SessionEnd + source=clear to sweeping state
    ok 16 - remaps SessionEnd + source=clear to sweeping state
      ---
      duration_ms: 0.142707
      type: 'test'
      ...
    # Subtest: remaps SessionEnd + reason=clear to sweeping state
    ok 17 - remaps SessionEnd + reason=clear to sweeping state
      ---
      duration_ms: 0.132623
      type: 'test'
      ...
    # Subtest: keeps SessionEnd as sleeping when source is not clear
    ok 18 - keeps SessionEnd as sleeping when source is not clear
      ---
      duration_ms: 0.125301
      type: 'test'
      ...
    # Subtest: falls back to 'default' when session_id is missing
    ok 19 - falls back to 'default' when session_id is missing
      ---
      duration_ms: 0.378323
      type: 'test'
      ...
    # Subtest: omits cwd field when payload has no cwd
    ok 20 - omits cwd field when payload has no cwd
      ---
      duration_ms: 0.151103
      type: 'test'
      ...
    # Subtest: includes source_pid from resolve() in non-remote mode
    ok 21 - includes source_pid from resolve() in non-remote mode
      ---
      duration_ms: 0.168924
      type: 'test'
      ...
    # Subtest: includes editor when resolve() detects one
    ok 22 - includes editor when resolve() detects one
      ---
      duration_ms: 0.158432
      type: 'test'
      ...
    # Subtest: includes pid_chain when non-empty
    ok 23 - includes pid_chain when non-empty
      ---
      duration_ms: 1.012103
      type: 'test'
      ...
    # Subtest: omits pid_chain when empty
    ok 24 - omits pid_chain when empty
      ---
      duration_ms: 0.22194
      type: 'test'
      ...
    # Subtest: includes foreground WT HWND only on foreground-safe events
    ok 25 - includes foreground WT HWND only on foreground-safe events
      ---
      duration_ms: 0.300043
      type: 'test'
      ...
    # Subtest: agentPid and headless detection
        # Subtest: sets agent_pid and claude_pid when agentPid is present
        ok 1 - sets agent_pid and claude_pid when agentPid is present
          ---
          duration_ms: 0.509221
          type: 'test'
          ...
        # Subtest: omits agent_pid and claude_pid when agentPid is absent
        ok 2 - omits agent_pid and claude_pid when agentPid is absent
          ---
          duration_ms: 0.189598
          type: 'test'
          ...
        # Subtest: sets headless when agentCommandLine ends with -p
        ok 3 - sets headless when agentCommandLine ends with -p
          ---
          duration_ms: 0.242338
          type: 'test'
          ...
        # Subtest: sets headless when agentCommandLine has -p followed by a space
        ok 4 - sets headless when agentCommandLine has -p followed by a space
          ---
          duration_ms: 0.20858
          type: 'test'
          ...
        # Subtest: sets headless when agentCommandLine contains --print
        ok 5 - sets headless when agentCommandLine contains --print
          ---
          duration_ms: 0.193705
          type: 'test'
          ...
        # Subtest: does not set headless when -p is a prefix of a longer option
        ok 6 - does not set headless when -p is a prefix of a longer option
          ---
          duration_ms: 0.150471
          type: 'test'
          ...
        # Subtest: does not set headless when agentCommandLine is empty
        ok 7 - does not set headless when agentCommandLine is empty
          ---
          duration_ms: 0.133125
          type: 'test'
          ...
        # Subtest: does not set headless when agentCommandLine is missing from resolve()
        ok 8 - does not set headless when agentCommandLine is missing from resolve()
          ---
          duration_ms: 0.166668
          type: 'test'
          ...
        1..8
    ok 26 - agentPid and headless detection
      ---
      duration_ms: 2.315067
      type: 'suite'
      ...
    # Subtest: passes through tool metadata for tool events
    ok 27 - passes through tool metadata for tool events
      ---
      duration_ms: 1.1953
      type: 'test'
      ...
    # Subtest: adds context_usage from transcript usage
    ok 28 - adds context_usage from transcript usage
      ---
      duration_ms: 5.935001
      type: 'test'
      ...
    # Subtest: omits context_usage when transcript has no usage
    ok 29 - omits context_usage when transcript has no usage
      ---
      duration_ms: 0.958472
      type: 'test'
      ...
    # Subtest: scopes context_usage to the main session, ignoring trailing sidechain usage
    ok 30 - scopes context_usage to the main session, ignoring trailing sidechain usage
      ---
      duration_ms: 0.971886
      type: 'test'
      ...
    # Subtest: accepts camelCase tool_use_id aliases
    ok 31 - accepts camelCase tool_use_id aliases
      ---
      duration_ms: 0.40242
      type: 'test'
      ...
    # Subtest: session_title extraction
        # Subtest: passes through explicit payload.session_title
        ok 1 - passes through explicit payload.session_title
          ---
          duration_ms: 0.53892
          type: 'test'
          ...
        # Subtest: trims whitespace on payload.session_title
        ok 2 - trims whitespace on payload.session_title
          ---
          duration_ms: 0.198914
          type: 'test'
          ...
        # Subtest: strips control characters and truncates payload.session_title
        ok 3 - strips control characters and truncates payload.session_title
          ---
          duration_ms: 0.444571
          type: 'test'
          ...
        # Subtest: omits session_title field when payload has none and no transcript path
        ok 4 - omits session_title field when payload has none and no transcript path
          ---
          duration_ms: 0.173738
          type: 'test'
          ...
        # Subtest: uses the first prompt line for UserPromptSubmit when no title exists
        ok 5 - uses the first prompt line for UserPromptSubmit when no title exists
          ---
          duration_ms: 0.892744
          type: 'test'
          ...
        # Subtest: uses the first non-empty prompt line for UserPromptSubmit fallback
        ok 6 - uses the first non-empty prompt line for UserPromptSubmit fallback
          ---
          duration_ms: 0.502158
          type: 'test'
          ...
        # Subtest: keeps prompt fallback titles compact
        ok 7 - keeps prompt fallback titles compact
          ---
          duration_ms: 0.271729
          type: 'test'
          ...
        # Subtest: skips prompt fallback titles that look like secrets
        ok 8 - skips prompt fallback titles that look like secrets
          ---
          duration_ms: 0.156943
          type: 'test'
          ...
        # Subtest: falls back to transcript when payload.session_title is missing
        ok 9 - falls back to transcript when payload.session_title is missing
          ---
          duration_ms: 0.663378
          type: 'test'
          ...
        # Subtest: prefers payload.session_title over transcript
        ok 10 - prefers payload.session_title over transcript
          ---
          duration_ms: 1.126107
          type: 'test'
          ...
        # Subtest: prefers transcript title over prompt fallback
        ok 11 - prefers transcript title over prompt fallback
          ---
          duration_ms: 0.463856
          type: 'test'
          ...
        # Subtest: ignores non-string session_title and falls back to transcript
        ok 12 - ignores non-string session_title and falls back to transcript
          ---
          duration_ms: 0.938033
          type: 'test'
          ...
        1..12
    ok 32 - session_title extraction
      ---
      duration_ms: 6.928048
      type: 'suite'
      ...
    # Subtest: remote mode (CLAWD_REMOTE=1)
        # Subtest: includes host prefix instead of source_pid
        ok 1 - includes host prefix instead of source_pid
          ---
          duration_ms: 0.347235
          type: 'test'
          ...
        # Subtest: does not call resolve() in remote mode
        ok 2 - does not call resolve() in remote mode
          ---
          duration_ms: 0.281884
          type: 'test'
          ...
        1..2
    ok 33 - remote mode (CLAWD_REMOTE=1)
      ---
      duration_ms: 3.134336
      type: 'suite'
      ...
    1..33
ok 35 - buildStateBody
  ---
  duration_ms: 35.591355
  type: 'suite'
  ...
# Subtest: extractSessionTitleFromTranscript
    # Subtest: returns the latest title from a tail with multiple rename events
    ok 1 - returns the latest title from a tail with multiple rename events
      ---
      duration_ms: 0.666495
      type: 'test'
      ...
    # Subtest: returns null for missing file
    ok 2 - returns null for missing file
      ---
      duration_ms: 0.451015
      type: 'test'
      ...
    # Subtest: returns null when transcript has no title events
    ok 3 - returns null when transcript has no title events
      ---
      duration_ms: 1.954214
      type: 'test'
      ...
    # Subtest: supports custom_title (snake_case) variant
    ok 4 - supports custom_title (snake_case) variant
      ---
      duration_ms: 1.326362
      type: 'test'
      ...
    # Subtest: supports agent_name (snake_case) variant
    ok 5 - supports agent_name (snake_case) variant
      ---
      duration_ms: 0.934334
      type: 'test'
      ...
    # Subtest: supports plain title field
    ok 6 - supports plain title field
      ---
      duration_ms: 1.100193
      type: 'test'
      ...
    # Subtest: trims whitespace on extracted title
    ok 7 - trims whitespace on extracted title
      ---
      duration_ms: 0.531013
      type: 'test'
      ...
    # Subtest: strips control characters and truncates extracted titles
    ok 8 - strips control characters and truncates extracted titles
      ---
      duration_ms: 1.546931
      type: 'test'
      ...
    # Subtest: ignores corrupt JSON lines and keeps scanning
    ok 9 - ignores corrupt JSON lines and keeps scanning
      ---
      duration_ms: 1.222821
      type: 'test'
      ...
    # Subtest: returns null for non-string path input
    ok 10 - returns null for non-string path input
      ---
      duration_ms: 0.146239
      type: 'test'
      ...
    # Subtest: skips the truncated first line when reading a file larger than the tail window
    ok 11 - skips the truncated first line when reading a file larger than the tail window
      ---
      duration_ms: 4.305226
      type: 'test'
      ...
    1..11
ok 36 - extractSessionTitleFromTranscript
  ---
  duration_ms: 14.784453
  type: 'suite'
  ...
# Subtest: extractLastAssistantTextFromEntries
    # Subtest: extracts only text blocks from the latest assistant entry
    ok 1 - extracts only text blocks from the latest assistant entry
      ---
      duration_ms: 1.027077
      type: 'test'
      ...
    # Subtest: skips API error, subagent, and other-session assistant entries
    ok 2 - skips API error, subagent, and other-session assistant entries
      ---
      duration_ms: 0.245305
      type: 'test'
      ...
    # Subtest: returns null when the latest assistant messages only contain tool calls
    ok 3 - returns null when the latest assistant messages only contain tool calls
      ---
      duration_ms: 0.186863
      type: 'test'
      ...
    # Subtest: does not cross a user boundary to reuse an older assistant answer
    ok 4 - does not cross a user boundary to reuse an older assistant answer
      ---
      duration_ms: 0.152418
      type: 'test'
      ...
    # Subtest: clamps long assistant text with a truncation marker
    ok 5 - clamps long assistant text with a truncation marker
      ---
      duration_ms: 0.319658
      type: 'test'
      ...
    1..5
ok 37 - extractLastAssistantTextFromEntries
  ---
  duration_ms: 2.320167
  type: 'suite'
  ...
# Subtest: extractApiErrorFromEntries
    # Subtest: returns null for empty / missing entries
    ok 1 - returns null for empty / missing entries
      ---
      duration_ms: 0.614645
      type: 'test'
      ...
    # Subtest: returns null when sessionId is missing
    ok 2 - returns null when sessionId is missing
      ---
      duration_ms: 0.300361
      type: 'test'
      ...
    # Subtest: hits a current-turn error followed only by system marker
    ok 3 - hits a current-turn error followed only by system marker
      ---
      duration_ms: 0.217738
      type: 'test'
      ...
    # Subtest: hits when error is the only entry (no metadata yet)
    ok 4 - hits when error is the only entry (no metadata yet)
      ---
      duration_ms: 0.369879
      type: 'test'
      ...
    # Subtest: ignores error from a different sessionId (cross-session contamination guard)
    ok 5 - ignores error from a different sessionId (cross-session contamination guard)
      ---
      duration_ms: 0.168432
      type: 'test'
      ...
    # Subtest: suppresses stale error when a user message follows (turn moved on)
    ok 6 - suppresses stale error when a user message follows (turn moved on)
      ---
      duration_ms: 0.157848
      type: 'test'
      ...
    # Subtest: suppresses when a non-error assistant message follows (auto-retry succeeded)
    ok 7 - suppresses when a non-error assistant message follows (auto-retry succeeded)
      ---
      duration_ms: 0.149546
      type: 'test'
      ...
    # Subtest: allows benign metadata types after the error
    ok 8 - allows benign metadata types after the error
      ---
      duration_ms: 0.212042
      type: 'test'
      ...
    # Subtest: returns the latest current-turn error when multiple errors are stacked (same turn)
    ok 9 - returns the latest current-turn error when multiple errors are stacked (same turn)
      ---
      duration_ms: 0.328536
      type: 'test'
      ...
    # Subtest: falls back to 'unknown' for error types outside the known enum
    ok 10 - falls back to 'unknown' for error types outside the known enum
      ---
      duration_ms: 0.177902
      type: 'test'
      ...
    # Subtest: falls back to 'unknown' when error field is missing entirely
    ok 11 - falls back to 'unknown' when error field is missing entirely
      ---
      duration_ms: 0.156862
      type: 'test'
      ...
    # Subtest: supports all 9 enum values observed in claude.exe 2.1.150
    ok 12 - supports all 9 enum values observed in claude.exe 2.1.150
      ---
      duration_ms: 0.545599
      type: 'test'
      ...
    1..12
ok 38 - extractApiErrorFromEntries
  ---
  duration_ms: 4.03076
  type: 'suite'
  ...
# Subtest: buildStateBody — Stop → ApiError upgrade
    # Subtest: adds assistant_last_output on normal Stop when transcript has final assistant text
    ok 1 - adds assistant_last_output on normal Stop when transcript has final assistant text
      ---
      duration_ms: 2.146533
      type: 'test'
      ...
    # Subtest: does not add stale assistant output when Stop upgrades to ApiError
    ok 2 - does not add stale assistant output when Stop upgrades to ApiError
      ---
      duration_ms: 1.00008
      type: 'test'
      ...
    # Subtest: upgrades Stop to ApiError when transcript shows a current-turn error
    ok 3 - upgrades Stop to ApiError when transcript shows a current-turn error
      ---
      duration_ms: 0.90936
      type: 'test'
      ...
    # Subtest: does NOT upgrade Stop when the error is stale (user-followed)
    ok 4 - does NOT upgrade Stop when the error is stale (user-followed)
      ---
      duration_ms: 1.255973
      type: 'test'
      ...
    # Subtest: does NOT upgrade events other than Stop even if transcript shows an error
    ok 5 - does NOT upgrade events other than Stop even if transcript shows an error
      ---
      duration_ms: 0.826243
      type: 'test'
      ...
    # Subtest: does NOT upgrade synthetic SubagentStart (PreToolUse Task)
    ok 6 - does NOT upgrade synthetic SubagentStart (PreToolUse Task)
      ---
      duration_ms: 1.461073
      type: 'test'
      ...
    # Subtest: does NOT transmit raw error text or errorDetails (privacy)
    ok 7 - does NOT transmit raw error text or errorDetails (privacy)
      ---
      duration_ms: 0.948895
      type: 'test'
      ...
    # Subtest: ignores error from a different session (no upgrade)
    ok 8 - ignores error from a different session (no upgrade)
      ---
      duration_ms: 0.658563
      type: 'test'
      ...
    # Subtest: survives a transcript with corrupted JSON lines
    ok 9 - survives a transcript with corrupted JSON lines
      ---
      duration_ms: 1.523141
      type: 'test'
      ...
    # Subtest: falls back to Stop when transcript path is missing
    ok 10 - falls back to Stop when transcript path is missing
      ---
      duration_ms: 0.227197
      type: 'test'
      ...
    1..10
ok 39 - buildStateBody — Stop → ApiError upgrade
  ---
  duration_ms: 11.751479
  type: 'suite'
  ...
# Subtest: Clawd mini enter SVG rendering
    # Subtest: does not force crisp root rendering on rotated mini enter assets
    ok 1 - does not force crisp root rendering on rotated mini enter assets
      ---
      duration_ms: 3.43324
      type: 'test'
      ...
    1..1
ok 40 - Clawd mini enter SVG rendering
  ---
  duration_ms: 4.824148
  type: 'suite'
  ...
# Subtest: cleanupIntegrations
    # Subtest: builds explicit cleanup path overrides for every managed agent
    ok 1 - builds explicit cleanup path overrides for every managed agent
      ---
      duration_ms: 3.491352
      type: 'test'
      ...
    # Subtest: removes managed hooks/plugins safely, backs up once, and is idempotent
    ok 2 - removes managed hooks/plugins safely, backs up once, and is idempotent
      ---
      duration_ms: 22.92589
      type: 'test'
      ...
    1..2
ok 41 - cleanupIntegrations
  ---
  duration_ms: 28.968056
  type: 'suite'
  ...
# Subtest: built-in Cloudling theme
    # Subtest: loads as schema v1 with trusted scripted SVG files scoped to the built-in theme
    ok 1 - loads as schema v1 with trusted scripted SVG files scoped to the built-in theme
      ---
      duration_ms: 7.806689
      type: 'test'
      ...
    # Subtest: maps the full Cloudling Phase 2 state set
    ok 2 - maps the full Cloudling Phase 2 state set
      ---
      duration_ms: 3.139572
      type: 'test'
      ...
    # Subtest: resolves Cloudling viewBoxes for normal, mini, and mini-crabwalk files
    ok 3 - resolves Cloudling viewBoxes for normal, mini, and mini-crabwalk files
      ---
      duration_ms: 1.222373
      type: 'test'
      ...
    # Subtest: uses object-channel for built-in scripted files without granting that to external-like themes
    ok 4 - uses object-channel for built-in scripted files without granting that to external-like themes
      ---
      duration_ms: 0.91683
      type: 'test'
      ...
    # Subtest: treats Cloudling mini-crabwalk as a normal-layout pre-entry asset
    ok 5 - treats Cloudling mini-crabwalk as a normal-layout pre-entry asset
      ---
      duration_ms: 1.171102
      type: 'test'
      ...
    # Subtest: exposes temporary pointer bridge shims in the prototype idle assets
    ok 6 - exposes temporary pointer bridge shims in the prototype idle assets
      ---
      duration_ms: 1.928483
      type: 'test'
      ...
    # Subtest: lets low-power idle mode stop Cloudling idle RAF loops
    ok 7 - lets low-power idle mode stop Cloudling idle RAF loops
      ---
      duration_ms: 1.39752
      type: 'test'
      ...
    # Subtest: uses a visible normal idle eye-follow range for bridge validation
    ok 8 - uses a visible normal idle eye-follow range for bridge validation
      ---
      duration_ms: 0.443633
      type: 'test'
      ...
    # Subtest: uses tuned mini idle eye-follow and distance scaling for bridge validation
    ok 9 - uses tuned mini idle eye-follow and distance scaling for bridge validation
      ---
      duration_ms: 0.599457
      type: 'test'
      ...
    # Subtest: lets mini sleep pre-mirror Zzz glyphs for left-edge mini mode
    ok 10 - lets mini sleep pre-mirror Zzz glyphs for left-edge mini mode
      ---
      duration_ms: 0.885915
      type: 'test'
      ...
    1..10
ok 42 - built-in Cloudling theme
  ---
  duration_ms: 21.538593
  type: 'suite'
  ...
# Subtest: CodeBuddy hook installer
    # Subtest: registers all command events + PermissionRequest HTTP hook on fresh install
    ok 1 - registers all command events + PermissionRequest HTTP hook on fresh install
      ---
      duration_ms: 4.730247
      type: 'test'
      ...
    # Subtest: is idempotent on second run
    ok 2 - is idempotent on second run
      ---
      duration_ms: 1.789197
      type: 'test'
      ...
    # Subtest: updates stale hook paths in nested format
    ok 3 - updates stale hook paths in nested format
      ---
      duration_ms: 1.66811
      type: 'test'
      ...
    # Subtest: updates stale hook paths in flat format (migration)
    ok 4 - updates stale hook paths in flat format (migration)
      ---
      duration_ms: 4.221612
      type: 'test'
      ...
    # Subtest: preserves existing node path from nested format when detection fails
    ok 5 - preserves existing node path from nested format when detection fails
      ---
      duration_ms: 3.419601
      type: 'test'
      ...
    # Subtest: preserves existing node path from flat format when detection fails
    ok 6 - preserves existing node path from flat format when detection fails
      ---
      duration_ms: 2.691387
      type: 'test'
      ...
    # Subtest: updates stale PermissionRequest HTTP URL
    ok 7 - updates stale PermissionRequest HTTP URL
      ---
      duration_ms: 1.799363
      type: 'test'
      ...
    # Subtest: unregister removes only managed command hooks and managed PermissionRequest URLs
    ok 8 - unregister removes only managed command hooks and managed PermissionRequest URLs
      ---
      duration_ms: 5.56958
      type: 'test'
      ...
    # Subtest: isManagedPermissionUrl is intentionally strict
    ok 9 - isManagedPermissionUrl is intentionally strict
      ---
      duration_ms: 0.634544
      type: 'test'
      ...
    1..9
ok 43 - CodeBuddy hook installer
  ---
  duration_ms: 28.757757
  type: 'suite'
  ...
# Subtest: CodeWhale hook script
    # Subtest: builds CodeWhale state payloads from environment variables
    ok 1 - builds CodeWhale state payloads from environment variables
      ---
      duration_ms: 2.085646
      type: 'test'
      ...
    # Subtest: reuses the cached session id when CodeWhale omits it
    ok 2 - reuses the cached session id when CodeWhale omits it
      ---
      duration_ms: 0.312401
      type: 'test'
      ...
    # Subtest: maps tool failures to PostToolUseFailure
    ok 3 - maps tool failures to PostToolUseFailure
      ---
      duration_ms: 0.241267
      type: 'test'
      ...
    # Subtest: posts passive events with the short timeout
    ok 4 - posts passive events with the short timeout
      ---
      duration_ms: 1.302824
      type: 'test'
      ...
    # Subtest: awaits session_end longer and clears the cache
    ok 5 - awaits session_end longer and clears the cache
      ---
      duration_ms: 0.341905
      type: 'test'
      ...
    # Subtest: exits cleanly without stdout or stderr for unknown CLI events
    ok 6 - exits cleanly without stdout or stderr for unknown CLI events
      ---
      duration_ms: 51.114993
      type: 'test'
      ...
    1..6
ok 44 - CodeWhale hook script
  ---
  duration_ms: 57.420055
  type: 'suite'
  ...
# Subtest: CodeWhale hook installer
    # Subtest: formats Windows node paths with spaces through the shared hook command formatter
    ok 1 - formats Windows node paths with spaces through the shared hook command formatter
      ---
      duration_ms: 1.923572
      type: 'test'
      ...
    # Subtest: resolves a system Node path when registering from Electron
    ok 2 - resolves a system Node path when registering from Electron
      ---
      duration_ms: 1.26531
      type: 'test'
      ...
    # Subtest: preserves an existing absolute Node path when Electron node detection fails
    ok 3 - preserves an existing absolute Node path when Electron node detection fails
      ---
      duration_ms: 9.425753
      type: 'test'
      ...
    # Subtest: respects CodeWhale config path environment overrides
    ok 4 - respects CodeWhale config path environment overrides
      ---
      duration_ms: 2.245158
      type: 'test'
      ...
    # Subtest: registers hooks idempotently when upgrading legacy marker-before-header blocks
    ok 5 - registers hooks idempotently when upgrading legacy marker-before-header blocks
      ---
      duration_ms: 4.380193
      type: 'test'
      ...
    # Subtest: removes legacy orphan hook blocks whose marker was lost
    ok 6 - removes legacy orphan hook blocks whose marker was lost
      ---
      duration_ms: 2.711117
      type: 'test'
      ...
    # Subtest: associates legacy leading managed markers with their hook section
    ok 7 - associates legacy leading managed markers with their hook section
      ---
      duration_ms: 0.640339
      type: 'test'
      ...
    # Subtest: classifies markerless codewhale-hook.js commands as legacy managed hooks
    ok 8 - classifies markerless codewhale-hook.js commands as legacy managed hooks
      ---
      duration_ms: 0.266985
      type: 'test'
      ...
    # Subtest: does not swallow unrelated TOML array tables into a managed hook section
    ok 9 - does not swallow unrelated TOML array tables into a managed hook section
      ---
      duration_ms: 1.93086
      type: 'test'
      ...
    # Subtest: replaces disabled hooks.enabled instead of writing a duplicate key
    ok 10 - replaces disabled hooks.enabled instead of writing a duplicate key
      ---
      duration_ms: 1.58189
      type: 'test'
      ...
    1..10
ok 45 - CodeWhale hook installer
  ---
  duration_ms: 28.55396
  type: 'suite'
  ...
# Subtest: Codex debug hook
    # Subtest: parses valid JSON payloads
    ok 1 - parses valid JSON payloads
      ---
      duration_ms: 2.865782
      type: 'test'
      ...
    # Subtest: builds a compact debug entry around the raw payload
    ok 2 - builds a compact debug entry around the raw payload
      ---
      duration_ms: 1.185369
      type: 'test'
      ...
    # Subtest: captures raw payload when JSON parse fails
    ok 3 - captures raw payload when JSON parse fails
      ---
      duration_ms: 1.020772
      type: 'test'
      ...
    # Subtest: appends JSONL entries
    ok 4 - appends JSONL entries
      ---
      duration_ms: 4.053042
      type: 'test'
      ...
    # Subtest: writes no stdout and exits 0 when run as a command hook
    ok 5 - writes no stdout and exits 0 when run as a command hook
      ---
      duration_ms: 50.627657
      type: 'test'
      ...
    1..5
ok 46 - Codex debug hook
  ---
  duration_ms: 61.603524
  type: 'suite'
  ...
# Subtest: Codex debug hook installer
    # Subtest: registers all official hook events on fresh install
    ok 1 - registers all official hook events on fresh install
      ---
      duration_ms: 6.149232
      type: 'test'
      ...
    # Subtest: is idempotent on second run
    ok 2 - is idempotent on second run
      ---
      duration_ms: 3.134578
      type: 'test'
      ...
    # Subtest: preserves third-party hooks
    ok 3 - preserves third-party hooks
      ---
      duration_ms: 4.904044
      type: 'test'
      ...
    # Subtest: updates stale debug hook command and timeout
    ok 4 - updates stale debug hook command and timeout
      ---
      duration_ms: 1.728248
      type: 'test'
      ...
    # Subtest: preserves existing node path when detection fails
    ok 5 - preserves existing node path when detection fails
      ---
      duration_ms: 2.420332
      type: 'test'
      ...
    # Subtest: does not flip an explicit hooks=false
    ok 6 - does not flip an explicit hooks=false
      ---
      duration_ms: 2.948812
      type: 'test'
      ...
    # Subtest: inserts hooks=true into an existing features section
    ok 7 - inserts hooks=true into an existing features section
      ---
      duration_ms: 1.048745
      type: 'test'
      ...
    # Subtest: handles TOML table headers with trailing comments
    ok 8 - handles TOML table headers with trailing comments
      ---
      duration_ms: 1.306158
      type: 'test'
      ...
    # Subtest: migrates legacy codex_hooks=false under a commented header without enabling it
    ok 9 - migrates legacy codex_hooks=false under a commented header without enabling it
      ---
      duration_ms: 1.678833
      type: 'test'
      ...
    # Subtest: parses TOML table headers without treating quoted \# as a comment
    ok 10 - parses TOML table headers without treating quoted \# as a comment
      ---
      duration_ms: 0.479047
      type: 'test'
      ...
    # Subtest: formats Windows commands for PowerShell execution
    ok 11 - formats Windows commands for PowerShell execution
      ---
      duration_ms: 0.218901
      type: 'test'
      ...
    # Subtest: unregisters only Codex debug hooks
    ok 12 - unregisters only Codex debug hooks
      ---
      duration_ms: 3.50665
      type: 'test'
      ...
    1..12
ok 47 - Codex debug hook installer
  ---
  duration_ms: 31.74967
  type: 'suite'
  ...
# Subtest: Codex official hook
    # Subtest: normalizes session ids with the codex prefix
    ok 1 - normalizes session ids with the codex prefix
      ---
      duration_ms: 1.608819
      type: 'test'
      ...
    # Subtest: prefers rollout transcript ids when normalizing session ids
    ok 2 - prefers rollout transcript ids when normalizing session ids
      ---
      duration_ms: 0.555277
      type: 'test'
      ...
    # Subtest: builds SessionStart state payloads
    ok 3 - builds SessionStart state payloads
      ---
      duration_ms: 4.047
      type: 'test'
      ...
    # Subtest: includes foreground WT HWND only on foreground-safe state events
    ok 4 - includes foreground WT HWND only on foreground-safe state events
      ---
      duration_ms: 1.093032
      type: 'test'
      ...
    # Subtest: carries Codex Desktop session metadata and prefers persistent agent pid
    ok 5 - carries Codex Desktop session metadata and prefers persistent agent pid
      ---
      duration_ms: 2.281175
      type: 'test'
      ...
    # Subtest: reads Codex /rename thread_name from session_index.jsonl
    ok 6 - reads Codex /rename thread_name from session_index.jsonl
      ---
      duration_ms: 1.554896
      type: 'test'
      ...
    # Subtest: sends Codex /rename thread_name as session_title
    ok 7 - sends Codex /rename thread_name as session_title
      ---
      duration_ms: 1.27757
      type: 'test'
      ...
    # Subtest: passes through tool metadata without raw tool_input
    ok 8 - passes through tool metadata without raw tool_input
      ---
      duration_ms: 1.14376
      type: 'test'
      ...
    # Subtest: uses idle as Stop placeholder and carries stop_hook_active=false
    ok 9 - uses idle as Stop placeholder and carries stop_hook_active=false
      ---
      duration_ms: 0.584455
      type: 'test'
      ...
    # Subtest: extracts the latest Codex assistant text without tool or reasoning records
    ok 10 - extracts the latest Codex assistant text without tool or reasoning records
      ---
      duration_ms: 2.522348
      type: 'test'
      ...
    # Subtest: adds assistant_last_output on Codex Stop when the transcript has final assistant text
    ok 11 - adds assistant_last_output on Codex Stop when the transcript has final assistant text
      ---
      duration_ms: 1.545182
      type: 'test'
      ...
    # Subtest: does not carry a previous Codex turn output across a new task_started boundary
    ok 12 - does not carry a previous Codex turn output across a new task_started boundary
      ---
      duration_ms: 1.374216
      type: 'test'
      ...
    # Subtest: reads long first-line session_meta and marks subagent state payloads
    ok 13 - reads long first-line session_meta and marks subagent state payloads
      ---
      duration_ms: 1.899862
      type: 'test'
      ...
    # Subtest: scans early transcript records until session_meta is found
    ok 14 - scans early transcript records until session_meta is found
      ---
      duration_ms: 1.060007
      type: 'test'
      ...
    # Subtest: renames upstream Codex agent fields without polluting Clawd agent_id
    ok 15 - renames upstream Codex agent fields without polluting Clawd agent_id
      ---
      duration_ms: 0.28041
      type: 'test'
      ...
    # Subtest: fails open when transcript_path cannot be read
    ok 16 - fails open when transcript_path cannot be read
      ---
      duration_ms: 0.467101
      type: 'test'
      ...
    # Subtest: no-ops stop_hook_active continuations
    ok 17 - no-ops stop_hook_active continuations
      ---
      duration_ms: 0.175619
      type: 'test'
      ...
    # Subtest: builds PermissionRequest payloads for /permission
    ok 18 - builds PermissionRequest payloads for /permission
      ---
      duration_ms: 0.730871
      type: 'test'
      ...
    # Subtest: carries Codex Desktop metadata on PermissionRequest payloads
    ok 19 - carries Codex Desktop metadata on PermissionRequest payloads
      ---
      duration_ms: 1.241954
      type: 'test'
      ...
    # Subtest: classifies subagent PermissionRequest payloads so the headless gate fires without a state event
    ok 20 - classifies subagent PermissionRequest payloads so the headless gate fires without a state event
      ---
      duration_ms: 1.261213
      type: 'test'
      ...
    # Subtest: does not build a state payload for PermissionRequest
    ok 21 - does not build a state payload for PermissionRequest
      ---
      duration_ms: 0.135505
      type: 'test'
      ...
    # Subtest: sanitizes Codex PermissionRequest output by omitting unsupported keys
    ok 22 - sanitizes Codex PermissionRequest output by omitting unsupported keys
      ---
      duration_ms: 0.35124
      type: 'test'
      ...
    # Subtest: keeps deny messages in sanitized Codex PermissionRequest output
    ok 23 - keeps deny messages in sanitized Codex PermissionRequest output
      ---
      duration_ms: 0.151906
      type: 'test'
      ...
    # Subtest: returns no-decision output for invalid PermissionRequest responses
    ok 24 - returns no-decision output for invalid PermissionRequest responses
      ---
      duration_ms: 0.23814
      type: 'test'
      ...
    # Subtest: writes no stdout and exits 0 when stop_hook_active=true
    ok 25 - writes no stdout and exits 0 when stop_hook_active=true
      ---
      duration_ms: 60.638702
      type: 'test'
      ...
    # Subtest: remote mode
        # Subtest: uses host instead of local pid fields
        ok 1 - uses host instead of local pid fields
          ---
          duration_ms: 0.576716
          type: 'test'
          ...
        1..1
    ok 26 - remote mode
      ---
      duration_ms: 1.387874
      type: 'suite'
      ...
    1..26
ok 48 - Codex official hook
  ---
  duration_ms: 95.933115
  type: 'suite'
  ...
# Subtest: Codex official hook installer
    # Subtest: registers official hook events on fresh install including PermissionRequest
    ok 1 - registers official hook events on fresh install including PermissionRequest
      ---
      duration_ms: 8.865966
      type: 'test'
      ...
    # Subtest: is idempotent on second run
    ok 2 - is idempotent on second run
      ---
      duration_ms: 4.045859
      type: 'test'
      ...
    # Subtest: coexists with debug hooks without updating them
    ok 3 - coexists with debug hooks without updating them
      ---
      duration_ms: 6.786841
      type: 'test'
      ...
    # Subtest: does not flip an explicit hooks=false
    ok 4 - does not flip an explicit hooks=false
      ---
      duration_ms: 2.169244
      type: 'test'
      ...
    # Subtest: migrates legacy codex_hooks=false without enabling it
    ok 5 - migrates legacy codex_hooks=false without enabling it
      ---
      duration_ms: 3.839992
      type: 'test'
      ...
    # Subtest: can force hooks=true during an explicit repair
    ok 6 - can force hooks=true during an explicit repair
      ---
      duration_ms: 2.768271
      type: 'test'
      ...
    # Subtest: formats Windows commands for PowerShell execution
    ok 7 - formats Windows commands for PowerShell execution
      ---
      duration_ms: 0.351369
      type: 'test'
      ...
    # Subtest: registers remote hooks with CLAWD_REMOTE in the command environment
    ok 8 - registers remote hooks with CLAWD_REMOTE in the command environment
      ---
      duration_ms: 2.355636
      type: 'test'
      ...
    # Subtest: registers Windows remote hooks with a PowerShell env prefix
    ok 9 - registers Windows remote hooks with a PowerShell env prefix
      ---
      duration_ms: 1.971263
      type: 'test'
      ...
    # Subtest: unregisters only official state hooks
    ok 10 - unregisters only official state hooks
      ---
      duration_ms: 4.07475
      type: 'test'
      ...
    # Subtest: emits a 'Next step: open codex CLI and run /hooks' reminder on non-silent install
    ok 11 - emits a 'Next step: open codex CLI and run /hooks' reminder on non-silent install
      ---
      duration_ms: 2.005528
      type: 'test'
      ...
    # Subtest: does NOT emit the reminder when silent: true (deploy / sync paths use silent)
    ok 12 - does NOT emit the reminder when silent: true (deploy / sync paths use silent)
      ---
      duration_ms: 2.080378
      type: 'test'
      ...
    # Subtest: does NOT emit the reminder line on no-op re-install (summary lines still emit)
    ok 13 - does NOT emit the reminder line on no-op re-install (summary lines still emit)
      ---
      duration_ms: 2.079686
      type: 'test'
      ...
    1..13
ok 49 - Codex official hook installer
  ---
  duration_ms: 45.711368
  type: 'suite'
  ...
# Subtest: CodexLogMonitor
    # Subtest: should extract session ID from filename
    ok 1 - should extract session ID from filename
      ---
      duration_ms: 14.192899
      type: 'test'
      ...
    # Subtest: should map session_meta to idle
    ok 2 - should map session_meta to idle
      ---
      duration_ms: 4.403947
      type: 'test'
      ...
    # Subtest: emits Codex Desktop session metadata from session_meta records
    ok 3 - emits Codex Desktop session metadata from session_meta records
      ---
      duration_ms: 4.367835
      type: 'test'
      ...
    # Subtest: uses stale Codex Desktop session_meta for later live events without replaying it
    ok 4 - uses stale Codex Desktop session_meta for later live events without replaying it
      ---
      duration_ms: 5.508161
      type: 'test'
      ...
    # Subtest: preserves Codex Desktop session metadata across tracker retirement and resume
    ok 5 - preserves Codex Desktop session metadata across tracker retirement and resume
      ---
      duration_ms: 6.131392
      type: 'test'
      ...
    # Subtest: should map task_started to thinking
    ok 6 - should map task_started to thinking
      ---
      duration_ms: 6.074421
      type: 'test'
      ...
    # Subtest: should map function_call to working
    ok 7 - should map function_call to working
      ---
      duration_ms: 6.493332
      type: 'test'
      ...
    # Subtest: should map task_complete to idle when no tools were used
    ok 8 - should map task_complete to idle when no tools were used
      ---
      duration_ms: 8.822286
      type: 'test'
      ...
    # Subtest: should map task_complete to attention when tools were used
    ok 9 - should map task_complete to attention when tools were used
      ---
      duration_ms: 10.839648
      type: 'test'
      ...
    # Subtest: carries Codex assistant output on task_complete
    ok 10 - carries Codex assistant output on task_complete
      ---
      duration_ms: 11.93707
      type: 'test'
      ...
    # Subtest: clears Codex assistant output on a new task_started turn
    ok 11 - clears Codex assistant output on a new task_started turn
      ---
      duration_ms: 14.036988
      type: 'test'
      ...
    # Subtest: marks subagent emits headless and resolves task_complete to idle
    ok 12 - marks subagent emits headless and resolves task_complete to idle
      ---
      duration_ms: 9.17179
      type: 'test'
      ...
    # Subtest: should map turn_aborted to idle
    ok 13 - should map turn_aborted to idle
      ---
      duration_ms: 7.103031
      type: 'test'
      ...
    # Subtest: should dedup repeated working states
    ok 14 - should dedup repeated working states
      ---
      duration_ms: 8.840692
      type: 'test'
      ...
    # Subtest: should handle incremental writes (tail behavior)
    ok 15 - should handle incremental writes (tail behavior)
      ---
      duration_ms: 206.881472
      type: 'test'
      ...
    # Subtest: should ignore unmapped event types
    ok 16 - should ignore unmapped event types
      ---
      duration_ms: 7.591405
      type: 'test'
      ...
    # Subtest: carries token_count context usage on the next mapped state update
    ok 17 - carries token_count context usage on the next mapped state update
      ---
      duration_ms: 11.155416
      type: 'test'
      ...
    # Subtest: does not treat cumulative Codex total_token_usage as context-window usage
    ok 18 - does not treat cumulative Codex total_token_usage as context-window usage
      ---
      duration_ms: 6.184188
      type: 'test'
      ...
    # Subtest: emits token_count context usage even when token_count is the final live record
    ok 19 - emits token_count context usage even when token_count is the final live record
      ---
      duration_ms: 6.205687
      type: 'test'
      ...
    # Subtest: should skip old files (>5min mtime)
    ok 20 - should skip old files (>5min mtime)
      ---
      duration_ms: 302.828817
      type: 'test'
      ...
    # Subtest: picks up slow Codex desktop sessions (mtime 3 min old) and emits only live writes
    ok 21 - picks up slow Codex desktop sessions (mtime 3 min old) and emits only live writes
      ---
      duration_ms: 204.778114
      type: 'test'
      ...
    # Subtest: backfills historical turns silently, then emits live turns normally
    ok 22 - backfills historical turns silently, then emits live turns normally
      ---
      duration_ms: 205.424526
      type: 'test'
      ...
    # Subtest: emits the current thinking state once when attaching to a stale in-progress turn
    ok 23 - emits the current thinking state once when attaching to a stale in-progress turn
      ---
      duration_ms: 255.007369
      type: 'test'
      ...
    # Subtest: emits codex-permission before attention when attaching mid-turn to a stale pending shell call
    ok 24 - emits codex-permission before attention when attaching mid-turn to a stale pending shell call
      ---
      duration_ms: 208.056631
      type: 'test'
      ...
    # Subtest: keeps history-only backfills instead of timing them out
    ok 25 - keeps history-only backfills instead of timing them out
      ---
      duration_ms: 2.019583
      type: 'test'
      ...
    # Subtest: does not synthesize SessionEnd from a 5 minute idle log timeout
    ok 26 - does not synthesize SessionEnd from a 5 minute idle log timeout
      ---
      duration_ms: 6.243057
      type: 'test'
      ...
    # Subtest: prunes only never-emitted tracked files when the tracker reaches capacity
    ok 27 - prunes only never-emitted tracked files when the tracker reaches capacity
      ---
      duration_ms: 1.413857
      type: 'test'
      ...
    # Subtest: retired emitted trackers resume from their stored offset if the file becomes active again
    ok 28 - retired emitted trackers resume from their stored offset if the file becomes active again
      ---
      duration_ms: 3.492221
      type: 'test'
      ...
    # Subtest: includes token_count context usage in backfill snapshots
    ok 29 - includes token_count context usage in backfill snapshots
      ---
      duration_ms: 3.142598
      type: 'test'
      ...
    # Subtest: emits token_count metadata when backfill has context usage but no sustained state
    ok 30 - emits token_count metadata when backfill has context usage but no sustained state
      ---
      duration_ms: 3.430238
      type: 'test'
      ...
    # Subtest: should handle corrupted JSON lines gracefully
    ok 31 - should handle corrupted JSON lines gracefully
      ---
      duration_ms: 5.396514
      type: 'test'
      ...
    # Subtest: should emit codex-permission after 2s timeout when no exec_command_end arrives
    ok 32 - should emit codex-permission after 2s timeout when no exec_command_end arrives
      ---
      duration_ms: 2006.707307
      type: 'test'
      ...
    # Subtest: should NOT emit codex-permission if exec_command_end arrives within 2s
    ok 33 - should NOT emit codex-permission if exec_command_end arrives within 2s
      ---
      duration_ms: 3006.565041
      type: 'test'
      ...
    # Subtest: should NOT emit codex-permission if guardian assessment starts before command end
    ok 34 - should NOT emit codex-permission if guardian assessment starts before command end
      ---
      duration_ms: 3006.266073
      type: 'test'
      ...
    # Subtest: should return to working when guardian approves after an explicit permission signal
    ok 35 - should return to working when guardian approves after an explicit permission signal
      ---
      duration_ms: 109.706326
      type: 'test'
      ...
    # Subtest: should NOT emit codex-permission for non-shell function calls
    ok 36 - should NOT emit codex-permission for non-shell function calls
      ---
      duration_ms: 3005.937335
      type: 'test'
      ...
    # Subtest: should extract shell command from function_call arguments JSON
    ok 37 - should extract shell command from function_call arguments JSON
      ---
      duration_ms: 1.083419
      type: 'test'
      ...
    # Subtest: should emit codex-permission for exec_command function calls
    ok 38 - should emit codex-permission for exec_command function calls
      ---
      duration_ms: 2007.710005
      type: 'test'
      ...
    # Subtest: should emit codex-permission immediately for explicit escalated requests
    ok 39 - should emit codex-permission immediately for explicit escalated requests
      ---
      duration_ms: 5.801473
      type: 'test'
      ...
    # Subtest: session title extraction (turn_context.summary)
        # Subtest: captures sessionTitle on next state emit after turn_context
        ok 1 - captures sessionTitle on next state emit after turn_context
          ---
          duration_ms: 3.448641
          type: 'test'
          ...
        # Subtest: ignores 'none' placeholder summary
        ok 2 - ignores 'none' placeholder summary
          ---
          duration_ms: 4.238174
          type: 'test'
          ...
        # Subtest: ignores 'auto' placeholder summary
        ok 3 - ignores 'auto' placeholder summary
          ---
          duration_ms: 3.73672
          type: 'test'
          ...
        # Subtest: does not emit a 'metaOnly' event just to deliver title
        ok 4 - does not emit a 'metaOnly' event just to deliver title
          ---
          duration_ms: 301.538306
          type: 'test'
          ...
        # Subtest: updates sessionTitle when a later turn_context replaces an earlier one
        ok 5 - updates sessionTitle when a later turn_context replaces an earlier one
          ---
          duration_ms: 4.903552
          type: 'test'
          ...
        # Subtest: uses Codex /rename thread_name from session_index.jsonl
        ok 6 - uses Codex /rename thread_name from session_index.jsonl
          ---
          duration_ms: 4.252322
          type: 'test'
          ...
        1..6
    ok 40 - session title extraction (turn_context.summary)
      ---
      duration_ms: 322.646653
      type: 'suite'
      ...
    # Subtest: should process recent existing day dirs even if not today/yesterday
    ok 41 - should process recent existing day dirs even if not today/yesterday
      ---
      duration_ms: 18.733069
      type: 'test'
      ...
    # Subtest: should process recently modified rollout files even when their day dir falls outside the 7 newest by name
    ok 42 - should process recently modified rollout files even when their day dir falls outside the 7 newest by name
      ---
      duration_ms: 5.892394
      type: 'test'
      ...
    1..42
ok 50 - CodexLogMonitor
  ---
  duration_ms: 15059.522492
  type: 'suite'
  ...
# node:internal/modules/cjs/loader:1386
#   throw err;
#   ^
# Error: Cannot find module 'electron'
# Require stack:
# - /app/src/permission.js
# - /app/test/codex-notify-subgate.test.js
#     at Function._resolveFilename (node:internal/modules/cjs/loader:1383:15)
#     at defaultResolveImpl (node:internal/modules/cjs/loader:1025:19)
#     at resolveForCJSWithHooks (node:internal/modules/cjs/loader:1030:22)
#     at Function._load (node:internal/modules/cjs/loader:1192:37)
#     at TracingChannel.traceSync (node:diagnostics_channel:328:14)
#     at wrapModuleLoad (node:internal/modules/cjs/loader:237:24)
#     at Module.require (node:internal/modules/cjs/loader:1463:12)
#     at require (node:internal/modules/helpers:147:16)
#     at Object.<anonymous> (/app/src/permission.js:4:43)
#     at Module._compile (node:internal/modules/cjs/loader:1705:14) {
#   code: 'MODULE_NOT_FOUND',
#   requireStack: [
#     '/app/src/permission.js',
#     '/app/test/codex-notify-subgate.test.js'
#   ]
# }
# Node.js v22.22.1
# Subtest: /app/test/codex-notify-subgate.test.js
not ok 29 - /app/test/codex-notify-subgate.test.js
  ---
  duration_ms: 54.309198
  type: 'test'
  location: '/app/test/codex-notify-subgate.test.js:1:1'
  failureType: 'testCodeFailure'
  exitCode: 1
  signal: ~
  error: 'test failed'
  code: 'ERR_TEST_FAILURE'
  ...
# [theme-loader] Failed to sanitize codex-pet-failed-loop.svg: Cannot find module 'htmlparser2'
# Require stack:
# - /app/src/theme-sanitizer.js
# - /app/src/theme-assets-cache.js
# - /app/src/theme-loader.js
# - /app/test/codex-pet-adapter.test.js
# [theme-loader] Failed to sanitize codex-pet-idle-loop.svg: Cannot find module 'htmlparser2'
# Require stack:
# - /app/src/theme-sanitizer.js
# - /app/src/theme-assets-cache.js
# - /app/src/theme-loader.js
# - /app/test/codex-pet-adapter.test.js
# [theme-loader] Failed to sanitize codex-pet-idle-static.svg: Cannot find module 'htmlparser2'
# Require stack:
# - /app/src/theme-sanitizer.js
# - /app/src/theme-assets-cache.js
# - /app/src/theme-loader.js
# - /app/test/codex-pet-adapter.test.js
# [theme-loader] Failed to sanitize codex-pet-jumping-loop.svg: Cannot find module 'htmlparser2'
# Require stack:
# - /app/src/theme-sanitizer.js
# - /app/src/theme-assets-cache.js
# - /app/src/theme-loader.js
# - /app/test/codex-pet-adapter.test.js
# [theme-loader] Failed to sanitize codex-pet-jumping-once.svg: Cannot find module 'htmlparser2'
# Require stack:
# - /app/src/theme-sanitizer.js
# - /app/src/theme-assets-cache.js
# - /app/src/theme-loader.js
# - /app/test/codex-pet-adapter.test.js
# [theme-loader] Failed to sanitize codex-pet-review-loop.svg: Cannot find module 'htmlparser2'
# Require stack:
# - /app/src/theme-sanitizer.js
# - /app/src/theme-assets-cache.js
# - /app/src/theme-loader.js
# - /app/test/codex-pet-adapter.test.js
# [theme-loader] Failed to sanitize codex-pet-running-left-loop.svg: Cannot find module 'htmlparser2'
# Require stack:
# - /app/src/theme-sanitizer.js
# - /app/src/theme-assets-cache.js
# - /app/src/theme-loader.js
# - /app/test/codex-pet-adapter.test.js
# [theme-loader] Failed to sanitize codex-pet-running-loop.svg: Cannot find module 'htmlparser2'
# Require stack:
# - /app/src/theme-sanitizer.js
# - /app/src/theme-assets-cache.js
# - /app/src/theme-loader.js
# - /app/test/codex-pet-adapter.test.js
# [theme-loader] Failed to sanitize codex-pet-running-right-loop.svg: Cannot find module 'htmlparser2'
# Require stack:
# - /app/src/theme-sanitizer.js
# - /app/src/theme-assets-cache.js
# - /app/src/theme-loader.js
# - /app/test/codex-pet-adapter.test.js
# [theme-loader] Failed to sanitize codex-pet-waiting-loop.svg: Cannot find module 'htmlparser2'
# Require stack:
# - /app/src/theme-sanitizer.js
# - /app/src/theme-assets-cache.js
# - /app/src/theme-loader.js
# - /app/test/codex-pet-adapter.test.js
# [theme-loader] Failed to sanitize codex-pet-waving-loop.svg: Cannot find module 'htmlparser2'
# Require stack:
# - /app/src/theme-sanitizer.js
# - /app/src/theme-assets-cache.js
# - /app/src/theme-loader.js
# - /app/test/codex-pet-adapter.test.js
# [theme-loader] Failed to sanitize codex-pet-waving-once.svg: Cannot find module 'htmlparser2'
# Require stack:
# - /app/src/theme-sanitizer.js
# - /app/src/theme-assets-cache.js
# - /app/src/theme-loader.js
# - /app/test/codex-pet-adapter.test.js
# Subtest: Codex Pet fixture
    # Subtest: committed tiny Codex Pet fixture matches the atlas contract
    ok 1 - committed tiny Codex Pet fixture matches the atlas contract
      ---
      duration_ms: 104.037101
      type: 'test'
      ...
    1..1
ok 52 - Codex Pet fixture
  ---
  duration_ms: 105.605658
  type: 'suite'
  ...
# Subtest: codex-pet-adapter package validation
    # Subtest: accepts the deterministic PNG fixture and records source metadata
    ok 1 - accepts the deterministic PNG fixture and records source metadata
      ---
      duration_ms: 372.364355
      type: 'test'
      ...
    # Subtest: preserves Unicode pet ids while deriving an ASCII slug
    ok 2 - preserves Unicode pet ids while deriving an ASCII slug
      ---
      duration_ms: 292.296583
      type: 'test'
      ...
    # Subtest: length-caps display metadata before writing generated theme JSON
    ok 3 - length-caps display metadata before writing generated theme JSON
      ---
      duration_ms: 167.544617
      type: 'test'
      ...
    # Subtest: reports missing or malformed manifests
    ok 4 - reports missing or malformed manifests
      ---
      duration_ms: 8.61418
      type: 'test'
      ...
    # Subtest: rejects unsafe or unsupported spritesheet paths
    ok 5 - rejects unsafe or unsupported spritesheet paths
      ---
      duration_ms: 4.87485
      type: 'test'
      ...
    # Subtest: rejects PNG atlases with wrong dimensions
    ok 6 - rejects PNG atlases with wrong dimensions
      ---
      duration_ms: 3.969714
      type: 'test'
      ...
    # Subtest: accepts valid VP8X and VP8L WebP atlas headers
    ok 7 - accepts valid VP8X and VP8L WebP atlas headers
      ---
      duration_ms: 3.072248
      type: 'test'
      ...
    # Subtest: rejects malformed WebP headers and non-alpha WebP variants
    ok 8 - rejects malformed WebP headers and non-alpha WebP variants
      ---
      duration_ms: 4.540916
      type: 'test'
      ...
    1..8
ok 53 - codex-pet-adapter package validation
  ---
  duration_ms: 858.869619
  type: 'suite'
  ...
# Subtest: codex-pet-adapter wrapper generation and materialization
    # Subtest: generates loop, once, and static wrappers without unused-frame references
    ok 1 - generates loop, once, and static wrappers without unused-frame references
      ---
      duration_ms: 0.784231
      type: 'test'
      ...
    # Subtest: materializes a managed Clawd theme that strict-loads through theme-loader
    ok 2 - materializes a managed Clawd theme that strict-loads through theme-loader
      ---
      duration_ms: 180.958798
      type: 'test'
      ...
    # Subtest: does not overwrite unmanaged theme IDs and keeps managed suffixes stable
    ok 3 - does not overwrite unmanaged theme IDs and keeps managed suffixes stable
      ---
      duration_ms: 176.686445
      type: 'test'
      ...
    # Subtest: recovers a partial first-time materialization without changing the theme id
    ok 4 - recovers a partial first-time materialization without changing the theme id
      ---
      duration_ms: 209.908231
      type: 'test'
      ...
    # Subtest: keeps unmanaged theme IDs with real theme.json protected
    ok 5 - keeps unmanaged theme IDs with real theme.json protected
      ---
      duration_ms: 189.888248
      type: 'test'
      ...
    # Subtest: syncs valid packages and reports invalid packages without throwing
    ok 6 - syncs valid packages and reports invalid packages without throwing
      ---
      duration_ms: 174.307157
      type: 'test'
      ...
    # Subtest: skips unchanged managed themes and rebuilds incomplete generated output
    ok 7 - skips unchanged managed themes and rebuilds incomplete generated output
      ---
      duration_ms: 203.396436
      type: 'test'
      ...
    # Subtest: caches PNG unused-cell validation for unchanged startup syncs
    ok 8 - caches PNG unused-cell validation for unchanged startup syncs
      ---
      duration_ms: 353.251046
      type: 'test'
      ...
    # Subtest: removes orphan managed themes when the source package disappears
    ok 9 - removes orphan managed themes when the source package disappears
      ---
      duration_ms: 161.902214
      type: 'test'
      ...
    # Subtest: does not remove an active orphan managed theme before main handles fallback
    ok 10 - does not remove an active orphan managed theme before main handles fallback
      ---
      duration_ms: 147.287868
      type: 'test'
      ...
    1..10
ok 54 - codex-pet-adapter wrapper generation and materialization
  ---
  duration_ms: 1799.135801
  type: 'suite'
  ...
# Subtest: parses clawd import URLs and rejects unsafe remote hosts
ok 55 - parses clawd import URLs and rejects unsafe remote hosts
  ---
  duration_ms: 14.435513
  type: 'test'
  ...
# Subtest: blocks private DNS answers in guarded lookup
ok 56 - blocks private DNS answers in guarded lookup
  ---
  duration_ms: 2.198437
  type: 'test'
  ...
# Subtest: downloadHttpsBuffer re-checks redirects and enforces byte caps
ok 57 - downloadHttpsBuffer re-checks redirects and enforces byte caps
  ---
  duration_ms: 9.272048
  type: 'test'
  ...
# Subtest: imports a direct pet.json only with same-directory spritesheet URLs
ok 58 - imports a direct pet.json only with same-directory spritesheet URLs
  ---
  duration_ms: 543.914628
  type: 'test'
  ...
# Subtest: imports zip packages from root or one top-level folder
ok 59 - imports zip packages from root or one top-level folder
  ---
  duration_ms: 516.858314
  type: 'test'
  ...
# Subtest: rejects unsafe zip paths and missing package files
ok 60 - rejects unsafe zip paths and missing package files
  ---
  duration_ms: 3.743141
  type: 'test'
  ...
# Subtest: does not overwrite non-pet directories in the Codex pets root
ok 61 - does not overwrite non-pet directories in the Codex pets root
  ---
  duration_ms: 165.803508
  type: 'test'
  ...
# Subtest: requires confirmation before replacing an existing non-Clawd-imported pet package
ok 62 - requires confirmation before replacing an existing non-Clawd-imported pet package
  ---
  duration_ms: 589.830326
  type: 'test'
  ...
# Subtest: requires confirmation before replacing Clawd-imported pet packages
ok 63 - requires confirmation before replacing Clawd-imported pet packages
  ---
  duration_ms: 870.49831
  type: 'test'
  ...
# Clawd: failed to sync Codex Pet themes: boom
# Subtest: Codex Pet main helpers merge sync summaries without dropping diagnostics
ok 64 - Codex Pet main helpers merge sync summaries without dropping diagnostics
  ---
  duration_ms: 2.340117
  type: 'test'
  ...
# Subtest: Codex Pet main helpers detect clawd protocol args case-insensitively
ok 65 - Codex Pet main helpers detect clawd protocol args case-insensitively
  ---
  duration_ms: 0.407072
  type: 'test'
  ...
# Subtest: Codex Pet main runtime records sync summaries and normalizes adapter failures
ok 66 - Codex Pet main runtime records sync summaries and normalizes adapter failures
  ---
  duration_ms: 2.017934
  type: 'test'
  ...
# Subtest: Codex Pet settings refresh hot reloads an updated active managed theme
ok 67 - Codex Pet settings refresh hot reloads an updated active managed theme
  ---
  duration_ms: 0.757465
  type: 'test'
  ...
# Subtest: Codex Pet settings refresh leaves an unchanged active theme alone
ok 68 - Codex Pet settings refresh leaves an unchanged active theme alone
  ---
  duration_ms: 0.371497
  type: 'test'
  ...
# Subtest: Codex Pet import URLs queued before app ready do not flush until explicitly drained
ok 69 - Codex Pet import URLs queued before app ready do not flush until explicitly drained
  ---
  duration_ms: 1.054604
  type: 'test'
  ...
# Subtest: Codex Pet import dialog uses zh-TW strings
ok 70 - Codex Pet import dialog uses zh-TW strings
  ---
  duration_ms: 0.525877
  type: 'test'
  ...
# Subtest: Codex Pet removal confirmation uses zh-TW strings
ok 71 - Codex Pet removal confirmation uses zh-TW strings
  ---
  duration_ms: 16.3764
  type: 'test'
  ...
# Subtest: Codex Pet import queue ignores overlapping flush calls while the first drain is active
ok 72 - Codex Pet import queue ignores overlapping flush calls while the first drain is active
  ---
  duration_ms: 1.632514
  type: 'test'
  ...
# Subtest: Codex remote monitor
    # Subtest: builds root state bodies with headless false
    ok 1 - builds root state bodies with headless false
      ---
      duration_ms: 1.056153
      type: 'test'
      ...
    # Subtest: builds state bodies with assistant output when provided
    ok 2 - builds state bodies with assistant output when provided
      ---
      duration_ms: 0.415551
      type: 'test'
      ...
    # Subtest: carries assistant output on remote task_complete posts
    ok 3 - carries assistant output on remote task_complete posts
      ---
      duration_ms: 1.029953
      type: 'test'
      ...
    # Subtest: marks subagent bodies headless and maps task_complete to idle
    ok 4 - marks subagent bodies headless and maps task_complete to idle
      ---
      duration_ms: 0.604877
      type: 'test'
      ...
    1..4
ok 73 - Codex remote monitor
  ---
  duration_ms: 4.692934
  type: 'suite'
  ...
# Subtest: Codex remote monitor — stale-cleanup re-read dedup
    # Subtest: does not re-emit historical task_complete after a stale window + resume
    ok 1 - does not re-emit historical task_complete after a stale window + resume
      ---
      duration_ms: 3.424233
      type: 'test'
      ...
    # Subtest: still fires a genuinely new completion after resume
    ok 2 - still fires a genuinely new completion after resume
      ---
      duration_ms: 1.549928
      type: 'test'
      ...
    # Subtest: posts sleeping only once while a session stays idle
    ok 3 - posts sleeping only once while a session stays idle
      ---
      duration_ms: 3.218214
      type: 'test'
      ...
    # Subtest: re-reads from 0 when the rollout file is truncated/rotated
    ok 4 - re-reads from 0 when the rollout file is truncated/rotated
      ---
      duration_ms: 1.717938
      type: 'test'
      ...
    # Subtest: wakes a stale session on the next working event
    ok 5 - wakes a stale session on the next working event
      ---
      duration_ms: 1.539517
      type: 'test'
      ...
    # Subtest: prunes tracked entries whose directory left the scan window
    ok 6 - prunes tracked entries whose directory left the scan window
      ---
      duration_ms: 1.033505
      type: 'test'
      ...
    1..6
ok 74 - Codex remote monitor — stale-cleanup re-read dedup
  ---
  duration_ms: 13.155269
  type: 'suite'
  ...
# Subtest: CodexSubagentClassifier
    # Subtest: registers root and subagent sessions from session metadata
    ok 1 - registers root and subagent sessions from session metadata
      ---
      duration_ms: 2.110674
      type: 'test'
      ...
    # Subtest: keeps unknown sessions unknown
    ok 2 - keeps unknown sessions unknown
      ---
      duration_ms: 0.387861
      type: 'test'
      ...
    # Subtest: allows unknown to upgrade and root to upgrade to subagent
    ok 3 - allows unknown to upgrade and root to upgrade to subagent
      ---
      duration_ms: 0.249407
      type: 'test'
      ...
    # Subtest: does not downgrade subagent sessions to root
    ok 4 - does not downgrade subagent sessions to root
      ---
      duration_ms: 0.279431
      type: 'test'
      ...
    # Subtest: evicts least-recently-used entries over capacity
    ok 5 - evicts least-recently-used entries over capacity
      ---
      duration_ms: 0.308782
      type: 'test'
      ...
    # Subtest: clears a session
    ok 6 - clears a session
      ---
      duration_ms: 0.280515
      type: 'test'
      ...
    1..6
ok 75 - CodexSubagentClassifier
  ---
  duration_ms: 6.729544
  type: 'suite'
  ...
# Subtest: codex-subagent-fields
    # Subtest: classifies root session_meta from current Codex CLI shape
    ok 1 - classifies root session_meta from current Codex CLI shape
      ---
      duration_ms: 1.756766
      type: 'test'
      ...
    # Subtest: classifies subagent session_meta from source.subagent thread_spawn
    ok 2 - classifies subagent session_meta from source.subagent thread_spawn
      ---
      duration_ms: 0.297616
      type: 'test'
      ...
    # Subtest: classifies explicit hook roles and parent ids
    ok 3 - classifies explicit hook roles and parent ids
      ---
      duration_ms: 0.35331
      type: 'test'
      ...
    # Subtest: uses known agent_role values without throwing on missing fields
    ok 4 - uses known agent_role values without throwing on missing fields
      ---
      duration_ms: 0.225088
      type: 'test'
      ...
    # Subtest: normalizes unknown values conservatively
    ok 5 - normalizes unknown values conservatively
      ---
      duration_ms: 0.268249
      type: 'test'
      ...
    1..5
ok 76 - codex-subagent-fields
  ---
  duration_ms: 4.611797
  type: 'suite'
  ...
# (node:189941) ExperimentalWarning: The MockTimers API is an experimental feature and might change at any time
# (Use `node --trace-warnings ...` to show where the warning was created)
# Subtest: \#406 state -> Telegram completion integration
    # Subtest: a debounced Claude Stop pushes exactly one completion — after the window, not during the hold
    ok 1 - a debounced Claude Stop pushes exactly one completion — after the window, not during the hold
      ---
      duration_ms: 25.993543
      type: 'test'
      ...
    # Subtest: live background_tasks suppress the completion push entirely
    ok 2 - live background_tasks suppress the completion push entirely
      ---
      duration_ms: 3.475265
      type: 'test'
      ...
    # Subtest: Stop then Notification within the window still pushes exactly one completion
    ok 3 - Stop then Notification within the window still pushes exactly one completion
      ---
      duration_ms: 5.510834
      type: 'test'
      ...
    1..3
ok 77 - \#406 state -> Telegram completion integration
  ---
  duration_ms: 36.898999
  type: 'suite'
  ...
# Subtest: Claude context usage parser
    # Subtest: extracts the latest assistant input usage with cache tokens
    ok 1 - extracts the latest assistant input usage with cache tokens
      ---
      duration_ms: 3.381867
      type: 'test'
      ...
    # Subtest: excludes assistant output tokens to match Claude /context
    ok 2 - excludes assistant output tokens to match Claude /context
      ---
      duration_ms: 0.416379
      type: 'test'
      ...
    # Subtest: uses a 1M limit for Claude models marked with 1m context
    ok 3 - uses a 1M limit for Claude models marked with 1m context
      ---
      duration_ms: 0.259339
      type: 'test'
      ...
    # Subtest: uses the latest usage entry from a transcript tail
    ok 4 - uses the latest usage entry from a transcript tail
      ---
      duration_ms: 0.416422
      type: 'test'
      ...
    # Subtest: skips sidechain sub-agent usage and falls back to the main-chain entry
    ok 5 - skips sidechain sub-agent usage and falls back to the main-chain entry
      ---
      duration_ms: 0.402817
      type: 'test'
      ...
    # Subtest: ignores usage from a different session
    ok 6 - ignores usage from a different session
      ---
      duration_ms: 0.300604
      type: 'test'
      ...
    # Subtest: skips API-error entries that carry a usage object
    ok 7 - skips API-error entries that carry a usage object
      ---
      duration_ms: 0.33033
      type: 'test'
      ...
    # Subtest: counts entries without a sessionId field even when a session is given
    ok 8 - counts entries without a sessionId field even when a session is given
      ---
      duration_ms: 0.372596
      type: 'test'
      ...
    # Subtest: skips non-assistant entries that carry a usage object
    ok 9 - skips non-assistant entries that carry a usage object
      ---
      duration_ms: 0.481728
      type: 'test'
      ...
    # Subtest: still counts a real-session entry when no session id is provided
    ok 10 - still counts a real-session entry when no session id is provided
      ---
      duration_ms: 0.637369
      type: 'test'
      ...
    # Subtest: ignores entries without usage
    ok 11 - ignores entries without usage
      ---
      duration_ms: 0.233702
      type: 'test'
      ...
    # Subtest: returns raw used without percent for unknown model limits
    ok 12 - returns raw used without percent for unknown model limits
      ---
      duration_ms: 0.170384
      type: 'test'
      ...
    1..12
ok 78 - Claude context usage parser
  ---
  duration_ms: 10.905352
  type: 'suite'
  ...
# Subtest: Copilot doctor — happy path
    # Subtest: ok when all 11 events register Clawd hook in bash field (10 state + permissionRequest)
    ok 1 - ok when all 11 events register Clawd hook in bash field (10 state + permissionRequest)
      ---
      duration_ms: 5.580773
      type: 'test'
      ...
    # Subtest: scans powershell field when bash is absent (Windows-only entries)
    ok 2 - scans powershell field when bash is absent (Windows-only entries)
      ---
      duration_ms: 1.838875
      type: 'test'
      ...
    # Subtest: scans command field too for entries that only set it (forward compat)
    ok 3 - scans command field too for entries that only set it (forward compat)
      ---
      duration_ms: 2.35116
      type: 'test'
      ...
    1..3
ok 79 - Copilot doctor — happy path
  ---
  duration_ms: 11.343818
  type: 'suite'
  ...
# Subtest: Copilot doctor — missing / broken paths
    # Subtest: not-installed when parent dir is absent
    ok 1 - not-installed when parent dir is absent
      ---
      duration_ms: 1.657788
      type: 'test'
      ...
    # Subtest: not-connected when hooks.json file is missing
    ok 2 - not-connected when hooks.json file is missing
      ---
      duration_ms: 1.688972
      type: 'test'
      ...
    # Subtest: not-connected listing missing events when hooks.json is partial
    ok 3 - not-connected listing missing events when hooks.json is partial
      ---
      duration_ms: 1.946113
      type: 'test'
      ...
    # Subtest: broken-path only when every command in an event fails validation
    ok 4 - broken-path only when every command in an event fails validation
      ---
      duration_ms: 1.789859
      type: 'test'
      ...
    # Subtest: ok when at least one command (e.g., powershell) per event validates, even if bash fails
    ok 5 - ok when at least one command (e.g., powershell) per event validates, even if bash fails
      ---
      duration_ms: 1.945427
      type: 'test'
      ...
    1..5
ok 80 - Copilot doctor — missing / broken paths
  ---
  duration_ms: 10.374361
  type: 'suite'
  ...
# Subtest: Copilot doctor — disableAllHooks
    # Subtest: not-connected + level:warning + disabled-file when hooks.json sets disableAllHooks
    ok 1 - not-connected + level:warning + disabled-file when hooks.json sets disableAllHooks
      ---
      duration_ms: 2.36846
      type: 'test'
      ...
    # Subtest: not-connected + level:warning + disabled-global when settings.json sets disableAllHooks
    ok 2 - not-connected + level:warning + disabled-global when settings.json sets disableAllHooks
      ---
      duration_ms: 1.436593
      type: 'test'
      ...
    # Subtest: file-level disableAllHooks takes precedence over settings.json
    ok 3 - file-level disableAllHooks takes precedence over settings.json
      ---
      duration_ms: 1.42402
      type: 'test'
      ...
    # Subtest: ignores parse errors in settings.json and falls through to hook validation
    ok 4 - ignores parse errors in settings.json and falls through to hook validation
      ---
      duration_ms: 1.32889
      type: 'test'
      ...
    1..4
ok 81 - Copilot doctor — disableAllHooks
  ---
  duration_ms: 6.893403
  type: 'suite'
  ...
# Subtest: Copilot doctor — coexistence with user hooks
    # Subtest: user entries without copilot-hook.js marker do not affect validation
    ok 1 - user entries without copilot-hook.js marker do not affect validation
      ---
      duration_ms: 4.397066
      type: 'test'
      ...
    # Subtest: config-corrupt when hooks.json is malformed
    ok 2 - config-corrupt when hooks.json is malformed
      ---
      duration_ms: 1.37485
      type: 'test'
      ...
    1..2
ok 82 - Copilot doctor — coexistence with user hooks
  ---
  duration_ms: 6.088419
  type: 'suite'
  ...
# Subtest: Copilot doctor — safe-v1 permission-user-hook signal
    # Subtest: annotates ok + supplementary when a non-Clawd entry sits alongside Clawd in hooks.json
    ok 1 - annotates ok + supplementary when a non-Clawd entry sits alongside Clawd in hooks.json
      ---
      duration_ms: 1.558851
      type: 'test'
      ...
    # Subtest: annotates ok + supplementary when a sibling *.json declares permissionRequest
    ok 2 - annotates ok + supplementary when a sibling *.json declares permissionRequest
      ---
      duration_ms: 1.686081
      type: 'test'
      ...
    # Subtest: annotates ok + supplementary when settings.json declares an inline permissionRequest hook
    ok 3 - annotates ok + supplementary when settings.json declares an inline permissionRequest hook
      ---
      duration_ms: 1.475825
      type: 'test'
      ...
    # Subtest: does not mistake an empty sibling permissionRequest array for a user hook
    ok 4 - does not mistake an empty sibling permissionRequest array for a user hook
      ---
      duration_ms: 1.503086
      type: 'test'
      ...
    1..4
ok 83 - Copilot doctor — safe-v1 permission-user-hook signal
  ---
  duration_ms: 6.469766
  type: 'suite'
  ...
# Subtest: normalizeTitle
    # Subtest: trims whitespace and collapses runs
    ok 1 - trims whitespace and collapses runs
      ---
      duration_ms: 1.389809
      type: 'test'
      ...
    # Subtest: strips control characters
    ok 2 - strips control characters
      ---
      duration_ms: 0.305578
      type: 'test'
      ...
    # Subtest: returns null for empty / whitespace-only / non-string
    ok 3 - returns null for empty / whitespace-only / non-string
      ---
      duration_ms: 0.19124
      type: 'test'
      ...
    # Subtest: truncates with ellipsis past 80 chars
    ok 4 - truncates with ellipsis past 80 chars
      ---
      duration_ms: 0.318051
      type: 'test'
      ...
    1..4
ok 84 - normalizeTitle
  ---
  duration_ms: 3.691881
  type: 'suite'
  ...
# Subtest: parseWorkspaceYamlName
    # Subtest: extracts unquoted name
    ok 1 - extracts unquoted name
      ---
      duration_ms: 0.544431
      type: 'test'
      ...
    # Subtest: extracts double-quoted name with embedded colon
    ok 2 - extracts double-quoted name with embedded colon
      ---
      duration_ms: 0.193536
      type: 'test'
      ...
    # Subtest: extracts single-quoted name
    ok 3 - extracts single-quoted name
      ---
      duration_ms: 0.845079
      type: 'test'
      ...
    # Subtest: ignores indented name keys (top-level only)
    ok 4 - ignores indented name keys (top-level only)
      ---
      duration_ms: 0.55808
      type: 'test'
      ...
    # Subtest: returns null when no name field
    ok 5 - returns null when no name field
      ---
      duration_ms: 0.597334
      type: 'test'
      ...
    # Subtest: returns null for empty/non-string input
    ok 6 - returns null for empty/non-string input
      ---
      duration_ms: 0.635478
      type: 'test'
      ...
    # Subtest: strips trailing inline comment on unquoted scalar
    ok 7 - strips trailing inline comment on unquoted scalar
      ---
      duration_ms: 0.273934
      type: 'test'
      ...
    # Subtest: preserves '\#' inside quoted scalar
    ok 8 - preserves '\#' inside quoted scalar
      ---
      duration_ms: 0.130981
      type: 'test'
      ...
    # Subtest: treats name with empty value as null
    ok 9 - treats name with empty value as null
      ---
      duration_ms: 0.124182
      type: 'test'
      ...
    # Subtest: returns first matching top-level name (CRLF tolerant)
    ok 10 - returns first matching top-level name (CRLF tolerant)
      ---
      duration_ms: 0.159139
      type: 'test'
      ...
    1..10
ok 85 - parseWorkspaceYamlName
  ---
  duration_ms: 4.912912
  type: 'suite'
  ...
# Subtest: readCopilotSessionTitle
    # Subtest: returns name from workspace.yaml under fake home
    ok 1 - returns name from workspace.yaml under fake home
      ---
      duration_ms: 2.121135
      type: 'test'
      ...
    # Subtest: returns null when file missing
    ok 2 - returns null when file missing
      ---
      duration_ms: 2.401013
      type: 'test'
      ...
    # Subtest: returns null when name field absent
    ok 3 - returns null when name field absent
      ---
      duration_ms: 1.365756
      type: 'test'
      ...
    # Subtest: normalizes (trim + collapse + truncate) the result
    ok 4 - normalizes (trim + collapse + truncate) the result
      ---
      duration_ms: 1.143538
      type: 'test'
      ...
    # Subtest: rejects sessionIds containing path separators or empty/null
    ok 5 - rejects sessionIds containing path separators or empty/null
      ---
      duration_ms: 0.297015
      type: 'test'
      ...
    # Subtest: rejects sessionId ".." even when ~/.copilot/workspace.yaml exists (regression: dot-segment bypass)
    ok 6 - rejects sessionId ".." even when ~/.copilot/workspace.yaml exists (regression: dot-segment bypass)
      ---
      duration_ms: 0.50599
      type: 'test'
      ...
    # Subtest: rejects sessionId "." even when ~/.copilot/session-state/workspace.yaml exists (regression: dot-segment bypass)
    ok 7 - rejects sessionId "." even when ~/.copilot/session-state/workspace.yaml exists (regression: dot-segment bypass)
      ---
      duration_ms: 1.320398
      type: 'test'
      ...
    # Subtest: rejects pure-dot sessionIds ("...", "....", etc.)
    ok 8 - rejects pure-dot sessionIds ("...", "....", etc.)
      ---
      duration_ms: 0.326893
      type: 'test'
      ...
    1..8
ok 86 - readCopilotSessionTitle
  ---
  duration_ms: 9.922175
  type: 'suite'
  ...
# Subtest: buildStateBody (Copilot)
    # Subtest: returns null for unknown event
    ok 1 - returns null for unknown event
      ---
      duration_ms: 0.399557
      type: 'test'
      ...
    # Subtest: maps userPromptSubmitted to thinking and includes core fields
    ok 2 - maps userPromptSubmitted to thinking and includes core fields
      ---
      duration_ms: 1.361014
      type: 'test'
      ...
    # Subtest: falls back to default sessionId if none provided
    ok 3 - falls back to default sessionId if none provided
      ---
      duration_ms: 0.434003
      type: 'test'
      ...
    # Subtest: prefers payload.session_title over workspace.yaml lookup
    ok 4 - prefers payload.session_title over workspace.yaml lookup
      ---
      duration_ms: 0.202027
      type: 'test'
      ...
    # Subtest: uses payload.sessionTitle (camelCase) too
    ok 5 - uses payload.sessionTitle (camelCase) too
      ---
      duration_ms: 0.287875
      type: 'test'
      ...
    # Subtest: omits session_title when no payload field and no workspace.yaml on disk
    ok 6 - omits session_title when no payload field and no workspace.yaml on disk
      ---
      duration_ms: 0.276228
      type: 'test'
      ...
    # Subtest: does not set cwd when missing
    ok 7 - does not set cwd when missing
      ---
      duration_ms: 0.329251
      type: 'test'
      ...
    # Subtest: remote mode includes host prefix and skips local PID fields
    ok 8 - remote mode includes host prefix and skips local PID fields
      ---
      duration_ms: 0.311671
      type: 'test'
      ...
    1..8
ok 87 - buildStateBody (Copilot)
  ---
  duration_ms: 4.055213
  type: 'suite'
  ...
# Subtest: resolveCopilotSessionStateDir
    # Subtest: uses env.COPILOT_HOME (trimmed) over homeDir
    ok 1 - uses env.COPILOT_HOME (trimmed) over homeDir
      ---
      duration_ms: 0.204905
      type: 'test'
      ...
    # Subtest: falls back to homeDir/.copilot/session-state when env is empty
    ok 2 - falls back to homeDir/.copilot/session-state when env is empty
      ---
      duration_ms: 0.228597
      type: 'test'
      ...
    # Subtest: falls back to homeDir/.copilot/session-state when env is whitespace-only
    ok 3 - falls back to homeDir/.copilot/session-state when env is whitespace-only
      ---
      duration_ms: 0.138517
      type: 'test'
      ...
    # Subtest: falls back to homeDir/.copilot/session-state when env is missing
    ok 4 - falls back to homeDir/.copilot/session-state when env is missing
      ---
      duration_ms: 0.159138
      type: 'test'
      ...
    1..4
ok 88 - resolveCopilotSessionStateDir
  ---
  duration_ms: 0.971163
  type: 'suite'
  ...
# Subtest: readCopilotSessionTitle + COPILOT_HOME
    # Subtest: reads workspace.yaml from env.COPILOT_HOME, not homeDir/.copilot
    ok 1 - reads workspace.yaml from env.COPILOT_HOME, not homeDir/.copilot
      ---
      duration_ms: 3.540123
      type: 'test'
      ...
    # Subtest: returns null when env points at a missing session even if homeDir has one
    ok 2 - returns null when env points at a missing session even if homeDir has one
      ---
      duration_ms: 2.149886
      type: 'test'
      ...
    # Subtest: preserves path traversal defenses under env redirection
    ok 3 - preserves path traversal defenses under env redirection
      ---
      duration_ms: 0.57771
      type: 'test'
      ...
    1..3
ok 89 - readCopilotSessionTitle + COPILOT_HOME
  ---
  duration_ms: 6.460509
  type: 'suite'
  ...
# Subtest: buildPermissionBody
    # Subtest: locks Phase 3 field shape: agent_id, hook_source, event, session_id, tool_name, tool_input, cwd, PID
    ok 1 - locks Phase 3 field shape: agent_id, hook_source, event, session_id, tool_name, tool_input, cwd, PID
      ---
      duration_ms: 0.72363
      type: 'test'
      ...
    # Subtest: keeps tool_name lowercase exactly as Copilot wire shape
    ok 2 - keeps tool_name lowercase exactly as Copilot wire shape
      ---
      duration_ms: 0.256896
      type: 'test'
      ...
    # Subtest: throws on empty payload object — sessionId/toolName/toolInput are required
    ok 3 - throws on empty payload object — sessionId/toolName/toolInput are required
      ---
      duration_ms: 0.670913
      type: 'test'
      ...
    # Subtest: accepts snake_case fallbacks (session_id, tool_name, tool_input) for defensive fwd-compat
    ok 4 - accepts snake_case fallbacks (session_id, tool_name, tool_input) for defensive fwd-compat
      ---
      duration_ms: 0.291721
      type: 'test'
      ...
    # Subtest: camelCase permissionSuggestions normalizes to snake_case permission_suggestions
    ok 5 - camelCase permissionSuggestions normalizes to snake_case permission_suggestions
      ---
      duration_ms: 0.298669
      type: 'test'
      ...
    # Subtest: remote mode: skips local PID fields and emits host
    ok 6 - remote mode: skips local PID fields and emits host
      ---
      duration_ms: 0.232803
      type: 'test'
      ...
    # Subtest: does NOT forward Copilot envelope fields (hookName, timestamp) into Clawd body
    ok 7 - does NOT forward Copilot envelope fields (hookName, timestamp) into Clawd body
      ---
      duration_ms: 0.152267
      type: 'test'
      ...
    # Subtest: throws on a malformed payload so the caller fails open into native Copilot flow
    ok 8 - throws on a malformed payload so the caller fails open into native Copilot flow
      ---
      duration_ms: 0.220475
      type: 'test'
      ...
    # Subtest: throws when sessionId is missing
    ok 9 - throws when sessionId is missing
      ---
      duration_ms: 0.194304
      type: 'test'
      ...
    # Subtest: throws when toolName is missing
    ok 10 - throws when toolName is missing
      ---
      duration_ms: 0.161916
      type: 'test'
      ...
    # Subtest: throws when toolInput is missing or non-object
    ok 11 - throws when toolInput is missing or non-object
      ---
      duration_ms: 0.392884
      type: 'test'
      ...
    1..11
ok 90 - buildPermissionBody
  ---
  duration_ms: 4.123232
  type: 'suite'
  ...
# Subtest: capToolInput — size guard
    # Subtest: truncates strings longer than HOOK_TOOL_INPUT_STRING_MAX
    ok 1 - truncates strings longer than HOOK_TOOL_INPUT_STRING_MAX
      ---
      duration_ms: 0.445588
      type: 'test'
      ...
    # Subtest: truncates arrays beyond HOOK_TOOL_INPUT_ARRAY_MAX
    ok 2 - truncates arrays beyond HOOK_TOOL_INPUT_ARRAY_MAX
      ---
      duration_ms: 0.307405
      type: 'test'
      ...
    # Subtest: truncates objects beyond HOOK_TOOL_INPUT_KEYS_MAX keys
    ok 3 - truncates objects beyond HOOK_TOOL_INPUT_KEYS_MAX keys
      ---
      duration_ms: 0.485867
      type: 'test'
      ...
    # Subtest: returns null past HOOK_TOOL_INPUT_DEPTH_MAX
    ok 4 - returns null past HOOK_TOOL_INPUT_DEPTH_MAX
      ---
      duration_ms: 0.19898
      type: 'test'
      ...
    # Subtest: preserves small values exactly
    ok 5 - preserves small values exactly
      ---
      duration_ms: 0.24277
      type: 'test'
      ...
    1..5
ok 91 - capToolInput — size guard
  ---
  duration_ms: 1.982715
  type: 'suite'
  ...
# Subtest: enforceBodySizeCap
    # Subtest: returns body unchanged when below limit
    ok 1 - returns body unchanged when below limit
      ---
      duration_ms: 0.290201
      type: 'test'
      ...
    # Subtest: replaces tool_input with a stub when serialized body exceeds cap
    ok 2 - replaces tool_input with a stub when serialized body exceeds cap
      ---
      duration_ms: 15.322365
      type: 'test'
      ...
    1..2
ok 92 - enforceBodySizeCap
  ---
  duration_ms: 15.806341
  type: 'suite'
  ...
# Subtest: normalizePermissionSuggestions
    # Subtest: returns [] for non-array / missing input
    ok 1 - returns [] for non-array / missing input
      ---
      duration_ms: 0.290702
      type: 'test'
      ...
    # Subtest: passes array through capped
    ok 2 - passes array through capped
      ---
      duration_ms: 0.180452
      type: 'test'
      ...
    1..2
ok 93 - normalizePermissionSuggestions
  ---
  duration_ms: 0.647791
  type: 'suite'
  ...
# Subtest: parseClawdPermissionResponse
    # Subtest: HTTP 200 + behavior:allow → allow decision
    ok 1 - HTTP 200 + behavior:allow → allow decision
      ---
      duration_ms: 0.42501
      type: 'test'
      ...
    # Subtest: HTTP 200 + behavior:deny → deny decision with message
    ok 2 - HTTP 200 + behavior:deny → deny decision with message
      ---
      duration_ms: 0.166782
      type: 'test'
      ...
    # Subtest: deny without message falls back to 'Denied by Clawd'
    ok 3 - deny without message falls back to 'Denied by Clawd'
      ---
      duration_ms: 0.143316
      type: 'test'
      ...
    # Subtest: HTTP 204 → null (no-decision)
    ok 4 - HTTP 204 → null (no-decision)
      ---
      duration_ms: 0.11146
      type: 'test'
      ...
    # Subtest: ok=false → null (no-decision, e.g. Clawd not running)
    ok 5 - ok=false → null (no-decision, e.g. Clawd not running)
      ---
      duration_ms: 0.112119
      type: 'test'
      ...
    # Subtest: malformed JSON body → null
    ok 6 - malformed JSON body → null
      ---
      duration_ms: 0.172325
      type: 'test'
      ...
    # Subtest: unknown behavior → null (no-decision, do not pass through)
    ok 7 - unknown behavior → null (no-decision, do not pass through)
      ---
      duration_ms: 0.119095
      type: 'test'
      ...
    # Subtest: HTTP 5xx → null
    ok 8 - HTTP 5xx → null
      ---
      duration_ms: 0.20301
      type: 'test'
      ...
    # Subtest: empty response body → null
    ok 9 - empty response body → null
      ---
      duration_ms: 0.210057
      type: 'test'
      ...
    1..9
ok 94 - parseClawdPermissionResponse
  ---
  duration_ms: 2.106791
  type: 'suite'
  ...
# Subtest: writeCopilotDecision
    # Subtest: null decision → empty stdout (Phase 0 locked: no output = native fallback)
    ok 1 - null decision → empty stdout (Phase 0 locked: no output = native fallback)
      ---
      duration_ms: 2.62803
      type: 'test'
      ...
    # Subtest: undefined / non-object → empty stdout
    ok 2 - undefined / non-object → empty stdout
      ---
      duration_ms: 0.117519
      type: 'test'
      ...
    # Subtest: allow → {"behavior":"allow"}
    ok 3 - allow → {"behavior":"allow"}
      ---
      duration_ms: 0.252874
      type: 'test'
      ...
    # Subtest: deny with message → {"behavior":"deny","message":...}
    ok 4 - deny with message → {"behavior":"deny","message":...}
      ---
      duration_ms: 0.176015
      type: 'test'
      ...
    # Subtest: strips unknown fields (Copilot contract: only behavior/message/interrupt)
    ok 5 - strips unknown fields (Copilot contract: only behavior/message/interrupt)
      ---
      duration_ms: 0.151372
      type: 'test'
      ...
    # Subtest: unknown behavior → empty stdout (don't pass it on)
    ok 6 - unknown behavior → empty stdout (don't pass it on)
      ---
      duration_ms: 0.098901
      type: 'test'
      ...
    # Subtest: interrupt:true passes through when set on a deny
    ok 7 - interrupt:true passes through when set on a deny
      ---
      duration_ms: 0.247253
      type: 'test'
      ...
    1..7
ok 95 - writeCopilotDecision
  ---
  duration_ms: 4.003136
  type: 'suite'
  ...
# Subtest: hasUserPermissionHookInRepoHooks — repo-level safe-v1 (codex review 3)
    # Subtest: returns false when cwd is missing or non-absolute
    ok 1 - returns false when cwd is missing or non-absolute
      ---
      duration_ms: 0.350671
      type: 'test'
      ...
    # Subtest: returns false when the repo has no .github/hooks/ directory
    ok 2 - returns false when the repo has no .github/hooks/ directory
      ---
      duration_ms: 1.696192
      type: 'test'
      ...
    # Subtest: returns false when .github/hooks/ contains no permissionRequest entries
    ok 3 - returns false when .github/hooks/ contains no permissionRequest entries
      ---
      duration_ms: 1.308821
      type: 'test'
      ...
    # Subtest: returns true when ANY .github/hooks/*.json declares a permissionRequest
    ok 4 - returns true when ANY .github/hooks/*.json declares a permissionRequest
      ---
      duration_ms: 0.958604
      type: 'test'
      ...
    # Subtest: parses repo hooks with a UTF-8 BOM (regression for PowerShell-edited audit hooks)
    ok 5 - parses repo hooks with a UTF-8 BOM (regression for PowerShell-edited audit hooks)
      ---
      duration_ms: 1.044747
      type: 'test'
      ...
    # Subtest: ignores non-json files in .github/hooks/
    ok 6 - ignores non-json files in .github/hooks/
      ---
      duration_ms: 1.522903
      type: 'test'
      ...
    # Subtest: returns false on malformed JSON (transient FS hiccup must not block Clawd)
    ok 7 - returns false on malformed JSON (transient FS hiccup must not block Clawd)
      ---
      duration_ms: 1.189983
      type: 'test'
      ...
    # Subtest: treats an empty permissionRequest array as 'no hook'
    ok 8 - treats an empty permissionRequest array as 'no hook'
      ---
      duration_ms: 1.181204
      type: 'test'
      ...
    # Subtest: finds .github/hooks/*.json declared at an ANCESTOR of cwd (subdir invocation)
    ok 9 - finds .github/hooks/*.json declared at an ANCESTOR of cwd (subdir invocation)
      ---
      duration_ms: 2.72081
      type: 'test'
      ...
    # Subtest: returns false when no ancestor up to fs root declares a permissionRequest
    ok 10 - returns false when no ancestor up to fs root declares a permissionRequest
      ---
      duration_ms: 1.737493
      type: 'test'
      ...
    # Subtest: detects an inline permissionRequest in .github/copilot/settings.json at an ancestor
    ok 11 - detects an inline permissionRequest in .github/copilot/settings.json at an ancestor
      ---
      duration_ms: 1.998294
      type: 'test'
      ...
    # Subtest: detects an inline permissionRequest in .github/copilot/settings.local.json at an ancestor
    ok 12 - detects an inline permissionRequest in .github/copilot/settings.local.json at an ancestor
      ---
      duration_ms: 1.629546
      type: 'test'
      ...
    # Subtest: detects an inline permissionRequest in .claude/settings.json at an ancestor
    ok 13 - detects an inline permissionRequest in .claude/settings.json at an ancestor
      ---
      duration_ms: 2.751474
      type: 'test'
      ...
    # Subtest: detects an inline permissionRequest in .claude/settings.local.json at an ancestor
    ok 14 - detects an inline permissionRequest in .claude/settings.local.json at an ancestor
      ---
      duration_ms: 1.677767
      type: 'test'
      ...
    # Subtest: parses inline settings written with a UTF-8 BOM
    ok 15 - parses inline settings written with a UTF-8 BOM
      ---
      duration_ms: 0.912963
      type: 'test'
      ...
    # Subtest: returns false for malformed inline settings (transient FS hiccup must not block Clawd)
    ok 16 - returns false for malformed inline settings (transient FS hiccup must not block Clawd)
      ---
      duration_ms: 1.14693
      type: 'test'
      ...
    # Subtest: early-exits when the FIRST level matched (does not unnecessarily walk up)
    ok 17 - early-exits when the FIRST level matched (does not unnecessarily walk up)
      ---
      duration_ms: 0.836325
      type: 'test'
      ...
    1..17
ok 96 - hasUserPermissionHookInRepoHooks — repo-level safe-v1 (codex review 3)
  ---
  duration_ms: 25.409324
  type: 'suite'
  ...
# Subtest: COPILOT_HOOK_EVENTS
    # Subtest: state events stay exactly 10 (Clawd EVENT_TO_STATE coverage)
    ok 1 - state events stay exactly 10 (Clawd EVENT_TO_STATE coverage)
      ---
      duration_ms: 1.535785
      type: 'test'
      ...
    # Subtest: permission events include permissionRequest
    ok 2 - permission events include permissionRequest
      ---
      duration_ms: 0.567001
      type: 'test'
      ...
    # Subtest: combined COPILOT_HOOK_EVENTS = state + permission (11 entries)
    ok 3 - combined COPILOT_HOOK_EVENTS = state + permission (11 entries)
      ---
      duration_ms: 0.291133
      type: 'test'
      ...
    # Subtest: permission events do not overlap with state events
    ok 4 - permission events do not overlap with state events
      ---
      duration_ms: 0.415356
      type: 'test'
      ...
    1..4
ok 97 - COPILOT_HOOK_EVENTS
  ---
  duration_ms: 4.315327
  type: 'suite'
  ...
# Subtest: timeoutSecForCopilotEvent
    # Subtest: returns STATE_TIMEOUT_SEC (5) for every state event
    ok 1 - returns STATE_TIMEOUT_SEC (5) for every state event
      ---
      duration_ms: 0.736957
      type: 'test'
      ...
    # Subtest: returns PERMISSION_TIMEOUT_SEC (600) for permissionRequest
    ok 2 - returns PERMISSION_TIMEOUT_SEC (600) for permissionRequest
      ---
      duration_ms: 0.24789
      type: 'test'
      ...
    # Subtest: TIMEOUT_SEC is preserved as a backward-compat alias of STATE_TIMEOUT_SEC
    ok 3 - TIMEOUT_SEC is preserved as a backward-compat alias of STATE_TIMEOUT_SEC
      ---
      duration_ms: 0.168577
      type: 'test'
      ...
    1..3
ok 98 - timeoutSecForCopilotEvent
  ---
  duration_ms: 1.627156
  type: 'suite'
  ...
# Subtest: isCopilotPermissionRegistrable
    # Subtest: allows registration when permission event has no entries yet
    ok 1 - allows registration when permission event has no entries yet
      ---
      duration_ms: 0.310897
      type: 'test'
      ...
    # Subtest: allows update when only Clawd-managed entries are present
    ok 2 - allows update when only Clawd-managed entries are present
      ---
      duration_ms: 0.568875
      type: 'test'
      ...
    # Subtest: refuses registration when a non-Clawd entry exists (safe-v1)
    ok 3 - refuses registration when a non-Clawd entry exists (safe-v1)
      ---
      duration_ms: 0.281323
      type: 'test'
      ...
    # Subtest: refuses registration even if a Clawd entry sits alongside a user entry
    ok 4 - refuses registration even if a Clawd entry sits alongside a user entry
      ---
      duration_ms: 0.183811
      type: 'test'
      ...
    1..4
ok 99 - isCopilotPermissionRegistrable
  ---
  duration_ms: 1.689054
  type: 'suite'
  ...
# Subtest: hasUserPermissionHookInOtherFiles
    # Subtest: returns false when the directory has only hooks.json
    ok 1 - returns false when the directory has only hooks.json
      ---
      duration_ms: 1.96189
      type: 'test'
      ...
    # Subtest: returns false when sibling files have no permissionRequest
    ok 2 - returns false when sibling files have no permissionRequest
      ---
      duration_ms: 2.929798
      type: 'test'
      ...
    # Subtest: returns true when ANY sibling file declares a permissionRequest
    ok 3 - returns true when ANY sibling file declares a permissionRequest
      ---
      duration_ms: 1.058822
      type: 'test'
      ...
    # Subtest: treats Clawd-marker sibling entries as user-authored (Clawd never writes outside hooks.json)
    ok 4 - treats Clawd-marker sibling entries as user-authored (Clawd never writes outside hooks.json)
      ---
      duration_ms: 1.262087
      type: 'test'
      ...
    # Subtest: ignores non-json files in the hooks directory
    ok 5 - ignores non-json files in the hooks directory
      ---
      duration_ms: 1.059407
      type: 'test'
      ...
    # Subtest: returns false when sibling JSON is malformed (transient FS hiccup must not block Clawd)
    ok 6 - returns false when sibling JSON is malformed (transient FS hiccup must not block Clawd)
      ---
      duration_ms: 0.840722
      type: 'test'
      ...
    # Subtest: returns false when the directory does not exist
    ok 7 - returns false when the directory does not exist
      ---
      duration_ms: 0.316934
      type: 'test'
      ...
    # Subtest: parses sibling JSON with a UTF-8 BOM (PowerShell Set-Content default)
    ok 8 - parses sibling JSON with a UTF-8 BOM (PowerShell Set-Content default)
      ---
      duration_ms: 1.023227
      type: 'test'
      ...
    # Subtest: treats an empty permissionRequest array in a sibling as 'no hook' (registrable still allowed)
    ok 9 - treats an empty permissionRequest array in a sibling as 'no hook' (registrable still allowed)
      ---
      duration_ms: 1.026368
      type: 'test'
      ...
    1..9
ok 100 - hasUserPermissionHookInOtherFiles
  ---
  duration_ms: 11.881532
  type: 'suite'
  ...
# Subtest: hasUserPermissionHookInSettingsJson
    # Subtest: returns false when settings.json is missing
    ok 1 - returns false when settings.json is missing
      ---
      duration_ms: 1.20094
      type: 'test'
      ...
    # Subtest: returns false when settings.json has no inline hooks block
    ok 2 - returns false when settings.json has no inline hooks block
      ---
      duration_ms: 0.602692
      type: 'test'
      ...
    # Subtest: returns false when hooks block has no permissionRequest
    ok 3 - returns false when hooks block has no permissionRequest
      ---
      duration_ms: 0.682393
      type: 'test'
      ...
    # Subtest: returns true when an inline permissionRequest hook exists
    ok 4 - returns true when an inline permissionRequest hook exists
      ---
      duration_ms: 0.737378
      type: 'test'
      ...
    # Subtest: parses settings.json written with a UTF-8 BOM
    ok 5 - parses settings.json written with a UTF-8 BOM
      ---
      duration_ms: 0.738078
      type: 'test'
      ...
    # Subtest: returns false for malformed settings.json (transient FS hiccup must not block Clawd)
    ok 6 - returns false for malformed settings.json (transient FS hiccup must not block Clawd)
      ---
      duration_ms: 0.586959
      type: 'test'
      ...
    # Subtest: treats an empty permissionRequest array as 'no hook'
    ok 7 - treats an empty permissionRequest array as 'no hook'
      ---
      duration_ms: 0.695271
      type: 'test'
      ...
    1..7
ok 101 - hasUserPermissionHookInSettingsJson
  ---
  duration_ms: 5.608383
  type: 'suite'
  ...
# Subtest: resolveCopilotHome
    # Subtest: prefers options.copilotHome (trimmed) over env and homeDir
    ok 1 - prefers options.copilotHome (trimmed) over env and homeDir
      ---
      duration_ms: 0.338751
      type: 'test'
      ...
    # Subtest: uses env.COPILOT_HOME (trimmed) when options.copilotHome is absent
    ok 2 - uses env.COPILOT_HOME (trimmed) when options.copilotHome is absent
      ---
      duration_ms: 0.279075
      type: 'test'
      ...
    # Subtest: falls back to homeDir/.copilot when env.COPILOT_HOME is empty string
    ok 3 - falls back to homeDir/.copilot when env.COPILOT_HOME is empty string
      ---
      duration_ms: 0.22016
      type: 'test'
      ...
    # Subtest: falls back to homeDir/.copilot when env.COPILOT_HOME is whitespace-only
    ok 4 - falls back to homeDir/.copilot when env.COPILOT_HOME is whitespace-only
      ---
      duration_ms: 0.195219
      type: 'test'
      ...
    # Subtest: falls back to homeDir/.copilot when env is missing
    ok 5 - falls back to homeDir/.copilot when env is missing
      ---
      duration_ms: 0.348408
      type: 'test'
      ...
    1..5
ok 102 - resolveCopilotHome
  ---
  duration_ms: 1.618958
  type: 'suite'
  ...
# Subtest: resolveCopilotHooksPath
    # Subtest: appends hooks/hooks.json to the resolved copilot home
    ok 1 - appends hooks/hooks.json to the resolved copilot home
      ---
      duration_ms: 0.285954
      type: 'test'
      ...
    1..1
ok 103 - resolveCopilotHooksPath
  ---
  duration_ms: 0.387613
  type: 'suite'
  ...
# Subtest: buildCopilotHookCommands
    # Subtest: quotes node binary, hook script, and event name in both fields
    ok 1 - quotes node binary, hook script, and event name in both fields
      ---
      duration_ms: 0.487117
      type: 'test'
      ...
    # Subtest: escapes embedded double quotes safely
    ok 2 - escapes embedded double quotes safely
      ---
      duration_ms: 0.319528
      type: 'test'
      ...
    # Subtest: adds CLAWD_REMOTE env prefixes for remote hook commands
    ok 3 - adds CLAWD_REMOTE env prefixes for remote hook commands
      ---
      duration_ms: 0.222724
      type: 'test'
      ...
    1..3
ok 104 - buildCopilotHookCommands
  ---
  duration_ms: 1.211115
  type: 'suite'
  ...
# Subtest: buildCopilotHookEntry
    # Subtest: produces a stable entry with type/timeoutSec metadata
    ok 1 - produces a stable entry with type/timeoutSec metadata
      ---
      duration_ms: 0.483953
      type: 'test'
      ...
    1..1
ok 105 - buildCopilotHookEntry
  ---
  duration_ms: 0.601855
  type: 'suite'
  ...
# Subtest: registerCopilotHooks
    # Subtest: creates hooks.json from scratch with all events on first install
    ok 1 - creates hooks.json from scratch with all events on first install
      ---
      duration_ms: 3.403896
      type: 'test'
      ...
    # Subtest: registers remote hooks with CLAWD_REMOTE in both platform commands
    ok 2 - registers remote hooks with CLAWD_REMOTE in both platform commands
      ---
      duration_ms: 1.588987
      type: 'test'
      ...
    # Subtest: remote install defaults to the current Node executable instead of bare node
    ok 3 - remote install defaults to the current Node executable instead of bare node
      ---
      duration_ms: 1.547573
      type: 'test'
      ...
    # Subtest: is idempotent on second run (no rewrite when state matches)
    ok 4 - is idempotent on second run (no rewrite when state matches)
      ---
      duration_ms: 1.633542
      type: 'test'
      ...
    # Subtest: updates the Clawd entry when the hook script path changes (no append)
    ok 5 - updates the Clawd entry when the hook script path changes (no append)
      ---
      duration_ms: 3.404142
      type: 'test'
      ...
    # Subtest: preserves user-authored entries that don't reference copilot-hook.js
    ok 6 - preserves user-authored entries that don't reference copilot-hook.js
      ---
      duration_ms: 1.896203
      type: 'test'
      ...
    # Subtest: updates the existing Clawd entry in place when other entries are present
    ok 7 - updates the existing Clawd entry in place when other entries are present
      ---
      duration_ms: 2.312937
      type: 'test'
      ...
    # Subtest: skips registration when ~/.copilot does not exist on the target machine
    ok 8 - skips registration when ~/.copilot does not exist on the target machine
      ---
      duration_ms: 0.620594
      type: 'test'
      ...
    # Subtest: normalizes invalid pre-existing settings shapes (non-object hooks, missing version)
    ok 9 - normalizes invalid pre-existing settings shapes (non-object hooks, missing version)
      ---
      duration_ms: 1.914307
      type: 'test'
      ...
    # Subtest: repairs schema drift on the Clawd entry (e.g., missing powershell, wrong timeoutSec)
    ok 10 - repairs schema drift on the Clawd entry (e.g., missing powershell, wrong timeoutSec)
      ---
      duration_ms: 1.635244
      type: 'test'
      ...
    # Subtest: recognizes legacy entries that only use the command field (regression: no double-append)
    ok 11 - recognizes legacy entries that only use the command field (regression: no double-append)
      ---
      duration_ms: 1.698296
      type: 'test'
      ...
    # Subtest: recognizes legacy entries that only use the powershell field
    ok 12 - recognizes legacy entries that only use the powershell field
      ---
      duration_ms: 2.003137
      type: 'test'
      ...
    # Subtest: throws a wrapped error when hooks.json is unreadable for non-ENOENT reasons
    ok 13 - throws a wrapped error when hooks.json is unreadable for non-ENOENT reasons
      ---
      duration_ms: 2.109139
      type: 'test'
      ...
    # Subtest: writes to env.COPILOT_HOME when set, not homeDir/.copilot
    ok 14 - writes to env.COPILOT_HOME when set, not homeDir/.copilot
      ---
      duration_ms: 1.386417
      type: 'test'
      ...
    # Subtest: options.copilotHome wins over env.COPILOT_HOME and homeDir
    ok 15 - options.copilotHome wins over env.COPILOT_HOME and homeDir
      ---
      duration_ms: 1.773447
      type: 'test'
      ...
    # Subtest: env.COPILOT_HOME='' (empty) falls back to homeDir/.copilot
    ok 16 - env.COPILOT_HOME='' (empty) falls back to homeDir/.copilot
      ---
      duration_ms: 1.588896
      type: 'test'
      ...
    # Subtest: skips registration when env.COPILOT_HOME points at a missing directory
    ok 17 - skips registration when env.COPILOT_HOME points at a missing directory
      ---
      duration_ms: 0.675415
      type: 'test'
      ...
    # Subtest: unregister removes stale Clawd markers from any Copilot event
    ok 18 - unregister removes stale Clawd markers from any Copilot event
      ---
      duration_ms: 3.173132
      type: 'test'
      ...
    # Subtest: safe-v1: leaves permissionRequest untouched when a non-Clawd hook exists
    ok 19 - safe-v1: leaves permissionRequest untouched when a non-Clawd hook exists
      ---
      duration_ms: 1.488834
      type: 'test'
      ...
    # Subtest: safe-v1: skips permissionRequest when a sibling *.json declares the same event
    ok 20 - safe-v1: skips permissionRequest when a sibling *.json declares the same event
      ---
      duration_ms: 2.053679
      type: 'test'
      ...
    # Subtest: safe-v1: removes an existing Clawd permissionRequest entry when a user hook appears in hooks.json
    ok 21 - safe-v1: removes an existing Clawd permissionRequest entry when a user hook appears in hooks.json
      ---
      duration_ms: 1.597792
      type: 'test'
      ...
    # Subtest: safe-v1: removes an existing Clawd permissionRequest entry when a sibling *.json declares the event
    ok 22 - safe-v1: removes an existing Clawd permissionRequest entry when a sibling *.json declares the event
      ---
      duration_ms: 1.575324
      type: 'test'
      ...
    # Subtest: parses hooks.json with a UTF-8 BOM (PowerShell Set-Content default) and applies safe-v1
    ok 23 - parses hooks.json with a UTF-8 BOM (PowerShell Set-Content default) and applies safe-v1
      ---
      duration_ms: 1.598313
      type: 'test'
      ...
    # Subtest: safe-v1: skips permissionRequest when settings.json declares an inline hook
    ok 24 - safe-v1: skips permissionRequest when settings.json declares an inline hook
      ---
      duration_ms: 1.598719
      type: 'test'
      ...
    # Subtest: safe-v1: strips a leftover Clawd entry when settings.json inline hook appears later
    ok 25 - safe-v1: strips a leftover Clawd entry when settings.json inline hook appears later
      ---
      duration_ms: 1.631575
      type: 'test'
      ...
    # Subtest: safe-v1: still updates Clawd-managed permissionRequest entry in place
    ok 26 - safe-v1: still updates Clawd-managed permissionRequest entry in place
      ---
      duration_ms: 5.365317
      type: 'test'
      ...
    1..26
ok 106 - registerCopilotHooks
  ---
  duration_ms: 52.866599
  type: 'suite'
  ...
# Subtest: create-theme defaults
    # Subtest: resolves the platform-specific user themes directory
    ok 1 - resolves the platform-specific user themes directory
      ---
      duration_ms: 1.484808
      type: 'test'
      ...
    # Subtest: slugifies theme ids into filesystem-safe names
    ok 2 - slugifies theme ids into filesystem-safe names
      ---
      duration_ms: 0.663715
      type: 'test'
      ...
    1..2
ok 107 - create-theme defaults
  ---
  duration_ms: 3.53777
  type: 'suite'
  ...
# Subtest: create-theme scaffold
    # Subtest: copies the template and patches theme metadata
    ok 1 - copies the template and patches theme metadata
      ---
      duration_ms: 6.458774
      type: 'test'
      ...
    # Subtest: auto-picks a fresh my-theme-N id when no theme id is provided
    ok 2 - auto-picks a fresh my-theme-N id when no theme id is provided
      ---
      duration_ms: 2.453349
      type: 'test'
      ...
    # Subtest: rejects explicit theme ids that already exist
    ok 3 - rejects explicit theme ids that already exist
      ---
      duration_ms: 1.553632
      type: 'test'
      ...
    1..3
ok 108 - create-theme scaffold
  ---
  duration_ms: 10.864488
  type: 'suite'
  ...
# Subtest: Cursor hook installer
    # Subtest: registers all events on fresh install
    ok 1 - registers all events on fresh install
      ---
      duration_ms: 4.19618
      type: 'test'
      ...
    # Subtest: is idempotent on second run
    ok 2 - is idempotent on second run
      ---
      duration_ms: 1.634187
      type: 'test'
      ...
    # Subtest: updates stale hook paths
    ok 3 - updates stale hook paths
      ---
      duration_ms: 1.539832
      type: 'test'
      ...
    # Subtest: preserves existing node path when detection fails
    ok 4 - preserves existing node path when detection fails
      ---
      duration_ms: 2.262797
      type: 'test'
      ...
    # Subtest: preserves third-party hooks
    ok 5 - preserves third-party hooks
      ---
      duration_ms: 4.089456
      type: 'test'
      ...
    # Subtest: skips when ~/.cursor/ does not exist
    ok 6 - skips when ~/.cursor/ does not exist
      ---
      duration_ms: 0.764341
      type: 'test'
      ...
    # Subtest: wraps Windows commands in cmd /c
    ok 7 - wraps Windows commands in cmd /c
      ---
      duration_ms: 1.149106
      type: 'test'
      ...
    # Subtest: preserves an existing Windows node path when detection fails
    ok 8 - preserves an existing Windows node path when detection fails
      ---
      duration_ms: 1.257593
      type: 'test'
      ...
    1..8
ok 109 - Cursor hook installer
  ---
  duration_ms: 18.870406
  type: 'suite'
  ...
# Subtest: dashboard window
    # Subtest: updates its background color when native theme changes
    ok 1 - updates its background color when native theme changes
      ---
      duration_ms: 4.773858
      type: 'test'
      ...
    # Subtest: centers the dashboard on the pet work area by default
    ok 2 - centers the dashboard on the pet work area by default
      ---
      duration_ms: 2.315451
      type: 'test'
      ...
    # Subtest: anchors dashboard windows opened from settings to the settings window bounds
    ok 3 - anchors dashboard windows opened from settings to the settings window bounds
      ---
      duration_ms: 1.146495
      type: 'test'
      ...
    # Subtest: clamps settings-anchored dashboard bounds to the work area
    ok 4 - clamps settings-anchored dashboard bounds to the work area
      ---
      duration_ms: 0.893196
      type: 'test'
      ...
    # Subtest: falls back to pet work area centering when the settings window is unavailable
    ok 5 - falls back to pet work area centering when the settings window is unavailable
      ---
      duration_ms: 0.813764
      type: 'test'
      ...
    # Subtest: repositions an existing dashboard when reopened from settings
    ok 6 - repositions an existing dashboard when reopened from settings
      ---
      duration_ms: 1.339089
      type: 'test'
      ...
    # Subtest: re-syncs settings anchored bounds before and after showing the dashboard
    ok 7 - re-syncs settings anchored bounds before and after showing the dashboard
      ---
      duration_ms: 1.095901
      type: 'test'
      ...
    # Subtest: exposes a Clawd-only hide action instead of a terminal close action
    ok 8 - exposes a Clawd-only hide action instead of a terminal close action
      ---
      duration_ms: 1.236311
      type: 'test'
      ...
    1..8
ok 110 - dashboard window
  ---
  duration_ms: 15.520926
  type: 'suite'
  ...
# Subtest: doctor agent descriptors
    # Subtest: covers all supported agents
    ok 1 - covers all supported agents
      ---
      duration_ms: 2.271734
      type: 'test'
      ...
    # Subtest: uses installer-exported default paths
    ok 2 - uses installer-exported default paths
      ---
      duration_ms: 1.866688
      type: 'test'
      ...
    # Subtest: returns copies from public accessors
    ok 3 - returns copies from public accessors
      ---
      duration_ms: 0.350736
      type: 'test'
      ...
    # Subtest: checks Gemini hooks with the official nested settings shape
    ok 4 - checks Gemini hooks with the official nested settings shape
      ---
      duration_ms: 0.188477
      type: 'test'
      ...
    # Subtest: checks Antigravity hooks as a global hooks file
    ok 5 - checks Antigravity hooks as a global hooks file
      ---
      duration_ms: 0.287045
      type: 'test'
      ...
    # Subtest: checks Copilot CLI hooks with the dedicated copilot-hooks mode
    ok 6 - checks Copilot CLI hooks with the dedicated copilot-hooks mode
      ---
      duration_ms: 0.612951
      type: 'test'
      ...
    # Subtest: checks CodeWhale hooks with the dedicated TOML mode
    ok 7 - checks CodeWhale hooks with the dedicated TOML mode
      ---
      duration_ms: 0.612995
      type: 'test'
      ...
    # Subtest: CodeWhale descriptor honors CODEWHALE_CONFIG_PATH at module-load time
    ok 8 - CodeWhale descriptor honors CODEWHALE_CONFIG_PATH at module-load time
      ---
      duration_ms: 1.588951
      type: 'test'
      ...
    # Subtest: Copilot descriptor honors $COPILOT_HOME at module-load time
    ok 9 - Copilot descriptor honors $COPILOT_HOME at module-load time
      ---
      duration_ms: 2.107565
      type: 'test'
      ...
    # Subtest: checks Qoder hooks as a state-only nested settings file
    ok 10 - checks Qoder hooks as a state-only nested settings file
      ---
      duration_ms: 0.751333
      type: 'test'
      ...
    # Subtest: checks Reasonix hooks as a state-only nested settings file
    ok 11 - checks Reasonix hooks as a state-only nested settings file
      ---
      duration_ms: 0.327502
      type: 'test'
      ...
    1..11
ok 111 - doctor agent descriptors
  ---
  duration_ms: 13.410757
  type: 'suite'
  ...
# Subtest: checkAgentIntegrations
    # Subtest: returns not-installed when parent dir is missing
    ok 1 - returns not-installed when parent dir is missing
      ---
      duration_ms: 4.250508
      type: 'test'
      ...
    # Subtest: reports not-managed before disabled for uninstalled agents
    ok 2 - reports not-managed before disabled for uninstalled agents
      ---
      duration_ms: 1.268254
      type: 'test'
      ...
    # Subtest: keeps enabled Hermes missing install info-only when another integration is ok
    ok 3 - keeps enabled Hermes missing install info-only when another integration is ok
      ---
      duration_ms: 2.595406
      type: 'test'
      ...
    # Subtest: returns not-connected when config is missing for an auto-installed agent
    ok 4 - returns not-connected when config is missing for an auto-installed agent
      ---
      duration_ms: 2.180517
      type: 'test'
      ...
    # Subtest: explains Claude hook loss when the suspicious-shrink guard recently fired
    ok 5 - explains Claude hook loss when the suspicious-shrink guard recently fired
      ---
      duration_ms: 1.877955
      type: 'test'
      ...
    # Subtest: does not show the Claude guard notice for other agents
    ok 6 - does not show the Claude guard notice for other agents
      ---
      duration_ms: 1.330942
      type: 'test'
      ...
    # Subtest: does not show the Claude guard notice when Claude hooks are connected
    ok 7 - does not show the Claude guard notice when Claude hooks are connected
      ---
      duration_ms: 1.101924
      type: 'test'
      ...
    # Subtest: keeps the original Claude hook loss detail when no guard status is available
    ok 8 - keeps the original Claude hook loss detail when no guard status is available
      ---
      duration_ms: 1.099513
      type: 'test'
      ...
    # Subtest: returns config-corrupt when JSON parsing fails
    ok 9 - returns config-corrupt when JSON parsing fails
      ---
      duration_ms: 1.284567
      type: 'test'
      ...
    # Subtest: validates flat hook commands and marks ok
    ok 10 - validates flat hook commands and marks ok
      ---
      duration_ms: 1.214214
      type: 'test'
      ...
    # Subtest: validates nested hook commands when descriptor requests nested mode
    ok 11 - validates nested hook commands when descriptor requests nested mode
      ---
      duration_ms: 1.093354
      type: 'test'
      ...
    # Subtest: validates Gemini nested hook commands for every required event
    ok 12 - validates Gemini nested hook commands for every required event
      ---
      duration_ms: 1.768204
      type: 'test'
      ...
    # Subtest: warns when Gemini is missing any required hook event
    ok 13 - warns when Gemini is missing any required hook event
      ---
      duration_ms: 1.128247
      type: 'test'
      ...
    # Subtest: turns Gemini ok into warning when hooksConfig.enabled=false
    ok 14 - turns Gemini ok into warning when hooksConfig.enabled=false
      ---
      duration_ms: 1.342041
      type: 'test'
      ...
    # Subtest: reports disabled Gemini hooks even when command coverage is incomplete
    ok 15 - reports disabled Gemini hooks even when command coverage is incomplete
      ---
      duration_ms: 2.87367
      type: 'test'
      ...
    # Subtest: turns Gemini ok into warning when hooksConfig.disabled includes clawd
    ok 16 - turns Gemini ok into warning when hooksConfig.disabled includes clawd
      ---
      duration_ms: 1.478894
      type: 'test'
      ...
    # Subtest: does not treat legacy disabled Gemini hook command strings as a stable disabled signal
    ok 17 - does not treat legacy disabled Gemini hook command strings as a stable disabled signal
      ---
      duration_ms: 1.278257
      type: 'test'
      ...
    # Subtest: reports missing Antigravity hooks as repairable not-connected
    ok 18 - reports missing Antigravity hooks as repairable not-connected
      ---
      duration_ms: 1.336645
      type: 'test'
      ...
    # Subtest: validates Antigravity hooks for every required event
    ok 19 - validates Antigravity hooks for every required event
      ---
      duration_ms: 2.246777
      type: 'test'
      ...
    # Subtest: validates Windows Antigravity EncodedCommand hooks for every required event
    ok 20 - validates Windows Antigravity EncodedCommand hooks for every required event
      ---
      duration_ms: 9.415447
      type: 'test'
      ...
    # Subtest: warns when Antigravity hooks are missing any required event
    ok 21 - warns when Antigravity hooks are missing any required event
      ---
      duration_ms: 1.514438
      type: 'test'
      ...
    # Subtest: returns broken-path when Antigravity hook commands fail validation
    ok 22 - returns broken-path when Antigravity hook commands fail validation
      ---
      duration_ms: 1.980143
      type: 'test'
      ...
    # Subtest: validates Qwen Code hooks for every required event
    ok 23 - validates Qwen Code hooks for every required event
      ---
      duration_ms: 2.799357
      type: 'test'
      ...
    # Subtest: validates Windows Qwen Code EncodedCommand hooks for every required event
    ok 24 - validates Windows Qwen Code EncodedCommand hooks for every required event
      ---
      duration_ms: 2.617513
      type: 'test'
      ...
    # Subtest: warns when Qwen Code is missing any required hook event
    ok 25 - warns when Qwen Code is missing any required hook event
      ---
      duration_ms: 1.174043
      type: 'test'
      ...
    # Subtest: does not offer automatic repair when Qwen hooks are disabled globally
    ok 26 - does not offer automatic repair when Qwen hooks are disabled globally
      ---
      duration_ms: 1.02329
      type: 'test'
      ...
    # Subtest: validates Qoder state-only hooks through the generic file-mode path
    ok 27 - validates Qoder state-only hooks through the generic file-mode path
      ---
      duration_ms: 1.313187
      type: 'test'
      ...
    # Subtest: detects Windows EncodedCommand Qoder hooks even though the marker is base64-wrapped
    ok 28 - detects Windows EncodedCommand Qoder hooks even though the marker is base64-wrapped
      ---
      duration_ms: 1.84715
      type: 'test'
      ...
    # Subtest: warns and offers repair when Qoder has no Clawd hook
    ok 29 - warns and offers repair when Qoder has no Clawd hook
      ---
      duration_ms: 0.901693
      type: 'test'
      ...
    # Subtest: validates CodeWhale TOML hooks
    ok 30 - validates CodeWhale TOML hooks
      ---
      duration_ms: 3.929528
      type: 'test'
      ...
    # Subtest: warns and offers repair when CodeWhale is missing managed hook events
    ok 31 - warns and offers repair when CodeWhale is missing managed hook events
      ---
      duration_ms: 1.330552
      type: 'test'
      ...
    # Subtest: warns and offers repair when CodeWhale hooks are disabled
    ok 32 - warns and offers repair when CodeWhale hooks are disabled
      ---
      duration_ms: 1.071829
      type: 'test'
      ...
    # Subtest: warns and offers repair when CodeWhale hook commands fail validation
    ok 33 - warns and offers repair when CodeWhale hook commands fail validation
      ---
      duration_ms: 2.487003
      type: 'test'
      ...
    # Subtest: does not offer automatic repair when Antigravity Clawd hooks are disabled
    ok 34 - does not offer automatic repair when Antigravity Clawd hooks are disabled
      ---
      duration_ms: 1.382339
      type: 'test'
      ...
    # Subtest: returns broken-path when all matching commands fail validation
    ok 35 - returns broken-path when all matching commands fail validation
      ---
      duration_ms: 1.296557
      type: 'test'
      ...
    # Subtest: extracts Kimi TOML commands and validates scriptPath
    ok 36 - extracts Kimi TOML commands and validates scriptPath
      ---
      duration_ms: 1.572938
      type: 'test'
      ...
    # Subtest: turns Codex ok into warning when hooks=false
    ok 37 - turns Codex ok into warning when hooks=false
      ---
      duration_ms: 1.819482
      type: 'test'
      ...
    # Subtest: turns Codex ok into warning when hooks need Codex review
    ok 38 - turns Codex ok into warning when hooks need Codex review
      ---
      duration_ms: 1.956754
      type: 'test'
      ...
    # Subtest: keeps Codex ok when Codex hook trust state exists
    ok 39 - keeps Codex ok when Codex hook trust state exists
      ---
      duration_ms: 1.91174
      type: 'test'
      ...
    # Subtest: scans Kiro agent configs and reports fully-valid files
    ok 40 - scans Kiro agent configs and reports fully-valid files
      ---
      duration_ms: 1.413912
      type: 'test'
      ...
    # Subtest: does not offer automatic repair when Kiro agent configs are corrupt
    ok 41 - does not offer automatic repair when Kiro agent configs are corrupt
      ---
      duration_ms: 2.257341
      type: 'test'
      ...
    # Subtest: reports missing Pi extension as repairable not-connected
    ok 42 - reports missing Pi extension as repairable not-connected
      ---
      duration_ms: 1.572272
      type: 'test'
      ...
    # Subtest: reports unmanaged Pi extension directory as needs-review without repair action
    ok 43 - reports unmanaged Pi extension directory as needs-review without repair action
      ---
      duration_ms: 2.479348
      type: 'test'
      ...
    # Subtest: reports managed Pi extension as ok
    ok 44 - reports managed Pi extension as ok
      ---
      duration_ms: 3.072919
      type: 'test'
      ...
    # Subtest: reports managed Pi extension with missing copied files as repairable broken-path
    ok 45 - reports managed Pi extension with missing copied files as repairable broken-path
      ---
      duration_ms: 1.493708
      type: 'test'
      ...
    # Subtest: reports opencode stale absolute plugin paths
    ok 46 - reports opencode stale absolute plugin paths
      ---
      duration_ms: 2.002906
      type: 'test'
      ...
    # Subtest: reports missing OpenClaw plugin config as repairable not-connected
    ok 47 - reports missing OpenClaw plugin config as repairable not-connected
      ---
      duration_ms: 0.986707
      type: 'test'
      ...
    # Subtest: reports OpenClaw JSON5 configs as needs-review instead of corrupting them
    ok 48 - reports OpenClaw JSON5 configs as needs-review instead of corrupting them
      ---
      duration_ms: 0.937082
      type: 'test'
      ...
    # Subtest: reports valid OpenClaw plugin paths as ok
    ok 49 - reports valid OpenClaw plugin paths as ok
      ---
      duration_ms: 2.23785
      type: 'test'
      ...
    # Subtest: reports OpenClaw stale plugin paths as repairable broken-path
    ok 50 - reports OpenClaw stale plugin paths as repairable broken-path
      ---
      duration_ms: 1.218666
      type: 'test'
      ...
    # Subtest: checks Hermes plugin directory files and enabled marker
    ok 51 - checks Hermes plugin directory files and enabled marker
      ---
      duration_ms: 2.980067
      type: 'test'
      ...
    # Subtest: reports Hermes plugin directory missing managed files as repairable
    ok 52 - reports Hermes plugin directory missing managed files as repairable
      ---
      duration_ms: 1.428431
      type: 'test'
      ...
    # Subtest: does not report Hermes ok when clawd-on-desk appears only in disabled plugins
    ok 53 - does not report Hermes ok when clawd-on-desk appears only in disabled plugins
      ---
      duration_ms: 2.027735
      type: 'test'
      ...
    # Subtest: accepts Hermes inline enabled plugin lists
    ok 54 - accepts Hermes inline enabled plugin lists
      ---
      duration_ms: 1.670013
      type: 'test'
      ...
    # Subtest: keeps Hermes disabled as info-only by default
    ok 55 - keeps Hermes disabled as info-only by default
      ---
      duration_ms: 0.5326
      type: 'test'
      ...
    # Subtest: adds a non-failing note when per-agent permission bubbles are disabled
    ok 56 - adds a non-failing note when per-agent permission bubbles are disabled
      ---
      duration_ms: 1.038302
      type: 'test'
      ...
    # Subtest: aggregates all-info states as pass (no false critical) when nothing is active
    ok 57 - aggregates all-info states as pass (no false critical) when nothing is active
      ---
      duration_ms: 0.554399
      type: 'test'
      ...
    # Subtest: stays warning when a real problem coexists with info-only integrations
    ok 58 - stays warning when a real problem coexists with info-only integrations
      ---
      duration_ms: 0.77936
      type: 'test'
      ...
    # Subtest: keeps the integration summary in warning when Gemini hooks are disabled
    ok 59 - keeps the integration summary in warning when Gemini hooks are disabled
      ---
      duration_ms: 0.922222
      type: 'test'
      ...
    1..59
ok 112 - checkAgentIntegrations
  ---
  duration_ms: 112.77934
  type: 'suite'
  ...
# Subtest: findOpencodePluginEntry
    # Subtest: matches only absolute plugin entries by basename
    ok 1 - matches only absolute plugin entries by basename
      ---
      duration_ms: 0.255658
      type: 'test'
      ...
    1..1
ok 113 - findOpencodePluginEntry
  ---
  duration_ms: 0.362244
  type: 'suite'
  ...
# Subtest: findOpenClawPluginEntry
    # Subtest: matches only absolute plugin entries by basename
    ok 1 - matches only absolute plugin entries by basename
      ---
      duration_ms: 0.180838
      type: 'test'
      ...
    1..1
ok 114 - findOpenClawPluginEntry
  ---
  duration_ms: 0.25274
  type: 'suite'
  ...
# Subtest: Codex hooks feature check
    # Subtest: returns enabled when [features].hooks is true
    ok 1 - returns enabled when [features].hooks is true
      ---
      duration_ms: 2.748478
      type: 'test'
      ...
    # Subtest: returns disabled when [features].hooks is false
    ok 2 - returns disabled when [features].hooks is false
      ---
      duration_ms: 0.543079
      type: 'test'
      ...
    # Subtest: falls back to deprecated codex_hooks when hooks is absent
    ok 3 - falls back to deprecated codex_hooks when hooks is absent
      ---
      duration_ms: 0.336006
      type: 'test'
      ...
    # Subtest: prefers hooks over deprecated codex_hooks
    ok 4 - prefers hooks over deprecated codex_hooks
      ---
      duration_ms: 0.451598
      type: 'test'
      ...
    # Subtest: ignores hooks outside the features table
    ok 5 - ignores hooks outside the features table
      ---
      duration_ms: 0.210211
      type: 'test'
      ...
    # Subtest: stops scanning at the next table
    ok 6 - stops scanning at the next table
      ---
      duration_ms: 0.381309
      type: 'test'
      ...
    # Subtest: returns uncertain for non-boolean hooks values
    ok 7 - returns uncertain for non-boolean hooks values
      ---
      duration_ms: 0.356198
      type: 'test'
      ...
    # Subtest: allows comments around the feature setting
    ok 8 - allows comments around the feature setting
      ---
      duration_ms: 0.461951
      type: 'test'
      ...
    # Subtest: collects Codex trusted hook ids without treating comments in strings as comments
    ok 9 - collects Codex trusted hook ids without treating comments in strings as comments
      ---
      duration_ms: 0.931623
      type: 'test'
      ...
    # Subtest: reports missing Codex hook trust entries by event
    ok 10 - reports missing Codex hook trust entries by event
      ---
      duration_ms: 1.121723
      type: 'test'
      ...
    1..10
ok 115 - Codex hooks feature check
  ---
  duration_ms: 9.381657
  type: 'suite'
  ...
# Subtest: findHookCommands
    # Subtest: finds flat command hooks containing the marker
    ok 1 - finds flat command hooks containing the marker
      ---
      duration_ms: 2.730103
      type: 'test'
      ...
    # Subtest: finds nested command hooks only when requested
    ok 2 - finds nested command hooks only when requested
      ---
      duration_ms: 0.321908
      type: 'test'
      ...
    # Subtest: returns all matching commands across events
    ok 3 - returns all matching commands across events
      ---
      duration_ms: 0.394357
      type: 'test'
      ...
    # Subtest: ignores malformed entries and missing command fields
    ok 4 - ignores malformed entries and missing command fields
      ---
      duration_ms: 0.221288
      type: 'test'
      ...
    1..4
ok 116 - findHookCommands
  ---
  duration_ms: 5.456814
  type: 'suite'
  ...
# Subtest: findKimiHookCommands
    # Subtest: finds a single-quoted command containing the marker
    ok 1 - finds a single-quoted command containing the marker
      ---
      duration_ms: 2.192781
      type: 'test'
      ...
    # Subtest: returns multiple matching hook commands
    ok 2 - returns multiple matching hook commands
      ---
      duration_ms: 0.229791
      type: 'test'
      ...
    # Subtest: ignores hook commands without the marker
    ok 3 - ignores hook commands without the marker
      ---
      duration_ms: 0.319412
      type: 'test'
      ...
    # Subtest: supports double-quoted command values with escaped quotes
    ok 4 - supports double-quoted command values with escaped quotes
      ---
      duration_ms: 0.264278
      type: 'test'
      ...
    # Subtest: does not match marker text outside command values
    ok 5 - does not match marker text outside command values
      ---
      duration_ms: 0.178216
      type: 'test'
      ...
    1..5
ok 117 - findKimiHookCommands
  ---
  duration_ms: 4.860634
  type: 'suite'
  ...
# Subtest: doctor hook activity connection test
    # Subtest: passes when any HTTP event was accepted
    ok 1 - passes when any HTTP event was accepted
      ---
      duration_ms: 1.623582
      type: 'test'
      ...
    # Subtest: warns when HTTP works but events are dropped by gates
    ok 2 - warns when HTTP works but events are dropped by gates
      ---
      duration_ms: 0.39316
      type: 'test'
      ...
    # Subtest: warns when Codex fallback files changed but no HTTP event arrived
    ok 3 - warns when Codex fallback files changed but no HTTP event arrived
      ---
      duration_ms: 0.266333
      type: 'test'
      ...
    # Subtest: warns when nothing changed during the window
    ok 4 - warns when nothing changed during the window
      ---
      duration_ms: 0.172554
      type: 'test'
      ...
    # Subtest: scans only Codex fallback mtime activity without collecting file names in the summary
    ok 5 - scans only Codex fallback mtime activity without collecting file names in the summary
      ---
      duration_ms: 6.704171
      type: 'test'
      ...
    # Subtest: waits for the requested window and then evaluates server events
    ok 6 - waits for the requested window and then evaluates server events
      ---
      duration_ms: 0.908995
      type: 'test'
      ...
    # Subtest: deduplicates concurrent connection tests and resets after completion
    ok 7 - deduplicates concurrent connection tests and resets after completion
      ---
      duration_ms: 0.728836
      type: 'test'
      ...
    1..7
ok 118 - doctor hook activity connection test
  ---
  duration_ms: 12.505223
  type: 'suite'
  ...
# Subtest: installer default path exports
    # Subtest: exports default config locations for hook-based agents
    ok 1 - exports default config locations for hook-based agents
      ---
      duration_ms: 20.717129
      type: 'test'
      ...
    1..1
ok 119 - installer default path exports
  ---
  duration_ms: 22.216411
  type: 'suite'
  ...
# Subtest: Doctor IPC helpers
    # Subtest: single-flights concurrent doctor checks and resets after completion
    ok 1 - single-flights concurrent doctor checks and resets after completion
      ---
      duration_ms: 2.130817
      type: 'test'
      ...
    # Subtest: resets doctor checks after synchronous failures
    ok 2 - resets doctor checks after synchronous failures
      ---
      duration_ms: 0.898847
      type: 'test'
      ...
    # Subtest: normalizes doctor:test-connection payloads to objects
    ok 3 - normalizes doctor:test-connection payloads to objects
      ---
      duration_ms: 0.420647
      type: 'test'
      ...
    # Subtest: normalizes doctor:open-clawd-log payloads to string names only
    ok 4 - normalizes doctor:open-clawd-log payloads to string names only
      ---
      duration_ms: 0.35045
      type: 'test'
      ...
    1..4
ok 120 - Doctor IPC helpers
  ---
  duration_ms: 5.592555
  type: 'suite'
  ...
# Clawd state server listening on 127.0.0.1:23333
# Clawd state server listening on 127.0.0.1:23333
# Subtest: checkLocalServer
    # Subtest: passes when server and runtime file port match
    ok 1 - passes when server and runtime file port match
      ---
      duration_ms: 2.65546
      type: 'test'
      ...
    # Subtest: warns when runtime port is missing or stale
    ok 2 - warns when runtime port is missing or stale
      ---
      duration_ms: 1.309211
      type: 'test'
      ...
    # Subtest: is critical before the server starts listening and surfaces a restart action
    ok 3 - is critical before the server starts listening and surfaces a restart action
      ---
      duration_ms: 0.451093
      type: 'test'
      ...
    1..3
ok 121 - checkLocalServer
  ---
  duration_ms: 6.018751
  type: 'suite'
  ...
# Subtest: doctor log opener
    # Subtest: accepts only bare .log file names
    ok 1 - accepts only bare .log file names
      ---
      duration_ms: 1.570505
      type: 'test'
      ...
    # Subtest: resolves the newest allowed log across ~/.clawd and userData
    ok 2 - resolves the newest allowed log across ~/.clawd and userData
      ---
      duration_ms: 3.826269
      type: 'test'
      ...
    # Subtest: includes focus-debug.log in default log discovery
    ok 3 - includes focus-debug.log in default log discovery
      ---
      duration_ms: 3.770163
      type: 'test'
      ...
    # Subtest: rejects path traversal requests
    ok 4 - rejects path traversal requests
      ---
      duration_ms: 1.146508
      type: 'test'
      ...
    # Subtest: opens the fallback ~/.clawd directory when no log exists
    ok 5 - opens the fallback ~/.clawd directory when no log exists
      ---
      duration_ms: 1.31958
      type: 'test'
      ...
    1..5
ok 122 - doctor log opener
  ---
  duration_ms: 13.577653
  type: 'suite'
  ...
# Subtest: doctor modal: no active integrations (\#490 UI copy)
    # Subtest: leads the agent summary with the no-active-integrations nudge in every language
    ok 1 - leads the agent summary with the no-active-integrations nudge in every language
      ---
      duration_ms: 1.548417
      type: 'test'
      ...
    # Subtest: does NOT show the nudge when a real problem coexists with info-only integrations
    ok 2 - does NOT show the nudge when a real problem coexists with info-only integrations
      ---
      duration_ms: 0.381039
      type: 'test'
      ...
    # Subtest: connectionDetailText swaps the raw no-activity detail for actionable guidance
    ok 3 - connectionDetailText swaps the raw no-activity detail for actionable guidance
      ---
      duration_ms: 0.412154
      type: 'test'
      ...
    # Subtest: renders an all-disabled report as green (pass) with the nudge and hint, never critical
    ok 4 - renders an all-disabled report as green (pass) with the nudge and hint, never critical
      ---
      duration_ms: 270.304619
      type: 'test'
      ...
    1..4
ok 123 - doctor modal: no active integrations (\#490 UI copy)
  ---
  duration_ms: 274.769299
  type: 'suite'
  ...
# Subtest: doctor hook command parser
    # Subtest: validates POSIX absolute node and script paths
    ok 1 - validates POSIX absolute node and script paths
      ---
      duration_ms: 4.421233
      type: 'test'
      ...
    # Subtest: trusts bare node on Windows PowerShell commands
    ok 2 - trusts bare node on Windows PowerShell commands
      ---
      duration_ms: 0.762937
      type: 'test'
      ...
    # Subtest: validates absolute Windows node paths
    ok 3 - validates absolute Windows node paths
      ---
      duration_ms: 0.343039
      type: 'test'
      ...
    # Subtest: validates Windows PowerShell EncodedCommand hook commands
    ok 4 - validates Windows PowerShell EncodedCommand hook commands
      ---
      duration_ms: 5.12759
      type: 'test'
      ...
    # Subtest: validates EncodedCommand ProcessStartInfo args when the hook path has spaces
    ok 5 - validates EncodedCommand ProcessStartInfo args when the hook path has spaces
      ---
      duration_ms: 2.591492
      type: 'test'
      ...
    # Subtest: validates POSIX Antigravity fail-open capture commands
    ok 6 - validates POSIX Antigravity fail-open capture commands
      ---
      duration_ms: 0.874805
      type: 'test'
      ...
    # Subtest: does not mistake preload scripts for the hook script
    ok 7 - does not mistake preload scripts for the hook script
      ---
      duration_ms: 0.33179
      type: 'test'
      ...
    # Subtest: unwraps Windows cmd /d /s /c commands
    ok 8 - unwraps Windows cmd /d /s /c commands
      ---
      duration_ms: 0.457148
      type: 'test'
      ...
    # Subtest: strips POSIX env prefixes
    ok 9 - strips POSIX env prefixes
      ---
      duration_ms: 0.968512
      type: 'test'
      ...
    # Subtest: strips one PowerShell env prefix
    ok 10 - strips one PowerShell env prefix
      ---
      duration_ms: 0.83591
      type: 'test'
      ...
    # Subtest: strips multiple PowerShell env prefixes
    ok 11 - strips multiple PowerShell env prefixes
      ---
      duration_ms: 0.343405
      type: 'test'
      ...
    # Subtest: reports missing script paths
    ok 12 - reports missing script paths
      ---
      duration_ms: 0.263187
      type: 'test'
      ...
    # Subtest: reports bare node as invalid on POSIX
    ok 13 - reports bare node as invalid on POSIX
      ---
      duration_ms: 0.221674
      type: 'test'
      ...
    1..13
ok 124 - doctor hook command parser
  ---
  duration_ms: 19.896068
  type: 'suite'
  ...
# Subtest: validateOpencodeEntry
    # Subtest: rejects relative entries
    ok 1 - rejects relative entries
      ---
      duration_ms: 2.736622
      type: 'test'
      ...
    # Subtest: reports missing plugin directories
    ok 2 - reports missing plugin directories
      ---
      duration_ms: 0.47884
      type: 'test'
      ...
    # Subtest: reports entries that are not directories
    ok 3 - reports entries that are not directories
      ---
      duration_ms: 0.243591
      type: 'test'
      ...
    # Subtest: reports missing index.mjs
    ok 4 - reports missing index.mjs
      ---
      duration_ms: 0.295529
      type: 'test'
      ...
    # Subtest: accepts absolute plugin directories with index.mjs
    ok 5 - accepts absolute plugin directories with index.mjs
      ---
      duration_ms: 2.212149
      type: 'test'
      ...
    # Subtest: accepts Windows absolute paths
    ok 6 - accepts Windows absolute paths
      ---
      duration_ms: 0.428536
      type: 'test'
      ...
    # Subtest: rejects a module with an extra named export (\#413 false-green guard)
    ok 7 - rejects a module with an extra named export (\#413 false-green guard)
      ---
      duration_ms: 0.762546
      type: 'test'
      ...
    # Subtest: accepts a module that only default-exports a function
    ok 8 - accepts a module that only default-exports a function
      ---
      duration_ms: 0.505198
      type: 'test'
      ...
    # Subtest: accepts the real opencode plugin module (single default export)
    ok 9 - accepts the real opencode plugin module (single default export)
      ---
      duration_ms: 1.485045
      type: 'test'
      ...
    1..9
ok 125 - validateOpencodeEntry
  ---
  duration_ms: 11.434009
  type: 'suite'
  ...
# Subtest: checkPermissionBubblePolicy
    # Subtest: passes when permission bubbles are enabled
    ok 1 - passes when permission bubbles are enabled
      ---
      duration_ms: 2.660472
      type: 'test'
      ...
    # Subtest: warns when split permission bubbles are disabled
    ok 2 - warns when split permission bubbles are disabled
      ---
      duration_ms: 0.39275
      type: 'test'
      ...
    # Subtest: warns when legacy hideBubbles disables all bubbles
    ok 3 - warns when legacy hideBubbles disables all bubbles
      ---
      duration_ms: 0.308746
      type: 'test'
      ...
    # Subtest: returns info when DND suppresses otherwise enabled bubbles
    ok 4 - returns info when DND suppresses otherwise enabled bubbles
      ---
      duration_ms: 0.478183
      type: 'test'
      ...
    1..4
ok 126 - checkPermissionBubblePolicy
  ---
  duration_ms: 5.583137
  type: 'suite'
  ...
# Subtest: doctor report redaction
    # Subtest: redacts home paths across common platforms
    ok 1 - redacts home paths across common platforms
      ---
      duration_ms: 3.483055
      type: 'test'
      ...
    # Subtest: redacts common secret shapes and non-loopback IP addresses
    ok 2 - redacts common secret shapes and non-loopback IP addresses
      ---
      duration_ms: 1.106515
      type: 'test'
      ...
    # Subtest: redacts configured Clawd app roots without consuming the rest of the path
    ok 3 - redacts configured Clawd app roots without consuming the rest of the path
      ---
      duration_ms: 0.598432
      type: 'test'
      ...
    # Subtest: normalizes redacted display path separators
    ok 4 - normalizes redacted display path separators
      ---
      duration_ms: 2.044422
      type: 'test'
      ...
    # Subtest: redacts nested doctor results before they are sent to the Settings UI
    ok 5 - redacts nested doctor results before they are sent to the Settings UI
      ---
      duration_ms: 0.925226
      type: 'test'
      ...
    1..5
ok 127 - doctor report redaction
  ---
  duration_ms: 9.769456
  type: 'suite'
  ...
# Subtest: formatDiagnosticReport
    # Subtest: formats structured agent diagnostics into visible detail text
    ok 1 - formats structured agent diagnostics into visible detail text
      ---
      duration_ms: 0.795516
      type: 'test'
      ...
    # Subtest: formats Gemini supplementary diagnostics into visible detail text
    ok 2 - formats Gemini supplementary diagnostics into visible detail text
      ---
      duration_ms: 0.320485
      type: 'test'
      ...
    # Subtest: formats summary and agent integration details
    ok 3 - formats summary and agent integration details
      ---
      duration_ms: 1.390898
      type: 'test'
      ...
    # Subtest: keeps the fallback file table when no HTTP event reached Clawd
    ok 4 - keeps the fallback file table when no HTTP event reached Clawd
      ---
      duration_ms: 0.49744
      type: 'test'
      ...
    1..4
ok 128 - formatDiagnosticReport
  ---
  duration_ms: 3.710328
  type: 'suite'
  ...
# Subtest: doctor aggregate checks
    # Subtest: computes red overall when any check is critical
    ok 1 - computes red overall when any check is critical
      ---
      duration_ms: 1.940013
      type: 'test'
      ...
    # Subtest: computes yellow overall when warnings exist without critical failures
    ok 2 - computes yellow overall when warnings exist without critical failures
      ---
      duration_ms: 0.575547
      type: 'test'
      ...
    # Subtest: computes green overall when all checks pass or info
    ok 3 - computes green overall when all checks pass or info
      ---
      duration_ms: 0.311524
      type: 'test'
      ...
    # Subtest: runs all four Step 1 checks through injectable dependencies
    ok 4 - runs all four Step 1 checks through injectable dependencies
      ---
      duration_ms: 0.865263
      type: 'test'
      ...
    1..4
ok 129 - doctor aggregate checks
  ---
  duration_ms: 5.313969
  type: 'suite'
  ...
# Subtest: anchored drag positioning
    # Subtest: keeps the original cursor-to-window offset across repeated moves
    ok 1 - keeps the original cursor-to-window offset across repeated moves
      ---
      duration_ms: 2.358247
      type: 'test'
      ...
    # Subtest: uses loose display-union clamping during drag so cross-screen movement is not pulled back
    ok 2 - uses loose display-union clamping during drag so cross-screen movement is not pulled back
      ---
      duration_ms: 0.532767
      type: 'test'
      ...
    # Subtest: applies the final clamp after drag ends
    ok 3 - applies the final clamp after drag ends
      ---
      duration_ms: 0.343626
      type: 'test'
      ...
    # Subtest: detects when the final clamp would move the saved position
    ok 4 - detects when the final clamp would move the saved position
      ---
      duration_ms: 0.281516
      type: 'test'
      ...
    1..4
ok 130 - anchored drag positioning
  ---
  duration_ms: 5.234795
  type: 'suite'
  ...
# Subtest: materializeVirtualBounds
    # Subtest: keeps in-bounds virtual coordinates unchanged
    ok 1 - keeps in-bounds virtual coordinates unchanged
      ---
      duration_ms: 0.392933
      type: 'test'
      ...
    # Subtest: materializes negative virtual y to the workArea top and returns viewport offset
    ok 2 - materializes negative virtual y to the workArea top and returns viewport offset
      ---
      duration_ms: 0.465754
      type: 'test'
      ...
    # Subtest: falls back to raw virtual bounds when no workArea exists
    ok 3 - falls back to raw virtual bounds when no workArea exists
      ---
      duration_ms: 0.313895
      type: 'test'
      ...
    1..3
ok 131 - materializeVirtualBounds
  ---
  duration_ms: 2.933388
  type: 'suite'
  ...
# node:internal/modules/cjs/loader:1386
#   throw err;
#   ^
# Error: Cannot find module 'electron'
# Require stack:
# - /app/src/permission.js
# - /app/test/elicitation.test.js
#     at Function._resolveFilename (node:internal/modules/cjs/loader:1383:15)
#     at defaultResolveImpl (node:internal/modules/cjs/loader:1025:19)
#     at resolveForCJSWithHooks (node:internal/modules/cjs/loader:1030:22)
#     at Function._load (node:internal/modules/cjs/loader:1192:37)
#     at TracingChannel.traceSync (node:diagnostics_channel:328:14)
#     at wrapModuleLoad (node:internal/modules/cjs/loader:237:24)
#     at Module.require (node:internal/modules/cjs/loader:1463:12)
#     at require (node:internal/modules/helpers:147:16)
#     at Object.<anonymous> (/app/src/permission.js:4:43)
#     at Module._compile (node:internal/modules/cjs/loader:1705:14) {
#   code: 'MODULE_NOT_FOUND',
#   requireStack: [ '/app/src/permission.js', '/app/test/elicitation.test.js' ]
# }
# Node.js v22.22.1
# Subtest: /app/test/elicitation.test.js
not ok 61 - /app/test/elicitation.test.js
  ---
  duration_ms: 54.467625
  type: 'test'
  location: '/app/test/elicitation.test.js:1:1'
  failureType: 'testCodeFailure'
  exitCode: 1
  signal: ~
  error: 'test failed'
  code: 'ERR_TEST_FAILURE'
  ...
# Subtest: runtimeSidecarTarget maps supported runtime platforms to pinned sidecar targets
ok 133 - runtimeSidecarTarget maps supported runtime platforms to pinned sidecar targets
  ---
  duration_ms: 1.577093
  type: 'test'
  ...
# Subtest: ensureCurrentPlatformSidecar skips when the current binary already exists
ok 134 - ensureCurrentPlatformSidecar skips when the current binary already exists
  ---
  duration_ms: 1.412152
  type: 'test'
  ...
# Subtest: ensureCurrentPlatformSidecar fetches only the current platform target when missing
ok 135 - ensureCurrentPlatformSidecar fetches only the current platform target when missing
  ---
  duration_ms: 0.59461
  type: 'test'
  ...
# Subtest: ensureCurrentPlatformSidecar reports fetch failures without throwing
ok 136 - ensureCurrentPlatformSidecar reports fetch failures without throwing
  ---
  duration_ms: 0.537675
  type: 'test'
  ...
# Subtest: ensureCurrentPlatformSidecar honors skip and valid override env vars
ok 137 - ensureCurrentPlatformSidecar honors skip and valid override env vars
  ---
  duration_ms: 2.383193
  type: 'test'
  ...
# Subtest: ensureCurrentPlatformSidecar reports a missing override path without fetching
ok 138 - ensureCurrentPlatformSidecar reports a missing override path without fetching
  ---
  duration_ms: 0.465401
  type: 'test'
  ...
# Subtest: ensureCurrentPlatformSidecar reports strict override failures accurately
ok 139 - ensureCurrentPlatformSidecar reports strict override failures accurately
  ---
  duration_ms: 0.421156
  type: 'test'
  ...
# Subtest: resolveOverridePath appends the runtime executable for directory-like values
ok 140 - resolveOverridePath appends the runtime executable for directory-like values
  ---
  duration_ms: 0.27766
  type: 'test'
  ...
# Subtest: sidecarFetchCommand gives the manual recovery command
ok 141 - sidecarFetchCommand gives the manual recovery command
  ---
  duration_ms: 0.415149
  type: 'test'
  ...
# Subtest: release source is pinned to the public Clawd fork tag
ok 142 - release source is pinned to the public Clawd fork tag
  ---
  duration_ms: 2.539654
  type: 'test'
  ...
# Subtest: package exposes the sidecar fetch command
ok 143 - package exposes the sidecar fetch command
  ---
  duration_ms: 0.884054
  type: 'test'
  ...
# Subtest: manifest maps archives and install paths to Clawd sidecar layout
ok 144 - manifest maps archives and install paths to Clawd sidecar layout
  ---
  duration_ms: 0.680187
  type: 'test'
  ...
# Subtest: pinned checksums cover every release target
ok 145 - pinned checksums cover every release target
  ---
  duration_ms: 0.621805
  type: 'test'
  ...
# Subtest: selectTargets dedupes and rejects Go arch directory names
ok 146 - selectTargets dedupes and rejects Go arch directory names
  ---
  duration_ms: 0.666232
  type: 'test'
  ...
# Subtest: parseChecksums accepts release checksum format and rejects unsafe names
ok 147 - parseChecksums accepts release checksum format and rejects unsafe names
  ---
  duration_ms: 2.200929
  type: 'test'
  ...
# Subtest: extractZipEntry reads the single sidecar executable
ok 148 - extractZipEntry reads the single sidecar executable
  ---
  duration_ms: 0.964661
  type: 'test'
  ...
# Subtest: extractTarGzEntry reads the single sidecar executable
ok 149 - extractTarGzEntry reads the single sidecar executable
  ---
  duration_ms: 2.054486
  type: 'test'
  ...
# Subtest: fetchSidecarBinaries downloads, verifies, extracts, and installs selected target
ok 150 - fetchSidecarBinaries downloads, verifies, extracts, and installs selected target
  ---
  duration_ms: 3.202926
  type: 'test'
  ...
# Subtest: fetchSidecarBinaries fails closed on checksum mismatch
ok 151 - fetchSidecarBinaries fails closed on checksum mismatch
  ---
  duration_ms: 1.363031
  type: 'test'
  ...
# Subtest: fetchSidecarBinaries dry-run does not download
ok 152 - fetchSidecarBinaries dry-run does not download
  ---
  duration_ms: 0.394226
  type: 'test'
  ...
# Subtest: floating-window-runtime
    # Subtest: keeps floating bubble coordination out of main
    ok 1 - keeps floating bubble coordination out of main
      ---
      duration_ms: 3.2796
      type: 'test'
      ...
    # Subtest: repositions permission bubbles only when pending entries exist and always repositions update bubble
    ok 2 - repositions permission bubbles only when pending entries exist and always repositions update bubble
      ---
      duration_ms: 1.147076
      type: 'test'
      ...
    # Subtest: keeps anchored surface ordering as HUD first, then permission/update bubbles
    ok 3 - keeps anchored surface ordering as HUD first, then permission/update bubbles
      ---
      duration_ms: 0.423216
      type: 'test'
      ...
    # Subtest: syncs Session HUD visibility before repositioning dependent bubbles
    ok 4 - syncs Session HUD visibility before repositioning dependent bubbles
      ---
      duration_ms: 0.291264
      type: 'test'
      ...
    # Subtest: restores live permission bubbles and update bubble visibility when the pet is shown
    ok 5 - restores live permission bubbles and update bubble visibility when the pet is shown
      ---
      duration_ms: 0.589909
      type: 'test'
      ...
    # Subtest: hides live permission bubbles and the update bubble when the pet is hidden
    ok 6 - hides live permission bubbles and the update bubble when the pet is hidden
      ---
      duration_ms: 0.41488
      type: 'test'
      ...
    1..6
ok 153 - floating-window-runtime
  ---
  duration_ms: 8.98541
  type: 'suite'
  ...
# Subtest: cmux panel focus (macOS)
    # Subtest: should call cmux focus-panel with matched panel UUID
    ok 1 - should call cmux focus-panel with matched panel UUID
      ---
      duration_ms: 2522.831275
      type: 'test'
      ...
    # Subtest: should call cmux select-workspace when focus-panel fails
    ok 2 - should call cmux select-workspace when focus-panel fails
      ---
      duration_ms: 2506.544826
      type: 'test'
      ...
    # Subtest: should handle multi-panel workspace (split) — focus correct panel
    ok 3 - should handle multi-panel workspace (split) — focus correct panel
      ---
      duration_ms: 2505.991047
      type: 'test'
      ...
    # Subtest: should search later cmux session files when the newest file has no matching TTY
    ok 4 - should search later cmux session files when the newest file has no matching TTY
      ---
      duration_ms: 2507.147416
      type: 'test'
      ...
    # Subtest: should NOT call cmux when no cmux process found in pidChain
    ok 5 - should NOT call cmux when no cmux process found in pidChain
      ---
      duration_ms: 2004.908317
      type: 'test'
      ...
    # Subtest: should not focus cmux when TTY not found in session file
    ok 6 - should not focus cmux when TTY not found in session file
      ---
      duration_ms: 2006.99707
      type: 'test'
      ...
    # Subtest: should skip cmux detection on non-macOS platforms
    ok 7 - should skip cmux detection on non-macOS platforms
      ---
      duration_ms: 1003.11203
      type: 'test'
      ...
    # Subtest: should skip cmux detection when pidChain is empty
    ok 8 - should skip cmux detection when pidChain is empty
      ---
      duration_ms: 1004.255276
      type: 'test'
      ...
    1..8
ok 154 - cmux panel focus (macOS)
  ---
  duration_ms: 16065.289553
  type: 'suite'
  ...
# Subtest: Ghostty probe scripts are read-only and report a stepping stone
    # Subtest: id probe reports direct/via/miss without touching the UI
    ok 1 - id probe reports direct/via/miss without touching the UI
      ---
      duration_ms: 1.538063
      type: 'test'
      ...
    # Subtest: cwd probe reports direct/via/miss without touching the UI
    ok 2 - cwd probe reports direct/via/miss without touching the UI
      ---
      duration_ms: 0.430696
      type: 'test'
      ...
    1..2
ok 155 - Ghostty probe scripts are read-only and report a stepping stone
  ---
  duration_ms: 3.427931
  type: 'suite'
  ...
# Subtest: Ghostty focus scripts stay flat and atomic (legacy behaviour)
    # Subtest: id focus script uses the flat application-level terminals collection
    ok 1 - id focus script uses the flat application-level terminals collection
      ---
      duration_ms: 0.595809
      type: 'test'
      ...
    # Subtest: cwd focus script uses the flat whose query
    ok 2 - cwd focus script uses the flat whose query
      ---
      duration_ms: 0.242804
      type: 'test'
      ...
    1..2
ok 156 - Ghostty focus scripts stay flat and atomic (legacy behaviour)
  ---
  duration_ms: 1.094844
  type: 'suite'
  ...
# Subtest: runWithSteppingStone — via path: probe+stone then final
    # Subtest: fires one probe+stone script then one final script
    ok 1 - fires one probe+stone script then one final script
      ---
      duration_ms: 858.199503
      type: 'test'
      ...
    # Subtest: does not fire the final focus inside the settle window
    ok 2 - does not fire the final focus inside the settle window
      ---
      duration_ms: 853.177393
      type: 'test'
      ...
    1..2
ok 157 - runWithSteppingStone — via path: probe+stone then final
  ---
  duration_ms: 1713.187913
  type: 'suite'
  ...
# Subtest: runWithSteppingStone — probe miss falls through to thenFn
    # Subtest: triggers the legacy fallback path when probe returns miss
    ok 1 - triggers the legacy fallback path when probe returns miss
      ---
      duration_ms: 702.405371
      type: 'test'
      ...
    1..1
ok 158 - runWithSteppingStone — probe miss falls through to thenFn
  ---
  duration_ms: 702.784353
  type: 'suite'
  ...
# Subtest: runWithSteppingStone — probe error falls through to thenFn
    # Subtest: falls through when probe osascript errors
    ok 1 - falls through when probe osascript errors
      ---
      duration_ms: 702.751618
      type: 'test'
      ...
    1..1
ok 159 - runWithSteppingStone — probe error falls through to thenFn
  ---
  duration_ms: 703.083908
  type: 'suite'
  ...
# Subtest: runWithSteppingStone — probe+stone error falls through to thenFn
    # Subtest: calls thenFn when the probe+stone script errors
    ok 1 - calls thenFn when the probe+stone script errors
      ---
      duration_ms: 702.81336
      type: 'test'
      ...
    1..1
ok 160 - runWithSteppingStone — probe+stone error falls through to thenFn
  ---
  duration_ms: 703.621261
  type: 'suite'
  ...
# Subtest: runWithSteppingStone — final non-ok falls through to thenFn
    # Subtest: calls thenFn when final osascript returns a non-ok status
    ok 1 - calls thenFn when final osascript returns a non-ok status
      ---
      duration_ms: 1553.694645
      type: 'test'
      ...
    1..1
ok 161 - runWithSteppingStone — final non-ok falls through to thenFn
  ---
  duration_ms: 1554.133667
  type: 'suite'
  ...
# Subtest: runWithSteppingStone — target-id binding (suggestion 2)
    # Subtest: combined script references both stone-id and target-id, not the flat cwd query
    ok 1 - combined script references both stone-id and target-id, not the flat cwd query
      ---
      duration_ms: 852.108418
      type: 'test'
      ...
    1..1
ok 162 - runWithSteppingStone — target-id binding (suggestion 2)
  ---
  duration_ms: 852.916796
  type: 'suite'
  ...
# Subtest: iTerm2 tab focus (macOS)
    # Subtest: should call iTerm2 AppleScript when sourcePid belongs to iterm2 process
    ok 1 - should call iTerm2 AppleScript when sourcePid belongs to iterm2 process
      ---
      duration_ms: 2520.464554
      type: 'test'
      ...
    # Subtest: should NOT call iTerm2 AppleScript for non-iTerm2 terminals
    ok 2 - should NOT call iTerm2 AppleScript for non-iTerm2 terminals
      ---
      duration_ms: 2004.646368
      type: 'test'
      ...
    # Subtest: should skip iTerm2 tab focus when pidChain is empty
    ok 3 - should skip iTerm2 tab focus when pidChain is empty
      ---
      duration_ms: 1004.216574
      type: 'test'
      ...
    # Subtest: should skip iTerm2 tab focus when no valid TTY found
    ok 4 - should skip iTerm2 tab focus when no valid TTY found
      ---
      duration_ms: 2004.38664
      type: 'test'
      ...
    # Subtest: should not drop same-iTerm2-PID focus requests with different pid chains
    ok 5 - should not drop same-iTerm2-PID focus requests with different pid chains
      ---
      duration_ms: 2603.519938
      type: 'test'
      ...
    1..5
ok 163 - iTerm2 tab focus (macOS)
  ---
  duration_ms: 10139.348113
  type: 'suite'
  ...
# Subtest: Superset deep-link focus (macOS)
    # Subtest: opens superset://workspace/<id> with -b bundle id when source is Superset
    ok 1 - opens superset://workspace/<id> with -b bundle id when source is Superset
      ---
      duration_ms: 1520.825512
      type: 'test'
      ...
    # Subtest: does not open superset://… when source process is not Superset
    ok 2 - does not open superset://… when source process is not Superset
      ---
      duration_ms: 1505.145068
      type: 'test'
      ...
    # Subtest: does not run the Superset path when cwd is empty
    ok 3 - does not run the Superset path when cwd is empty
      ---
      duration_ms: 1003.558545
      type: 'test'
      ...
    1..3
ok 164 - Superset deep-link focus (macOS)
  ---
  duration_ms: 4031.153529
  type: 'suite'
  ...
# Subtest: Ghostty focus (macOS)
    # Subtest: dispatches Ghostty AppleScript with cwd literal when source is ghostty
    ok 1 - dispatches Ghostty AppleScript with cwd literal when source is ghostty
      ---
      duration_ms: 1504.656679
      type: 'test'
      ...
    # Subtest: uses captured Ghostty terminal id before tty or cwd fallback
    ok 2 - uses captured Ghostty terminal id before tty or cwd fallback
      ---
      duration_ms: 1504.552461
      type: 'test'
      ...
    # Subtest: falls through to Ghostty tty precision when captured id is unsupported
    ok 3 - falls through to Ghostty tty precision when captured id is unsupported
      ---
      duration_ms: 2203.267615
      type: 'test'
      ...
    # Subtest: captures the focused Ghostty terminal id for later session focus
    ok 4 - captures the focused Ghostty terminal id for later session focus
      ---
      duration_ms: 503.915094
      type: 'test'
      ...
    # Subtest: does not capture Ghostty terminal id when frontmost/cwd checks miss
    ok 5 - does not capture Ghostty terminal id when frontmost/cwd checks miss
      ---
      duration_ms: 504.016727
      type: 'test'
      ...
    # Subtest: tries Ghostty tty precision before cwd fallback when pidChain has a tty
    ok 6 - tries Ghostty tty precision before cwd fallback when pidChain has a tty
      ---
      duration_ms: 1804.645959
      type: 'test'
      ...
    # Subtest: uses Ghostty pid precision when tty misses
    ok 7 - uses Ghostty pid precision when tty misses
      ---
      duration_ms: 1804.533798
      type: 'test'
      ...
    # Subtest: falls back to Ghostty cwd focus when tty precision is unavailable
    ok 8 - falls back to Ghostty cwd focus when tty precision is unavailable
      ---
      duration_ms: 2404.147835
      type: 'test'
      ...
    # Subtest: logs best-effort Ghostty unsupported statuses when AppleScript returns them
    ok 9 - logs best-effort Ghostty unsupported statuses when AppleScript returns them
      ---
      duration_ms: 2404.433546
      type: 'test'
      ...
    # Subtest: does not dispatch Ghostty AppleScript when source process is not ghostty
    ok 10 - does not dispatch Ghostty AppleScript when source process is not ghostty
      ---
      duration_ms: 1504.615423
      type: 'test'
      ...
    1..10
ok 165 - Ghostty focus (macOS)
  ---
  duration_ms: 16144.509141
  type: 'suite'
  ...
# Subtest: macOS generic focus via open <bundle> (\#465)
    # Subtest: extractMacAppBundlePath picks the outermost bundle and rejects non-bundles
    ok 1 - extractMacAppBundlePath picks the outermost bundle and rejects non-bundles
      ---
      duration_ms: 10.982671
      type: 'test'
      ...
    # Subtest: opens the app bundle resolved from the pid candidates and skips System Events
    ok 2 - opens the app bundle resolved from the pid candidates and skips System Events
      ---
      duration_ms: 105.020216
      type: 'test'
      ...
    # Subtest: falls back to System Events with the consent timeout when no candidate is in a bundle
    ok 3 - falls back to System Events with the consent timeout when no candidate is in a bundle
      ---
      duration_ms: 102.345728
      type: 'test'
      ...
    # Subtest: falls back to System Events when open fails
    ok 4 - falls back to System Events when open fails
      ---
      duration_ms: 102.307226
      type: 'test'
      ...
    # Subtest: runs the iTerm tab script alongside open when the source is iTerm2
    ok 5 - runs the iTerm tab script alongside open when the source is iTerm2
      ---
      duration_ms: 703.642301
      type: 'test'
      ...
    # Subtest: logs automation-denied when the System Events fallback hits TCC -1743
    ok 6 - logs automation-denied when the System Events fallback hits TCC -1743
      ---
      duration_ms: 101.944181
      type: 'test'
      ...
    # Subtest: ignores the ps exit code and parses surviving rows (dead pid in the list)
    ok 7 - ignores the ps exit code and parses surviving rows (dead pid in the list)
      ---
      duration_ms: 102.061959
      type: 'test'
      ...
    1..7
ok 166 - macOS generic focus via open <bundle> (\#465)
  ---
  duration_ms: 1230.956269
  type: 'suite'
  ...
# Subtest: focus Superset helpers
    # Subtest: supersetSchemeForDir
        # Subtest: returns 'superset' for the default install dir
        ok 1 - returns 'superset' for the default install dir
          ---
          duration_ms: 1.325013
          type: 'test'
          ...
        # Subtest: returns the namespaced scheme for custom instances
        ok 2 - returns the namespaced scheme for custom instances
          ---
          duration_ms: 0.240323
          type: 'test'
          ...
        # Subtest: returns null for unrelated paths
        ok 3 - returns null for unrelated paths
          ---
          duration_ms: 0.18888
          type: 'test'
          ...
        1..3
    ok 1 - supersetSchemeForDir
      ---
      duration_ms: 2.743394
      type: 'suite'
      ...
    # Subtest: findSupersetDataDirs
        # Subtest: returns dirs whose name starts with .superset and contain local.db
        ok 1 - returns dirs whose name starts with .superset and contain local.db
          ---
          duration_ms: 3.318233
          type: 'test'
          ...
        # Subtest: returns [] when the home dir cannot be read
        ok 2 - returns [] when the home dir cannot be read
          ---
          duration_ms: 0.445302
          type: 'test'
          ...
        1..2
    ok 2 - findSupersetDataDirs
      ---
      duration_ms: 4.229125
      type: 'suite'
      ...
    # Subtest: querySupersetWorkspaceId
        # Subtest: returns the most recently opened workspace for a path
        ok 1 - returns the most recently opened workspace for a path
          ---
          duration_ms: 17.604035
          type: 'test'
          ...
        # Subtest: returns null for an unknown path
        ok 2 - returns null for an unknown path
          ---
          duration_ms: 7.323649
          type: 'test'
          ...
        # Subtest: returns null when cwd is empty
        ok 3 - returns null when cwd is empty
          ---
          duration_ms: 0.430846
          type: 'test'
          ...
        1..3
    ok 3 - querySupersetWorkspaceId
      ---
      duration_ms: 274.062832
      type: 'suite'
      ...
    1..3
ok 167 - focus Superset helpers
  ---
  duration_ms: 282.007533
  type: 'suite'
  ...
# Subtest: scheduleTmuxPaneFocus
    # Subtest: issues switch-client + select-window + select-pane when chain crosses tmux
    ok 1 - issues switch-client + select-window + select-pane when chain crosses tmux
      ---
      duration_ms: 714.192587
      type: 'test'
      ...
    # Subtest: does nothing when ps reports no tmux processes in chain
    ok 2 - does nothing when ps reports no tmux processes in chain
      ---
      duration_ms: 702.825704
      type: 'test'
      ...
    # Subtest: does not select when no list-panes row matches the pane pid
    ok 3 - does not select when no list-panes row matches the pane pid
      ---
      duration_ms: 702.971999
      type: 'test'
      ...
    # Subtest: is a no-op when tmux binary is not resolved
    ok 4 - is a no-op when tmux binary is not resolved
      ---
      duration_ms: 702.98781
      type: 'test'
      ...
    # Subtest: prepends -S <socket path> to every tmux invocation when a full socket path is given
    ok 5 - prepends -S <socket path> to every tmux invocation when a full socket path is given
      ---
      duration_ms: 702.395931
      type: 'test'
      ...
    # Subtest: keeps legacy -L <socket-name> compatibility for old session metadata
    ok 6 - keeps legacy -L <socket-name> compatibility for old session metadata
      ---
      duration_ms: 702.438088
      type: 'test'
      ...
    1..6
ok 168 - scheduleTmuxPaneFocus
  ---
  duration_ms: 4230.578884
  type: 'suite'
  ...
# Subtest: Windows terminal focus
    # Subtest: does not generate the blind first-WindowsTerminal fallback
    ok 1 - does not generate the blind first-WindowsTerminal fallback
      ---
      duration_ms: 12.428944
      type: 'test'
      ...
    # Subtest: keeps direct parent-window focus for single-window processes with cwd
    ok 2 - keeps direct parent-window focus for single-window processes with cwd
      ---
      duration_ms: 1.69241
      type: 'test'
      ...
    # Subtest: requires unique title matches for Windows Terminal parent and fallback windows
    ok 3 - requires unique title matches for Windows Terminal parent and fallback windows
      ---
      duration_ms: 1.486008
      type: 'test'
      ...
    # Subtest: reports Windows helper results through stdout instead of writing logs directly
    ok 4 - reports Windows helper results through stdout instead of writing logs directly
      ---
      duration_ms: 1.289027
      type: 'test'
      ...
    # Subtest: caches successful Windows focus HWNDs by session key only with matching titles
    ok 5 - caches successful Windows focus HWNDs by session key only with matching titles
      ---
      duration_ms: 2.925352
      type: 'test'
      ...
    # Subtest: focuses a hook-captured Windows Terminal HWND before guessing by title
    ok 6 - focuses a hook-captured Windows Terminal HWND before guessing by title
      ---
      duration_ms: 1.33732
      type: 'test'
      ...
    # Subtest: adds agent title candidates for Windows Terminal matching
    ok 7 - adds agent title candidates for Windows Terminal matching
      ---
      duration_ms: 2.12594
      type: 'test'
      ...
    # Subtest: only focuses attached legacy conhost windows, not ConPTY shim windows
    ok 8 - only focuses attached legacy conhost windows, not ConPTY shim windows
      ---
      duration_ms: 1.469143
      type: 'test'
      ...
    # Subtest: caps CIM parent-process lookup time in the Windows focus helper
    ok 9 - caps CIM parent-process lookup time in the Windows focus helper
      ---
      duration_ms: 1.315844
      type: 'test'
      ...
    # Subtest: logs Windows helper stdout through Node focus logging
    ok 10 - logs Windows helper stdout through Node focus logging
      ---
      duration_ms: 2.14574
      type: 'test'
      ...
    # Subtest: confirms foreground only for positive reasons with matching HWNDs
    ok 11 - confirms foreground only for positive reasons with matching HWNDs
      ---
      duration_ms: 2.159613
      type: 'test'
      ...
    # Subtest: correlates concurrent Windows helper results by token
    ok 12 - correlates concurrent Windows helper results by token
      ---
      duration_ms: 6.06293
      type: 'test'
      ...
    # Subtest: accepts options-object requests and redacts full cwd in focus logs
    ok 13 - accepts options-object requests and redacts full cwd in focus logs
      ---
      duration_ms: 1.991544
      type: 'test'
      ...
    # Subtest: drops rapid duplicate Windows focus requests for the same session
    ok 14 - drops rapid duplicate Windows focus requests for the same session
      ---
      duration_ms: 1.418091
      type: 'test'
      ...
    # Subtest: keeps old positional focus requests compatible
    ok 15 - keeps old positional focus requests compatible
      ---
      duration_ms: 1.506146
      type: 'test'
      ...
    # Subtest: logs non-Windows focus dispatch results without implying success
    ok 16 - logs non-Windows focus dispatch results without implying success
      ---
      duration_ms: 3.036355
      type: 'test'
      ...
    1..16
ok 169 - Windows terminal focus
  ---
  duration_ms: 47.050382
  type: 'suite'
  ...
# Subtest: Gemini hook script
    # Subtest: writes only allow JSON for BeforeTool
    ok 1 - writes only allow JSON for BeforeTool
      ---
      duration_ms: 57.551344
      type: 'test'
      ...
    # Subtest: uses argv event name when hook_event_name is absent
    ok 2 - uses argv event name when hook_event_name is absent
      ---
      duration_ms: 58.963816
      type: 'test'
      ...
    # Subtest: writes empty JSON for passive lifecycle hooks
    ok 3 - writes empty JSON for passive lifecycle hooks
      ---
      duration_ms: 55.286066
      type: 'test'
      ...
    # Subtest: prefers payload hook_event_name over argv event name
    ok 4 - prefers payload hook_event_name over argv event name
      ---
      duration_ms: 56.208633
      type: 'test'
      ...
    # Subtest: posts PID metadata on SessionStart
    ok 5 - posts PID metadata on SessionStart
      ---
      duration_ms: 0.970592
      type: 'test'
      ...
    # Subtest: posts PID metadata on non-SessionStart events
    ok 6 - posts PID metadata on non-SessionStart events
      ---
      duration_ms: 0.495277
      type: 'test'
      ...
    # Subtest: recognizes node-hosted Gemini CLI command lines for agent PID tracking
    ok 7 - recognizes node-hosted Gemini CLI command lines for agent PID tracking
      ---
      duration_ms: 0.427666
      type: 'test'
      ...
    # Subtest: posts host instead of local PID metadata in remote mode
    ok 8 - posts host instead of local PID metadata in remote mode
      ---
      duration_ms: 0.641258
      type: 'test'
      ...
    # Subtest: keeps Gemini AfterAgent as a neutral event instead of Stop/attention
    ok 9 - keeps Gemini AfterAgent as a neutral event instead of Stop/attention
      ---
      duration_ms: 0.520552
      type: 'test'
      ...
    # Subtest: keeps already-prefixed Gemini session ids stable
    ok 10 - keeps already-prefixed Gemini session ids stable
      ---
      duration_ms: 0.697475
      type: 'test'
      ...
    # Subtest: maps Gemini AfterTool error payloads to PostToolUseFailure
    ok 11 - maps Gemini AfterTool error payloads to PostToolUseFailure
      ---
      duration_ms: 0.322109
      type: 'test'
      ...
    # Subtest: maps Gemini SessionEnd reason=clear to sweeping
    ok 12 - maps Gemini SessionEnd reason=clear to sweeping
      ---
      duration_ms: 0.317585
      type: 'test'
      ...
    # Subtest: keeps Gemini PreCompress visible without remapping to PreCompact/sweeping
    ok 13 - keeps Gemini PreCompress visible without remapping to PreCompact/sweeping
      ---
      duration_ms: 0.226192
      type: 'test'
      ...
    1..13
ok 170 - Gemini hook script
  ---
  duration_ms: 236.340106
  type: 'suite'
  ...
# Subtest: Gemini hook installer
    # Subtest: registers all events on fresh install
    ok 1 - registers all events on fresh install
      ---
      duration_ms: 4.596215
      type: 'test'
      ...
    # Subtest: is idempotent on second run
    ok 2 - is idempotent on second run
      ---
      duration_ms: 2.316636
      type: 'test'
      ...
    # Subtest: updates stale hook paths
    ok 3 - updates stale hook paths
      ---
      duration_ms: 3.727291
      type: 'test'
      ...
    # Subtest: migrates stale flat Clawd entries into nested Gemini hook shape
    ok 4 - migrates stale flat Clawd entries into nested Gemini hook shape
      ---
      duration_ms: 2.356942
      type: 'test'
      ...
    # Subtest: preserves existing node path when detection fails
    ok 5 - preserves existing node path when detection fails
      ---
      duration_ms: 2.562864
      type: 'test'
      ...
    # Subtest: preserves third-party hooks
    ok 6 - preserves third-party hooks
      ---
      duration_ms: 1.545552
      type: 'test'
      ...
    # Subtest: splits Clawd out of shared matcher entries instead of widening third-party hooks
    ok 7 - splits Clawd out of shared matcher entries instead of widening third-party hooks
      ---
      duration_ms: 1.377792
      type: 'test'
      ...
    # Subtest: removes Clawd from shared matcher entries when a dedicated Clawd entry already exists
    ok 8 - removes Clawd from shared matcher entries when a dedicated Clawd entry already exists
      ---
      duration_ms: 1.116923
      type: 'test'
      ...
    # Subtest: does not force hooksConfig.enabled when the user disabled hooks
    ok 9 - does not force hooksConfig.enabled when the user disabled hooks
      ---
      duration_ms: 1.461403
      type: 'test'
      ...
    # Subtest: migrates legacy disabled Gemini hook command entries to clawd
    ok 10 - migrates legacy disabled Gemini hook command entries to clawd
      ---
      duration_ms: 1.515043
      type: 'test'
      ...
    # Subtest: builds Windows PowerShell commands with the Gemini event argv
    ok 11 - builds Windows PowerShell commands with the Gemini event argv
      ---
      duration_ms: 0.261714
      type: 'test'
      ...
    # Subtest: builds Windows cmd-wrapped commands with the Gemini event argv
    ok 12 - builds Windows cmd-wrapped commands with the Gemini event argv
      ---
      duration_ms: 0.196568
      type: 'test'
      ...
    # Subtest: skips when ~/.gemini/ does not exist
    ok 13 - skips when ~/.gemini/ does not exist
      ---
      duration_ms: 0.551894
      type: 'test'
      ...
    1..13
ok 171 - Gemini hook installer
  ---
  duration_ms: 26.105768
  type: 'suite'
  ...
# Subtest: GeminiLogMonitor
    # Subtest: should detect user message as thinking (immediate)
    ok 1 - should detect user message as thinking (immediate)
      ---
      duration_ms: 7.112494
      type: 'test'
      ...
    # Subtest: should emit attention immediately for gemini with toolCalls
    ok 2 - should emit attention immediately for gemini with toolCalls
      ---
      duration_ms: 1.923748
      type: 'test'
      ...
    # Subtest: should defer attention for gemini text without toolCalls (4s)
    ok 3 - should defer attention for gemini text without toolCalls (4s)
      ---
      duration_ms: 6003.440613
      type: 'test'
      ...
    # Subtest: should cancel deferred attention when toolCalls arrive (auto-approved)
    ok 4 - should cancel deferred attention when toolCalls arrive (auto-approved)
      ---
      duration_ms: 807.09832
      type: 'test'
      ...
    # Subtest: should cancel deferred attention when user sends new message
    ok 5 - should cancel deferred attention when user sends new message
      ---
      duration_ms: 6002.769349
      type: 'test'
      ...
    # Subtest: should detect tool error as error state
    ok 6 - should detect tool error as error state
      ---
      duration_ms: 1.987072
      type: 'test'
      ...
    # Subtest: should use last tool status when multiple toolCalls
    ok 7 - should use last tool status when multiple toolCalls
      ---
      duration_ms: 1.710496
      type: 'test'
      ...
    # Subtest: should dedup: same state + same msgCount + same hasTools → no re-emit
    ok 8 - should dedup: same state + same msgCount + same hasTools → no re-emit
      ---
      duration_ms: 602.373619
      type: 'test'
      ...
    # Subtest: should skip follow-up text after tools complete in same turn
    ok 9 - should skip follow-up text after tools complete in same turn
      ---
      duration_ms: 2003.550314
      type: 'test'
      ...
    # Subtest: should reset turnHasTools on new user message
    ok 10 - should reset turnHasTools on new user message
      ---
      duration_ms: 1503.50654
      type: 'test'
      ...
    # Subtest: should skip mtime-unchanged files
    ok 11 - should skip mtime-unchanged files
      ---
      duration_ms: 501.939132
      type: 'test'
      ...
    # Subtest: should detect incremental changes (user → gemini with tools)
    ok 12 - should detect incremental changes (user → gemini with tools)
      ---
      duration_ms: 302.918563
      type: 'test'
      ...
    # Subtest: should skip old files (>2min mtime)
    ok 13 - should skip old files (>2min mtime)
      ---
      duration_ms: 301.645233
      type: 'test'
      ...
    # Subtest: should handle corrupted JSON gracefully
    ok 14 - should handle corrupted JSON gracefully
      ---
      duration_ms: 302.377914
      type: 'test'
      ...
    # Subtest: should handle empty messages array
    ok 15 - should handle empty messages array
      ---
      duration_ms: 303.151139
      type: 'test'
      ...
    # Subtest: should emit SessionEnd for stale sessions (5min)
    ok 16 - should emit SessionEnd for stale sessions (5min)
      ---
      duration_ms: 203.01032
      type: 'test'
      ...
    # Subtest: should resolve cwd from projects.json
    ok 17 - should resolve cwd from projects.json
      ---
      duration_ms: 2.051222
      type: 'test'
      ...
    # Subtest: should reload cwdMap when projects.json changes
    ok 18 - should reload cwdMap when projects.json changes
      ---
      duration_ms: 605.723597
      type: 'test'
      ...
    # Subtest: should ignore unknown message types
    ok 19 - should ignore unknown message types
      ---
      duration_ms: 302.559221
      type: 'test'
      ...
    # Subtest: should track multiple project directories independently
    ok 20 - should track multiple project directories independently
      ---
      duration_ms: 2.354511
      type: 'test'
      ...
    # Subtest: should fall back to filename as sessionId when data.sessionId is missing
    ok 21 - should fall back to filename as sessionId when data.sessionId is missing
      ---
      duration_ms: 1.456709
      type: 'test'
      ...
    1..21
ok 172 - GeminiLogMonitor
  ---
  duration_ms: 19768.442764
  type: 'suite'
  ...
# Subtest: hardware buddy adapter
    # Subtest: is disabled unless explicitly requested by env
    ok 1 - is disabled unless explicitly requested by env
      ---
      duration_ms: 1.814547
      type: 'test'
      ...
    # Subtest: defaults the development hardware core checkout to clawstick
    ok 2 - defaults the development hardware core checkout to clawstick
      ---
      duration_ms: 0.764005
      type: 'test'
      ...
    # Subtest: sanitizes unpaired surrogates in hardware payload strings
    ok 3 - sanitizes unpaired surrogates in hardware payload strings
      ---
      duration_ms: 1.316666
      type: 'test'
      ...
    # Subtest: starts the Python sidecar with replacement stdout encoding
    ok 4 - starts the Python sidecar with replacement stdout encoding
      ---
      duration_ms: 0.712891
      type: 'test'
      ...
    # Subtest: does not load or start core modules when disabled
    ok 5 - does not load or start core modules when disabled
      ---
      duration_ms: 1.096864
      type: 'test'
      ...
    # Subtest: reports a missing Clawstick core checkout without throwing during startup
    ok 6 - reports a missing Clawstick core checkout without throwing during startup
      ---
      duration_ms: 1.354695
      type: 'test'
      ...
    # Subtest: starts state-only controller and suppresses pending permissions by default
    ok 7 - starts state-only controller and suppresses pending permissions by default
      ---
      duration_ms: 3.165013
      type: 'test'
      ...
    # Subtest: can opt into permission entries for a later secure phase
    ok 8 - can opt into permission entries for a later secure phase
      ---
      duration_ms: 0.833212
      type: 'test'
      ...
    # Subtest: does not invoke the resolver when transport is insecure even with permissions on
    ok 9 - does not invoke the resolver when transport is insecure even with permissions on
      ---
      duration_ms: 1.550166
      type: 'test'
      ...
    # Subtest: emits prompts only after the transport becomes secure
    ok 10 - emits prompts only after the transport becomes secure
      ---
      duration_ms: 1.295605
      type: 'test'
      ...
    # Subtest: sanitizes prompt snapshots before writing to the sidecar transport
    ok 11 - sanitizes prompt snapshots before writing to the sidecar transport
      ---
      duration_ms: 0.77415
      type: 'test'
      ...
    # Subtest: logs when permission mode is enabled without a resolver
    ok 12 - logs when permission mode is enabled without a resolver
      ---
      duration_ms: 0.462997
      type: 'test'
      ...
    # Subtest: debounces repeated state-change notifications
    ok 13 - debounces repeated state-change notifications
      ---
      duration_ms: 0.733817
      type: 'test'
      ...
    # Subtest: clears pending state notifications on stop
    ok 14 - clears pending state notifications on stop
      ---
      duration_ms: 0.601959
      type: 'test'
      ...
    # Subtest: keeps start idempotent
    ok 15 - keeps start idempotent
      ---
      duration_ms: 0.561916
      type: 'test'
      ...
    # Subtest: cleans up partial startup state when sidecar start throws
    ok 16 - cleans up partial startup state when sidecar start throws
      ---
      duration_ms: 1.213788
      type: 'test'
      ...
    # Subtest: auto-connects when an address is configured
    ok 17 - auto-connects when an address is configured
      ---
      duration_ms: 20.777579
      type: 'test'
      ...
    # Subtest: uses product settings to enable prefix scan without env flags
    ok 18 - uses product settings to enable prefix scan without env flags
      ---
      duration_ms: 1.40341
      type: 'test'
      ...
    # Subtest: keeps Quick Commands disabled by default
    ok 19 - keeps Quick Commands disabled by default
      ---
      duration_ms: 1.040287
      type: 'test'
      ...
    # Subtest: buffers validated Quick Commands when explicitly enabled without starting BLE
    ok 20 - buffers validated Quick Commands when explicitly enabled without starting BLE
      ---
      duration_ms: 1.39022
      type: 'test'
      ...
    # Subtest: rebuilds the controller without reconnecting when permission opt-in changes
    ok 21 - rebuilds the controller without reconnecting when permission opt-in changes
      ---
      duration_ms: 1.333872
      type: 'test'
      ...
    # Subtest: retries auto-connect after a connection error
    ok 22 - retries auto-connect after a connection error
      ---
      duration_ms: 1.095803
      type: 'test'
      ...
    # Subtest: does not inflate retry attempts for repeated non-matching scan results while retry is pending
    ok 23 - does not inflate retry attempts for repeated non-matching scan results while retry is pending
      ---
      duration_ms: 0.789036
      type: 'test'
      ...
    # Subtest: records transport disconnects as retryable status and backs off reconnects
    ok 24 - records transport disconnects as retryable status and backs off reconnects
      ---
      duration_ms: 0.748498
      type: 'test'
      ...
    # Subtest: catches restart timer failures and schedules another restart
    ok 25 - catches restart timer failures and schedules another restart
      ---
      duration_ms: 1.23777
      type: 'test'
      ...
    # Subtest: classifies missing bleak as non-retryable
    ok 26 - classifies missing bleak as non-retryable
      ---
      duration_ms: 0.967094
      type: 'test'
      ...
    # Subtest: classifies Windows canceled BLE prompts as pairing required
    ok 27 - classifies Windows canceled BLE prompts as pairing required
      ---
      duration_ms: 0.182743
      type: 'test'
      ...
    # Subtest: passes the fake secure setting through to the sidecar
    ok 28 - passes the fake secure setting through to the sidecar
      ---
      duration_ms: 0.498359
      type: 'test'
      ...
    # Subtest: ignores the fake secure setting for non-fake backends
    ok 29 - ignores the fake secure setting for non-fake backends
      ---
      duration_ms: 0.424923
      type: 'test'
      ...
    # Subtest: stops the hardware adapter before permission cleanup during app quit
    ok 30 - stops the hardware adapter before permission cleanup during app quit
      ---
      duration_ms: 1.835911
      type: 'test'
      ...
    1..30
ok 173 - hardware buddy adapter
  ---
  duration_ms: 55.1542
  type: 'suite'
  ...
# Subtest: Hermes plugin installer
    # Subtest: copies managed plugin files and enables through Hermes CLI
    ok 1 - copies managed plugin files and enables through Hermes CLI
      ---
      duration_ms: 7.75116
      type: 'test'
      ...
    # Subtest: enables Clawd in every Hermes profile config
    ok 2 - enables Clawd in every Hermes profile config
      ---
      duration_ms: 20.479735
      type: 'test'
      ...
    # Subtest: reports partial profile sync without failing the primary Hermes home
    ok 3 - reports partial profile sync without failing the primary Hermes home
      ---
      duration_ms: 4.902824
      type: 'test'
      ...
    # Subtest: can skip Hermes profile sync when requested
    ok 4 - can skip Hermes profile sync when requested
      ---
      duration_ms: 4.175247
      type: 'test'
      ...
    # Subtest: is idempotent when managed files already match
    ok 5 - is idempotent when managed files already match
      ---
      duration_ms: 2.687806
      type: 'test'
      ...
    # Subtest: updates stale managed files without deleting unmanaged plugin files
    ok 6 - updates stale managed files without deleting unmanaged plugin files
      ---
      duration_ms: 2.388555
      type: 'test'
      ...
    # Subtest: does not edit config.yaml and returns a repairable error when CLI is unavailable
    ok 7 - does not edit config.yaml and returns a repairable error when CLI is unavailable
      ---
      duration_ms: 2.338947
      type: 'test'
      ...
    # Subtest: resolves HERMES_HOME before platform fallbacks
    ok 8 - resolves HERMES_HOME before platform fallbacks
      ---
      duration_ms: 1.050525
      type: 'test'
      ...
    # Subtest: uses LOCALAPPDATA/hermes on Windows when config.yaml exists
    ok 9 - uses LOCALAPPDATA/hermes on Windows when config.yaml exists
      ---
      duration_ms: 1.086243
      type: 'test'
      ...
    # Subtest: detects missing Hermes without creating the default home
    ok 10 - detects missing Hermes without creating the default home
      ---
      duration_ms: 0.923986
      type: 'test'
      ...
    # Subtest: detects Hermes from LOCALAPPDATA venv command without config.yaml
    ok 11 - detects Hermes from LOCALAPPDATA venv command without config.yaml
      ---
      duration_ms: 1.247709
      type: 'test'
      ...
    # Subtest: uses LOCALAPPDATA/hermes as Hermes home when only the Windows venv command exists
    ok 12 - uses LOCALAPPDATA/hermes as Hermes home when only the Windows venv command exists
      ---
      duration_ms: 2.073071
      type: 'test'
      ...
    # Subtest: bounds Hermes CLI calls with a timeout and reports enable timeouts as repairable errors
    ok 13 - bounds Hermes CLI calls with a timeout and reports enable timeouts as repairable errors
      ---
      duration_ms: 1.769653
      type: 'test'
      ...
    # Subtest: uninstaller disables through CLI and removes only the managed plugin directory
    ok 14 - uninstaller disables through CLI and removes only the managed plugin directory
      ---
      duration_ms: 1.426233
      type: 'test'
      ...
    1..14
ok 174 - Hermes plugin installer
  ---
  duration_ms: 56.405434
  type: 'suite'
  ...
# Subtest: Hermes plugin
    # Subtest: keeps manifest hook declarations aligned with registered hooks
    ok 1 - keeps manifest hook declarations aligned with registered hooks
      ---
      duration_ms: 4.35295
      type: 'test'
      ...
    # Subtest: maps verified Hermes session boundary hooks to Clawd lifecycle events
    ok 2 - maps verified Hermes session boundary hooks to Clawd lifecycle events
      ---
      duration_ms: 0.733304
      type: 'test'
      ...
    # Subtest: falls back safely when clarify args are not a dict
    ok 3 - falls back safely when clarify args are not a dict
      ---
      duration_ms: 972.200616
      type: 'test'
      ...
    # Subtest: clears stale tool mappings on reset and drops orphan post-tool events
    ok 4 - clears stale tool mappings on reset and drops orphan post-tool events
      ---
      duration_ms: 510.061055
      type: 'test'
      ...
    # Subtest: uses WebUI task ids as session ids for tool hooks before active-session fallback
    ok 5 - uses WebUI task ids as session ids for tool hooks before active-session fallback
      ---
      duration_ms: 507.866733
      type: 'test'
      ...
    # Subtest: prefers WebUI thread-local environment for cwd and session key
    ok 6 - prefers WebUI thread-local environment for cwd and session key
      ---
      duration_ms: 515.417034
      type: 'test'
      ...
    # Subtest: keeps CLI tool hooks on the active-session fallback
    ok 7 - keeps CLI tool hooks on the active-session fallback
      ---
      duration_ms: 502.590087
      type: 'test'
      ...
    # Subtest: resolves Hermes process metadata without guessing wrapper-only chains
    not ok 8 - resolves Hermes process metadata without guessing wrapper-only chains
      ---
      duration_ms: 560.116969
      type: 'test'
      location: '/app/test/hermes-plugin.test.js:260:3'
      failureType: 'testCodeFailure'
      error: |-
        Expected values to be strictly deep-equal:
        + actual - expected

        + {
        +   tmux_socket: '/tmp/tmux-1001/default'
        + }
        - {}

      code: 'ERR_ASSERTION'
      name: 'AssertionError'
      expected:
      actual:
        tmux_socket: '/tmp/tmux-1001/default'
      operator: 'deepStrictEqual'
      stack: |-
        TestContext.<anonymous> (/app/test/hermes-plugin.test.js:320:12)
        Test.runInAsyncScope (node:async_hooks:214:14)
        Test.run (node:internal/test_runner/test:1047:25)
        Suite.processPendingSubtests (node:internal/test_runner/test:744:18)
        Test.postRun (node:internal/test_runner/test:1173:19)
        Test.run (node:internal/test_runner/test:1101:12)
        async Suite.processPendingSubtests (node:internal/test_runner/test:744:7)
      ...
    # Subtest: uses one PowerShell CIM snapshot for Windows process metadata
    ok 9 - uses one PowerShell CIM snapshot for Windows process metadata
      ---
      duration_ms: 536.104823
      type: 'test'
      ...
    # Subtest: falls back to per-PID CIM lookups when the Windows snapshot is unavailable
    ok 10 - falls back to per-PID CIM lookups when the Windows snapshot is unavailable
      ---
      duration_ms: 531.834816
      type: 'test'
      ...
    # Subtest: attaches cached Hermes process metadata to state payloads without hot-path lookups
    ok 11 - attaches cached Hermes process metadata to state payloads without hot-path lookups
      ---
      duration_ms: 525.940909
      type: 'test'
      ...
    # Subtest: probes existing /state health route before the long blocking permission POST
    ok 12 - probes existing /state health route before the long blocking permission POST
      ---
      duration_ms: 524.908052
      type: 'test'
      ...
    # Subtest: skips process metadata on WebUI permission posts
    ok 13 - skips process metadata on WebUI permission posts
      ---
      duration_ms: 518.350868
      type: 'test'
      ...
    # Subtest: skips Hermes permission POST during no-server cooldown
    ok 14 - skips Hermes permission POST during no-server cooldown
      ---
      duration_ms: 522.786238
      type: 'test'
      ...
    # Subtest: does not issue the long permission POST when the short probe is not Clawd
    ok 15 - does not issue the long permission POST when the short probe is not Clawd
      ---
      duration_ms: 506.996057
      type: 'test'
      ...
    1..15
not ok 175 - Hermes plugin
  ---
  duration_ms: 7243.061473
  type: 'suite'
  location: '/app/test/hermes-plugin.test.js:45:1'
  failureType: 'subtestsFailed'
  error: '1 subtest failed'
  code: 'ERR_TEST_FAILURE'
  ...
# Subtest: hit geometry
    # Subtest: matches bottom-anchored SVG layout for calico idle
    ok 1 - matches bottom-anchored SVG layout for calico idle
      ---
      duration_ms: 2.104035
      type: 'test'
      ...
    # Subtest: applies calico idle-follow file offsets on top of normalized layout without changing body scale
    ok 2 - applies calico idle-follow file offsets on top of normalized layout without changing body scale
      ---
      duration_ms: 2.818638
      type: 'test'
      ...
    # Subtest: keeps critical calico non-loop animations inside the window bottom edge
    ok 3 - keeps critical calico non-loop animations inside the window bottom edge
      ---
      duration_ms: 0.4017
      type: 'test'
      ...
    # Subtest: matches APNG layout with file scale and offsets for calico mini idle
    ok 4 - matches APNG layout with file scale and offsets for calico mini idle
      ---
      duration_ms: 0.412534
      type: 'test'
      ...
    # Subtest: expands mini hit rect with sticky hover padding
    ok 5 - expands mini hit rect with sticky hover padding
      ---
      duration_ms: 0.436843
      type: 'test'
      ...
    # Subtest: derives image sizing from object fit for clawd drag svg
    ok 6 - derives image sizing from object fit for clawd drag svg
      ---
      duration_ms: 0.202182
      type: 'test'
      ...
    # Subtest: derives the visible content rect from contentBox geometry
    ok 7 - derives the visible content rect from contentBox geometry
      ---
      duration_ms: 0.453394
      type: 'test'
      ...
    # Subtest: resolves root, mini, and per-file viewBoxes in priority order
    ok 8 - resolves root, mini, and per-file viewBoxes in priority order
      ---
      duration_ms: 0.70154
      type: 'test'
      ...
    # Subtest: uses normal layout for mini-named files that explicitly override to the root viewBox
    ok 9 - uses normal layout for mini-named files that explicitly override to the root viewBox
      ---
      duration_ms: 0.616532
      type: 'test'
      ...
    # Subtest: uses trusted built-in scripted SVGs as object-channel geometry without treating external data as trusted
    ok 10 - uses trusted built-in scripted SVGs as object-channel geometry without treating external data as trusted
      ---
      duration_ms: 0.99041
      type: 'test'
      ...
    # Subtest: keeps ordinary external SVG themes on the legacy non-object path by default
    ok 11 - keeps ordinary external SVG themes on the legacy non-object path by default
      ---
      duration_ms: 0.287484
      type: 'test'
      ...
    # Subtest: uses object-channel geometry when a theme forces SVG object rendering
    ok 12 - uses object-channel geometry when a theme forces SVG object rendering
      ---
      duration_ms: 0.287054
      type: 'test'
      ...
    # Subtest: maps screen cursor points into the active asset viewBox for pointer bridge payloads
    ok 13 - maps screen cursor points into the active asset viewBox for pointer bridge payloads
      ---
      duration_ms: 0.406557
      type: 'test'
      ...
    1..13
ok 176 - hit geometry
  ---
  duration_ms: 12.376393
  type: 'suite'
  ...
# Subtest: hit-renderer input layer
    # Subtest: plain single click reveals HUD, does NOT call focusTerminal
    ok 1 - plain single click reveals HUD, does NOT call focusTerminal
      ---
      duration_ms: 5.941533
      type: 'test'
      ...
    # Subtest: Ctrl+click on non-mac opens Dashboard, does NOT call reveal
    ok 2 - Ctrl+click on non-mac opens Dashboard, does NOT call reveal
      ---
      duration_ms: 1.252068
      type: 'test'
      ...
    # Subtest: Cmd+click on mac opens Dashboard
    ok 3 - Cmd+click on mac opens Dashboard
      ---
      duration_ms: 1.246009
      type: 'test'
      ...
    # Subtest: Ctrl+click on mac does NOT open Dashboard and does NOT reveal (system right-click)
    ok 4 - Ctrl+click on mac does NOT open Dashboard and does NOT reveal (system right-click)
      ---
      duration_ms: 1.254565
      type: 'test'
      ...
    # Subtest: miniMode + plain click calls exitMiniMode (not reveal)
    ok 5 - miniMode + plain click calls exitMiniMode (not reveal)
      ---
      duration_ms: 1.124054
      type: 'test'
      ...
    # Subtest: miniMode + Ctrl+click goes to Dashboard, does NOT exit mini (preserves pre-v5 behavior)
    ok 6 - miniMode + Ctrl+click goes to Dashboard, does NOT exit mini (preserves pre-v5 behavior)
      ---
      duration_ms: 1.233269
      type: 'test'
      ...
    # Subtest: does not trigger reveal in working state but still reveals HUD on click (gating is for reactions only)
    ok 7 - does not trigger reveal in working state but still reveals HUD on click (gating is for reactions only)
      ---
      duration_ms: 1.20947
      type: 'test'
      ...
    # Subtest: DND + double click does NOT play reaction (canPlayReactionNow fresh-read)
    ok 8 - DND + double click does NOT play reaction (canPlayReactionNow fresh-read)
      ---
      duration_ms: 1.553392
      type: 'test'
      ...
    # Subtest: Ctrl+click resets click accumulator (no stale double-click)
    ok 9 - Ctrl+click resets click accumulator (no stale double-click)
      ---
      duration_ms: 1.706285
      type: 'test'
      ...
    # Subtest: cancel-reaction clears reactionTimer + accumulator
    ok 10 - cancel-reaction clears reactionTimer + accumulator
      ---
      duration_ms: 3.236982
      type: 'test'
      ...
    # Subtest: updates the drag reaction when horizontal direction changes
    ok 11 - updates the drag reaction when horizontal direction changes
      ---
      duration_ms: 2.245879
      type: 'test'
      ...
    1..11
ok 177 - hit-renderer input layer
  ---
  duration_ms: 24.324248
  type: 'suite'
  ...
# Subtest: hit-renderer OS file drop (\#459)
    # Subtest: macOS registers no drop machinery at all: no listeners, no affordance, no accept handler
    ok 1 - macOS registers no drop machinery at all: no listeners, no affordance, no accept handler
      ---
      duration_ms: 1.104828
      type: 'test'
      ...
    # Subtest: dragover with files shows the copy affordance outside mini mode
    ok 2 - dragover with files shows the copy affordance outside mini mode
      ---
      duration_ms: 1.11958
      type: 'test'
      ...
    # Subtest: dragover gives no affordance in mini mode or for non-file drags
    ok 3 - dragover gives no affordance in mini mode or for non-file drags
      ---
      duration_ms: 1.731781
      type: 'test'
      ...
    # Subtest: drop resolves paths through the preload bridge, filtering non-filesystem Files
    ok 4 - drop resolves paths through the preload bridge, filtering non-filesystem Files
      ---
      duration_ms: 1.415222
      type: 'test'
      ...
    # Subtest: drop sends nothing when every File lacks a filesystem path
    ok 5 - drop sends nothing when every File lacks a filesystem path
      ---
      duration_ms: 0.948551
      type: 'test'
      ...
    # Subtest: drop is inert in mini mode even if the event slips through
    ok 6 - drop is inert in mini mode even if the event slips through
      ---
      duration_ms: 0.977215
      type: 'test'
      ...
    # Subtest: accepted drop plays the double reaction through the local isReacting gate
    ok 7 - accepted drop plays the double reaction through the local isReacting gate
      ---
      duration_ms: 1.31254
      type: 'test'
      ...
    # Subtest: accepted drop falls back to the click poke for double-less themes (Calico)
    ok 8 - accepted drop falls back to the click poke for double-less themes (Calico)
      ---
      duration_ms: 0.998643
      type: 'test'
      ...
    # Subtest: accepted drop stays silent for drag-only themes (Cloudling) or a busy pet
    ok 9 - accepted drop stays silent for drag-only themes (Cloudling) or a busy pet
      ---
      duration_ms: 1.683135
      type: 'test'
      ...
    1..9
ok 178 - hit-renderer OS file drop (\#459)
  ---
  duration_ms: 11.73824
  type: 'suite'
  ...
# Subtest: i18n locales
    # Subtest: lists all selectable languages in supported languages
    ok 1 - lists all selectable languages in supported languages
      ---
      duration_ms: 2.220791
      type: 'test'
      ...
    # Subtest: keeps all locale keysets aligned with English
    ok 2 - keeps all locale keysets aligned with English
      ---
      duration_ms: 8.195382
      type: 'test'
      ...
    # Subtest: keeps Settings locale keysets aligned with English
    ok 3 - keeps Settings locale keysets aligned with English
      ---
      duration_ms: 25.971048
      type: 'test'
      ...
    # Subtest: keeps permission bubble locale keysets aligned with English
    ok 4 - keeps permission bubble locale keysets aligned with English
      ---
      duration_ms: 2.596355
      type: 'test'
      ...
    # Subtest: keeps main-process Settings dialog strings available for every supported language
    ok 5 - keeps main-process Settings dialog strings available for every supported language
      ---
      duration_ms: 1.598489
      type: 'test'
      ...
    # Subtest: keeps Codex Pet main dialog strings available for every supported language
    ok 6 - keeps Codex Pet main dialog strings available for every supported language
      ---
      duration_ms: 0.64795
      type: 'test'
      ...
    1..6
ok 179 - i18n locales
  ---
  duration_ms: 42.783309
  type: 'suite'
  ...
# Subtest: Claude version detection helpers
    # Subtest: extracts semver from Claude version output
    ok 1 - extracts semver from Claude version output
      ---
      duration_ms: 1.682342
      type: 'test'
      ...
    # Subtest: reuses the in-flight async Claude version probe
    ok 2 - reuses the in-flight async Claude version probe
      ---
      duration_ms: 8.577783
      type: 'test'
      ...
    # Subtest: reuses a cached async Claude version result after success
    ok 3 - reuses a cached async Claude version result after success
      ---
      duration_ms: 0.474996
      type: 'test'
      ...
    # Subtest: normalizes Windows PATHEXT suffixes with stable order
    ok 4 - normalizes Windows PATHEXT suffixes with stable order
      ---
      duration_ms: 1.045814
      type: 'test'
      ...
    # Subtest: finds existing Windows Claude shims from PATH and de-dupes case-insensitively
    ok 5 - finds existing Windows Claude shims from PATH and de-dupes case-insensitively
      ---
      duration_ms: 3.174769
      type: 'test'
      ...
    # Subtest: finds existing Windows Claude shims asynchronously from PATH
    ok 6 - finds existing Windows Claude shims asynchronously from PATH
      ---
      duration_ms: 1.441875
      type: 'test'
      ...
    # Subtest: finds existing POSIX Claude binaries from PATH
    ok 7 - finds existing POSIX Claude binaries from PATH
      ---
      duration_ms: 0.425782
      type: 'test'
      ...
    # Subtest: collects Claude package.json candidates from sibling node_modules and realpath targets
    ok 8 - collects Claude package.json candidates from sibling node_modules and realpath targets
      ---
      duration_ms: 1.194566
      type: 'test'
      ...
    # Subtest: collects Claude package.json candidates asynchronously
    ok 9 - collects Claude package.json candidates asynchronously
      ---
      duration_ms: 1.122117
      type: 'test'
      ...
    # Subtest: skips reading unusually large shim files
    ok 10 - skips reading unusually large shim files
      ---
      duration_ms: 0.699784
      type: 'test'
      ...
    # Subtest: treats drive-less rooted Windows paths as absolute when collecting candidates
    ok 11 - treats drive-less rooted Windows paths as absolute when collecting candidates
      ---
      duration_ms: 0.357143
      type: 'test'
      ...
    # Subtest: reads Claude version from package.json when it contains a semver
    ok 12 - reads Claude version from package.json when it contains a semver
      ---
      duration_ms: 0.421464
      type: 'test'
      ...
    # Subtest: reads Claude version from package.json asynchronously
    ok 13 - reads Claude version from package.json asynchronously
      ---
      duration_ms: 0.501973
      type: 'test'
      ...
    # Subtest: returns the first valid fallback version info from candidate package.json files
    ok 14 - returns the first valid fallback version info from candidate package.json files
      ---
      duration_ms: 0.698945
      type: 'test'
      ...
    # Subtest: returns the first valid async fallback version info from candidate package.json files
    ok 15 - returns the first valid async fallback version info from candidate package.json files
      ---
      duration_ms: 0.923417
      type: 'test'
      ...
    # Subtest: getClaudeVersionAsync uses async metadata fallback when exec probes fail
    ok 16 - getClaudeVersionAsync uses async metadata fallback when exec probes fail
      ---
      duration_ms: 0.847879
      type: 'test'
      ...
    # Subtest: getClaudeVersionAsync does not call sync filesystem probes
    ok 17 - getClaudeVersionAsync does not call sync filesystem probes
      ---
      duration_ms: 0.976984
      type: 'test'
      ...
    1..17
ok 180 - Claude version detection helpers
  ---
  duration_ms: 26.932069
  type: 'suite'
  ...
# Subtest: Hook installer version compatibility
    # Subtest: uses PowerShell-safe command hooks on Windows
    ok 1 - uses PowerShell-safe command hooks on Windows
      ---
      duration_ms: 5.707912
      type: 'test'
      ...
    # Subtest: keeps remote hooks on the legacy bash-compatible format
    ok 2 - keeps remote hooks on the legacy bash-compatible format
      ---
      duration_ms: 0.264323
      type: 'test'
      ...
    # Subtest: registers remote hooks as async with reverse-tunnel headroom
    ok 3 - registers remote hooks as async with reverse-tunnel headroom
      ---
      duration_ms: 1.423121
      type: 'test'
      ...
    # Subtest: does not add a shell field for non-Windows hook registration
    ok 4 - does not add a shell field for non-Windows hook registration
      ---
      duration_ms: 1.811933
      type: 'test'
      ...
    # Subtest: registers StopFailure when Claude Code is >= 2.1.78
    ok 5 - registers StopFailure when Claude Code is >= 2.1.78
      ---
      duration_ms: 1.837777
      type: 'test'
      ...
    # Subtest: keeps PreCompact/PostCompact but skips StopFailure below 2.1.78
    ok 6 - keeps PreCompact/PostCompact but skips StopFailure below 2.1.78
      ---
      duration_ms: 1.656467
      type: 'test'
      ...
    # Subtest: fails closed when Claude Code version is unknown
    ok 7 - fails closed when Claude Code version is unknown
      ---
      duration_ms: 1.430394
      type: 'test'
      ...
    # Subtest: removes stale Clawd StopFailure hooks while preserving third-party entries when version is known too old
    ok 8 - removes stale Clawd StopFailure hooks while preserving third-party entries when version is known too old
      ---
      duration_ms: 1.715019
      type: 'test'
      ...
    # Subtest: keeps existing versioned hooks when Claude Code version is unknown
    ok 9 - keeps existing versioned hooks when Claude Code version is unknown
      ---
      duration_ms: 1.343256
      type: 'test'
      ...
    # Subtest: updates stale hook paths when command marker already exists
    ok 10 - updates stale hook paths when command marker already exists
      ---
      duration_ms: 1.784018
      type: 'test'
      ...
    # Subtest: updates stale Windows hook commands to PowerShell format
    ok 11 - updates stale Windows hook commands to PowerShell format
      ---
      duration_ms: 2.119136
      type: 'test'
      ...
    # Subtest: removes stale powershell shell metadata on non-Windows
    ok 12 - removes stale powershell shell metadata on non-Windows
      ---
      duration_ms: 1.606436
      type: 'test'
      ...
    # Subtest: is idempotent on repeated registration
    ok 13 - is idempotent on repeated registration
      ---
      duration_ms: 2.874358
      type: 'test'
      ...
    # Subtest: is idempotent on repeated Windows registration
    ok 14 - is idempotent on repeated Windows registration
      ---
      duration_ms: 1.420285
      type: 'test'
      ...
    # Subtest: preserves existing absolute node path when detection fails
    ok 15 - preserves existing absolute node path when detection fails
      ---
      duration_ms: 2.47115
      type: 'test'
      ...
    # Subtest: preserves an existing absolute Windows node path when detection fails
    ok 16 - preserves an existing absolute Windows node path when detection fails
      ---
      duration_ms: 1.631802
      type: 'test'
      ...
    # Subtest: uses PowerShell-safe auto-start hooks on Windows
    ok 17 - uses PowerShell-safe auto-start hooks on Windows
      ---
      duration_ms: 1.680868
      type: 'test'
      ...
    # Subtest: uses async auto-start hooks on non-Windows
    ok 18 - uses async auto-start hooks on non-Windows
      ---
      duration_ms: 1.317024
      type: 'test'
      ...
    # Subtest: updates stale Windows auto-start hooks to PowerShell format
    ok 19 - updates stale Windows auto-start hooks to PowerShell format
      ---
      duration_ms: 1.521405
      type: 'test'
      ...
    # Subtest: upgrades existing command hooks with async metadata without losing the Node path
    ok 20 - upgrades existing command hooks with async metadata without losing the Node path
      ---
      duration_ms: 1.255933
      type: 'test'
      ...
    # Subtest: checks macOS absolute Claude paths before PATH fallback
    ok 21 - checks macOS absolute Claude paths before PATH fallback
      ---
      duration_ms: 19.348605
      type: 'test'
      ...
    # Subtest: falls back to npm shim sibling package.json on Windows when exec fails
    ok 22 - falls back to npm shim sibling package.json on Windows when exec fails
      ---
      duration_ms: 0.964358
      type: 'test'
      ...
    # Subtest: prefers a later exec-based version over an earlier metadata fallback
    ok 23 - prefers a later exec-based version over an earlier metadata fallback
      ---
      duration_ms: 0.664924
      type: 'test'
      ...
    1..23
ok 181 - Hook installer version compatibility
  ---
  duration_ms: 59.113237
  type: 'suite'
  ...
# Subtest: Claude permission hook ownership
    # Subtest: recognizes only exact Clawd PermissionRequest URLs on managed ports
    ok 1 - recognizes only exact Clawd PermissionRequest URLs on managed ports
      ---
      duration_ms: 0.827513
      type: 'test'
      ...
    # Subtest: preserves third-party local PermissionRequest URLs while adding Clawd HTTP hook
    ok 2 - preserves third-party local PermissionRequest URLs while adding Clawd HTTP hook
      ---
      duration_ms: 2.79543
      type: 'test'
      ...
    # Subtest: updates stale Clawd PermissionRequest URLs on managed fallback ports
    ok 3 - updates stale Clawd PermissionRequest URLs on managed fallback ports
      ---
      duration_ms: 1.422773
      type: 'test'
      ...
    1..3
ok 182 - Claude permission hook ownership
  ---
  duration_ms: 5.31124
  type: 'suite'
  ...
# Subtest: Hook installer deprecated hook cleanup
    # Subtest: does not register WorktreeCreate on fresh install (issue \#127)
    ok 1 - does not register WorktreeCreate on fresh install (issue \#127)
      ---
      duration_ms: 1.402512
      type: 'test'
      ...
    # Subtest: removes stale Clawd WorktreeCreate hook while preserving user-authored entries
    ok 2 - removes stale Clawd WorktreeCreate hook while preserving user-authored entries
      ---
      duration_ms: 1.382059
      type: 'test'
      ...
    # Subtest: deletes WorktreeCreate key when the only entry was the Clawd hook
    ok 3 - deletes WorktreeCreate key when the only entry was the Clawd hook
      ---
      duration_ms: 1.181025
      type: 'test'
      ...
    1..3
ok 183 - Hook installer deprecated hook cleanup
  ---
  duration_ms: 4.17365
  type: 'suite'
  ...
# Subtest: Hook installer unregisterHooks
    # Subtest: removes Clawd command hooks, HTTP hook, and auto-start while preserving third-party hooks
    ok 1 - removes Clawd command hooks, HTTP hook, and auto-start while preserving third-party hooks
      ---
      duration_ms: 1.890412
      type: 'test'
      ...
    # Subtest: keeps third-party PermissionRequest hooks when no Clawd HTTP hook is present
    ok 2 - keeps third-party PermissionRequest hooks when no Clawd HTTP hook is present
      ---
      duration_ms: 0.855688
      type: 'test'
      ...
    # Subtest: recognizes stale Clawd PermissionRequest URLs on any managed port
    ok 3 - recognizes stale Clawd PermissionRequest URLs on any managed port
      ---
      duration_ms: 1.115396
      type: 'test'
      ...
    # Subtest: is idempotent when run repeatedly
    ok 4 - is idempotent when run repeatedly
      ---
      duration_ms: 1.086841
      type: 'test'
      ...
    # Subtest: keeps empty hooks object when every Clawd entry is removed
    ok 5 - keeps empty hooks object when every Clawd entry is removed
      ---
      duration_ms: 1.082556
      type: 'test'
      ...
    1..5
ok 184 - Hook installer unregisterHooks
  ---
  duration_ms: 6.381775
  type: 'suite'
  ...
# Subtest: async hook installer parity
    # Subtest: registerHooksAsync preserves an existing Node path before probing asynchronously
    ok 1 - registerHooksAsync preserves an existing Node path before probing asynchronously
      ---
      duration_ms: 38.573596
      type: 'test'
      ...
    # Subtest: registerHooksAsync resolves Node with async probes without calling sync probes
    ok 2 - registerHooksAsync resolves Node with async probes without calling sync probes
      ---
      duration_ms: 5.301161
      type: 'test'
      ...
    # Subtest: registerHooksAsync writes the same hook set as registerHooks
    ok 3 - registerHooksAsync writes the same hook set as registerHooks
      ---
      duration_ms: 4.702055
      type: 'test'
      ...
    # Subtest: unregisterHooksAsync removes the same entries as unregisterHooks
    ok 4 - unregisterHooksAsync removes the same entries as unregisterHooks
      ---
      duration_ms: 3.905633
      type: 'test'
      ...
    1..4
ok 185 - async hook installer parity
  ---
  duration_ms: 52.898883
  type: 'suite'
  ...
# Subtest: integration sync runtime
    # Subtest: syncClawdHooks passes auto-start and the current server port
    ok 1 - syncClawdHooks passes auto-start and the current server port
      ---
      duration_ms: 4.196455
      type: 'test'
      ...
    # Subtest: startup syncs enabled integrations in the server order and starts the Claude watcher after Claude sync
    ok 2 - startup syncs enabled integrations in the server order and starts the Claude watcher after Claude sync
      ---
      duration_ms: 8.608788
      type: 'test'
      ...
    # Subtest: startup sync uses installed-and-enabled intent instead of enabled alone
    ok 3 - startup sync uses installed-and-enabled intent instead of enabled alone
      ---
      duration_ms: 0.699898
      type: 'test'
      ...
    # Subtest: syncIntegrationForAgent respects Claude management gate
    ok 4 - syncIntegrationForAgent respects Claude management gate
      ---
      duration_ms: 0.380919
      type: 'test'
      ...
    # Subtest: syncIntegrationForAgent starts the Claude watcher after a managed Claude sync
    ok 5 - syncIntegrationForAgent starts the Claude watcher after a managed Claude sync
      ---
      duration_ms: 0.36967
      type: 'test'
      ...
    # Subtest: syncIntegrationForAgent('copilot-cli') invokes the Copilot syncer
    ok 6 - syncIntegrationForAgent('copilot-cli') invokes the Copilot syncer
      ---
      duration_ms: 0.344577
      type: 'test'
      ...
    # Subtest: syncIntegrationForAgent treats count-style zero writes as a missing local integration
    ok 7 - syncIntegrationForAgent treats count-style zero writes as a missing local integration
      ---
      duration_ms: 12.476043
      type: 'test'
      ...
    # Subtest: syncIntegrationForAgent treats installed:false results as skipped
    ok 8 - syncIntegrationForAgent treats installed:false results as skipped
      ---
      duration_ms: 4.428096
      type: 'test'
      ...
    # Subtest: syncIntegrationForAgent distinguishes opencode missing from already registered
    ok 9 - syncIntegrationForAgent distinguishes opencode missing from already registered
      ---
      duration_ms: 1.216006
      type: 'test'
      ...
    # Subtest: syncIntegrationForAgent preserves Hermes not-installed skips
    ok 10 - syncIntegrationForAgent preserves Hermes not-installed skips
      ---
      duration_ms: 1.370094
      type: 'test'
      ...
    # Subtest: repairIntegrationForAgent preserves skipped sync results
    ok 11 - repairIntegrationForAgent preserves skipped sync results
      ---
      duration_ms: 0.314193
      type: 'test'
      ...
    # Subtest: uninstallIntegrationForAgent routes through the matching marker-scoped cleaner
    ok 12 - uninstallIntegrationForAgent routes through the matching marker-scoped cleaner
      ---
      duration_ms: 0.322309
      type: 'test'
      ...
    # Subtest: uninstallIntegrationForAgent passes Codex cleanup markers on the real fallback path
    ok 13 - uninstallIntegrationForAgent passes Codex cleanup markers on the real fallback path
      ---
      duration_ms: 7.528925
      type: 'test'
      ...
    # Subtest: repairIntegrationForAgent('copilot-cli') routes through syncCopilotHooks (no separate repair)
    ok 14 - repairIntegrationForAgent('copilot-cli') routes through syncCopilotHooks (no separate repair)
      ---
      duration_ms: 0.227296
      type: 'test'
      ...
    # Subtest: repairIntegrationForAgent uses Codex repair and passes options through
    ok 15 - repairIntegrationForAgent uses Codex repair and passes options through
      ---
      duration_ms: 0.333808
      type: 'test'
      ...
    # Subtest: repairIntegrationForAgent uses OpenClaw repair
    ok 16 - repairIntegrationForAgent uses OpenClaw repair
      ---
      duration_ms: 0.264491
      type: 'test'
      ...
    # Subtest: stopIntegrationForAgent only stops the Claude watcher
    ok 17 - stopIntegrationForAgent only stops the Claude watcher
      ---
      duration_ms: 0.274546
      type: 'test'
      ...
    # Subtest: does not log Pi extension sync when the managed files are already current
    ok 18 - does not log Pi extension sync when the managed files are already current
      ---
      duration_ms: 0.418837
      type: 'test'
      ...
    # Subtest: does not log CodeWhale hook sync when the config is already current
    ok 19 - does not log CodeWhale hook sync when the config is already current
      ---
      duration_ms: 0.693762
      type: 'test'
      ...
    1..19
ok 186 - integration sync runtime
  ---
  duration_ms: 47.287407
  type: 'suite'
  ...
# Subtest: extractExistingNodeBin
    # Subtest: extracts node path from flat command format
    ok 1 - extracts node path from flat command format
      ---
      duration_ms: 3.988983
      type: 'test'
      ...
    # Subtest: extracts node path from nested format with { nested: true }
    ok 2 - extracts node path from nested format with { nested: true }
      ---
      duration_ms: 0.467502
      type: 'test'
      ...
    # Subtest: returns null for nested format without { nested: true }
    ok 3 - returns null for nested format without { nested: true }
      ---
      duration_ms: 0.355133
      type: 'test'
      ...
    # Subtest: returns null for empty or missing settings
    ok 4 - returns null for empty or missing settings
      ---
      duration_ms: 0.291217
      type: 'test'
      ...
    # Subtest: returns null when first quoted token is not an absolute path
    ok 5 - returns null when first quoted token is not an absolute path
      ---
      duration_ms: 0.260073
      type: 'test'
      ...
    # Subtest: skips when first quoted token is the marker itself
    ok 6 - skips when first quoted token is the marker itself
      ---
      duration_ms: 0.266291
      type: 'test'
      ...
    # Subtest: extracts node path from Windows cmd wrapper format
    ok 7 - extracts node path from Windows cmd wrapper format
      ---
      duration_ms: 0.383732
      type: 'test'
      ...
    # Subtest: extracts node path with forward-slash Windows mixed style
    ok 8 - extracts node path with forward-slash Windows mixed style
      ---
      duration_ms: 0.375771
      type: 'test'
      ...
    # Subtest: extracts node path from a UNC share
    ok 9 - extracts node path from a UNC share
      ---
      duration_ms: 0.432776
      type: 'test'
      ...
    1..9
ok 187 - extractExistingNodeBin
  ---
  duration_ms: 8.783921
  type: 'suite'
  ...
# Subtest: extractExistingNodeBinFromCommands
    # Subtest: extracts the first absolute path that is not the hook script
    ok 1 - extracts the first absolute path that is not the hook script
      ---
      duration_ms: 0.384232
      type: 'test'
      ...
    # Subtest: returns Windows drive paths verbatim
    ok 2 - returns Windows drive paths verbatim
      ---
      duration_ms: 0.166059
      type: 'test'
      ...
    # Subtest: returns UNC paths
    ok 3 - returns UNC paths
      ---
      duration_ms: 0.195712
      type: 'test'
      ...
    # Subtest: skips bare 'node' and returns null when nothing absolute is found
    ok 4 - skips bare 'node' and returns null when nothing absolute is found
      ---
      duration_ms: 0.16149
      type: 'test'
      ...
    # Subtest: walks past commands that begin with the marker itself
    ok 5 - walks past commands that begin with the marker itself
      ---
      duration_ms: 0.136766
      type: 'test'
      ...
    # Subtest: returns null for non-array or missing inputs
    ok 6 - returns null for non-array or missing inputs
      ---
      duration_ms: 0.127632
      type: 'test'
      ...
    # Subtest: ignores non-string entries in the commands array
    ok 7 - ignores non-string entries in the commands array
      ---
      duration_ms: 0.120673
      type: 'test'
      ...
    1..7
ok 188 - extractExistingNodeBinFromCommands
  ---
  duration_ms: 1.737618
  type: 'suite'
  ...
# Subtest: formatNodeHookCommand
    # Subtest: formats POSIX commands as quoted node + script
    ok 1 - formats POSIX commands as quoted node + script
      ---
      duration_ms: 0.368112
      type: 'test'
      ...
    # Subtest: formats Windows PowerShell commands with call operator
    ok 2 - formats Windows PowerShell commands with call operator
      ---
      duration_ms: 1.761164
      type: 'test'
      ...
    # Subtest: formats Windows cmd-wrapped commands
    ok 3 - formats Windows cmd-wrapped commands
      ---
      duration_ms: 0.162951
      type: 'test'
      ...
    1..3
ok 189 - formatNodeHookCommand
  ---
  duration_ms: 2.456787
  type: 'suite'
  ...
# Subtest: writeJsonAtomicAsync
    # Subtest: writes pretty JSON atomically and cleans up tmp files
    ok 1 - writes pretty JSON atomically and cleans up tmp files
      ---
      duration_ms: 25.875488
      type: 'test'
      ...
    1..1
ok 190 - writeJsonAtomicAsync
  ---
  duration_ms: 26.163707
  type: 'suite'
  ...
# Subtest: Kimi agent config
    # Subtest: uses hook-only event source
    ok 1 - uses hook-only event source
      ---
      duration_ms: 2.123163
      type: 'test'
      ...
    # Subtest: does not expose log polling config
    ok 2 - does not expose log polling config
      ---
      duration_ms: 0.378693
      type: 'test'
      ...
    1..2
ok 191 - Kimi agent config
  ---
  duration_ms: 4.389911
  type: 'suite'
  ...
# Subtest: Kimi hook script
    # Subtest: maps PreToolUse for permission tools to notification when payload marks approval
    ok 1 - maps PreToolUse for permission tools to notification when payload marks approval
      ---
      duration_ms: 2.146885
      type: 'test'
      ...
    # Subtest: reads event from hook_event_name (Kimi CLI format)
    ok 2 - reads event from hook_event_name (Kimi CLI format)
      ---
      duration_ms: 0.352087
      type: 'test'
      ...
    # Subtest: supports camelCase toolName and explicit permission flags
    ok 3 - supports camelCase toolName and explicit permission flags
      ---
      duration_ms: 0.346248
      type: 'test'
      ...
    # Subtest: treats string-form waiting status as explicit permission signal
    ok 4 - treats string-form waiting status as explicit permission signal
      ---
      duration_ms: 0.4962
      type: 'test'
      ...
    # Subtest: recognizes unknown permission-key payload shapes via keyword fallback
    ok 5 - recognizes unknown permission-key payload shapes via keyword fallback
      ---
      duration_ms: 0.549826
      type: 'test'
      ...
    # Subtest: reads tool name from tool_name / toolName / nested tool object
    ok 6 - reads tool name from tool_name / toolName / nested tool object
      ---
      duration_ms: 0.182062
      type: 'test'
      ...
    # Subtest: maps PreToolUse for non-permission tools to working
    ok 7 - maps PreToolUse for non-permission tools to working
      ---
      duration_ms: 0.235595
      type: 'test'
      ...
    # Subtest: defaults to explicit-only (no suspect) for permission tools without explicit signal
    ok 8 - defaults to explicit-only (no suspect) for permission tools without explicit signal
      ---
      duration_ms: 0.781496
      type: 'test'
      ...
    # Subtest: CLAWD_KIMI_PERMISSION_SUSPECT=1 enables deferred suspect mode
    ok 9 - CLAWD_KIMI_PERMISSION_SUSPECT=1 enables deferred suspect mode
      ---
      duration_ms: 0.649839
      type: 'test'
      ...
    # Subtest: CLAWD_KIMI_PERMISSION_MODE controls default classification persistently
    ok 10 - CLAWD_KIMI_PERMISSION_MODE controls default classification persistently
      ---
      duration_ms: 0.672025
      type: 'test'
      ...
    # Subtest: CLAWD_KIMI_PERMISSION_IMMEDIATE=1 restores legacy instant notification mapping
    ok 11 - CLAWD_KIMI_PERMISSION_IMMEDIATE=1 restores legacy instant notification mapping
      ---
      duration_ms: 0.27556
      type: 'test'
      ...
    # Subtest: keeps PreToolUse as working without permission_suspect when disable env is set
    ok 12 - keeps PreToolUse as working without permission_suspect when disable env is set
      ---
      duration_ms: 0.217719
      type: 'test'
      ...
    # Subtest: still remaps to PermissionRequest when disable env is set but payload is explicit
    ok 13 - still remaps to PermissionRequest when disable env is set but payload is explicit
      ---
      duration_ms: 0.259171
      type: 'test'
      ...
    # Subtest: maps SessionStart to idle
    ok 14 - maps SessionStart to idle
      ---
      duration_ms: 0.152785
      type: 'test'
      ...
    # Subtest: maps SessionEnd to sleeping
    ok 15 - maps SessionEnd to sleeping
      ---
      duration_ms: 0.12762
      type: 'test'
      ...
    # Subtest: maps Notification to notification
    ok 16 - maps Notification to notification
      ---
      duration_ms: 0.130237
      type: 'test'
      ...
    # Subtest: maps SubagentStart to juggling
    ok 17 - maps SubagentStart to juggling
      ---
      duration_ms: 0.163544
      type: 'test'
      ...
    # Subtest: maps PostToolUse to working
    ok 18 - maps PostToolUse to working
      ---
      duration_ms: 0.177823
      type: 'test'
      ...
    # Subtest: maps Stop to attention
    ok 19 - maps Stop to attention
      ---
      duration_ms: 0.132923
      type: 'test'
      ...
    # Subtest: returns null for unknown events
    ok 20 - returns null for unknown events
      ---
      duration_ms: 0.098424
      type: 'test'
      ...
    # Subtest: coerces non-string session_id instead of throwing
    ok 21 - coerces non-string session_id instead of throwing
      ---
      duration_ms: 0.215662
      type: 'test'
      ...
    # Subtest: falls back to default when session_id is missing
    ok 22 - falls back to default when session_id is missing
      ---
      duration_ms: 0.163544
      type: 'test'
      ...
    # Subtest: ignores non-string cwd instead of passing it through
    ok 23 - ignores non-string cwd instead of passing it through
      ---
      duration_ms: 0.148915
      type: 'test'
      ...
    # Subtest: includes PID info from resolver
    ok 24 - includes PID info from resolver
      ---
      duration_ms: 1.014276
      type: 'test'
      ...
    # Subtest: allows overriding permission tools through env parser
    ok 25 - allows overriding permission tools through env parser
      ---
      duration_ms: 0.223486
      type: 'test'
      ...
    # Subtest: classifyPreTool: default / immediate / disable / explicit matrix
    ok 26 - classifyPreTool: default / immediate / disable / explicit matrix
      ---
      duration_ms: 0.316989
      type: 'test'
      ...
    # Subtest: uses default debug log size cap when env is unset/invalid
    ok 27 - uses default debug log size cap when env is unset/invalid
      ---
      duration_ms: 0.19089
      type: 'test'
      ...
    # Subtest: stops writing debug log when file reaches max bytes cap
    ok 28 - stops writing debug log when file reaches max bytes cap
      ---
      duration_ms: 1.884962
      type: 'test'
      ...
    1..28
ok 192 - Kimi hook script
  ---
  duration_ms: 16.443034
  type: 'suite'
  ...
# Subtest: Kimi hook installer
    # Subtest: creates config.toml if it does not exist
    ok 1 - creates config.toml if it does not exist
      ---
      duration_ms: 4.318673
      type: 'test'
      ...
    # Subtest: replaces empty hooks = [] with [[hooks]] blocks
    ok 2 - replaces empty hooks = [] with [[hooks]] blocks
      ---
      duration_ms: 1.962286
      type: 'test'
      ...
    # Subtest: appends hooks to existing config.toml
    ok 3 - appends hooks to existing config.toml
      ---
      duration_ms: 3.121001
      type: 'test'
      ...
    # Subtest: skips when hooks are already registered
    ok 4 - skips when hooks are already registered
      ---
      duration_ms: 2.117032
      type: 'test'
      ...
    # Subtest: updates stale hook paths without duplicating entries
    ok 5 - updates stale hook paths without duplicating entries
      ---
      duration_ms: 2.115661
      type: 'test'
      ...
    # Subtest: deduplicates repeated Clawd Kimi hook blocks
    ok 6 - deduplicates repeated Clawd Kimi hook blocks
      ---
      duration_ms: 1.987115
      type: 'test'
      ...
    # Subtest: matches and normalizes double-quoted command strings with escaped quotes
    ok 7 - matches and normalizes double-quoted command strings with escaped quotes
      ---
      duration_ms: 1.696118
      type: 'test'
      ...
    # Subtest: preserves user-authored sections that follow Clawd hook blocks
    ok 8 - preserves user-authored sections that follow Clawd hook blocks
      ---
      duration_ms: 1.345123
      type: 'test'
      ...
    # Subtest: unregister removes only Clawd blocks and preserves following TOML sections
    ok 9 - unregister removes only Clawd blocks and preserves following TOML sections
      ---
      duration_ms: 4.182491
      type: 'test'
      ...
    # Subtest: preserves an existing absolute Windows node path when detection fails
    ok 10 - preserves an existing absolute Windows node path when detection fails
      ---
      duration_ms: 2.496628
      type: 'test'
      ...
    # Subtest: skips when ~/.kimi/ does not exist
    ok 11 - skips when ~/.kimi/ does not exist
      ---
      duration_ms: 0.618593
      type: 'test'
      ...
    # Subtest: writes CLAWD_KIMI_PERMISSION_MODE into hook command when provided
    ok 12 - writes CLAWD_KIMI_PERMISSION_MODE into hook command when provided
      ---
      duration_ms: 0.94572
      type: 'test'
      ...
    # Subtest: normalizes permission mode values
    ok 13 - normalizes permission mode values
      ---
      duration_ms: 0.277348
      type: 'test'
      ...
    # Subtest: extracts the permission mode baked into an existing command line
    ok 14 - extracts the permission mode baked into an existing command line
      ---
      duration_ms: 0.251207
      type: 'test'
      ...
    # Subtest: preserves existing CLAWD_KIMI_PERMISSION_MODE across env-less re-syncs
    ok 15 - preserves existing CLAWD_KIMI_PERMISSION_MODE across env-less re-syncs
      ---
      duration_ms: 1.165551
      type: 'test'
      ...
    # Subtest: extracts mode from double-quoted commands with escaped inner quotes
    ok 16 - extracts mode from double-quoted commands with escaped inner quotes
      ---
      duration_ms: 0.206489
      type: 'test'
      ...
    # Subtest: preserves mode across re-sync when prior config used escaped double quotes
    ok 17 - preserves mode across re-sync when prior config used escaped double quotes
      ---
      duration_ms: 2.801108
      type: 'test'
      ...
    # Subtest: explicit override wins over the previously written mode
    ok 18 - explicit override wins over the previously written mode
      ---
      duration_ms: 1.258851
      type: 'test'
      ...
    1..18
ok 193 - Kimi hook installer
  ---
  duration_ms: 35.267382
  type: 'suite'
  ...
# Subtest: KimiLogMonitor lifecycle (hook-only stub)
    # Subtest: constructor/start/stop do not throw
    ok 1 - constructor/start/stop do not throw
      ---
      duration_ms: 1.158739
      type: 'test'
      ...
    # Subtest: stop is idempotent
    ok 2 - stop is idempotent
      ---
      duration_ms: 0.226636
      type: 'test'
      ...
    # Subtest: start-stop-start-stop sequence remains safe
    ok 3 - start-stop-start-stop sequence remains safe
      ---
      duration_ms: 0.367056
      type: 'test'
      ...
    1..3
ok 194 - KimiLogMonitor lifecycle (hook-only stub)
  ---
  duration_ms: 3.311467
  type: 'suite'
  ...
# Subtest: Kiro hook installer
    # Subtest: creates clawd.json from kiro_default template without changing cli settings
    ok 1 - creates clawd.json from kiro_default template without changing cli settings
      ---
      duration_ms: 6.469795
      type: 'test'
      ...
    # Subtest: preserves existing cli settings untouched
    ok 2 - preserves existing cli settings untouched
      ---
      duration_ms: 37.64506
      type: 'test'
      ...
    # Subtest: reseeds legacy hook-only clawd agent from kiro_default template
    ok 3 - reseeds legacy hook-only clawd agent from kiro_default template
      ---
      duration_ms: 4.352615
      type: 'test'
      ...
    # Subtest: updates stale hook paths without duplicating entries
    ok 4 - updates stale hook paths without duplicating entries
      ---
      duration_ms: 1.891575
      type: 'test'
      ...
    # Subtest: re-syncs clawd.json from the latest kiro_default template on every run
    ok 5 - re-syncs clawd.json from the latest kiro_default template on every run
      ---
      duration_ms: 2.758092
      type: 'test'
      ...
    # Subtest: EXCLUDED_KEYS filtering: model/includeMcpJson absent, description always Clawd's
    ok 6 - EXCLUDED_KEYS filtering: model/includeMcpJson absent, description always Clawd's
      ---
      duration_ms: 10.162921
      type: 'test'
      ...
    # Subtest: fallback to minimal agent when kiro-cli is unavailable
    ok 7 - fallback to minimal agent when kiro-cli is unavailable
      ---
      duration_ms: 4.069074
      type: 'test'
      ...
    # Subtest: formatHookCommand wraps Windows commands with PowerShell call operator
    ok 8 - formatHookCommand wraps Windows commands with PowerShell call operator
      ---
      duration_ms: 0.372056
      type: 'test'
      ...
    # Subtest: getKiroCliCandidates returns Windows install paths on win32
    ok 9 - getKiroCliCandidates returns Windows install paths on win32
      ---
      duration_ms: 0.850933
      type: 'test'
      ...
    # Subtest: generated hook commands use PowerShell-safe format on Windows
    ok 10 - generated hook commands use PowerShell-safe format on Windows
      ---
      duration_ms: 2.722588
      type: 'test'
      ...
    # Subtest: trusts the template file when EDITOR mis-fires (non-zero spawn exit)
    ok 11 - trusts the template file when EDITOR mis-fires (non-zero spawn exit)
      ---
      duration_ms: 9.718326
      type: 'test'
      ...
    # Subtest: fallback preserves existing clawd.json when kiro-cli is unavailable
    ok 12 - fallback preserves existing clawd.json when kiro-cli is unavailable
      ---
      duration_ms: 3.422831
      type: 'test'
      ...
    1..12
ok 195 - Kiro hook installer
  ---
  duration_ms: 86.878588
  type: 'suite'
  ...
# Subtest: buildClaudeArgs
    # Subtest: normal mode passes no flags
    ok 1 - normal mode passes no flags
      ---
      duration_ms: 1.842189
      type: 'test'
      ...
    # Subtest: dangerous mode passes --dangerously-skip-permissions
    ok 2 - dangerous mode passes --dangerously-skip-permissions
      ---
      duration_ms: 0.398085
      type: 'test'
      ...
    # Subtest: continue mode passes -c
    ok 3 - continue mode passes -c
      ---
      duration_ms: 0.199438
      type: 'test'
      ...
    # Subtest: resume mode passes --resume <sessionId>
    ok 4 - resume mode passes --resume <sessionId>
      ---
      duration_ms: 0.289678
      type: 'test'
      ...
    # Subtest: trims valid resume session IDs
    ok 5 - trims valid resume session IDs
      ---
      duration_ms: 0.302463
      type: 'test'
      ...
    # Subtest: resume-dangerous combines skip-permissions and --resume
    ok 6 - resume-dangerous combines skip-permissions and --resume
      ---
      duration_ms: 1.906705
      type: 'test'
      ...
    # Subtest: resume without a sessionId omits --resume
    ok 7 - resume without a sessionId omits --resume
      ---
      duration_ms: 0.26313
      type: 'test'
      ...
    # Subtest: rejects unsafe resume session IDs before terminal command construction
    ok 8 - rejects unsafe resume session IDs before terminal command construction
      ---
      duration_ms: 0.949007
      type: 'test'
      ...
    1..8
ok 196 - buildClaudeArgs
  ---
  duration_ms: 8.094301
  type: 'suite'
  ...
# Subtest: normalizeClaudeSessionId
    # Subtest: accepts alphanumeric, hyphen, and underscore
    ok 1 - accepts alphanumeric, hyphen, and underscore
      ---
      duration_ms: 0.409515
      type: 'test'
      ...
    # Subtest: rejects non-string session IDs
    ok 2 - rejects non-string session IDs
      ---
      duration_ms: 0.475528
      type: 'test'
      ...
    1..2
ok 197 - normalizeClaudeSessionId
  ---
  duration_ms: 1.128465
  type: 'suite'
  ...
# Subtest: quoteForPowerShell
    # Subtest: wraps plain strings in single quotes
    ok 1 - wraps plain strings in single quotes
      ---
      duration_ms: 0.2342
      type: 'test'
      ...
    # Subtest: doubles embedded single quotes
    ok 2 - doubles embedded single quotes
      ---
      duration_ms: 0.108535
      type: 'test'
      ...
    # Subtest: leaves shell metacharacters literal inside single quotes
    ok 3 - leaves shell metacharacters literal inside single quotes
      ---
      duration_ms: 0.095448
      type: 'test'
      ...
    # Subtest: throws on non-string input
    ok 4 - throws on non-string input
      ---
      duration_ms: 0.19801
      type: 'test'
      ...
    1..4
ok 198 - quoteForPowerShell
  ---
  duration_ms: 0.820095
  type: 'suite'
  ...
# Subtest: cmd executable quoting
    # Subtest: wraps executable paths in real cmd quotes
    ok 1 - wraps executable paths in real cmd quotes
      ---
      duration_ms: 0.24007
      type: 'test'
      ...
    # Subtest: rejects executable paths containing double quotes
    ok 2 - rejects executable paths containing double quotes
      ---
      duration_ms: 0.240092
      type: 'test'
      ...
    # Subtest: builds cmd's outer-quoted command form for paths with spaces
    ok 3 - builds cmd's outer-quoted command form for paths with spaces
      ---
      duration_ms: 0.517927
      type: 'test'
      ...
    1..3
ok 199 - cmd executable quoting
  ---
  duration_ms: 1.148509
  type: 'suite'
  ...
# Subtest: findClaudeCmd
    # Subtest: Windows: prefers claude.cmd when `where` lists the extensionless script first
    ok 1 - Windows: prefers claude.cmd when `where` lists the extensionless script first
      ---
      duration_ms: 0.849834
      type: 'test'
      ...
    # Subtest: Windows: never returns the extensionless POSIX shim, probing for a sibling
    ok 2 - Windows: never returns the extensionless POSIX shim, probing for a sibling
      ---
      duration_ms: 0.1685
      type: 'test'
      ...
    # Subtest: Windows: prefers a real claude.exe over the .cmd shim
    ok 3 - Windows: prefers a real claude.exe over the .cmd shim
      ---
      duration_ms: 0.141064
      type: 'test'
      ...
    # Subtest: Windows: falls back to %APPDATA%\\npm\\claude.cmd when PATH lookup misses
    ok 4 - Windows: falls back to %APPDATA%\\npm\\claude.cmd when PATH lookup misses
      ---
      duration_ms: 0.401543
      type: 'test'
      ...
    # Subtest: Windows: returns bare "claude" when nothing is found
    ok 5 - Windows: returns bare "claude" when nothing is found
      ---
      duration_ms: 0.213088
      type: 'test'
      ...
    # Subtest: Windows: passes through to stage 3 when only an extensionless shim exists (no sibling)
    ok 6 - Windows: passes through to stage 3 when only an extensionless shim exists (no sibling)
      ---
      duration_ms: 0.263169
      type: 'test'
      ...
    # Subtest: Windows: matches launchable extensions case-insensitively
    ok 7 - Windows: matches launchable extensions case-insensitively
      ---
      duration_ms: 0.146429
      type: 'test'
      ...
    # Subtest: POSIX: returns the first existing `which` result
    ok 8 - POSIX: returns the first existing `which` result
      ---
      duration_ms: 0.144233
      type: 'test'
      ...
    1..8
ok 200 - findClaudeCmd
  ---
  duration_ms: 2.632988
  type: 'suite'
  ...
# Subtest: buildTerminalCandidates - Windows
    # Subtest: orders fallbacks wt -> cmd -> powershell
    ok 1 - orders fallbacks wt -> cmd -> powershell
      ---
      duration_ms: 0.638987
      type: 'test'
      ...
    # Subtest: wt.exe routes through cmd.exe so Windows Terminal never execs a .cmd shim directly
    ok 2 - wt.exe routes through cmd.exe so Windows Terminal never execs a .cmd shim directly
      ---
      duration_ms: 0.299785
      type: 'test'
      ...
    # Subtest: cmd.exe quotes a claude path with spaces
    ok 3 - cmd.exe quotes a claude path with spaces
      ---
      duration_ms: 0.193976
      type: 'test'
      ...
    # Subtest: cmd.exe caret-escapes shell metacharacters in the command string
    ok 4 - cmd.exe caret-escapes shell metacharacters in the command string
      ---
      duration_ms: 0.182349
      type: 'test'
      ...
    # Subtest: round-trips a spaced executable path through real cmd.exe
    ok 5 - round-trips a spaced executable path through real cmd.exe # SKIP
      ---
      duration_ms: 0.075722
      type: 'test'
      ...
    # Subtest: round-trips a spaced npm-style .cmd shim through real cmd.exe
    ok 6 - round-trips a spaced npm-style .cmd shim through real cmd.exe # SKIP
      ---
      duration_ms: 0.06951
      type: 'test'
      ...
    # Subtest: round-trips a spaced + parenthesized .cmd shim through wt's cmd.exe layer
    ok 7 - round-trips a spaced + parenthesized .cmd shim through wt's cmd.exe layer # SKIP
      ---
      duration_ms: 0.06397
      type: 'test'
      ...
    # Subtest: powershell.exe single-quotes path and args, neutralizing injection
    ok 8 - powershell.exe single-quotes path and args, neutralizing injection
      ---
      duration_ms: 0.262147
      type: 'test'
      ...
    1..8
ok 201 - buildTerminalCandidates - Windows
  ---
  duration_ms: 3.562368
  type: 'suite'
  ...
# Subtest: buildTerminalCandidates - macOS
    # Subtest: returns a single osascript candidate with two-layer quoting
    ok 1 - returns a single osascript candidate with two-layer quoting
      ---
      duration_ms: 0.354074
      type: 'test'
      ...
    # Subtest: escapes AppleScript-breaking quotes in the sessionId
    ok 2 - escapes AppleScript-breaking quotes in the sessionId
      ---
      duration_ms: 0.255542
      type: 'test'
      ...
    # Subtest: prefixes an explicit cd -- <workDir> when a working directory is given (\#459)
    ok 3 - prefixes an explicit cd -- <workDir> when a working directory is given (\#459)
      ---
      duration_ms: 0.142686
      type: 'test'
      ...
    # Subtest: omits the cd prefix when no working directory is given
    ok 4 - omits the cd prefix when no working directory is given
      ---
      duration_ms: 0.146297
      type: 'test'
      ...
    1..4
ok 202 - buildTerminalCandidates - macOS
  ---
  duration_ms: 1.145279
  type: 'suite'
  ...
# Subtest: buildShellTerminalCandidates (\#459)
    # Subtest: win32: wt -d first, then cmd cd /d as one pre-quoted string, then PS -LiteralPath
    ok 1 - win32: wt -d first, then cmd cd /d as one pre-quoted string, then PS -LiteralPath
      ---
      duration_ms: 0.429763
      type: 'test'
      ...
    # Subtest: win32: -LiteralPath keeps glob characters literal
    ok 2 - win32: -LiteralPath keeps glob characters literal
      ---
      duration_ms: 0.118867
      type: 'test'
      ...
    # Subtest: win32: rejects directories containing double quotes
    ok 3 - win32: rejects directories containing double quotes
      ---
      duration_ms: 0.22647
      type: 'test'
      ...
    # Subtest: win32: a %-containing dir skips the cmd.exe candidate (no command-line escape exists)
    ok 4 - win32: a %-containing dir skips the cmd.exe candidate (no command-line escape exists)
      ---
      duration_ms: 0.154873
      type: 'test'
      ...
    # Subtest: win32: `!` and `^ &` dirs keep the cmd.exe candidate (/v:off + quotes make them literal)
    ok 5 - win32: `!` and `^ &` dirs keep the cmd.exe candidate (/v:off + quotes make them literal)
      ---
      duration_ms: 0.143379
      type: 'test'
      ...
    # Subtest: round-trips a spaced/special dir through real cmd.exe cd
    ok 6 - round-trips a spaced/special dir through real cmd.exe cd # SKIP
      ---
      duration_ms: 0.074068
      type: 'test'
      ...
    # Subtest: darwin: single osascript candidate with explicit cd -- and two-layer quoting
    ok 7 - darwin: single osascript candidate with explicit cd -- and two-layer quoting
      ---
      duration_ms: 0.138386
      type: 'test'
      ...
    # Subtest: darwin: survives single quotes in the directory name
    ok 8 - darwin: survives single quotes in the directory name
      ---
      duration_ms: 0.126458
      type: 'test'
      ...
    # Subtest: linux: documented emulator chain, command only keeps a shell alive
    ok 9 - linux: documented emulator chain, command only keeps a shell alive
      ---
      duration_ms: 0.237254
      type: 'test'
      ...
    1..9
ok 203 - buildShellTerminalCandidates (\#459)
  ---
  duration_ms: 2.402561
  type: 'suite'
  ...
# Subtest: openTerminalAt (\#459)
    # Subtest: walks the candidate chain and passes the directory as spawn cwd
    ok 1 - walks the candidate chain and passes the directory as spawn cwd
      ---
      duration_ms: 0.513137
      type: 'test'
      ...
    # Subtest: reports the last error when every candidate fails
    ok 2 - reports the last error when every candidate fails
      ---
      duration_ms: 0.299604
      type: 'test'
      ...
    # Subtest: rejects an empty directory without spawning
    ok 3 - rejects an empty directory without spawning
      ---
      duration_ms: 0.153469
      type: 'test'
      ...
    # Subtest: turns a win32 double-quote rejection into a failed result, not a throw
    ok 4 - turns a win32 double-quote rejection into a failed result, not a throw
      ---
      duration_ms: 0.375562
      type: 'test'
      ...
    1..4
ok 204 - openTerminalAt (\#459)
  ---
  duration_ms: 1.521525
  type: 'suite'
  ...
# Subtest: buildTerminalCandidates - Linux
    # Subtest: offers the documented emulator fallback chain
    ok 1 - offers the documented emulator fallback chain
      ---
      duration_ms: 0.231614
      type: 'test'
      ...
    # Subtest: POSIX-quotes path and args inside the bash -c payload
    ok 2 - POSIX-quotes path and args inside the bash -c payload
      ---
      duration_ms: 0.143976
      type: 'test'
      ...
    # Subtest: neutralizes command injection in the sessionId
    ok 3 - neutralizes command injection in the sessionId
      ---
      duration_ms: 0.24219
      type: 'test'
      ...
    1..3
ok 205 - buildTerminalCandidates - Linux
  ---
  duration_ms: 0.828109
  type: 'suite'
  ...
# Subtest: launchClaudeSession - terminal fallback
    # Subtest: returns the first terminal that spawns (wt)
    ok 1 - returns the first terminal that spawns (wt)
      ---
      duration_ms: 0.768263
      type: 'test'
      ...
    # Subtest: falls through wt -> cmd when wt is missing
    ok 2 - falls through wt -> cmd when wt is missing
      ---
      duration_ms: 0.290771
      type: 'test'
      ...
    # Subtest: falls all the way through to powershell
    ok 3 - falls all the way through to powershell
      ---
      duration_ms: 0.322091
      type: 'test'
      ...
    # Subtest: returns ok:false with a message when every terminal fails
    ok 4 - returns ok:false with a message when every terminal fails
      ---
      duration_ms: 0.245449
      type: 'test'
      ...
    # Subtest: passes the resolved claude path and quoted args through to the terminal
    ok 5 - passes the resolved claude path and quoted args through to the terminal
      ---
      duration_ms: 0.228899
      type: 'test'
      ...
    # Subtest: rejects unsafe resume IDs before trying any terminal
    ok 6 - rejects unsafe resume IDs before trying any terminal
      ---
      duration_ms: 0.436916
      type: 'test'
      ...
    1..6
ok 206 - launchClaudeSession - terminal fallback
  ---
  duration_ms: 2.612724
  type: 'suite'
  ...
# Subtest: resolveLinuxOzonePlatform()
    # Subtest: returns null on non-Linux platforms regardless of env
    ok 1 - returns null on non-Linux platforms regardless of env
      ---
      duration_ms: 1.38407
      type: 'test'
      ...
    # Subtest: explicit CLAWD_OZONE_PLATFORM override (highest priority)
        # Subtest: =x11 forces XWayland
        ok 1 - =x11 forces XWayland
          ---
          duration_ms: 0.412583
          type: 'test'
          ...
        # Subtest: =x11 wins even with no DISPLAY (user asked for it explicitly)
        ok 2 - =x11 wins even with no DISPLAY (user asked for it explicitly)
          ---
          duration_ms: 0.202646
          type: 'test'
          ...
        # Subtest: =wayland forces native Wayland
        ok 3 - =wayland forces native Wayland
          ---
          duration_ms: 0.194506
          type: 'test'
          ...
        # Subtest: =wayland overrides a differing --ozone-platform the user passed on argv
        ok 4 - =wayland overrides a differing --ozone-platform the user passed on argv
          ---
          duration_ms: 0.22786
          type: 'test'
          ...
        # Subtest: =auto leaves things untouched, even with a user argv switch
        ok 5 - =auto leaves things untouched, even with a user argv switch
          ---
          duration_ms: 0.189079
          type: 'test'
          ...
        # Subtest: is case-insensitive and trims surrounding whitespace
        ok 6 - is case-insensitive and trims surrounding whitespace
          ---
          duration_ms: 0.299826
          type: 'test'
          ...
        # Subtest: ignores an unrecognized override value and falls back to detection
        ok 7 - ignores an unrecognized override value and falls back to detection
          ---
          duration_ms: 0.245532
          type: 'test'
          ...
        1..7
    ok 2 - explicit CLAWD_OZONE_PLATFORM override (highest priority)
      ---
      duration_ms: 2.667495
      type: 'suite'
      ...
    # Subtest: explicit user --ozone-platform on argv (no env override)
        # Subtest: is respected — auto-detection does not override it
        ok 1 - is respected — auto-detection does not override it
          ---
          duration_ms: 0.407223
          type: 'test'
          ...
        # Subtest: blank/whitespace user value is treated as absent → auto-detection runs
        ok 2 - blank/whitespace user value is treated as absent → auto-detection runs
          ---
          duration_ms: 0.373243
          type: 'test'
          ...
        1..2
    ok 3 - explicit user --ozone-platform on argv (no env override)
      ---
      duration_ms: 1.102742
      type: 'suite'
      ...
    # Subtest: auto-detection (no override, no user switch)
        # Subtest: forces x11 on a Wayland session when XWayland (DISPLAY) is available
        ok 1 - forces x11 on a Wayland session when XWayland (DISPLAY) is available
          ---
          duration_ms: 0.322256
          type: 'test'
          ...
        # Subtest: detects Wayland via WAYLAND_DISPLAY when XDG_SESSION_TYPE is unset
        ok 2 - detects Wayland via WAYLAND_DISPLAY when XDG_SESSION_TYPE is unset
          ---
          duration_ms: 0.163697
          type: 'test'
          ...
        # Subtest: does NOT force x11 on Wayland when no DISPLAY (no XWayland) — would crash startup
        ok 3 - does NOT force x11 on Wayland when no DISPLAY (no XWayland) — would crash startup
          ---
          duration_ms: 1.806763
          type: 'test'
          ...
        # Subtest: treats whitespace-only DISPLAY / WAYLAND_DISPLAY as absent
        ok 4 - treats whitespace-only DISPLAY / WAYLAND_DISPLAY as absent
          ---
          duration_ms: 0.240552
          type: 'test'
          ...
        # Subtest: leaves a native X11 session alone (already positionable)
        ok 5 - leaves a native X11 session alone (already positionable)
          ---
          duration_ms: 0.120489
          type: 'test'
          ...
        # Subtest: returns null when there are no Wayland signals at all
        ok 6 - returns null when there are no Wayland signals at all
          ---
          duration_ms: 0.171717
          type: 'test'
          ...
        1..6
    ok 4 - auto-detection (no override, no user switch)
      ---
      duration_ms: 3.224698
      type: 'suite'
      ...
    # Subtest: respects a user --ozone-platform parsed from a real argv array
    ok 5 - respects a user --ozone-platform parsed from a real argv array
      ---
      duration_ms: 0.242276
      type: 'test'
      ...
    1..5
ok 207 - resolveLinuxOzonePlatform()
  ---
  duration_ms: 10.353188
  type: 'suite'
  ...
# Subtest: parseOzonePlatformFromArgv()
    # Subtest: reads the canonical --ozone-platform=VALUE form
    ok 1 - reads the canonical --ozone-platform=VALUE form
      ---
      duration_ms: 0.209611
      type: 'test'
      ...
    # Subtest: reads the space-separated --ozone-platform VALUE form
    ok 2 - reads the space-separated --ozone-platform VALUE form
      ---
      duration_ms: 0.166705
      type: 'test'
      ...
    # Subtest: returns null when the flag is absent
    ok 3 - returns null when the flag is absent
      ---
      duration_ms: 0.123344
      type: 'test'
      ...
    # Subtest: stops scanning at the -- end-of-flags marker
    ok 4 - stops scanning at the -- end-of-flags marker
      ---
      duration_ms: 0.092977
      type: 'test'
      ...
    # Subtest: does not consume a following flag as the value (space form)
    ok 5 - does not consume a following flag as the value (space form)
      ---
      duration_ms: 0.114141
      type: 'test'
      ...
    # Subtest: trims surrounding whitespace in the value
    ok 6 - trims surrounding whitespace in the value
      ---
      duration_ms: 0.094211
      type: 'test'
      ...
    # Subtest: returns empty string for the flag with no value (treated as absent by resolve)
    ok 7 - returns empty string for the flag with no value (treated as absent by resolve)
      ---
      duration_ms: 0.097199
      type: 'test'
      ...
    # Subtest: returns the FIRST occurrence when the flag is repeated
    ok 8 - returns the FIRST occurrence when the flag is repeated
      ---
      duration_ms: 0.085316
      type: 'test'
      ...
    1..8
ok 208 - parseOzonePlatformFromArgv()
  ---
  duration_ms: 1.320544
  type: 'suite'
  ...
# Subtest: planXWaylandRelaunch()
    # Subtest: relaunches with --ozone-platform=x11 on a Wayland session with DISPLAY
    ok 1 - relaunches with --ozone-platform=x11 on a Wayland session with DISPLAY
      ---
      duration_ms: 1.343834
      type: 'test'
      ...
    # Subtest: preserves passthrough args and appends our flag last
    ok 2 - preserves passthrough args and appends our flag last
      ---
      duration_ms: 0.394974
      type: 'test'
      ...
    # Subtest: inserts the flag BEFORE a -- marker and preserves app args after it
    ok 3 - inserts the flag BEFORE a -- marker and preserves app args after it
      ---
      duration_ms: 0.362626
      type: 'test'
      ...
    # Subtest: inserts the flag before -- even when -- leads the passthrough
    ok 4 - inserts the flag before -- even when -- leads the passthrough
      ---
      duration_ms: 0.181091
      type: 'test'
      ...
    # Subtest: relaunches when CLAWD_OZONE_PLATFORM=x11, even off a Wayland session
    ok 5 - relaunches when CLAWD_OZONE_PLATFORM=x11, even off a Wayland session
      ---
      duration_ms: 0.22568
      type: 'test'
      ...
    # Subtest: guard 1: does NOT relaunch once CLAWD_OZONE_RELAUNCHED=1 is set
    ok 6 - guard 1: does NOT relaunch once CLAWD_OZONE_RELAUNCHED=1 is set
      ---
      duration_ms: 0.135037
      type: 'test'
      ...
    # Subtest: guard 2: does NOT relaunch when --ozone-platform is already on argv
    ok 7 - guard 2: does NOT relaunch when --ozone-platform is already on argv
      ---
      duration_ms: 0.105817
      type: 'test'
      ...
    # Subtest: guard 3: does NOT relaunch when XWayland is not the target
    ok 8 - guard 3: does NOT relaunch when XWayland is not the target
      ---
      duration_ms: 0.219448
      type: 'test'
      ...
    # Subtest: honors a user's explicit --ozone-platform=wayland (no relaunch)
    ok 9 - honors a user's explicit --ozone-platform=wayland (no relaunch)
      ---
      duration_ms: 0.127925
      type: 'test'
      ...
    # Subtest: does NOT relaunch on non-Linux platforms
    ok 10 - does NOT relaunch on non-Linux platforms
      ---
      duration_ms: 0.23055
      type: 'test'
      ...
    1..10
ok 209 - planXWaylandRelaunch()
  ---
  duration_ms: 3.697637
  type: 'suite'
  ...
# Subtest: rotatedAppend
    # Subtest: creates and appends to a new file
    ok 1 - creates and appends to a new file
      ---
      duration_ms: 3.181524
      type: 'test'
      ...
    # Subtest: does not truncate when under maxBytes
    ok 2 - does not truncate when under maxBytes
      ---
      duration_ms: 1.15396
      type: 'test'
      ...
    # Subtest: truncates to roughly half when exceeding maxBytes
    ok 3 - truncates to roughly half when exceeding maxBytes
      ---
      duration_ms: 3.116757
      type: 'test'
      ...
    # Subtest: preserves line boundaries after truncation
    ok 4 - preserves line boundaries after truncation
      ---
      duration_ms: 1.702352
      type: 'test'
      ...
    # Subtest: DEFAULT_MAX_BYTES is 1 MB
    ok 5 - DEFAULT_MAX_BYTES is 1 MB
      ---
      duration_ms: 0.590017
      type: 'test'
      ...
    1..5
ok 210 - rotatedAppend
  ---
  duration_ms: 11.724355
  type: 'suite'
  ...
# Subtest: mac-hide controller (\#416)
    # Subtest: start() installs the poll only on macOS
    ok 1 - start() installs the poll only on macOS
      ---
      duration_ms: 2.330587
      type: 'test'
      ...
    # Subtest: OS hide hides the pet; OS unhide restores it
    ok 2 - OS hide hides the pet; OS unhide restores it
      ---
      duration_ms: 1.193499
      type: 'test'
      ...
    # Subtest: a no-op poll (no hidden-state change) drives nothing
    ok 3 - a no-op poll (no hidden-state change) drives nothing
      ---
      duration_ms: 0.22394
      type: 'test'
      ...
    # Subtest: noteManualChange() releases OS-hide ownership so a later unhide won't restore
    ok 4 - noteManualChange() releases OS-hide ownership so a later unhide won't restore
      ---
      duration_ms: 1.816252
      type: 'test'
      ...
    # Subtest: onActivate unhides the app when it is OS-hidden (poll then restores)
    ok 5 - onActivate unhides the app when it is OS-hidden (poll then restores)
      ---
      duration_ms: 0.278336
      type: 'test'
      ...
    # Subtest: onActivate restores a manual hide when Dock is visible and app is not hidden
    ok 6 - onActivate restores a manual hide when Dock is visible and app is not hidden
      ---
      duration_ms: 0.342418
      type: 'test'
      ...
    # Subtest: onActivate does not restore when the Dock is hidden
    ok 7 - onActivate does not restore when the Dock is hidden
      ---
      duration_ms: 0.235157
      type: 'test'
      ...
    # Subtest: a mini-transition-deferred hide retries until it applies
    ok 8 - a mini-transition-deferred hide retries until it applies
      ---
      duration_ms: 0.621081
      type: 'test'
      ...
    # Subtest: noteManualChange() cancels a pending mini retry
    ok 9 - noteManualChange() cancels a pending mini retry
      ---
      duration_ms: 0.498359
      type: 'test'
      ...
    # Subtest: an opposite OS state cancels a pending mini retry
    ok 10 - an opposite OS state cancels a pending mini retry
      ---
      duration_ms: 0.699737
      type: 'test'
      ...
    # Subtest: start() does not hide when the app is already hidden at launch
    ok 11 - start() does not hide when the app is already hidden at launch
      ---
      duration_ms: 0.243475
      type: 'test'
      ...
    # Subtest: stop() clears both the poll timer and a pending mini retry
    ok 12 - stop() clears both the poll timer and a pending mini retry
      ---
      duration_ms: 0.237531
      type: 'test'
      ...
    1..12
ok 211 - mac-hide controller (\#416)
  ---
  duration_ms: 10.817352
  type: 'suite'
  ...
# Subtest: Codex monitor callback helpers
    # Subtest: identifies JSONL permission events
    ok 1 - identifies JSONL permission events
      ---
      duration_ms: 1.929337
      type: 'test'
      ...
    # Subtest: identifies token_count context updates as metadata-only events
    ok 2 - identifies token_count context updates as metadata-only events
      ---
      duration_ms: 0.350404
      type: 'test'
      ...
    # Subtest: passes headless for normal monitor state updates
    ok 3 - passes headless for normal monitor state updates
      ---
      duration_ms: 1.176236
      type: 'test'
      ...
    # Subtest: defaults normal monitor headless to false
    ok 4 - defaults normal monitor headless to false
      ---
      duration_ms: 0.260094
      type: 'test'
      ...
    # Subtest: passes Codex Desktop focus metadata from JSONL monitor updates
    ok 5 - passes Codex Desktop focus metadata from JSONL monitor updates
      ---
      duration_ms: 0.259414
      type: 'test'
      ...
    # Subtest: passes context usage from JSONL monitor updates
    ok 6 - passes context usage from JSONL monitor updates
      ---
      duration_ms: 1.921019
      type: 'test'
      ...
    # Subtest: omits invalid context usage from JSONL monitor updates
    ok 7 - omits invalid context usage from JSONL monitor updates
      ---
      duration_ms: 0.236155
      type: 'test'
      ...
    # Subtest: omits headless for permission update options
    ok 8 - omits headless for permission update options
      ---
      duration_ms: 0.421516
      type: 'test'
      ...
    1..8
ok 212 - Codex monitor callback helpers
  ---
  duration_ms: 8.479604
  type: 'suite'
  ...
# Subtest: main Codex official hook JSONL suppression
    # Subtest: suppresses guardian_assessment for hook-active Codex sessions
    ok 1 - suppresses guardian_assessment for hook-active Codex sessions
      ---
      duration_ms: 0.933311
      type: 'test'
      ...
    1..1
ok 213 - main Codex official hook JSONL suppression
  ---
  duration_ms: 2.300634
  type: 'suite'
  ...
# Subtest: main wires clawd:// protocol dispatch through the Codex Pet importer
ok 214 - main wires clawd:// protocol dispatch through the Codex Pet importer
  ---
  duration_ms: 3.839579
  type: 'test'
  ...
# Subtest: package metadata registers the clawd protocol and exposes dev registration
ok 215 - package metadata registers the clawd protocol and exposes dev registration
  ---
  duration_ms: 0.961026
  type: 'test'
  ...
# Subtest: main syncs Codex Pet themes before the first theme load
ok 216 - main syncs Codex Pet themes before the first theme load
  ---
  duration_ms: 3.719418
  type: 'test'
  ...
# Subtest: main falls back before startup theme load when active Codex Pet theme is orphaned
ok 217 - main falls back before startup theme load when active Codex Pet theme is orphaned
  ---
  duration_ms: 1.90484
  type: 'test'
  ...
# Subtest: settings exposes Codex Pet refresh and managed theme metadata
ok 218 - settings exposes Codex Pet refresh and managed theme metadata
  ---
  duration_ms: 3.334777
  type: 'test'
  ...
# Subtest: managed Codex Pet themes cannot be removed through the user-theme delete command
ok 219 - managed Codex Pet themes cannot be removed through the user-theme delete command
  ---
  duration_ms: 2.028908
  type: 'test'
  ...
# Subtest: main Gemini hook-only integration
    # Subtest: does not start a Gemini JSON session monitor
    ok 1 - does not start a Gemini JSON session monitor
      ---
      duration_ms: 2.503232
      type: 'test'
      ...
    1..1
ok 220 - main Gemini hook-only integration
  ---
  duration_ms: 3.790802
  type: 'suite'
  ...
# Subtest: macOS runtime dock icon asset is packaged
ok 221 - macOS runtime dock icon asset is packaged
  ---
  duration_ms: 1.298649
  type: 'test'
  ...
# Subtest: macOS runtime dock icon override respects hidden Dock preference
ok 222 - macOS runtime dock icon override respects hidden Dock preference
  ---
  duration_ms: 3.058747
  type: 'test'
  ...
# Subtest: dock icon is padded to the macOS grid, not full-bleed (issue \#416 Part B)
ok 223 - dock icon is padded to the macOS grid, not full-bleed (issue \#416 Part B)
  ---
  duration_ms: 150.363306
  type: 'test'
  ...
# Subtest: full-bleed dock icon source is preserved for regeneration
ok 224 - full-bleed dock icon source is preserved for regeneration
  ---
  duration_ms: 0.441359
  type: 'test'
  ...
# Subtest: main mini-mode timing uses the animation override runtime probe
ok 225 - main mini-mode timing uses the animation override runtime probe
  ---
  duration_ms: 2.663227
  type: 'test'
  ...
# Subtest: main theme transition wiring
    # Subtest: fades the render window out before theme reload and back in after load
    ok 1 - fades the render window out before theme reload and back in after load
      ---
      duration_ms: 3.23216
      type: 'test'
      ...
    1..1
ok 226 - main theme transition wiring
  ---
  duration_ms: 4.610574
  type: 'suite'
  ...
# Subtest: auto-pilot menu toggle
    # Subtest: appears as an unchecked checkbox in the context menu when off
    ok 1 - appears as an unchecked checkbox in the context menu when off
      ---
      duration_ms: 8.353417
      type: 'test'
      ...
    # Subtest: reflects checked state when already enabled
    ok 2 - reflects checked state when already enabled
      ---
      duration_ms: 0.979686
      type: 'test'
      ...
    # Subtest: disables immediately without a confirm dialog
    ok 3 - disables immediately without a confirm dialog
      ---
      duration_ms: 1.283117
      type: 'test'
      ...
    # Subtest: enabling shows a confirm dialog and commits only when confirmed
    ok 4 - enabling shows a confirm dialog and commits only when confirmed
      ---
      duration_ms: 8.965239
      type: 'test'
      ...
    # Subtest: enabling does NOT commit when the user cancels
    ok 5 - enabling does NOT commit when the user cancels
      ---
      duration_ms: 1.823479
      type: 'test'
      ...
    # Subtest: is present in the tray menu too
    ok 6 - is present in the tray menu too
      ---
      duration_ms: 1.219429
      type: 'test'
      ...
    1..6
ok 227 - auto-pilot menu toggle
  ---
  duration_ms: 24.302966
  type: 'suite'
  ...
# Subtest: login item settings
    # Subtest: includes the app path when enabling login items for an unpackaged Windows app
    ok 1 - includes the app path when enabling login items for an unpackaged Windows app
      ---
      duration_ms: 2.226817
      type: 'test'
      ...
    # Subtest: uses the default packaged login item settings
    ok 2 - uses the default packaged login item settings
      ---
      duration_ms: 0.281913
      type: 'test'
      ...
    # Subtest: includes the app path when disabling login items for an unpackaged app
    ok 3 - includes the app path when disabling login items for an unpackaged app
      ---
      duration_ms: 0.286599
      type: 'test'
      ...
    1..3
ok 228 - login item settings
  ---
  duration_ms: 4.212767
  type: 'suite'
  ...
# Subtest: menu send-to-display
    # Subtest: disables mini entry when mini mode is disabled while keeping exit available
    ok 1 - disables mini entry when mini mode is disabled while keeping exit available
      ---
      duration_ms: 9.491571
      type: 'test'
      ...
    # Subtest: uses shared proportional sizing and repositions floating bubbles even when follow is off
    ok 2 - uses shared proportional sizing and repositions floating bubbles even when follow is off
      ---
      duration_ms: 1.595441
      type: 'test'
      ...
    # Subtest: keeps the current pixel size when keep-size-across-displays is active
    ok 3 - keeps the current pixel size when keep-size-across-displays is active
      ---
      duration_ms: 1.476138
      type: 'test'
      ...
    1..3
ok 229 - menu send-to-display
  ---
  duration_ms: 14.14623
  type: 'suite'
  ...
# Subtest: menu recovery action
    # Subtest: adds a tray item that brings the pet back to the primary display
    ok 1 - adds a tray item that brings the pet back to the primary display
      ---
      duration_ms: 3.482482
      type: 'test'
      ...
    # Subtest: disables the recovery action while mini mode is active
    ok 2 - disables the recovery action while mini mode is active
      ---
      duration_ms: 0.866352
      type: 'test'
      ...
    1..2
ok 230 - menu recovery action
  ---
  duration_ms: 4.756658
  type: 'suite'
  ...
# Subtest: menu taskbar recovery
    # Subtest: reasserts taskbar-hidden state for the context-menu owner and restored pet window
    ok 1 - reasserts taskbar-hidden state for the context-menu owner and restored pet window
      ---
      duration_ms: 1.628159
      type: 'test'
      ...
    1..1
ok 231 - menu taskbar recovery
  ---
  duration_ms: 2.110945
  type: 'suite'
  ...
# Subtest: menu dashboard action
    # Subtest: adds a context menu item that opens the Dashboard
    ok 1 - adds a context menu item that opens the Dashboard
      ---
      duration_ms: 1.571876
      type: 'test'
      ...
    # Subtest: adds a tray menu item that opens the Dashboard
    ok 2 - adds a tray menu item that opens the Dashboard
      ---
      duration_ms: 0.947112
      type: 'test'
      ...
    1..2
ok 232 - menu dashboard action
  ---
  duration_ms: 2.834844
  type: 'suite'
  ...
# Subtest: menu new session action
    # Subtest: exposes a New Session submenu with the two folder entries
    ok 1 - exposes a New Session submenu with the two folder entries
      ---
      duration_ms: 1.162802
      type: 'test'
      ...
    # Subtest: Select Folder entry invokes ctx.newSessionWithFolder(t)
    ok 2 - Select Folder entry invokes ctx.newSessionWithFolder(t)
      ---
      duration_ms: 0.892242
      type: 'test'
      ...
    # Subtest: Home Directory entry invokes ctx.newSessionInCurrentDir(t)
    ok 3 - Home Directory entry invokes ctx.newSessionInCurrentDir(t)
      ---
      duration_ms: 0.592402
      type: 'test'
      ...
    1..3
ok 233 - menu new session action
  ---
  duration_ms: 3.006657
  type: 'suite'
  ...
# Subtest: context menu hide pet action (\#460)
    # Subtest: exposes a Hide Pet item right before Quit that toggles visibility
    ok 1 - exposes a Hide Pet item right before Quit that toggles visibility
      ---
      duration_ms: 7.843361
      type: 'test'
      ...
    # Subtest: labels the item Show Pet while the pet is hidden
    ok 2 - labels the item Show Pet while the pet is hidden
      ---
      duration_ms: 0.982947
      type: 'test'
      ...
    # Subtest: popup close callback does not resurrect a pet the menu just hid
    ok 3 - popup close callback does not resurrect a pet the menu just hid
      ---
      duration_ms: 1.89494
      type: 'test'
      ...
    1..3
ok 234 - context menu hide pet action (\#460)
  ---
  duration_ms: 12.507412
  type: 'suite'
  ...
# Subtest: menu grouping invariants
    # Subtest: context menu groups have no leading, trailing, or doubled separators
    ok 1 - context menu groups have no leading, trailing, or doubled separators
      ---
      duration_ms: 2.356487
      type: 'test'
      ...
    # Subtest: tray menu groups have no leading, trailing, or doubled separators
    ok 2 - tray menu groups have no leading, trailing, or doubled separators
      ---
      duration_ms: 0.959847
      type: 'test'
      ...
    1..2
ok 235 - menu grouping invariants
  ---
  duration_ms: 3.633667
  type: 'suite'
  ...
# Subtest: macOS visibility toggles live in the tray, not the right-click menu
    # Subtest: drops Show in Dock / Show in Menu Bar from the context menu but keeps them in the tray
    ok 1 - drops Show in Dock / Show in Menu Bar from the context menu but keeps them in the tray # SKIP Dock / Menu Bar toggles are macOS-only
      ---
      duration_ms: 0.499821
      type: 'test'
      ...
    1..1
ok 236 - macOS visibility toggles live in the tray, not the right-click menu
  ---
  duration_ms: 1.044097
  type: 'suite'
  ...
# Subtest: menu resizeWindow preview mode
    # Subtest: preview mode resizes only the visible pet window without syncing attached windows
    ok 1 - preview mode resizes only the visible pet window without syncing attached windows
      ---
      duration_ms: 8.911863
      type: 'test'
      ...
    # Subtest: commit mode still performs the full sync path
    ok 2 - commit mode still performs the full sync path
      ---
      duration_ms: 1.381156
      type: 'test'
      ...
    1..2
ok 237 - menu resizeWindow preview mode
  ---
  duration_ms: 12.159863
  type: 'suite'
  ...
# (node:192083) ExperimentalWarning: The MockTimers API is an experimental feature and might change at any time
# (Use `node --trace-warnings ...` to show where the warning was created)
# Subtest: mini mode entry timing
    # Subtest: drag-snap entry slides to mini position first, then plays mini-enter
    not ok 1 - drag-snap entry slides to mini position first, then plays mini-enter
      ---
      duration_ms: 2.72225
      type: 'test'
      location: '/app/test/mini.test.js:110:3'
      failureType: 'testCodeFailure'
      error: |-
        Cannot find module 'electron'
        Require stack:
        - /app/test/mini.test.js
      code: 'MODULE_NOT_FOUND'
      stack: |-
        Function._resolveFilename (node:internal/modules/cjs/loader:1383:15)
        Function.resolve (node:internal/modules/helpers:157:19)
        loadMiniWithElectron (/app/test/mini.test.js:16:32)
        TestContext.<anonymous> (/app/test/mini.test.js:111:14)
        Test.runInAsyncScope (node:async_hooks:214:14)
        Test.run (node:internal/test_runner/test:1047:25)
        async Promise.all (index 0)
        async Suite.run (node:internal/test_runner/test:1442:7)
        async startSubtestAfterBootstrap (node:internal/test_runner/harness:296:3)
      ...
    # Subtest: via-menu mini handoff preloads mini-enter offscreen before revealing the pet
    not ok 2 - via-menu mini handoff preloads mini-enter offscreen before revealing the pet
      ---
      duration_ms: 2.101117
      type: 'test'
      location: '/app/test/mini.test.js:138:3'
      failureType: 'testCodeFailure'
      error: |-
        Cannot find module 'electron'
        Require stack:
        - /app/test/mini.test.js
      code: 'MODULE_NOT_FOUND'
      stack: |-
        Function._resolveFilename (node:internal/modules/cjs/loader:1383:15)
        Function.resolve (node:internal/modules/helpers:157:19)
        loadMiniWithElectron (/app/test/mini.test.js:16:32)
        TestContext.<anonymous> (/app/test/mini.test.js:139:14)
        Test.runInAsyncScope (node:async_hooks:214:14)
        Test.run (node:internal/test_runner/test:1047:25)
        async Suite.processPendingSubtests (node:internal/test_runner/test:744:7)
      ...
    # Subtest: via-menu crabwalk tells renderer to flip edge without entering mini layout early
    not ok 3 - via-menu crabwalk tells renderer to flip edge without entering mini layout early
      ---
      duration_ms: 0.91462
      type: 'test'
      location: '/app/test/mini.test.js:166:3'
      failureType: 'testCodeFailure'
      error: |-
        Cannot find module 'electron'
        Require stack:
        - /app/test/mini.test.js
      code: 'MODULE_NOT_FOUND'
      stack: |-
        Function._resolveFilename (node:internal/modules/cjs/loader:1383:15)
        Function.resolve (node:internal/modules/helpers:157:19)
        loadMiniWithElectron (/app/test/mini.test.js:16:32)
        TestContext.<anonymous> (/app/test/mini.test.js:167:14)
        Test.runInAsyncScope (node:async_hooks:214:14)
        Test.run (node:internal/test_runner/test:1047:25)
        async Suite.processPendingSubtests (node:internal/test_runner/test:744:7)
      ...
    # Subtest: drag-snap still plays full mini-enter even when the cursor is over the pet
    not ok 4 - drag-snap still plays full mini-enter even when the cursor is over the pet
      ---
      duration_ms: 0.869407
      type: 'test'
      location: '/app/test/mini.test.js:192:3'
      failureType: 'testCodeFailure'
      error: |-
        Cannot find module 'electron'
        Require stack:
        - /app/test/mini.test.js
      code: 'MODULE_NOT_FOUND'
      stack: |-
        Function._resolveFilename (node:internal/modules/cjs/loader:1383:15)
        Function.resolve (node:internal/modules/helpers:157:19)
        loadMiniWithElectron (/app/test/mini.test.js:16:32)
        TestContext.<anonymous> (/app/test/mini.test.js:193:14)
        Test.runInAsyncScope (node:async_hooks:214:14)
        Test.run (node:internal/test_runner/test:1047:25)
        async Suite.processPendingSubtests (node:internal/test_runner/test:744:7)
      ...
    1..4
not ok 238 - mini mode entry timing
  ---
  duration_ms: 8.30978
  type: 'suite'
  location: '/app/test/mini.test.js:97:1'
  failureType: 'subtestsFailed'
  error: '4 subtests failed'
  code: 'ERR_TEST_FAILURE'
  ...
# Subtest: mini mode multi-monitor seam clip
    # Subtest: does not clip on a single display
    not ok 1 - does not clip on a single display
      ---
      duration_ms: 0.828053
      type: 'test'
      location: '/app/test/mini.test.js:239:3'
      failureType: 'testCodeFailure'
      error: |-
        Cannot find module 'electron'
        Require stack:
        - /app/test/mini.test.js
      code: 'MODULE_NOT_FOUND'
      stack: |-
        Function._resolveFilename (node:internal/modules/cjs/loader:1383:15)
        Function.resolve (node:internal/modules/helpers:157:19)
        loadMiniWithElectron (/app/test/mini.test.js:16:32)
        TestContext.<anonymous> (/app/test/mini.test.js:240:14)
        Test.runInAsyncScope (node:async_hooks:214:14)
        Test.run (node:internal/test_runner/test:1047:25)
        async Promise.all (index 0)
        async Suite.run (node:internal/test_runner/test:1442:7)
        async Test.processPendingSubtests (node:internal/test_runner/test:744:7)
      ...
    # Subtest: clips the seam-crossing half at an internal monitor seam (right edge)
    not ok 2 - clips the seam-crossing half at an internal monitor seam (right edge)
      ---
      duration_ms: 0.513564
      type: 'test'
      location: '/app/test/mini.test.js:258:3'
      failureType: 'testCodeFailure'
      error: |-
        Cannot find module 'electron'
        Require stack:
        - /app/test/mini.test.js
      code: 'MODULE_NOT_FOUND'
      stack: |-
        Function._resolveFilename (node:internal/modules/cjs/loader:1383:15)
        Function.resolve (node:internal/modules/helpers:157:19)
        loadMiniWithElectron (/app/test/mini.test.js:16:32)
        TestContext.<anonymous> (/app/test/mini.test.js:259:14)
        Test.runInAsyncScope (node:async_hooks:214:14)
        Test.run (node:internal/test_runner/test:1047:25)
        async Suite.processPendingSubtests (node:internal/test_runner/test:744:7)
      ...
    # Subtest: does not clip at the outer edge of the virtual desktop
    not ok 3 - does not clip at the outer edge of the virtual desktop
      ---
      duration_ms: 0.596045
      type: 'test'
      location: '/app/test/mini.test.js:279:3'
      failureType: 'testCodeFailure'
      error: |-
        Cannot find module 'electron'
        Require stack:
        - /app/test/mini.test.js
      code: 'MODULE_NOT_FOUND'
      stack: |-
        Function._resolveFilename (node:internal/modules/cjs/loader:1383:15)
        Function.resolve (node:internal/modules/helpers:157:19)
        loadMiniWithElectron (/app/test/mini.test.js:16:32)
        TestContext.<anonymous> (/app/test/mini.test.js:280:14)
        Test.runInAsyncScope (node:async_hooks:214:14)
        Test.run (node:internal/test_runner/test:1047:25)
        async Suite.processPendingSubtests (node:internal/test_runner/test:744:7)
      ...
    # Subtest: clips the left half at a left-side seam
    not ok 4 - clips the left half at a left-side seam
      ---
      duration_ms: 0.557647
      type: 'test'
      location: '/app/test/mini.test.js:294:3'
      failureType: 'testCodeFailure'
      error: |-
        Cannot find module 'electron'
        Require stack:
        - /app/test/mini.test.js
      code: 'MODULE_NOT_FOUND'
      stack: |-
        Function._resolveFilename (node:internal/modules/cjs/loader:1383:15)
        Function.resolve (node:internal/modules/helpers:157:19)
        loadMiniWithElectron (/app/test/mini.test.js:16:32)
        TestContext.<anonymous> (/app/test/mini.test.js:295:14)
        Test.runInAsyncScope (node:async_hooks:214:14)
        Test.run (node:internal/test_runner/test:1047:25)
        async Suite.processPendingSubtests (node:internal/test_runner/test:744:7)
      ...
    # Subtest: does not clip when the neighbour does not overlap the pet's vertical band
    not ok 5 - does not clip when the neighbour does not overlap the pet's vertical band
      ---
      duration_ms: 0.782813
      type: 'test'
      location: '/app/test/mini.test.js:311:3'
      failureType: 'testCodeFailure'
      error: |-
        Cannot find module 'electron'
        Require stack:
        - /app/test/mini.test.js
      code: 'MODULE_NOT_FOUND'
      stack: |-
        Function._resolveFilename (node:internal/modules/cjs/loader:1383:15)
        Function.resolve (node:internal/modules/helpers:157:19)
        loadMiniWithElectron (/app/test/mini.test.js:16:32)
        TestContext.<anonymous> (/app/test/mini.test.js:312:14)
        Test.runInAsyncScope (node:async_hooks:214:14)
        Test.run (node:internal/test_runner/test:1047:25)
        async Suite.processPendingSubtests (node:internal/test_runner/test:744:7)
      ...
    # Subtest: clears the clip when leaving mini mode
    not ok 6 - clears the clip when leaving mini mode
      ---
      duration_ms: 0.586965
      type: 'test'
      location: '/app/test/mini.test.js:333:3'
      failureType: 'testCodeFailure'
      error: |-
        Cannot find module 'electron'
        Require stack:
        - /app/test/mini.test.js
      code: 'MODULE_NOT_FOUND'
      stack: |-
        Function._resolveFilename (node:internal/modules/cjs/loader:1383:15)
        Function.resolve (node:internal/modules/helpers:157:19)
        loadMiniWithElectron (/app/test/mini.test.js:16:32)
        TestContext.<anonymous> (/app/test/mini.test.js:334:14)
        Test.runInAsyncScope (node:async_hooks:214:14)
        Test.run (node:internal/test_runner/test:1047:25)
        async Suite.processPendingSubtests (node:internal/test_runner/test:744:7)
      ...
    # Subtest: clips at a seam on a secondary display with negative coordinates
    not ok 7 - clips at a seam on a secondary display with negative coordinates
      ---
      duration_ms: 0.527689
      type: 'test'
      location: '/app/test/mini.test.js:350:3'
      failureType: 'testCodeFailure'
      error: |-
        Cannot find module 'electron'
        Require stack:
        - /app/test/mini.test.js
      code: 'MODULE_NOT_FOUND'
      stack: |-
        Function._resolveFilename (node:internal/modules/cjs/loader:1383:15)
        Function.resolve (node:internal/modules/helpers:157:19)
        loadMiniWithElectron (/app/test/mini.test.js:16:32)
        TestContext.<anonymous> (/app/test/mini.test.js:352:14)
        Test.runInAsyncScope (node:async_hooks:214:14)
        Test.run (node:internal/test_runner/test:1047:25)
        async Suite.processPendingSubtests (node:internal/test_runner/test:744:7)
      ...
    # Subtest: cuts the clip at the physical bounds edge, not the inset workArea
    not ok 8 - cuts the clip at the physical bounds edge, not the inset workArea
      ---
      duration_ms: 0.416725
      type: 'test'
      location: '/app/test/mini.test.js:377:3'
      failureType: 'testCodeFailure'
      error: |-
        Cannot find module 'electron'
        Require stack:
        - /app/test/mini.test.js
      code: 'MODULE_NOT_FOUND'
      stack: |-
        Function._resolveFilename (node:internal/modules/cjs/loader:1383:15)
        Function.resolve (node:internal/modules/helpers:157:19)
        loadMiniWithElectron (/app/test/mini.test.js:16:32)
        TestContext.<anonymous> (/app/test/mini.test.js:380:14)
        Test.runInAsyncScope (node:async_hooks:214:14)
        Test.run (node:internal/test_runner/test:1047:25)
        async Suite.processPendingSubtests (node:internal/test_runner/test:744:7)
      ...
    # Subtest: clips when a vertically offset neighbour still overlaps the pet's band
    not ok 9 - clips when a vertically offset neighbour still overlaps the pet's band
      ---
      duration_ms: 0.567772
      type: 'test'
      location: '/app/test/mini.test.js:407:3'
      failureType: 'testCodeFailure'
      error: |-
        Cannot find module 'electron'
        Require stack:
        - /app/test/mini.test.js
      code: 'MODULE_NOT_FOUND'
      stack: |-
        Function._resolveFilename (node:internal/modules/cjs/loader:1383:15)
        Function.resolve (node:internal/modules/helpers:157:19)
        loadMiniWithElectron (/app/test/mini.test.js:16:32)
        TestContext.<anonymous> (/app/test/mini.test.js:408:14)
        Test.runInAsyncScope (node:async_hooks:214:14)
        Test.run (node:internal/test_runner/test:1047:25)
        async Suite.processPendingSubtests (node:internal/test_runner/test:744:7)
      ...
    # Subtest: restoreFromPrefs computes the seam without sending renderer IPC
    not ok 10 - restoreFromPrefs computes the seam without sending renderer IPC
      ---
      duration_ms: 0.425149
      type: 'test'
      location: '/app/test/mini.test.js:431:3'
      failureType: 'testCodeFailure'
      error: |-
        Cannot find module 'electron'
        Require stack:
        - /app/test/mini.test.js
      code: 'MODULE_NOT_FOUND'
      stack: |-
        Function._resolveFilename (node:internal/modules/cjs/loader:1383:15)
        Function.resolve (node:internal/modules/helpers:157:19)
        loadMiniWithElectron (/app/test/mini.test.js:16:32)
        TestContext.<anonymous> (/app/test/mini.test.js:432:14)
        Test.runInAsyncScope (node:async_hooks:214:14)
        Test.run (node:internal/test_runner/test:1047:25)
        async Suite.processPendingSubtests (node:internal/test_runner/test:744:7)
      ...
    # Subtest: syncContainedClip is a no-op when the render window is absent
    not ok 11 - syncContainedClip is a no-op when the render window is absent
      ---
      duration_ms: 0.412021
      type: 'test'
      location: '/app/test/mini.test.js:457:3'
      failureType: 'testCodeFailure'
      error: |-
        Cannot find module 'electron'
        Require stack:
        - /app/test/mini.test.js
      code: 'MODULE_NOT_FOUND'
      stack: |-
        Function._resolveFilename (node:internal/modules/cjs/loader:1383:15)
        Function.resolve (node:internal/modules/helpers:157:19)
        loadMiniWithElectron (/app/test/mini.test.js:16:32)
        TestContext.<anonymous> (/app/test/mini.test.js:458:14)
        Test.runInAsyncScope (node:async_hooks:214:14)
        Test.run (node:internal/test_runner/test:1047:25)
        async Suite.processPendingSubtests (node:internal/test_runner/test:744:7)
      ...
    1..11
not ok 239 - mini mode multi-monitor seam clip
  ---
  duration_ms: 7.144903
  type: 'suite'
  location: '/app/test/mini.test.js:226:1'
  failureType: 'subtestsFailed'
  error: '11 subtests failed'
  code: 'ERR_TEST_FAILURE'
  ...
# node:internal/modules/cjs/loader:1386
#   throw err;
#   ^
# Error: Cannot find module 'ws'
# Require stack:
# - /app/test/mobile-preview-server.test.js
#     at Function._resolveFilename (node:internal/modules/cjs/loader:1383:15)
#     at defaultResolveImpl (node:internal/modules/cjs/loader:1025:19)
#     at resolveForCJSWithHooks (node:internal/modules/cjs/loader:1030:22)
#     at Function._load (node:internal/modules/cjs/loader:1192:37)
#     at TracingChannel.traceSync (node:diagnostics_channel:328:14)
#     at wrapModuleLoad (node:internal/modules/cjs/loader:237:24)
#     at Module.require (node:internal/modules/cjs/loader:1463:12)
#     at require (node:internal/modules/helpers:147:16)
#     at Object.<anonymous> (/app/test/mobile-preview-server.test.js:5:19)
#     at Module._compile (node:internal/modules/cjs/loader:1705:14) {
#   code: 'MODULE_NOT_FOUND',
#   requireStack: [ '/app/test/mobile-preview-server.test.js' ]
# }
# Node.js v22.22.1
# Subtest: /app/test/mobile-preview-server.test.js
not ok 109 - /app/test/mobile-preview-server.test.js
  ---
  duration_ms: 53.731954
  type: 'test'
  location: '/app/test/mobile-preview-server.test.js:1:1'
  failureType: 'testCodeFailure'
  exitCode: 1
  signal: ~
  error: 'test failed'
  code: 'ERR_TEST_FAILURE'
  ...
# Subtest: openclaw plugin installer
    # Subtest: skips when OpenClaw is not installed and no config exists
    ok 1 - skips when OpenClaw is not installed and no config exists
      ---
      duration_ms: 4.792502
      type: 'test'
      ...
    # Subtest: does not create OpenClaw config during startup sync
    ok 2 - does not create OpenClaw config during startup sync
      ---
      duration_ms: 1.104359
      type: 'test'
      ...
    # Subtest: links the plugin into an existing strict JSON config
    ok 3 - links the plugin into an existing strict JSON config
      ---
      duration_ms: 3.506498
      type: 'test'
      ...
    # Subtest: is idempotent when the plugin is already linked
    ok 4 - is idempotent when the plugin is already linked
      ---
      duration_ms: 1.52191
      type: 'test'
      ...
    # Subtest: updates stale absolute plugin paths by basename
    ok 5 - updates stale absolute plugin paths by basename
      ---
      duration_ms: 4.150436
      type: 'test'
      ...
    # Subtest: falls back instead of editing configs with include directives
    ok 6 - falls back instead of editing configs with include directives
      ---
      duration_ms: 1.439902
      type: 'test'
      ...
    # Subtest: uses CLI fallback for JSON5 or missing config only when explicitly requested
    ok 7 - uses CLI fallback for JSON5 or missing config only when explicitly requested
      ---
      duration_ms: 1.328375
      type: 'test'
      ...
    # Subtest: unregisters the managed path from strict JSON config
    ok 8 - unregisters the managed path from strict JSON config
      ---
      duration_ms: 1.805694
      type: 'test'
      ...
    1..8
ok 241 - openclaw plugin installer
  ---
  duration_ms: 21.43393
  type: 'suite'
  ...
# Subtest: openclaw installer helpers
    # Subtest: detects include directives recursively
    ok 1 - detects include directives recursively
      ---
      duration_ms: 1.890085
      type: 'test'
      ...
    # Subtest: can link a minimal config object without clobbering other keys
    ok 2 - can link a minimal config object without clobbering other keys
      ---
      duration_ms: 0.375304
      type: 'test'
      ...
    # Subtest: resolves a forward-slash plugin path and rewrites app.asar
    ok 3 - resolves a forward-slash plugin path and rewrites app.asar
      ---
      duration_ms: 0.283605
      type: 'test'
      ...
    1..3
ok 242 - openclaw installer helpers
  ---
  duration_ms: 2.879551
  type: 'suite'
  ...
# Subtest: openclaw plugin runtime
    # Subtest: keeps the runtime free of child_process so OpenClaw install scan accepts it
    ok 1 - keeps the runtime free of child_process so OpenClaw install scan accepts it
      ---
      duration_ms: 1.828226
      type: 'test'
      ...
    # Subtest: registers a plain-object OpenClaw plugin without SDK imports
    ok 2 - registers a plain-object OpenClaw plugin without SDK imports
      ---
      duration_ms: 42.38966
      type: 'test'
      ...
    # Subtest: redacts raw tool payload fields from state posts
    ok 3 - redacts raw tool payload fields from state posts
      ---
      duration_ms: 2.157503
      type: 'test'
      ...
    # Subtest: redacts after_tool_call result and error strings while preserving error_present
    ok 4 - redacts after_tool_call result and error strings while preserving error_present
      ---
      duration_ms: 0.593202
      type: 'test'
      ...
    # Subtest: uses OpenClaw agent display name from OPENCLAW_CONFIG_PATH
    ok 5 - uses OpenClaw agent display name from OPENCLAW_CONFIG_PATH
      ---
      duration_ms: 2.82363
      type: 'test'
      ...
    # Subtest: uses OPENCLAW_STATE_DIR and falls back to agent id when no display entry exists
    ok 6 - uses OPENCLAW_STATE_DIR and falls back to agent id when no display entry exists
      ---
      duration_ms: 1.725566
      type: 'test'
      ...
    # Subtest: normalizes and truncates OpenClaw session_title before posting
    ok 7 - normalizes and truncates OpenClaw session_title before posting
      ---
      duration_ms: 3.197186
      type: 'test'
      ...
    # Subtest: normalizes configured id fallback when display fields collapse to empty
    ok 8 - normalizes configured id fallback when display fields collapse to empty
      ---
      duration_ms: 1.943669
      type: 'test'
      ...
    # Subtest: does not split UTF-16 surrogate pairs when truncating session_title
    ok 9 - does not split UTF-16 surrogate pairs when truncating session_title
      ---
      duration_ms: 1.639983
      type: 'test'
      ...
    # Subtest: refreshes cached agent titles when the config mtime changes
    ok 10 - refreshes cached agent titles when the config mtime changes
      ---
      duration_ms: 2.294737
      type: 'test'
      ...
    # Subtest: keeps same-path cached titles through a transient parse failure
    ok 11 - keeps same-path cached titles through a transient parse failure
      ---
      duration_ms: 1.884363
      type: 'test'
      ...
    # Subtest: uses fallback id while config is missing and reloads after it is recreated
    ok 12 - uses fallback id while config is missing and reloads after it is recreated
      ---
      duration_ms: 1.61565
      type: 'test'
      ...
    # Subtest: invalidates the agent title cache when OPENCLAW_CONFIG_PATH changes
    ok 13 - invalidates the agent title cache when OPENCLAW_CONFIG_PATH changes
      ---
      duration_ms: 1.595439
      type: 'test'
      ...
    # Subtest: falls back to normalized id for malformed agents.list
    ok 14 - falls back to normalized id for malformed agents.list
      ---
      duration_ms: 1.475439
      type: 'test'
      ...
    # Subtest: debounces successful model_call_ended and cancels it on new activity
    ok 15 - debounces successful model_call_ended and cancels it on new activity
      ---
      duration_ms: 0.86122
      type: 'test'
      ...
    # Subtest: emits debounced Stop when no new activity arrives
    ok 16 - emits debounced Stop when no new activity arrives
      ---
      duration_ms: 0.594521
      type: 'test'
      ...
    # Subtest: maps aborted and terminated model failures to non-error Stop
    ok 17 - maps aborted and terminated model failures to non-error Stop
      ---
      duration_ms: 0.52676
      type: 'test'
      ...
    # Subtest: maps transport model failures to StopFailure
    ok 18 - maps transport model failures to StopFailure
      ---
      duration_ms: 0.41773
      type: 'test'
      ...
    # Subtest: branches session_end by reason
    ok 19 - branches session_end by reason
      ---
      duration_ms: 0.582475
      type: 'test'
      ...
    1..19
ok 243 - openclaw plugin runtime
  ---
  duration_ms: 73.932633
  type: 'suite'
  ...
# Subtest: opencode plugin installer
    # Subtest: creates opencode.json when missing and registers the plugin path
    ok 1 - creates opencode.json when missing and registers the plugin path
      ---
      duration_ms: 6.493519
      type: 'test'
      ...
    # Subtest: appends to an existing empty config without clobbering $schema
    ok 2 - appends to an existing empty config without clobbering $schema
      ---
      duration_ms: 1.428811
      type: 'test'
      ...
    # Subtest: preserves other plugins already in the plugin array
    ok 3 - preserves other plugins already in the plugin array
      ---
      duration_ms: 1.33724
      type: 'test'
      ...
    # Subtest: is idempotent on repeated registration
    ok 4 - is idempotent on repeated registration
      ---
      duration_ms: 1.358099
      type: 'test'
      ...
    # Subtest: updates stale plugin paths in place by directory basename match
    ok 5 - updates stale plugin paths in place by directory basename match
      ---
      duration_ms: 1.62228
      type: 'test'
      ...
    # Subtest: does not stomp third-party plugins whose name contains opencode-plugin
    ok 6 - does not stomp third-party plugins whose name contains opencode-plugin
      ---
      duration_ms: 1.247381
      type: 'test'
      ...
    # Subtest: does not stomp scoped npm packages named opencode-plugin
    ok 7 - does not stomp scoped npm packages named opencode-plugin
      ---
      duration_ms: 1.193505
      type: 'test'
      ...
    # Subtest: updates stale Windows absolute plugin paths
    ok 8 - updates stale Windows absolute plugin paths
      ---
      duration_ms: 1.043124
      type: 'test'
      ...
    # Subtest: skips silently when ~/.config/opencode/ does not exist (no configPath override)
    ok 9 - skips silently when ~/.config/opencode/ does not exist (no configPath override)
      ---
      duration_ms: 0.99471
      type: 'test'
      ...
    # Subtest: initializes plugin array when config has none
    ok 10 - initializes plugin array when config has none
      ---
      duration_ms: 2.965451
      type: 'test'
      ...
    1..10
ok 244 - opencode plugin installer
  ---
  duration_ms: 21.543511
  type: 'suite'
  ...
# Subtest: resolvePluginDir
    # Subtest: returns a path ending with /opencode-plugin and uses forward slashes
    ok 1 - returns a path ending with /opencode-plugin and uses forward slashes
      ---
      duration_ms: 0.277608
      type: 'test'
      ...
    # Subtest: replaces app.asar with app.asar.unpacked for packaged builds
    ok 2 - replaces app.asar with app.asar.unpacked for packaged builds
      ---
      duration_ms: 0.267192
      type: 'test'
      ...
    # Subtest: leaves non-asar paths unchanged apart from suffix append
    ok 3 - leaves non-asar paths unchanged apart from suffix append
      ---
      duration_ms: 0.190741
      type: 'test'
      ...
    1..3
ok 245 - resolvePluginDir
  ---
  duration_ms: 0.920015
  type: 'suite'
  ...
# Subtest: opencode plugin session ids
    # Subtest: namespaces raw opencode session ids before sending them to Clawd
    ok 1 - namespaces raw opencode session ids before sending them to Clawd
      ---
      duration_ms: 7.384692
      type: 'test'
      ...
    # Subtest: falls back to the latest opencode session instead of bare default
    ok 2 - falls back to the latest opencode session instead of bare default
      ---
      duration_ms: 0.618625
      type: 'test'
      ...
    # Subtest: extracts event.properties.sessionID and top-level event.sessionID
    ok 3 - extracts event.properties.sessionID and top-level event.sessionID
      ---
      duration_ms: 0.561214
      type: 'test'
      ...
    # Subtest: drops SessionEnd mappings that have no raw opencode session id
    ok 4 - drops SessionEnd mappings that have no raw opencode session id
      ---
      duration_ms: 0.577037
      type: 'test'
      ...
    # Subtest: wires session start and end events to the same namespaced Clawd session id
    ok 5 - wires session start and end events to the same namespaced Clawd session id
      ---
      duration_ms: 10.11102
      type: 'test'
      ...
    1..5
ok 246 - opencode plugin session ids
  ---
  duration_ms: 20.841515
  type: 'suite'
  ...
# Subtest: opencode plugin module shape (\#413 regression guard)
    # Subtest: exposes exactly one export: the default plugin function
    ok 1 - exposes exactly one export: the default plugin function
      ---
      duration_ms: 1.266418
      type: 'test'
      ...
    1..1
ok 247 - opencode plugin module shape (\#413 regression guard)
  ---
  duration_ms: 1.583382
  type: 'suite'
  ...
# Subtest: opencode plugin headless (parentID-based child detection)
    # Subtest: extracts parentID from event.properties.info.parentID
    ok 1 - extracts parentID from event.properties.info.parentID
      ---
      duration_ms: 1.580358
      type: 'test'
      ...
    # Subtest: isChildSessionId normalizes sessionId before checking the parent map
    ok 2 - isChildSessionId normalizes sessionId before checking the parent map
      ---
      duration_ms: 0.97671
      type: 'test'
      ...
    # Subtest: buildStateBody adds headless: true for child sessions (raw and prefixed id)
    ok 3 - buildStateBody adds headless: true for child sessions (raw and prefixed id)
      ---
      duration_ms: 0.61599
      type: 'test'
      ...
    # Subtest: buildStateBody does not add headless for root sessions
    ok 4 - buildStateBody does not add headless for root sessions
      ---
      duration_ms: 0.47072
      type: 'test'
      ...
    # Subtest: buildStateBody does not add headless for standalone sessions without parentID
    ok 5 - buildStateBody does not add headless for standalone sessions without parentID
      ---
      duration_ms: 0.468674
      type: 'test'
      ...
    # Subtest: translateEvent maps child session.idle to SessionEnd when in _sessionParentById
    ok 6 - translateEvent maps child session.idle to SessionEnd when in _sessionParentById
      ---
      duration_ms: 0.36004
      type: 'test'
      ...
    # Subtest: translateEvent maps root session.idle to Stop (attention)
    ok 7 - translateEvent maps root session.idle to Stop (attention)
      ---
      duration_ms: 0.49625
      type: 'test'
      ...
    # Subtest: translateEvent maps standalone session.idle to Stop (no heuristic fallback)
    ok 8 - translateEvent maps standalone session.idle to Stop (no heuristic fallback)
      ---
      duration_ms: 0.364333
      type: 'test'
      ...
    # Subtest: cleanupSessionParentMap clears entire map on server.instance.disposed (no sessionID)
    ok 9 - cleanupSessionParentMap clears entire map on server.instance.disposed (no sessionID)
      ---
      duration_ms: 2.429061
      type: 'test'
      ...
    # Subtest: cleanupSessionParentMap removes single entry on session.deleted
    ok 10 - cleanupSessionParentMap removes single entry on session.deleted
      ---
      duration_ms: 0.800996
      type: 'test'
      ...
    # Subtest: cleanupSessionParentMap is a no-op for non-cleanup events
    ok 11 - cleanupSessionParentMap is a no-op for non-cleanup events
      ---
      duration_ms: 0.565237
      type: 'test'
      ...
    # Subtest: cleanupSessionParentMap handles null/missing inputs gracefully
    ok 12 - cleanupSessionParentMap handles null/missing inputs gracefully
      ---
      duration_ms: 0.447771
      type: 'test'
      ...
    # Subtest: full flow: session.created with parentID produces headless body and SessionEnd idle
    ok 13 - full flow: session.created with parentID produces headless body and SessionEnd idle
      ---
      duration_ms: 0.372213
      type: 'test'
      ...
    1..13
ok 248 - opencode plugin headless (parentID-based child detection)
  ---
  duration_ms: 10.864039
  type: 'suite'
  ...
# node:internal/modules/cjs/loader:1386
#   throw err;
#   ^
# Error: Cannot find module 'minimatch'
# Require stack:
# - /app/test/package-build-config.test.js
#     at Function._resolveFilename (node:internal/modules/cjs/loader:1383:15)
#     at defaultResolveImpl (node:internal/modules/cjs/loader:1025:19)
#     at resolveForCJSWithHooks (node:internal/modules/cjs/loader:1030:22)
#     at Function._load (node:internal/modules/cjs/loader:1192:37)
#     at TracingChannel.traceSync (node:diagnostics_channel:328:14)
#     at wrapModuleLoad (node:internal/modules/cjs/loader:237:24)
#     at Module.require (node:internal/modules/cjs/loader:1463:12)
#     at require (node:internal/modules/helpers:147:16)
#     at Object.<anonymous> (/app/test/package-build-config.test.js:5:23)
#     at Module._compile (node:internal/modules/cjs/loader:1705:14) {
#   code: 'MODULE_NOT_FOUND',
#   requireStack: [ '/app/test/package-build-config.test.js' ]
# }
# Node.js v22.22.1
# Subtest: /app/test/package-build-config.test.js
not ok 114 - /app/test/package-build-config.test.js
  ---
  duration_ms: 61.01194
  type: 'test'
  location: '/app/test/package-build-config.test.js:1:1'
  failureType: 'testCodeFailure'
  exitCode: 1
  signal: ~
  error: 'test failed'
  code: 'ERR_TEST_FAILURE'
  ...
# node:internal/modules/cjs/loader:1386
#   throw err;
#   ^
# Error: Cannot find module 'electron'
# Require stack:
# - /app/src/permission.js
# - /app/test/permission-auto-approve.test.js
#     at Function._resolveFilename (node:internal/modules/cjs/loader:1383:15)
#     at defaultResolveImpl (node:internal/modules/cjs/loader:1025:19)
#     at resolveForCJSWithHooks (node:internal/modules/cjs/loader:1030:22)
#     at Function._load (node:internal/modules/cjs/loader:1192:37)
#     at TracingChannel.traceSync (node:diagnostics_channel:328:14)
#     at wrapModuleLoad (node:internal/modules/cjs/loader:237:24)
#     at Module.require (node:internal/modules/cjs/loader:1463:12)
#     at require (node:internal/modules/helpers:147:16)
#     at Object.<anonymous> (/app/src/permission.js:4:43)
#     at Module._compile (node:internal/modules/cjs/loader:1705:14) {
#   code: 'MODULE_NOT_FOUND',
#   requireStack: [
#     '/app/src/permission.js',
#     '/app/test/permission-auto-approve.test.js'
#   ]
# }
# Node.js v22.22.1
# Subtest: /app/test/permission-auto-approve.test.js
not ok 115 - /app/test/permission-auto-approve.test.js
  ---
  duration_ms: 55.907352
  type: 'test'
  location: '/app/test/permission-auto-approve.test.js:1:1'
  failureType: 'testCodeFailure'
  exitCode: 1
  signal: ~
  error: 'test failed'
  code: 'ERR_TEST_FAILURE'
  ...
# node:internal/modules/cjs/loader:1386
#   throw err;
#   ^
# Error: Cannot find module 'electron'
# Require stack:
# - /app/src/permission.js
# - /app/test/permission-autoclose-dismiss.test.js
#     at Function._resolveFilename (node:internal/modules/cjs/loader:1383:15)
#     at defaultResolveImpl (node:internal/modules/cjs/loader:1025:19)
#     at resolveForCJSWithHooks (node:internal/modules/cjs/loader:1030:22)
#     at Function._load (node:internal/modules/cjs/loader:1192:37)
#     at TracingChannel.traceSync (node:diagnostics_channel:328:14)
#     at wrapModuleLoad (node:internal/modules/cjs/loader:237:24)
#     at Module.require (node:internal/modules/cjs/loader:1463:12)
#     at require (node:internal/modules/helpers:147:16)
#     at Object.<anonymous> (/app/src/permission.js:4:43)
#     at Module._compile (node:internal/modules/cjs/loader:1705:14) {
#   code: 'MODULE_NOT_FOUND',
#   requireStack: [
#     '/app/src/permission.js',
#     '/app/test/permission-autoclose-dismiss.test.js'
#   ]
# }
# Node.js v22.22.1
# Subtest: /app/test/permission-autoclose-dismiss.test.js
not ok 116 - /app/test/permission-autoclose-dismiss.test.js
  ---
  duration_ms: 55.133521
  type: 'test'
  location: '/app/test/permission-autoclose-dismiss.test.js:1:1'
  failureType: 'testCodeFailure'
  exitCode: 1
  signal: ~
  error: 'test failed'
  code: 'ERR_TEST_FAILURE'
  ...
# Subtest: Codex permission response sanitizer
    # Subtest: omits unsupported fail-closed fields instead of setting them to null
    ok 1 - omits unsupported fail-closed fields instead of setting them to null
      ---
      duration_ms: 12.847035
      type: 'test'
      ...
    # Subtest: keeps deny messages and rejects invalid decisions as no-decision
    ok 2 - keeps deny messages and rejects invalid decisions as no-decision
      ---
      duration_ms: 1.339897
      type: 'test'
      ...
    # Subtest: uses Codex-shaped Qwen responses while omitting unsupported fields
    ok 3 - uses Codex-shaped Qwen responses while omitting unsupported fields
      ---
      duration_ms: 1.200245
      type: 'test'
      ...
    # Subtest: keeps Antigravity allow/ask decisions and drops permissionOverrides
    ok 4 - keeps Antigravity allow/ask decisions and drops permissionOverrides
      ---
      duration_ms: 1.360526
      type: 'test'
      ...
    # Subtest: treats Codex deny-and-focus as immediate no-decision instead of hanging the socket
    ok 5 - treats Codex deny-and-focus as immediate no-decision instead of hanging the socket
      ---
      duration_ms: 3.23209
      type: 'test'
      ...
    # Subtest: treats Qwen deny-and-focus as immediate no-decision and focuses terminal
    ok 6 - treats Qwen deny-and-focus as immediate no-decision and focuses terminal
      ---
      duration_ms: 1.375739
      type: 'test'
      ...
    # Subtest: does not let Codex take suggestion or opencode-only decision paths
    ok 7 - does not let Codex take suggestion or opencode-only decision paths
      ---
      duration_ms: 4.101542
      type: 'test'
      ...
    # Subtest: treats Antigravity deny-and-focus as immediate no-decision instead of hanging the socket
    ok 8 - treats Antigravity deny-and-focus as immediate no-decision instead of hanging the socket
      ---
      duration_ms: 1.397833
      type: 'test'
      ...
    # Subtest: responds to Antigravity allow and deny with direct hook stdout shape
    ok 9 - responds to Antigravity allow and deny with direct hook stdout shape
      ---
      duration_ms: 2.082223
      type: 'test'
      ...
    # Subtest: dismisses DND permissions without approving or denying on the user's behalf
    ok 10 - dismisses DND permissions without approving or denying on the user's behalf
      ---
      duration_ms: 2.049738
      type: 'test'
      ...
    # Subtest: cleans up Qwen permissions as no-decision when Clawd quits
    ok 11 - cleans up Qwen permissions as no-decision when Clawd quits
      ---
      duration_ms: 1.407969
      type: 'test'
      ...
    1..11
ok 252 - Codex permission response sanitizer
  ---
  duration_ms: 34.549146
  type: 'suite'
  ...
# node:internal/modules/cjs/loader:1386
#   throw err;
#   ^
# Error: Cannot find module 'electron'
# Require stack:
# - /app/src/permission.js
# - /app/test/permission-dismiss-by-agent.test.js
#     at Function._resolveFilename (node:internal/modules/cjs/loader:1383:15)
#     at defaultResolveImpl (node:internal/modules/cjs/loader:1025:19)
#     at resolveForCJSWithHooks (node:internal/modules/cjs/loader:1030:22)
#     at Function._load (node:internal/modules/cjs/loader:1192:37)
#     at TracingChannel.traceSync (node:diagnostics_channel:328:14)
#     at wrapModuleLoad (node:internal/modules/cjs/loader:237:24)
#     at Module.require (node:internal/modules/cjs/loader:1463:12)
#     at require (node:internal/modules/helpers:147:16)
#     at Object.<anonymous> (/app/src/permission.js:4:43)
#     at Module._compile (node:internal/modules/cjs/loader:1705:14) {
#   code: 'MODULE_NOT_FOUND',
#   requireStack: [
#     '/app/src/permission.js',
#     '/app/test/permission-dismiss-by-agent.test.js'
#   ]
# }
# Node.js v22.22.1
# Subtest: /app/test/permission-dismiss-by-agent.test.js
not ok 118 - /app/test/permission-dismiss-by-agent.test.js
  ---
  duration_ms: 60.088977
  type: 'test'
  location: '/app/test/permission-dismiss-by-agent.test.js:1:1'
  failureType: 'testCodeFailure'
  exitCode: 1
  signal: ~
  error: 'test failed'
  code: 'ERR_TEST_FAILURE'
  ...
# node:internal/modules/cjs/loader:1386
#   throw err;
#   ^
# Error: Cannot find module 'electron'
# Require stack:
# - /app/src/permission.js
# - /app/test/permission-elicitation-deny-focus.test.js
#     at Function._resolveFilename (node:internal/modules/cjs/loader:1383:15)
#     at defaultResolveImpl (node:internal/modules/cjs/loader:1025:19)
#     at resolveForCJSWithHooks (node:internal/modules/cjs/loader:1030:22)
#     at Function._load (node:internal/modules/cjs/loader:1192:37)
#     at TracingChannel.traceSync (node:diagnostics_channel:328:14)
#     at wrapModuleLoad (node:internal/modules/cjs/loader:237:24)
#     at Module.require (node:internal/modules/cjs/loader:1463:12)
#     at require (node:internal/modules/helpers:147:16)
#     at Object.<anonymous> (/app/src/permission.js:4:43)
#     at Module._compile (node:internal/modules/cjs/loader:1705:14) {
#   code: 'MODULE_NOT_FOUND',
#   requireStack: [
#     '/app/src/permission.js',
#     '/app/test/permission-elicitation-deny-focus.test.js'
#   ]
# }
# Node.js v22.22.1
# Subtest: /app/test/permission-elicitation-deny-focus.test.js
not ok 119 - /app/test/permission-elicitation-deny-focus.test.js
  ---
  duration_ms: 57.206989
  type: 'test'
  location: '/app/test/permission-elicitation-deny-focus.test.js:1:1'
  failureType: 'testCodeFailure'
  exitCode: 1
  signal: ~
  error: 'test failed'
  code: 'ERR_TEST_FAILURE'
  ...
# (node:192168) ExperimentalWarning: The MockTimers API is an experimental feature and might change at any time
# (Use `node --trace-warnings ...` to show where the warning was created)
# Subtest: macOS allow hotkey does not focus the terminal when frontmost capture fails
ok 255 - macOS allow hotkey does not focus the terminal when frontmost capture fails
  ---
  duration_ms: 15.657019
  type: 'test'
  ...
# Subtest: macOS deny hotkey does not focus the terminal when frontmost capture fails
ok 256 - macOS deny hotkey does not focus the terminal when frontmost capture fails
  ---
  duration_ms: 1.733679
  type: 'test'
  ...
# (node:192175) ExperimentalWarning: The MockTimers API is an experimental feature and might change at any time
# (Use `node --trace-warnings ...` to show where the warning was created)
# Subtest: permission passive notify auto-close refresh
    # Subtest: recomputes the remaining lifetime for visible notify bubbles
    ok 1 - recomputes the remaining lifetime for visible notify bubbles
      ---
      duration_ms: 15.296141
      type: 'test'
      ...
    # Subtest: uses the remaining lifetime instead of restarting the full countdown
    ok 2 - uses the remaining lifetime instead of restarting the full countdown
      ---
      duration_ms: 1.824492
      type: 'test'
      ...
    # Subtest: ignores interactive permission bubbles when refreshing notify auto-close
    ok 3 - ignores interactive permission bubbles when refreshing notify auto-close
      ---
      duration_ms: 2.343304
      type: 'test'
      ...
    # Subtest: logs an explicit reason when Codex passive notifications are actively cleared
    ok 4 - logs an explicit reason when Codex passive notifications are actively cleared
      ---
      duration_ms: 3.441512
      type: 'test'
      ...
    # Subtest: logs an explicit reason when Kimi passive notifications are actively cleared
    ok 5 - logs an explicit reason when Kimi passive notifications are actively cleared
      ---
      duration_ms: 4.044537
      type: 'test'
      ...
    # Subtest: logs when a passive notification expires immediately after policy shrink
    ok 6 - logs when a passive notification expires immediately after policy shrink
      ---
      duration_ms: 2.387778
      type: 'test'
      ...
    # Subtest: deduplicates Codex passive notifications by session and refreshes the existing entry
    ok 7 - deduplicates Codex passive notifications by session and refreshes the existing entry
      ---
      duration_ms: 3.511621
      type: 'test'
      ...
    1..7
ok 257 - permission passive notify auto-close refresh
  ---
  duration_ms: 35.067607
  type: 'suite'
  ...
# Subtest: permission plan-feedback handleDecide
    # Subtest: resolves ExitPlanMode with deny + feedback message
    ok 1 - resolves ExitPlanMode with deny + feedback message
      ---
      duration_ms: 2.858192
      type: 'test'
      ...
    # Subtest: empty feedback results in dismiss-for-terminal (no HTTP response written)
    ok 2 - empty feedback results in dismiss-for-terminal (no HTTP response written)
      ---
      duration_ms: 0.89761
      type: 'test'
      ...
    # Subtest: deny with feedback produces correct CC wire format (hookSpecificOutput envelope)
    ok 3 - deny with feedback produces correct CC wire format (hookSpecificOutput envelope)
      ---
      duration_ms: 1.281144
      type: 'test'
      ...
    # Subtest: non-ExitPlanMode perm receiving plan-feedback object falls through to normal deny
    ok 4 - non-ExitPlanMode perm receiving plan-feedback object falls through to normal deny
      ---
      duration_ms: 0.501785
      type: 'test'
      ...
    1..4
ok 258 - permission plan-feedback handleDecide
  ---
  duration_ms: 7.070833
  type: 'suite'
  ...
# Subtest: permission plan-feedback handleDecide routing (IPC entry point)
    # Subtest: routes ExitPlanMode plan-feedback to deny + trimmed message
    ok 1 - routes ExitPlanMode plan-feedback to deny + trimmed message
      ---
      duration_ms: 1.612451
      type: 'test'
      ...
    # Subtest: routes empty/whitespace plan-feedback to dismiss-for-terminal (socket left open)
    ok 2 - routes empty/whitespace plan-feedback to dismiss-for-terminal (socket left open)
      ---
      duration_ms: 2.187321
      type: 'test'
      ...
    # Subtest: does NOT treat a plan-feedback object as feedback for a non-ExitPlanMode tool
    ok 3 - does NOT treat a plan-feedback object as feedback for a non-ExitPlanMode tool
      ---
      duration_ms: 0.728222
      type: 'test'
      ...
    # Subtest: is a no-op when the sender maps to no pending permission
    ok 4 - is a no-op when the sender maps to no pending permission
      ---
      duration_ms: 0.840438
      type: 'test'
      ...
    1..4
ok 259 - permission plan-feedback handleDecide routing (IPC entry point)
  ---
  duration_ms: 6.111492
  type: 'suite'
  ...
# node:internal/modules/cjs/loader:1386
#   throw err;
#   ^
# Error: Cannot find module 'electron'
# Require stack:
# - /app/src/permission.js
# - /app/test/permission-reposition.test.js
#     at Function._resolveFilename (node:internal/modules/cjs/loader:1383:15)
#     at defaultResolveImpl (node:internal/modules/cjs/loader:1025:19)
#     at resolveForCJSWithHooks (node:internal/modules/cjs/loader:1030:22)
#     at Function._load (node:internal/modules/cjs/loader:1192:37)
#     at TracingChannel.traceSync (node:diagnostics_channel:328:14)
#     at wrapModuleLoad (node:internal/modules/cjs/loader:237:24)
#     at Module.require (node:internal/modules/cjs/loader:1463:12)
#     at require (node:internal/modules/helpers:147:16)
#     at Object.<anonymous> (/app/src/permission.js:4:43)
#     at Module._compile (node:internal/modules/cjs/loader:1705:14) {
#   code: 'MODULE_NOT_FOUND',
#   requireStack: [
#     '/app/src/permission.js',
#     '/app/test/permission-reposition.test.js'
#   ]
# }
# Node.js v22.22.1
# Subtest: /app/test/permission-reposition.test.js
not ok 123 - /app/test/permission-reposition.test.js
  ---
  duration_ms: 54.386686
  type: 'test'
  location: '/app/test/permission-reposition.test.js:1:1'
  failureType: 'testCodeFailure'
  exitCode: 1
  signal: ~
  error: 'test failed'
  code: 'ERR_TEST_FAILURE'
  ...
# node:internal/modules/cjs/loader:1386
#   throw err;
#   ^
# Error: Cannot find module 'electron'
# Require stack:
# - /app/src/permission.js
# - /app/test/permission-telegram-approval.test.js
#     at Function._resolveFilename (node:internal/modules/cjs/loader:1383:15)
#     at defaultResolveImpl (node:internal/modules/cjs/loader:1025:19)
#     at resolveForCJSWithHooks (node:internal/modules/cjs/loader:1030:22)
#     at Function._load (node:internal/modules/cjs/loader:1192:37)
#     at TracingChannel.traceSync (node:diagnostics_channel:328:14)
#     at wrapModuleLoad (node:internal/modules/cjs/loader:237:24)
#     at Module.require (node:internal/modules/cjs/loader:1463:12)
#     at require (node:internal/modules/helpers:147:16)
#     at Object.<anonymous> (/app/src/permission.js:4:43)
#     at Module._compile (node:internal/modules/cjs/loader:1705:14) {
#   code: 'MODULE_NOT_FOUND',
#   requireStack: [
#     '/app/src/permission.js',
#     '/app/test/permission-telegram-approval.test.js'
#   ]
# }
# Node.js v22.22.1
# Subtest: /app/test/permission-telegram-approval.test.js
not ok 124 - /app/test/permission-telegram-approval.test.js
  ---
  duration_ms: 55.110177
  type: 'test'
  location: '/app/test/permission-telegram-approval.test.js:1:1'
  failureType: 'testCodeFailure'
  exitCode: 1
  signal: ~
  error: 'test failed'
  code: 'ERR_TEST_FAILURE'
  ...
# Subtest: permission IPC registers owned channels, delegates, and disposes
ok 262 - permission IPC registers owned channels, delegates, and disposes
  ---
  duration_ms: 13.211246
  type: 'test'
  ...
# Subtest: update bubble IPC registers owned channels, delegates, and disposes
ok 263 - update bubble IPC registers owned channels, delegates, and disposes
  ---
  duration_ms: 2.278398
  type: 'test'
  ...
# Subtest: getObjRect delegates asset rect calculation and falls back to the full window
ok 264 - getObjRect delegates asset rect calculation and falls back to the full window
  ---
  duration_ms: 2.333129
  type: 'test'
  ...
# Subtest: getObjRect falls back from missing current SVG to idle and tolerates malformed idle state
ok 265 - getObjRect falls back from missing current SVG to idle and tolerates malformed idle state
  ---
  duration_ms: 0.485388
  type: 'test'
  ...
# Subtest: getAssetPointerPayload delegates with current file and returns null without a theme
ok 266 - getAssetPointerPayload delegates with current file and returns null without a theme
  ---
  duration_ms: 0.542299
  type: 'test'
  ...
# Subtest: getHitRectScreen passes hitbox and mini padding, with a full-window fallback
ok 267 - getHitRectScreen passes hitbox and mini padding, with a full-window fallback
  ---
  duration_ms: 0.568652
  type: 'test'
  ...
# Subtest: getUpdateBubbleAnchorRect prefers stable anchors, then current-file anchors, then hit rect
ok 268 - getUpdateBubbleAnchorRect prefers stable anchors, then current-file anchors, then hit rect
  ---
  duration_ms: 2.039505
  type: 'test'
  ...
# Subtest: getSessionHudAnchorRect uses the theme margin box and returns null when unavailable
ok 269 - getSessionHudAnchorRect uses the theme margin box and returns null when unavailable
  ---
  duration_ms: 0.341974
  type: 'test'
  ...
# Subtest: pet interaction IPC registers owned channels and disposes them
ok 270 - pet interaction IPC registers owned channels and disposes them
  ---
  duration_ms: 3.350477
  type: 'test'
  ...
# Subtest: pet interaction IPC delegates pet-interaction:reveal-session-hud to revealSessionHud
ok 271 - pet interaction IPC delegates pet-interaction:reveal-session-hud to revealSessionHud
  ---
  duration_ms: 1.979693
  type: 'test'
  ...
# Subtest: pet interaction IPC delegates menu, drag move, reaction pause, and renderer relays
ok 272 - pet interaction IPC delegates menu, drag move, reaction pause, and renderer relays
  ---
  duration_ms: 0.784418
  type: 'test'
  ...
# Subtest: pet interaction IPC relays only supported drag directions
ok 273 - pet interaction IPC relays only supported drag directions
  ---
  duration_ms: 0.359121
  type: 'test'
  ...
# Subtest: pet interaction IPC preserves drag lock lifecycle
ok 274 - pet interaction IPC preserves drag lock lifecycle
  ---
  duration_ms: 0.362561
  type: 'test'
  ...
# Subtest: pet interaction IPC finalizes drag end and always clears drag state
ok 275 - pet interaction IPC finalizes drag end and always clears drag state
  ---
  duration_ms: 0.656058
  type: 'test'
  ...
# Subtest: pet interaction IPC skips drag-end clamp when mini snap starts
ok 276 - pet interaction IPC skips drag-end clamp when mini snap starts
  ---
  duration_ms: 0.391868
  type: 'test'
  ...
# Subtest: pet interaction IPC does not persist when drag-end has no clamped bounds
ok 277 - pet interaction IPC does not persist when drag-end has no clamped bounds
  ---
  duration_ms: 0.342434
  type: 'test'
  ...
# Subtest: pet interaction IPC disables mini snap without skipping drag-end cleanup
ok 278 - pet interaction IPC disables mini snap without skipping drag-end cleanup
  ---
  duration_ms: 0.696815
  type: 'test'
  ...
# Subtest: pet interaction IPC still clears drag state when drag end has no live pet window
ok 279 - pet interaction IPC still clears drag state when drag end has no live pet window
  ---
  duration_ms: 0.64656
  type: 'test'
  ...
# Subtest: pet interaction IPC gates exit-mini-mode on current mini state
ok 280 - pet interaction IPC gates exit-mini-mode on current mini state
  ---
  duration_ms: 0.330399
  type: 'test'
  ...
# Subtest: pet interaction IPC preserves pet-body focus behavior
ok 281 - pet interaction IPC preserves pet-body focus behavior
  ---
  duration_ms: 0.431392
  type: 'test'
  ...
# Subtest: pet drop opens a terminal at a dropped directory and pings the hit window (\#459)
ok 282 - pet drop opens a terminal at a dropped directory and pings the hit window (\#459)
  ---
  duration_ms: 0.596335
  type: 'test'
  ...
# Subtest: pet drop resolves a dropped file to its parent directory
ok 283 - pet drop resolves a dropped file to its parent directory
  ---
  duration_ms: 0.419133
  type: 'test'
  ...
# Subtest: pet drop takes the first usable path only
ok 284 - pet drop takes the first usable path only
  ---
  duration_ms: 0.260868
  type: 'test'
  ...
# Subtest: pet drop is disabled on macOS: no stat, no terminal, no accept ping
ok 285 - pet drop is disabled on macOS: no stat, no terminal, no accept ping
  ---
  duration_ms: 0.424811
  type: 'test'
  ...
# Subtest: pet drop is ignored in mini mode and during mini transitions
ok 286 - pet drop is ignored in mini mode and during mini transitions
  ---
  duration_ms: 2.213284
  type: 'test'
  ...
# Subtest: pet drop ignores invalid payloads and failed stats without launching
ok 287 - pet drop ignores invalid payloads and failed stats without launching
  ---
  duration_ms: 0.677896
  type: 'test'
  ...
# Subtest: pet drop does not ping the hit window when the terminal launch fails
ok 288 - pet drop does not ping the hit window when the terminal launch fails
  ---
  duration_ms: 0.707105
  type: 'test'
  ...
# Subtest: pet-window-runtime
    # Subtest: keeps context menu owner creation outside the pet runtime and preserves parent ownership
    ok 1 - keeps context menu owner creation outside the pet runtime and preserves parent ownership
      ---
      duration_ms: 1.996739
      type: 'test'
      ...
    # Subtest: lazy-binds topmost edge helpers so main can initialize the pet runtime first
    ok 2 - lazy-binds topmost edge helpers so main can initialize the pet runtime first
      ---
      duration_ms: 1.675862
      type: 'test'
      ...
    # Subtest: creates the hit window with the Windows drag focusability contract
    ok 3 - creates the hit window with the Windows drag focusability contract
      ---
      duration_ms: 3.236043
      type: 'test'
      ...
    # Subtest: reloadWindowWebContents ignores destroyed windows and webContents
    ok 4 - reloadWindowWebContents ignores destroyed windows and webContents
      ---
      duration_ms: 0.666678
      type: 'test'
      ...
    # Subtest: uses safe reload helpers for pet render-process-gone handlers
    ok 5 - uses safe reload helpers for pet render-process-gone handlers
      ---
      duration_ms: 1.588052
      type: 'test'
      ...
    # Subtest: creates the render window as non-focusable and materializes the initial virtual bounds
    ok 6 - creates the render window as non-focusable and materializes the initial virtual bounds
      ---
      duration_ms: 1.189561
      type: 'test'
      ...
    # Subtest: flushes runtime prefs once during Windows session end
    ok 7 - flushes runtime prefs once during Windows session end
      ---
      duration_ms: 0.495843
      type: 'test'
      ...
    # Subtest: does not flush runtime prefs for session-end events on non-Windows platforms
    ok 8 - does not flush runtime prefs for session-end events on non-Windows platforms
      ---
      duration_ms: 0.551957
      type: 'test'
      ...
    # Subtest: keeps Linux hit windows non-focusable
    ok 9 - keeps Linux hit windows non-focusable
      ---
      duration_ms: 0.785263
      type: 'test'
      ...
    # Subtest: materializes virtual bounds into viewport offset and syncs the hit shape once per size
    ok 10 - materializes virtual bounds into viewport offset and syncs the hit shape once per size
      ---
      duration_ms: 0.964165
      type: 'test'
      ...
    # Subtest: does not move the hit window while drag owns pointer capture
    ok 11 - does not move the hit window while drag owns pointer capture
      ---
      duration_ms: 0.272789
      type: 'test'
      ...
    # Subtest: clips the hit window to a right-side internal monitor seam
    ok 12 - clips the hit window to a right-side internal monitor seam
      ---
      duration_ms: 0.532543
      type: 'test'
      ...
    # Subtest: clips the hit window from the left at a left-side internal seam
    ok 13 - clips the hit window from the left at a left-side internal seam
      ---
      duration_ms: 0.330496
      type: 'test'
      ...
    # Subtest: leaves the hit window unclipped when no internal seam is active
    ok 14 - leaves the hit window unclipped when no internal seam is active
      ---
      duration_ms: 0.366938
      type: 'test'
      ...
    # Subtest: returns the seam-clipped hit rect to hover and bubble callers
    ok 15 - returns the seam-clipped hit rect to hover and bubble callers
      ---
      duration_ms: 0.191825
      type: 'test'
      ...
    # Subtest: reasserts Windows topmost when drag movement lands near a work-area edge
    ok 16 - reasserts Windows topmost when drag movement lands near a work-area edge
      ---
      duration_ms: 1.172718
      type: 'test'
      ...
    # Subtest: preserves mini transition guards for drag and display changes
    ok 17 - preserves mini transition guards for drag and display changes
      ---
      duration_ms: 0.60914
      type: 'test'
      ...
    # Subtest: routes mini-mode display changes to mini handlers without writing pet bounds
    ok 18 - routes mini-mode display changes to mini handlers without writing pet bounds
      ---
      duration_ms: 0.263187
      type: 'test'
      ...
    # Subtest: refreshes mini seam state when a display is added
    ok 19 - refreshes mini seam state when a display is added
      ---
      duration_ms: 0.177037
      type: 'test'
      ...
    # Subtest: brings the pet to primary display and flushes runtime prefs
    ok 20 - brings the pet to primary display and flushes runtime prefs
      ---
      duration_ms: 0.489561
      type: 'test'
      ...
    1..20
ok 289 - pet-window-runtime
  ---
  duration_ms: 21.365702
  type: 'suite'
  ...
# Subtest: pet-window-runtime setPetHidden contract (\#416)
    # Subtest: hides the pet and reports a real change
    ok 1 - hides the pet and reports a real change
      ---
      duration_ms: 0.400504
      type: 'test'
      ...
    # Subtest: is idempotent when already in the target state
    ok 2 - is idempotent when already in the target state
      ---
      duration_ms: 0.255165
      type: 'test'
      ...
    # Subtest: shows the pet again
    ok 3 - shows the pet again
      ---
      duration_ms: 0.302997
      type: 'test'
      ...
    # Subtest: defers without changing state during a mini transition
    ok 4 - defers without changing state during a mini transition
      ---
      duration_ms: 0.13934
      type: 'test'
      ...
    # Subtest: reports not-applied when the render window is gone
    ok 5 - reports not-applied when the render window is gone
      ---
      duration_ms: 0.213662
      type: 'test'
      ...
    # Subtest: togglePetVisibility flips state through setPetHidden
    ok 6 - togglePetVisibility flips state through setPetHidden
      ---
      duration_ms: 0.240404
      type: 'test'
      ...
    1..6
ok 290 - pet-window-runtime setPetHidden contract (\#416)
  ---
  duration_ms: 3.104942
  type: 'suite'
  ...
# Subtest: pi-extension-core
    # Subtest: detects non-interactive Pi modes from argv
    ok 1 - detects non-interactive Pi modes from argv
      ---
      duration_ms: 1.438483
      type: 'test'
      ...
    # Subtest: uses ctx.hasUI when Pi provides it
    ok 2 - uses ctx.hasUI when Pi provides it
      ---
      duration_ms: 0.248418
      type: 'test'
      ...
    # Subtest: falls back to TTY detection when ctx.hasUI is unavailable
    ok 3 - falls back to TTY detection when ctx.hasUI is unavailable
      ---
      duration_ms: 0.246066
      type: 'test'
      ...
    # Subtest: builds a generic Clawd /state payload with Pi session and pid fields
    ok 4 - builds a generic Clawd /state payload with Pi session and pid fields
      ---
      duration_ms: 1.43736
      type: 'test'
      ...
    # Subtest: falls back to a default session id when Pi session metadata is unavailable
    ok 5 - falls back to a default session id when Pi session metadata is unavailable
      ---
      duration_ms: 1.866158
      type: 'test'
      ...
    # Subtest: registers Pi lifecycle handlers and maps them to Clawd events
    ok 6 - registers Pi lifecycle handlers and maps them to Clawd events
      ---
      duration_ms: 1.111417
      type: 'test'
      ...
    # Subtest: reports mutating tool calls as state only and never asks for permission
    ok 7 - reports mutating tool calls as state only and never asks for permission
      ---
      duration_ms: 0.607908
      type: 'test'
      ...
    # Subtest: does not block Pi tools if state reporting fails
    ok 8 - does not block Pi tools if state reporting fails
      ---
      duration_ms: 0.441267
      type: 'test'
      ...
    # Subtest: maps tool_result errors separately from successful tool results
    ok 9 - maps tool_result errors separately from successful tool results
      ---
      duration_ms: 0.821433
      type: 'test'
      ...
    # Subtest: preserves per-session delivery ordering for awaited posts
    ok 10 - preserves per-session delivery ordering for awaited posts
      ---
      duration_ms: 1.01901
      type: 'test'
      ...
    # Subtest: does not report events when Pi runs without interactive UI
    ok 11 - does not report events when Pi runs without interactive UI
      ---
      duration_ms: 0.351517
      type: 'test'
      ...
    1..11
ok 291 - pi-extension-core
  ---
  duration_ms: 11.771044
  type: 'suite'
  ...
# Subtest: pi-install
    # Subtest: detects npm-installed Pi command beside a resolved Node binary on Windows
    ok 1 - detects npm-installed Pi command beside a resolved Node binary on Windows
      ---
      duration_ms: 3.186168
      type: 'test'
      ...
    # Subtest: falls back to `where pi` on Windows
    ok 2 - falls back to `where pi` on Windows
      ---
      duration_ms: 1.406219
      type: 'test'
      ...
    # Subtest: uses short POSIX shell probes when Pi is only available in a login shell
    ok 3 - uses short POSIX shell probes when Pi is only available in a login shell
      ---
      duration_ms: 0.480662
      type: 'test'
      ...
    # Subtest: skips registration when neither Pi config nor Pi command exists
    ok 4 - skips registration when neither Pi config nor Pi command exists
      ---
      duration_ms: 1.729896
      type: 'test'
      ...
    # Subtest: installs and refreshes the managed Pi extension files
    ok 5 - installs and refreshes the managed Pi extension files
      ---
      duration_ms: 6.192679
      type: 'test'
      ...
    # Subtest: does not overwrite an unmanaged existing Pi extension directory
    ok 6 - does not overwrite an unmanaged existing Pi extension directory
      ---
      duration_ms: 4.131837
      type: 'test'
      ...
    # Subtest: uninstalls only a Clawd-managed Pi extension directory
    ok 7 - uninstalls only a Clawd-managed Pi extension directory
      ---
      duration_ms: 3.033754
      type: 'test'
      ...
    # Subtest: refuses to uninstall an unmanaged Pi extension directory
    ok 8 - refuses to uninstall an unmanaged Pi extension directory
      ---
      duration_ms: 1.41235
      type: 'test'
      ...
    1..8
ok 292 - pi-install
  ---
  duration_ms: 23.689644
  type: 'suite'
  ...
# Clawd: prefs file unreadable, backed up to /tmp/clawd-prefs-sJmq8Z/clawd-prefs.json.bak: Expected property name or '}' in JSON at position 2 (line 1 column 3)
# Clawd: prefs file unreadable, backed up to /tmp/clawd-prefs-Z2ON5E/clawd-prefs.json.bak: Expected property name or '}' in JSON at position 2 (line 1 column 3)
# Subtest: prefs.getDefaults
    # Subtest: returns a fresh snapshot every call (no shared object refs)
    ok 1 - returns a fresh snapshot every call (no shared object refs)
      ---
      duration_ms: 1.880222
      type: 'test'
      ...
    # Subtest: includes the current schema version
    ok 2 - includes the current schema version
      ---
      duration_ms: 0.371314
      type: 'test'
      ...
    # Subtest: defaults Claude hook management on and Start with Claude off
    ok 3 - defaults Claude hook management on and Start with Claude off
      ---
      duration_ms: 2.080038
      type: 'test'
      ...
    # Subtest: seeds only default-installed agents as enabled
    ok 4 - seeds only default-installed agents as enabled
      ---
      duration_ms: 0.594867
      type: 'test'
      ...
    # Subtest: seeds permission-capable agents with permissionsEnabled=true
    ok 5 - seeds permission-capable agents with permissionsEnabled=true
      ---
      duration_ms: 0.830385
      type: 'test'
      ...
    # Subtest: seeds the subagent permission sub-gate on claude-code only (\#451)
    ok 6 - seeds the subagent permission sub-gate on claude-code only (\#451)
      ---
      duration_ms: 0.548218
      type: 'test'
      ...
    # Subtest: defaults OpenClaw permission bubbles off
    ok 7 - defaults OpenClaw permission bubbles off
      ---
      duration_ms: 0.335746
      type: 'test'
      ...
    # Subtest: defaults Qoder permission bubbles off (state-only)
    ok 8 - defaults Qoder permission bubbles off (state-only)
      ---
      duration_ms: 0.412158
      type: 'test'
      ...
    # Subtest: defaults CodeWhale permission bubbles off (state-only)
    ok 9 - defaults CodeWhale permission bubbles off (state-only)
      ---
      duration_ms: 0.502507
      type: 'test'
      ...
    # Subtest: defaults Pi permission bubbles off
    ok 10 - defaults Pi permission bubbles off
      ---
      duration_ms: 0.490288
      type: 'test'
      ...
    # Subtest: defaults Codex permissions to intercept mode
    ok 11 - defaults Codex permissions to intercept mode
      ---
      duration_ms: 0.456525
      type: 'test'
      ...
    # Subtest: defaults Hardware Buddy to disabled state-only BLE
    ok 12 - defaults Hardware Buddy to disabled state-only BLE
      ---
      duration_ms: 0.271364
      type: 'test'
      ...
    1..12
ok 293 - prefs.getDefaults
  ---
  duration_ms: 10.657259
  type: 'suite'
  ...
# Subtest: prefs.validate
    # Subtest: drops bad fields and falls back to defaults
    ok 1 - drops bad fields and falls back to defaults
      ---
      duration_ms: 1.371221
      type: 'test'
      ...
    # Subtest: backfills split bubble prefs from legacy hideBubbles=true
    ok 2 - backfills split bubble prefs from legacy hideBubbles=true
      ---
      duration_ms: 1.230326
      type: 'test'
      ...
    # Subtest: backfills split bubble prefs from legacy hideBubbles=false
    ok 3 - backfills split bubble prefs from legacy hideBubbles=false
      ---
      duration_ms: 0.412754
      type: 'test'
      ...
    # Subtest: preserves explicit split bubble prefs during legacy backfill
    ok 4 - preserves explicit split bubble prefs during legacy backfill
      ---
      duration_ms: 0.763665
      type: 'test'
      ...
    # Subtest: upgrades legacy default notification bubble duration during v3 migration
    ok 5 - upgrades legacy default notification bubble duration during v3 migration
      ---
      duration_ms: 0.508945
      type: 'test'
      ...
    # Subtest: preserves explicit notification bubble duration during v3 migration
    ok 6 - preserves explicit notification bubble duration during v3 migration
      ---
      duration_ms: 0.512369
      type: 'test'
      ...
    # Subtest: resets existing Pi permission prefs during v4 migration
    ok 7 - resets existing Pi permission prefs during v4 migration
      ---
      duration_ms: 0.374401
      type: 'test'
      ...
    # Subtest: defaults missing Pi permission prefs off during migration
    ok 8 - defaults missing Pi permission prefs off during migration
      ---
      duration_ms: 0.29954
      type: 'test'
      ...
    # Subtest: normalizes Telegram approval prefs without storing a token
    ok 9 - normalizes Telegram approval prefs without storing a token
      ---
      duration_ms: 0.73231
      type: 'test'
      ...
    # Subtest: keeps valid fields verbatim
    ok 10 - keeps valid fields verbatim
      ---
      duration_ms: 0.575359
      type: 'test'
      ...
    # Subtest: accepts soundVolume 0 (silent playback is valid)
    ok 11 - accepts soundVolume 0 (silent playback is valid)
      ---
      duration_ms: 0.316115
      type: 'test'
      ...
    # Subtest: keeps textScale within 0.8–1.6 and defaults out-of-range values
    ok 12 - keeps textScale within 0.8–1.6 and defaults out-of-range values
      ---
      duration_ms: 0.404526
      type: 'test'
      ...
    # Subtest: normalizes agents (drops malformed entries)
    ok 13 - normalizes agents (drops malformed entries)
      ---
      duration_ms: 0.257787
      type: 'test'
      ...
    # Subtest: normalizes agents: preserves permissionsEnabled flag
    ok 14 - normalizes agents: preserves permissionsEnabled flag
      ---
      duration_ms: 0.244467
      type: 'test'
      ...
    # Subtest: normalizes agents: fills missing permissionsEnabled from defaults
    ok 15 - normalizes agents: fills missing permissionsEnabled from defaults
      ---
      duration_ms: 0.200593
      type: 'test'
      ...
    # Subtest: normalizes agents: drops non-boolean permissionsEnabled, keeps valid enabled
    ok 16 - normalizes agents: drops non-boolean permissionsEnabled, keeps valid enabled
      ---
      duration_ms: 0.238904
      type: 'test'
      ...
    # Subtest: normalizes agents: preserves subagentPermissionsEnabled for claude-code, strips it elsewhere
    ok 17 - normalizes agents: preserves subagentPermissionsEnabled for claude-code, strips it elsewhere
      ---
      duration_ms: 0.240765
      type: 'test'
      ...
    # Subtest: normalizes agents: fills missing subagentPermissionsEnabled from defaults (pre-\#451 prefs)
    ok 18 - normalizes agents: fills missing subagentPermissionsEnabled from defaults (pre-\#451 prefs)
      ---
      duration_ms: 0.20499
      type: 'test'
      ...
    # Subtest: normalizes agents: preserves Hermes permission/notification flags
    ok 19 - normalizes agents: preserves Hermes permission/notification flags
      ---
      duration_ms: 0.220922
      type: 'test'
      ...
    # Subtest: normalizes agents: preserves Antigravity permission flag but strips notification flag
    ok 20 - normalizes agents: preserves Antigravity permission flag but strips notification flag
      ---
      duration_ms: 0.442454
      type: 'test'
      ...
    # Subtest: normalizes agents: preserves notificationHookEnabled flag
    ok 21 - normalizes agents: preserves notificationHookEnabled flag
      ---
      duration_ms: 0.237834
      type: 'test'
      ...
    # Subtest: normalizes agents: preserves integrationInstalled for every known agent
    ok 22 - normalizes agents: preserves integrationInstalled for every known agent
      ---
      duration_ms: 0.583463
      type: 'test'
      ...
    # Subtest: normalizes agents: preserves valid Codex permissionMode
    ok 23 - normalizes agents: preserves valid Codex permissionMode
      ---
      duration_ms: 0.383391
      type: 'test'
      ...
    # Subtest: normalizes agents: drops invalid Codex permissionMode to intercept
    ok 24 - normalizes agents: drops invalid Codex permissionMode to intercept
      ---
      duration_ms: 0.338921
      type: 'test'
      ...
    # Subtest: normalizes agents: fills missing notificationHookEnabled from defaults
    ok 25 - normalizes agents: fills missing notificationHookEnabled from defaults
      ---
      duration_ms: 0.267637
      type: 'test'
      ...
    # Subtest: normalizes dismissed agent hint maps as true-only maps
    ok 26 - normalizes dismissed agent hint maps as true-only maps
      ---
      duration_ms: 0.396859
      type: 'test'
      ...
    # Subtest: normalizes agents: fills missing Codex nativeNotificationSoundEnabled from defaults
    ok 27 - normalizes agents: fills missing Codex nativeNotificationSoundEnabled from defaults
      ---
      duration_ms: 0.390879
      type: 'test'
      ...
    # Subtest: seeds all known agents with notificationHookEnabled=true
    ok 28 - seeds all known agents with notificationHookEnabled=true
      ---
      duration_ms: 0.31654
      type: 'test'
      ...
    # Subtest: returns defaults for null/non-object input
    ok 29 - returns defaults for null/non-object input
      ---
      duration_ms: 0.777973
      type: 'test'
      ...
    # Subtest: positionDisplay defaults to null and round-trips a valid snapshot
    ok 30 - positionDisplay defaults to null and round-trips a valid snapshot
      ---
      duration_ms: 0.70202
      type: 'test'
      ...
    # Subtest: positionDisplay drops malformed snapshots back to null
    ok 31 - positionDisplay drops malformed snapshots back to null
      ---
      duration_ms: 0.455244
      type: 'test'
      ...
    # Subtest: themeVariant defaults to empty object (no migration needed)
    ok 32 - themeVariant defaults to empty object (no migration needed)
      ---
      duration_ms: 0.313821
      type: 'test'
      ...
    # Subtest: themeVariant drops malformed entries but keeps string/string pairs
    ok 33 - themeVariant drops malformed entries but keeps string/string pairs
      ---
      duration_ms: 0.370942
      type: 'test'
      ...
    # Subtest: themeVariant falls back to defaults when not an object
    ok 34 - themeVariant falls back to defaults when not an object
      ---
      duration_ms: 0.28327
      type: 'test'
      ...
    # Subtest: sessionAliases normalizes valid entries and drops malformed values
    ok 35 - sessionAliases normalizes valid entries and drops malformed values
      ---
      duration_ms: 0.717255
      type: 'test'
      ...
    # Subtest: sessionAliases falls back to defaults when not an object
    ok 36 - sessionAliases falls back to defaults when not an object
      ---
      duration_ms: 0.287367
      type: 'test'
      ...
    # Subtest: drops legacy workspaceAliases because they are no longer in the schema
    ok 37 - drops legacy workspaceAliases because they are no longer in the schema
      ---
      duration_ms: 0.316099
      type: 'test'
      ...
    # Subtest: shortcuts defaults to the built-in shortcut map
    ok 38 - shortcuts defaults to the built-in shortcut map
      ---
      duration_ms: 0.234572
      type: 'test'
      ...
    # Subtest: shortcuts fills missing keys and normalizes valid values
    ok 39 - shortcuts fills missing keys and normalizes valid values
      ---
      duration_ms: 1.69284
      type: 'test'
      ...
    # Subtest: shortcuts falls back to defaults for invalid or dangerous values
    ok 40 - shortcuts falls back to defaults for invalid or dangerous values
      ---
      duration_ms: 1.869106
      type: 'test'
      ...
    # Subtest: shortcuts de-duplicates conflicting load-time values with default priority
    ok 41 - shortcuts de-duplicates conflicting load-time values with default priority
      ---
      duration_ms: 0.310395
      type: 'test'
      ...
    # Subtest: defaults the three stale-cleanup intervals to the historical constants
    ok 42 - defaults the three stale-cleanup intervals to the historical constants
      ---
      duration_ms: 0.17674
      type: 'test'
      ...
    # Subtest: accepts sessionStaleMs=0 (disables idle-age cutoff)
    ok 43 - accepts sessionStaleMs=0 (disables idle-age cutoff)
      ---
      duration_ms: 0.384918
      type: 'test'
      ...
    # Subtest: drops below-minimum non-zero sessionStaleMs back to default
    ok 44 - drops below-minimum non-zero sessionStaleMs back to default
      ---
      duration_ms: 0.230979
      type: 'test'
      ...
    # Subtest: drops workingStaleMs=0 back to default (0 not allowed)
    ok 45 - drops workingStaleMs=0 back to default (0 not allowed)
      ---
      duration_ms: 0.199602
      type: 'test'
      ...
    # Subtest: drops detachedIdleStaleMs=0 back to default (0 not allowed)
    ok 46 - drops detachedIdleStaleMs=0 back to default (0 not allowed)
      ---
      duration_ms: 0.188509
      type: 'test'
      ...
    # Subtest: clamps a hand-edited inverted pair: workingStaleMs > sessionStaleMs
    ok 47 - clamps a hand-edited inverted pair: workingStaleMs > sessionStaleMs
      ---
      duration_ms: 0.306324
      type: 'test'
      ...
    # Subtest: leaves workingStaleMs alone when sessionStaleMs is disabled (=0)
    ok 48 - leaves workingStaleMs alone when sessionStaleMs is disabled (=0)
      ---
      duration_ms: 0.19752
      type: 'test'
      ...
    # Subtest: normalizes Hardware Buddy settings
    ok 49 - normalizes Hardware Buddy settings
      ---
      duration_ms: 0.404629
      type: 'test'
      ...
    1..49
ok 294 - prefs.validate
  ---
  duration_ms: 26.803587
  type: 'suite'
  ...
# Subtest: prefs.migrate
    # Subtest: upgrades v0 (no version field) to the current version
    ok 1 - upgrades v0 (no version field) to the current version
      ---
      duration_ms: 0.72578
      type: 'test'
      ...
    # Subtest: migrates v1 files to the current version while preserving agent prefs
    ok 2 - migrates v1 files to the current version while preserving agent prefs
      ---
      duration_ms: 0.335052
      type: 'test'
      ...
    # Subtest: backfills positionSaved=true for files with non-zero x/y
    ok 3 - backfills positionSaved=true for files with non-zero x/y
      ---
      duration_ms: 0.322145
      type: 'test'
      ...
    # Subtest: backfills positionSaved=false for files with x=0,y=0
    ok 4 - backfills positionSaved=false for files with x=0,y=0
      ---
      duration_ms: 0.176101
      type: 'test'
      ...
    # Subtest: does not overwrite existing positionSaved field
    ok 5 - does not overwrite existing positionSaved field
      ---
      duration_ms: 0.362709
      type: 'test'
      ...
    1..5
ok 295 - prefs.migrate
  ---
  duration_ms: 2.241994
  type: 'suite'
  ...
# Subtest: prefs.migrate v4 → v5 (sessionHudAutoHide removal)
    # Subtest: auto-pins users who had sessionHudAutoHide=false (always-show)
    ok 1 - auto-pins users who had sessionHudAutoHide=false (always-show)
      ---
      duration_ms: 0.278342
      type: 'test'
      ...
    # Subtest: leaves pinned untouched for users who had auto-hide enabled
    ok 2 - leaves pinned untouched for users who had auto-hide enabled
      ---
      duration_ms: 0.149218
      type: 'test'
      ...
    # Subtest: respects existing pinned=true even when sessionHudAutoHide=false
    ok 3 - respects existing pinned=true even when sessionHudAutoHide=false
      ---
      duration_ms: 0.158245
      type: 'test'
      ...
    # Subtest: treats missing sessionHudAutoHide as no-op (no pin auto-set)
    ok 4 - treats missing sessionHudAutoHide as no-op (no pin auto-set)
      ---
      duration_ms: 0.226429
      type: 'test'
      ...
    # Subtest: ignores non-boolean sessionHudAutoHide (only strict === false triggers pin)
    ok 5 - ignores non-boolean sessionHudAutoHide (only strict === false triggers pin)
      ---
      duration_ms: 0.215169
      type: 'test'
      ...
    # Subtest: is idempotent on v5 input (skips the v4→v5 branch)
    ok 6 - is idempotent on v5 input (skips the v4→v5 branch)
      ---
      duration_ms: 0.137866
      type: 'test'
      ...
    # Subtest: does not let validate() re-populate the deprecated field after save
    ok 7 - does not let validate() re-populate the deprecated field after save
      ---
      duration_ms: 0.197961
      type: 'test'
      ...
    1..7
ok 296 - prefs.migrate v4 → v5 (sessionHudAutoHide removal)
  ---
  duration_ms: 1.651887
  type: 'suite'
  ...
# Subtest: prefs.migrate v6 → v7 (Codex Native prompt sound default)
    # Subtest: moves the early Codex Native prompt sound default to off
    ok 1 - moves the early Codex Native prompt sound default to off
      ---
      duration_ms: 0.255853
      type: 'test'
      ...
    1..1
ok 297 - prefs.migrate v6 → v7 (Codex Native prompt sound default)
  ---
  duration_ms: 0.33689
  type: 'suite'
  ...
# Subtest: prefs.migrate v7 → v8 (Telegram bare completion default)
    # Subtest: turns old persisted bare completion pings off
    ok 1 - turns old persisted bare completion pings off
      ---
      duration_ms: 0.440694
      type: 'test'
      ...
    # Subtest: migrates older prefs without Telegram approval settings safely
    ok 2 - migrates older prefs without Telegram approval settings safely
      ---
      duration_ms: 0.290631
      type: 'test'
      ...
    1..2
ok 298 - prefs.migrate v7 → v8 (Telegram bare completion default)
  ---
  duration_ms: 0.838886
  type: 'suite'
  ...
# Subtest: prefs.migrate v8 → v9 (auto-approve auto-pilot)
    # Subtest: defaults autoApproveAllPermissions to false for upgrading users
    ok 1 - defaults autoApproveAllPermissions to false for upgrading users
      ---
      duration_ms: 0.232909
      type: 'test'
      ...
    # Subtest: clears a planted autoApproveAllPermissions=true on upgrade (never inherit auto-approval)
    ok 2 - clears a planted autoApproveAllPermissions=true on upgrade (never inherit auto-approval)
      ---
      duration_ms: 0.198053
      type: 'test'
      ...
    # Subtest: fresh defaults keep auto-pilot off
    ok 3 - fresh defaults keep auto-pilot off
      ---
      duration_ms: 3.401616
      type: 'test'
      ...
    1..3
ok 299 - prefs.migrate v8 → v9 (auto-approve auto-pilot)
  ---
  duration_ms: 3.998146
  type: 'suite'
  ...
# Subtest: prefs.migrate v9 → v10 (compact HUD defaults are fresh-install only)
    # Subtest: backfills the old HUD defaults for pre-v10 files missing the keys
    ok 1 - backfills the old HUD defaults for pre-v10 files missing the keys
      ---
      duration_ms: 0.519709
      type: 'test'
      ...
    # Subtest: preserves explicit values that match neither old nor new default
    ok 2 - preserves explicit values that match neither old nor new default
      ---
      duration_ms: 0.508756
      type: 'test'
      ...
    # Subtest: fresh defaults (no prefs file, migrate never runs) get the compact HUD
    ok 3 - fresh defaults (no prefs file, migrate never runs) get the compact HUD
      ---
      duration_ms: 0.180132
      type: 'test'
      ...
    # Subtest: is idempotent on v10 input (a fresh-install save is not re-backfilled)
    ok 4 - is idempotent on v10 input (a fresh-install save is not re-backfilled)
      ---
      duration_ms: 0.170515
      type: 'test'
      ...
    1..4
ok 300 - prefs.migrate v9 → v10 (compact HUD defaults are fresh-install only)
  ---
  duration_ms: 1.614615
  type: 'suite'
  ...
# Subtest: prefs.migrate v10 → v11 (on-demand agent integrations)
    # Subtest: keeps missing old agent entries on the v11 fresh defaults
    ok 1 - keeps missing old agent entries on the v11 fresh defaults
      ---
      duration_ms: 0.347263
      type: 'test'
      ...
    # Subtest: preserves existing enabled flags while backfilling installed intent
    ok 2 - preserves existing enabled flags while backfilling installed intent
      ---
      duration_ms: 0.259429
      type: 'test'
      ...
    # Subtest: does not mark agent entries missing from old prefs as installed
    ok 3 - does not mark agent entries missing from old prefs as installed
      ---
      duration_ms: 0.237223
      type: 'test'
      ...
    # Subtest: does not mark v0 default-seeded agent entries as installed
    ok 4 - does not mark v0 default-seeded agent entries as installed
      ---
      duration_ms: 0.336566
      type: 'test'
      ...
    # Subtest: does not mark migration-created Pi or missing v0 agent entries as installed
    ok 5 - does not mark migration-created Pi or missing v0 agent entries as installed
      ---
      duration_ms: 0.293453
      type: 'test'
      ...
    # Subtest: does not resurrect an integrationInstalled=false value from current-version prefs
    ok 6 - does not resurrect an integrationInstalled=false value from current-version prefs
      ---
      duration_ms: 0.191359
      type: 'test'
      ...
    1..6
ok 301 - prefs.migrate v10 → v11 (on-demand agent integrations)
  ---
  duration_ms: 1.893448
  type: 'suite'
  ...
# Subtest: prefs.migrate v11 → v12 (showDock default off for fresh installs)
    # Subtest: backfills showDock=true for a pre-v12 file that lacks it (existing user keeps the Dock)
    ok 1 - backfills showDock=true for a pre-v12 file that lacks it (existing user keeps the Dock)
      ---
      duration_ms: 0.27628
      type: 'test'
      ...
    # Subtest: preserves an explicit showDock=false from a pre-v12 file
    ok 2 - preserves an explicit showDock=false from a pre-v12 file
      ---
      duration_ms: 0.186402
      type: 'test'
      ...
    # Subtest: fresh defaults (no prefs file, migrate never runs) get showDock off
    ok 3 - fresh defaults (no prefs file, migrate never runs) get showDock off
      ---
      duration_ms: 0.154531
      type: 'test'
      ...
    # Subtest: is idempotent on v12 input (a fresh-install save is not re-backfilled)
    ok 4 - is idempotent on v12 input (a fresh-install save is not re-backfilled)
      ---
      duration_ms: 0.210255
      type: 'test'
      ...
    1..4
ok 302 - prefs.migrate v11 → v12 (showDock default off for fresh installs)
  ---
  duration_ms: 2.321736
  type: 'suite'
  ...
# Subtest: prefs ephemeral fields (auto-pilot does not persist)
    # Subtest: validate() never restores a persisted autoApproveAllPermissions=true
    ok 1 - validate() never restores a persisted autoApproveAllPermissions=true
      ---
      duration_ms: 0.197729
      type: 'test'
      ...
    # Subtest: save() strips autoApproveAllPermissions from the on-disk file
    ok 2 - save() strips autoApproveAllPermissions from the on-disk file
      ---
      duration_ms: 2.889632
      type: 'test'
      ...
    # Subtest: survives a quit/relaunch as OFF even after being enabled mid-session
    ok 3 - survives a quit/relaunch as OFF even after being enabled mid-session
      ---
      duration_ms: 1.739429
      type: 'test'
      ...
    # Subtest: load() ignores a hand-edited autoApproveAllPermissions:true in the file
    ok 4 - load() ignores a hand-edited autoApproveAllPermissions:true in the file
      ---
      duration_ms: 0.764294
      type: 'test'
      ...
    1..4
ok 303 - prefs ephemeral fields (auto-pilot does not persist)
  ---
  duration_ms: 5.835044
  type: 'suite'
  ...
# Subtest: prefs.load
    # Subtest: returns defaults for missing file (ENOENT) without backup
    ok 1 - returns defaults for missing file (ENOENT) without backup
      ---
      duration_ms: 0.799049
      type: 'test'
      ...
    # Subtest: backs up corrupt JSON and returns defaults
    ok 2 - backs up corrupt JSON and returns defaults
      ---
      duration_ms: 3.235926
      type: 'test'
      ...
    # Subtest: migrates a v0 file (no version field) on load
    ok 3 - migrates a v0 file (no version field) on load
      ---
      duration_ms: 1.033205
      type: 'test'
      ...
    # Subtest: loads v2 prefs without locking or warning
    ok 4 - loads v2 prefs without locking or warning
      ---
      duration_ms: 0.726263
      type: 'test'
      ...
    # Subtest: returns locked=true and warns for future-version files
    ok 5 - returns locked=true and warns for future-version files
      ---
      duration_ms: 0.646175
      type: 'test'
      ...
    1..5
ok 304 - prefs.load
  ---
  duration_ms: 6.690749
  type: 'suite'
  ...
# Subtest: prefs.save
    # Subtest: writes a valid snapshot that round-trips through load
    ok 1 - writes a valid snapshot that round-trips through load
      ---
      duration_ms: 1.74259
      type: 'test'
      ...
    # Subtest: validates before writing — bad fields fall back to defaults on disk
    ok 2 - validates before writing — bad fields fall back to defaults on disk
      ---
      duration_ms: 1.158456
      type: 'test'
      ...
    # Subtest: round-trips themeOverrides with disabled: true
    ok 3 - round-trips themeOverrides with disabled: true
      ---
      duration_ms: 1.929426
      type: 'test'
      ...
    # Subtest: themeOverrides: nested state entry preserves file + transition while keeping disabled
    ok 4 - themeOverrides: nested state entry preserves file + transition while keeping disabled
      ---
      duration_ms: 1.579227
      type: 'test'
      ...
    # Subtest: themeOverrides: state/tier/timing entries round-trip in Path A schema
    ok 5 - themeOverrides: state/tier/timing entries round-trip in Path A schema
      ---
      duration_ms: 1.512449
      type: 'test'
      ...
    # Subtest: themeOverrides.sounds: round-trips per-soundName file entries
    ok 6 - themeOverrides.sounds: round-trips per-soundName file entries
      ---
      duration_ms: 2.894425
      type: 'test'
      ...
    # Subtest: themeOverrides.sounds: drops entries with invalid / empty file and non-string keys
    ok 7 - themeOverrides.sounds: drops entries with invalid / empty file and non-string keys
      ---
      duration_ms: 0.516439
      type: 'test'
      ...
    # Subtest: themeOverrides.sounds: strips ancillary fields (durationMs / transition / sourceThemeId) — sounds only keep file
    ok 8 - themeOverrides.sounds: strips ancillary fields (durationMs / transition / sourceThemeId) — sounds only keep file
      ---
      duration_ms: 0.503317
      type: 'test'
      ...
    # Subtest: themeOverrides.sounds: preserves originalName when valid, basename-strips and caps length
    ok 9 - themeOverrides.sounds: preserves originalName when valid, basename-strips and caps length
      ---
      duration_ms: 0.491604
      type: 'test'
      ...
    # Subtest: themeOverrides.sounds: rejects path-unsafe soundName keys and basename-sanitises file
    ok 10 - themeOverrides.sounds: rejects path-unsafe soundName keys and basename-sanitises file
      ---
      duration_ms: 0.460801
      type: 'test'
      ...
    # Subtest: themeOverrides: legacy flat state entries normalize into states map
    ok 11 - themeOverrides: legacy flat state entries normalize into states map
      ---
      duration_ms: 0.390441
      type: 'test'
      ...
    # Subtest: themeOverrides: reactions round-trip with file + durationMs + transition
    ok 12 - themeOverrides: reactions round-trip with file + durationMs + transition
      ---
      duration_ms: 1.446653
      type: 'test'
      ...
    # Subtest: themeOverrides: hitbox.wide round-trips boolean per-file flags
    ok 13 - themeOverrides: hitbox.wide round-trips boolean per-file flags
      ---
      duration_ms: 2.370845
      type: 'test'
      ...
    # Subtest: themeOverrides: hitbox normalize drops non-boolean values
    ok 14 - themeOverrides: hitbox normalize drops non-boolean values
      ---
      duration_ms: 0.520899
      type: 'test'
      ...
    # Subtest: themeOverrides: normalize drops unknown reaction keys and strips durationMs from drag
    ok 15 - themeOverrides: normalize drops unknown reaction keys and strips durationMs from drag
      ---
      duration_ms: 0.5588
      type: 'test'
      ...
    1..15
ok 305 - prefs.save
  ---
  duration_ms: 18.725879
  type: 'suite'
  ...
# Subtest: prefs.tutorialSeen (first-run tutorial gate)
    # Subtest: defaults to false on fresh defaults
    ok 1 - defaults to false on fresh defaults
      ---
      duration_ms: 0.196835
      type: 'test'
      ...
    # Subtest: persists true across a save/load round-trip
    ok 2 - persists true across a save/load round-trip
      ---
      duration_ms: 1.113146
      type: 'test'
      ...
    # Subtest: resolves to false for an existing-user file lacking the key (they see it once too)
    ok 3 - resolves to false for an existing-user file lacking the key (they see it once too)
      ---
      duration_ms: 0.595731
      type: 'test'
      ...
    # Subtest: is NOT backfilled to true by migrate (unlike showDock)
    ok 4 - is NOT backfilled to true by migrate (unlike showDock)
      ---
      duration_ms: 0.26987
      type: 'test'
      ...
    1..4
ok 306 - prefs.tutorialSeen (first-run tutorial gate)
  ---
  duration_ms: 2.391415
  type: 'suite'
  ...
# Subtest: prefs.load fresh flag (brand-new install detection)
    # Subtest: flags fresh: true when there is no prefs file
    ok 1 - flags fresh: true when there is no prefs file
      ---
      duration_ms: 0.445924
      type: 'test'
      ...
    # Subtest: does NOT flag fresh once a file exists
    ok 2 - does NOT flag fresh once a file exists
      ---
      duration_ms: 1.122669
      type: 'test'
      ...
    # Subtest: does NOT flag fresh for a corrupt file (returning user — keep their language)
    ok 3 - does NOT flag fresh for a corrupt file (returning user — keep their language)
      ---
      duration_ms: 1.065157
      type: 'test'
      ...
    1..3
ok 307 - prefs.load fresh flag (brand-new install detection)
  ---
  duration_ms: 2.789819
  type: 'suite'
  ...
# Subtest: prefs.mapLocaleToLang (device locale → UI language)
    # Subtest: maps en-US -> en
    ok 1 - maps en-US -> en
      ---
      duration_ms: 0.407395
      type: 'test'
      ...
    # Subtest: maps en -> en
    ok 2 - maps en -> en
      ---
      duration_ms: 0.103586
      type: 'test'
      ...
    # Subtest: maps zh-CN -> zh
    ok 3 - maps zh-CN -> zh
      ---
      duration_ms: 0.159305
      type: 'test'
      ...
    # Subtest: maps zh-Hans -> zh
    ok 4 - maps zh-Hans -> zh
      ---
      duration_ms: 0.140318
      type: 'test'
      ...
    # Subtest: maps zh -> zh
    ok 5 - maps zh -> zh
      ---
      duration_ms: 0.101631
      type: 'test'
      ...
    # Subtest: maps zh-TW -> zh-TW
    ok 6 - maps zh-TW -> zh-TW
      ---
      duration_ms: 0.159567
      type: 'test'
      ...
    # Subtest: maps zh-Hant -> zh-TW
    ok 7 - maps zh-Hant -> zh-TW
      ---
      duration_ms: 0.085481
      type: 'test'
      ...
    # Subtest: maps zh-HK -> zh-TW
    ok 8 - maps zh-HK -> zh-TW
      ---
      duration_ms: 1.857101
      type: 'test'
      ...
    # Subtest: maps zh-Hant-TW -> zh-TW
    ok 9 - maps zh-Hant-TW -> zh-TW
      ---
      duration_ms: 0.11712
      type: 'test'
      ...
    # Subtest: maps ko-KR -> ko
    ok 10 - maps ko-KR -> ko
      ---
      duration_ms: 0.089253
      type: 'test'
      ...
    # Subtest: maps ko -> ko
    ok 11 - maps ko -> ko
      ---
      duration_ms: 0.086347
      type: 'test'
      ...
    # Subtest: maps ja-JP -> ja
    ok 12 - maps ja-JP -> ja
      ---
      duration_ms: 0.084629
      type: 'test'
      ...
    # Subtest: maps ja -> ja
    ok 13 - maps ja -> ja
      ---
      duration_ms: 0.086171
      type: 'test'
      ...
    # Subtest: maps fr-FR -> en
    ok 14 - maps fr-FR -> en
      ---
      duration_ms: 0.076802
      type: 'test'
      ...
    # Subtest: maps de -> en
    ok 15 - maps de -> en
      ---
      duration_ms: 0.224649
      type: 'test'
      ...
    # Subtest: falls back to en for empty / non-string input
    ok 16 - falls back to en for empty / non-string input
      ---
      duration_ms: 0.159149
      type: 'test'
      ...
    # Subtest: only ever returns a value inside the lang enum
    ok 17 - only ever returns a value inside the lang enum
      ---
      duration_ms: 0.186151
      type: 'test'
      ...
    1..17
ok 308 - prefs.mapLocaleToLang (device locale → UI language)
  ---
  duration_ms: 4.591614
  type: 'suite'
  ...
# Subtest: Qoder hook runtime (Phase 1 state-only)
    # Subtest: maps Stop to attention so the completion animation/sound plays
    ok 1 - maps Stop to attention so the completion animation/sound plays
      ---
      duration_ms: 1.494701
      type: 'test'
      ...
    # Subtest: maps tool-boundary events to working / error
    ok 2 - maps tool-boundary events to working / error
      ---
      duration_ms: 0.210328
      type: 'test'
      ...
    # Subtest: observes permission events as passive notifications, never a decision
    ok 3 - observes permission events as passive notifications, never a decision
      ---
      duration_ms: 0.182837
      type: 'test'
      ...
    # Subtest: maps lifecycle events to idle / thinking / sleeping
    ok 4 - maps lifecycle events to idle / thinking / sleeping
      ---
      duration_ms: 0.190298
      type: 'test'
      ...
    # Subtest: namespaces session ids as qoder:<raw>, not local|qoder|<raw>
    ok 5 - namespaces session ids as qoder:<raw>, not local|qoder|<raw>
      ---
      duration_ms: 0.224873
      type: 'test'
      ...
    # Subtest: builds a state body with agent_id, namespaced session, and safe metadata
    ok 6 - builds a state body with agent_id, namespaced session, and safe metadata
      ---
      duration_ms: 3.305391
      type: 'test'
      ...
    # Subtest: returns null for events outside the Phase 1 map
    ok 7 - returns null for events outside the Phase 1 map
      ---
      duration_ms: 0.208256
      type: 'test'
      ...
    # Subtest: uses host instead of local pid fields in remote mode
    ok 8 - uses host instead of local pid fields in remote mode
      ---
      duration_ms: 0.313785
      type: 'test'
      ...
    # Subtest: sendHookEvent always writes {} and posts the mapped Stop body
    ok 9 - sendHookEvent always writes {} and posts the mapped Stop body
      ---
      duration_ms: 0.720458
      type: 'test'
      ...
    # Subtest: sendHookEvent returns {} and does not post for unmapped events
    ok 10 - sendHookEvent returns {} and does not post for unmapped events
      ---
      duration_ms: 0.70031
      type: 'test'
      ...
    # Subtest: permission events stay state-only: notification state with {} stdout
    ok 11 - permission events stay state-only: notification state with {} stdout
      ---
      duration_ms: 1.264312
      type: 'test'
      ...
    # Subtest: narrows command-line detection to the qoder executable token
    ok 12 - narrows command-line detection to the qoder executable token
      ---
      duration_ms: 0.458449
      type: 'test'
      ...
    1..12
ok 309 - Qoder hook runtime (Phase 1 state-only)
  ---
  duration_ms: 11.704415
  type: 'suite'
  ...
# Subtest: Qoder hook installer
    # Subtest: exports MARKER and the Phase 1 event list (incl. permission events)
    ok 1 - exports MARKER and the Phase 1 event list (incl. permission events)
      ---
      duration_ms: 2.461653
      type: 'test'
      ...
    # Subtest: registers all events on fresh install (POSIX command form)
    ok 2 - registers all events on fresh install (POSIX command form)
      ---
      duration_ms: 3.497996
      type: 'test'
      ...
    # Subtest: wraps the Windows command as PowerShell -EncodedCommand
    ok 3 - wraps the Windows command as PowerShell -EncodedCommand
      ---
      duration_ms: 2.821416
      type: 'test'
      ...
    # Subtest: is idempotent on second run
    ok 4 - is idempotent on second run
      ---
      duration_ms: 4.491249
      type: 'test'
      ...
    # Subtest: preserves third-party hooks
    ok 5 - preserves third-party hooks
      ---
      duration_ms: 2.059307
      type: 'test'
      ...
    # Subtest: normalizes a legacy flat clawd entry into the nested shape
    ok 6 - normalizes a legacy flat clawd entry into the nested shape
      ---
      duration_ms: 1.756131
      type: 'test'
      ...
    # Subtest: collapses a disabled clawd command reference into the 'clawd' id
    ok 7 - collapses a disabled clawd command reference into the 'clawd' id
      ---
      duration_ms: 1.195449
      type: 'test'
      ...
    # Subtest: skips when ~/.qoder/ does not exist
    ok 8 - skips when ~/.qoder/ does not exist
      ---
      duration_ms: 0.565978
      type: 'test'
      ...
    # Subtest: uninstall removes only clawd entries (incl. Windows-encoded) and keeps third-party
    ok 9 - uninstall removes only clawd entries (incl. Windows-encoded) and keeps third-party
      ---
      duration_ms: 3.73518
      type: 'test'
      ...
    1..9
ok 310 - Qoder hook installer
  ---
  duration_ms: 24.812308
  type: 'suite'
  ...
# Subtest: Qwen Code hook
    # Subtest: normalizes session ids with the qwen-code prefix
    ok 1 - normalizes session ids with the qwen-code prefix
      ---
      duration_ms: 1.484538
      type: 'test'
      ...
    # Subtest: builds state payloads without leaking raw tool input
    ok 2 - builds state payloads without leaking raw tool input
      ---
      duration_ms: 2.114914
      type: 'test'
      ...
    # Subtest: drops every Notification regardless of payload type
    ok 3 - drops every Notification regardless of payload type
      ---
      duration_ms: 0.23513
      type: 'test'
      ...
    # Subtest: builds bounded PermissionRequest payloads
    ok 4 - builds bounded PermissionRequest payloads
      ---
      duration_ms: 0.620654
      type: 'test'
      ...
    # Subtest: uses host instead of local pid fields in remote mode
    ok 5 - uses host instead of local pid fields in remote mode
      ---
      duration_ms: 0.277046
      type: 'test'
      ...
    # Subtest: sanitizes Qwen PermissionRequest output
    ok 6 - sanitizes Qwen PermissionRequest output
      ---
      duration_ms: 2.06473
      type: 'test'
      ...
    # Subtest: posts state with timeoutMs=100 and returns exact no-decision stdout
    ok 7 - posts state with timeoutMs=100 and returns exact no-decision stdout
      ---
      duration_ms: 0.68985
      type: 'test'
      ...
    # Subtest: returns exact no-decision stdout for failed permission posts
    ok 8 - returns exact no-decision stdout for failed permission posts
      ---
      duration_ms: 0.596044
      type: 'test'
      ...
    # Subtest: detects qwen npm-shim command lines
    ok 9 - detects qwen npm-shim command lines
      ---
      duration_ms: 0.491208
      type: 'test'
      ...
    # Subtest: prints exact no-decision stdout and empty stderr for unknown events
    ok 10 - prints exact no-decision stdout and empty stderr for unknown events
      ---
      duration_ms: 58.56169
      type: 'test'
      ...
    1..10
ok 311 - Qwen Code hook
  ---
  duration_ms: 69.271017
  type: 'suite'
  ...
# Subtest: Qwen Code hook installer
    # Subtest: registers the Phase 1 events with event-specific matcher and timeout
    ok 1 - registers the Phase 1 events with event-specific matcher and timeout
      ---
      duration_ms: 6.884244
      type: 'test'
      ...
    # Subtest: is idempotent on second run
    ok 2 - is idempotent on second run
      ---
      duration_ms: 2.924075
      type: 'test'
      ...
    # Subtest: preserves disableAllHooks and returns a warning without changing the flag
    ok 3 - preserves disableAllHooks and returns a warning without changing the flag
      ---
      duration_ms: 2.203777
      type: 'test'
      ...
    # Subtest: splits Clawd out of shared matcher entries
    ok 4 - splits Clawd out of shared matcher entries
      ---
      duration_ms: 4.533256
      type: 'test'
      ...
    # Subtest: preserves existing absolute node path when detection fails
    ok 5 - preserves existing absolute node path when detection fails
      ---
      duration_ms: 2.598165
      type: 'test'
      ...
    # Subtest: skips startup auto-sync when ~/.qwen does not exist
    ok 6 - skips startup auto-sync when ~/.qwen does not exist
      ---
      duration_ms: 0.834838
      type: 'test'
      ...
    # Subtest: wraps Windows commands in PowerShell -EncodedCommand to bypass cmd /s quote stripping
    ok 7 - wraps Windows commands in PowerShell -EncodedCommand to bypass cmd /s quote stripping
      ---
      duration_ms: 0.562484
      type: 'test'
      ...
    # Subtest: rewrites legacy bare-quoted Windows commands into EncodedCommand form on re-run
    ok 8 - rewrites legacy bare-quoted Windows commands into EncodedCommand form on re-run
      ---
      duration_ms: 2.060804
      type: 'test'
      ...
    # Subtest: preserves an existing Windows absolute node path through the encoded command
    ok 9 - preserves an existing Windows absolute node path through the encoded command
      ---
      duration_ms: 4.316743
      type: 'test'
      ...
    # Subtest: unregister removes encoded Clawd commands while preserving user hooks
    ok 10 - unregister removes encoded Clawd commands while preserving user hooks
      ---
      duration_ms: 3.210803
      type: 'test'
      ...
    1..10
ok 312 - Qwen Code hook installer
  ---
  duration_ms: 32.509327
  type: 'suite'
  ...
# Subtest: table-based README contributor grids are filled consistently
ok 313 - table-based README contributor grids are filled consistently
  ---
  duration_ms: 8.070492
  type: 'test'
  ...
# Subtest: README contributor sections stay visible
ok 314 - README contributor sections stay visible
  ---
  duration_ms: 2.645286
  type: 'test'
  ...
# Subtest: README contributor sections include verified GitHub contributors
ok 315 - README contributor sections include verified GitHub contributors
  ---
  duration_ms: 4.6215
  type: 'test'
  ...
# Subtest: Reasonix hook script
    # Subtest: keeps PreCompact stdout empty so Reasonix does not inject summary guidance
    ok 1 - keeps PreCompact stdout empty so Reasonix does not inject summary guidance
      ---
      duration_ms: 240.406272
      type: 'test'
      ...
    # Subtest: stays silent for regular state-only events too
    ok 2 - stays silent for regular state-only events too
      ---
      duration_ms: 229.390505
      type: 'test'
      ...
    1..2
ok 316 - Reasonix hook script
  ---
  duration_ms: 471.633
  type: 'suite'
  ...
# Subtest: Agent Registry (Kimi extension)
    # Subtest: includes kimi-cli in getAllAgents
    ok 1 - includes kimi-cli in getAllAgents
      ---
      duration_ms: 1.009317
      type: 'test'
      ...
    # Subtest: resolves kimi-cli by id
    ok 2 - resolves kimi-cli by id
      ---
      duration_ms: 0.250233
      type: 'test'
      ...
    1..2
ok 317 - Agent Registry (Kimi extension)
  ---
  duration_ms: 2.666978
  type: 'suite'
  ...
# Subtest: Agent Registry
    # Subtest: should return all supported agents
    ok 1 - should return all supported agents
      ---
      duration_ms: 2.427694
      type: 'test'
      ...
    # Subtest: should look up agents by ID
    ok 2 - should look up agents by ID
      ---
      duration_ms: 0.461079
      type: 'test'
      ...
    # Subtest: should return correct process names for Windows
    ok 3 - should return correct process names for Windows
      ---
      duration_ms: 0.497003
      type: 'test'
      ...
    # Subtest: should include explicit Linux process names
    ok 4 - should include explicit Linux process names
      ---
      duration_ms: 0.3389
      type: 'test'
      ...
    # Subtest: should keep Kiro CLI process names narrowed to kiro-cli only
    ok 5 - should keep Kiro CLI process names narrowed to kiro-cli only
      ---
      duration_ms: 0.215073
      type: 'test'
      ...
    # Subtest: should aggregate all process names
    ok 6 - should aggregate all process names
      ---
      duration_ms: 0.581729
      type: 'test'
      ...
    # Subtest: should have correct capabilities
    ok 7 - should have correct capabilities
      ---
      duration_ms: 0.393162
      type: 'test'
      ...
    # Subtest: should have eventMap for hook-based agents
    ok 8 - should have eventMap for hook-based agents
      ---
      duration_ms: 0.603452
      type: 'test'
      ...
    # Subtest: treats Gemini CLI as a hook-only agent
    ok 9 - treats Gemini CLI as a hook-only agent
      ---
      duration_ms: 0.426514
      type: 'test'
      ...
    # Subtest: treats Antigravity CLI as a hook-only agent
    ok 10 - treats Antigravity CLI as a hook-only agent
      ---
      duration_ms: 0.527994
      type: 'test'
      ...
    # Subtest: should have logEventMap for poll-based agents
    ok 11 - should have logEventMap for poll-based agents
      ---
      duration_ms: 0.185314
      type: 'test'
      ...
    1..11
ok 318 - Agent Registry
  ---
  duration_ms: 9.174206
  type: 'suite'
  ...
# Subtest: scripts/remote-deploy.sh FILES manifest
    # Subtest: ships every relative require target of every listed file
    ok 1 - ships every relative require target of every listed file
      ---
      duration_ms: 6.288064
      type: 'test'
      ...
    # Subtest: registers Codex official hooks in remote mode
    ok 2 - registers Codex official hooks in remote mode
      ---
      duration_ms: 0.547255
      type: 'test'
      ...
    # Subtest: resolves a remote Node binary before registering hooks
    ok 3 - resolves a remote Node binary before registering hooks
      ---
      duration_ms: 0.331516
      type: 'test'
      ...
    1..3
ok 319 - scripts/remote-deploy.sh FILES manifest
  ---
  duration_ms: 8.683901
  type: 'suite'
  ...
# Subtest: decodeShellBytes: empty input → empty string
ok 320 - decodeShellBytes: empty input → empty string
  ---
  duration_ms: 1.585867
  type: 'test'
  ...
# Subtest: decodeShellBytes: clean ASCII passes through
ok 321 - decodeShellBytes: clean ASCII passes through
  ---
  duration_ms: 0.296598
  type: 'test'
  ...
# Subtest: decodeShellBytes: valid UTF-8 Chinese stays UTF-8
ok 322 - decodeShellBytes: valid UTF-8 Chinese stays UTF-8
  ---
  duration_ms: 0.297022
  type: 'test'
  ...
# Subtest: decodeShellBytes: CP936/GBK Chinese stderr (Windows cmd) decodes cleanly
ok 323 - decodeShellBytes: CP936/GBK Chinese stderr (Windows cmd) decodes cleanly
  ---
  duration_ms: 0.748618
  type: 'test'
  ...
# Subtest: decodeShellBytes: GBK fallback wins when UTF-8 produces replacements
ok 324 - decodeShellBytes: GBK fallback wins when UTF-8 produces replacements
  ---
  duration_ms: 0.364046
  type: 'test'
  ...
# Subtest: decodeShellBytes: accepts an array of Buffer chunks (stream-like input)
ok 325 - decodeShellBytes: accepts an array of Buffer chunks (stream-like input)
  ---
  duration_ms: 0.35739
  type: 'test'
  ...
# Subtest: decodeShellBytes: prefers UTF-8 on ties (zero replacements both ways)
ok 326 - decodeShellBytes: prefers UTF-8 on ties (zero replacements both ways)
  ---
  duration_ms: 0.476585
  type: 'test'
  ...
# Subtest: countReplacements: counts U+FFFD chars
ok 327 - countReplacements: counts U+FFFD chars
  ---
  duration_ms: 1.441449
  type: 'test'
  ...
# Subtest: HOOK_FILES matches scripts/remote-deploy.sh FILES=() array exactly
ok 328 - HOOK_FILES matches scripts/remote-deploy.sh FILES=() array exactly
  ---
  duration_ms: 3.669096
  type: 'test'
  ...
# Subtest: HOOK_FILES entries all exist in hooks/
ok 329 - HOOK_FILES entries all exist in hooks/
  ---
  duration_ms: 0.696843
  type: 'test'
  ...
# Subtest: resolveHooksDir dev path → ../hooks
ok 330 - resolveHooksDir dev path → ../hooks
  ---
  duration_ms: 2.261468
  type: 'test'
  ...
# Subtest: resolveHooksDir packaged path → process.resourcesPath/app.asar.unpacked/hooks
ok 331 - resolveHooksDir packaged path → process.resourcesPath/app.asar.unpacked/hooks
  ---
  duration_ms: 0.404131
  type: 'test'
  ...
# Subtest: deploy: full happy path emits expected progress sequence
ok 332 - deploy: full happy path emits expected progress sequence
  ---
  duration_ms: 6.946369
  type: 'test'
  ...
# Subtest: deploy: reuses resolved absolute Node path for all remote installers
ok 333 - deploy: reuses resolved absolute Node path for all remote installers
  ---
  duration_ms: 3.538028
  type: 'test'
  ...
# Subtest: deploy: verifies stale persisted Node metadata before using it
ok 334 - deploy: verifies stale persisted Node metadata before using it
  ---
  duration_ms: 2.989117
  type: 'test'
  ...
# Subtest: deploy: with hostPrefix triggers host-prefix step via ssh stdin
ok 335 - deploy: with hostPrefix triggers host-prefix step via ssh stdin
  ---
  duration_ms: 4.005493
  type: 'test'
  ...
# Subtest: deploy: scp uses CAPITAL -P for non-default port
ok 336 - deploy: scp uses CAPITAL -P for non-default port
  ---
  duration_ms: 2.143865
  type: 'test'
  ...
# Subtest: deploy: ssh and scp inject -i identityFile when set
ok 337 - deploy: ssh and scp inject -i identityFile when set
  ---
  duration_ms: 2.624358
  type: 'test'
  ...
# Subtest: deploy: aborts when local hook file is missing
ok 338 - deploy: aborts when local hook file is missing
  ---
  duration_ms: 3.738562
  type: 'test'
  ...
# Subtest: deploy: aborts on mkdir failure
ok 339 - deploy: aborts on mkdir failure
  ---
  duration_ms: 1.081998
  type: 'test'
  ...
# Subtest: deploy: aborts on missing remote node
ok 340 - deploy: aborts on missing remote node
  ---
  duration_ms: 1.067943
  type: 'test'
  ...
# Subtest: deploy: install-claude failure is non-fatal (best-effort)
ok 341 - deploy: install-claude failure is non-fatal (best-effort)
  ---
  duration_ms: 2.670858
  type: 'test'
  ...
# Subtest: startCodexMonitor pre-cleans then launches new monitor
ok 342 - startCodexMonitor pre-cleans then launches new monitor
  ---
  duration_ms: 1.190017
  type: 'test'
  ...
# Subtest: startCodexMonitor verifies stale persisted Node metadata before launch
ok 343 - startCodexMonitor verifies stale persisted Node metadata before launch
  ---
  duration_ms: 1.735048
  type: 'test'
  ...
# Subtest: stopCodexMonitor kills PID and removes pid file (best-effort)
ok 344 - stopCodexMonitor kills PID and removes pid file (best-effort)
  ---
  duration_ms: 0.794604
  type: 'test'
  ...
# Subtest: deploy: registers each spawned child with runtime so cleanup can kill it
ok 345 - deploy: registers each spawned child with runtime so cleanup can kill it
  ---
  duration_ms: 3.679893
  type: 'test'
  ...
# Subtest: startCodexMonitor / stopCodexMonitor register children with runtime when provided
ok 346 - startCodexMonitor / stopCodexMonitor register children with runtime when provided
  ---
  duration_ms: 1.036455
  type: 'test'
  ...
# Subtest: stopCodexMonitor swallows failures (best-effort cleanup)
ok 347 - stopCodexMonitor swallows failures (best-effort cleanup)
  ---
  duration_ms: 0.52293
  type: 'test'
  ...
# Subtest: deploy: aborts at remote-shell step when remote is Windows cmd.exe
ok 348 - deploy: aborts at remote-shell step when remote is Windows cmd.exe
  ---
  duration_ms: 0.546109
  type: 'test'
  ...
# Subtest: deploy: proceeds when remote-shell probe returns posix
ok 349 - deploy: proceeds when remote-shell probe returns posix
  ---
  duration_ms: 1.840587
  type: 'test'
  ...
# Subtest: deploy: unknown remote shell does not block deploy
ok 350 - deploy: unknown remote shell does not block deploy
  ---
  duration_ms: 2.754348
  type: 'test'
  ...
# Subtest: registerRemoteSshIpc requires ipcMain
ok 351 - registerRemoteSshIpc requires ipcMain
  ---
  duration_ms: 2.435404
  type: 'test'
  ...
# Subtest: runtime status-changed event broadcasts to all renderer windows
ok 352 - runtime status-changed event broadcasts to all renderer windows
  ---
  duration_ms: 0.917179
  type: 'test'
  ...
# Subtest: runtime progress event broadcasts on remoteSsh:progress channel
ok 353 - runtime progress event broadcasts on remoteSsh:progress channel
  ---
  duration_ms: 0.455569
  type: 'test'
  ...
# Subtest: remoteSsh:list-statuses returns runtime list
ok 354 - remoteSsh:list-statuses returns runtime list
  ---
  duration_ms: 0.495119
  type: 'test'
  ...
# Subtest: remoteSsh:status returns single profile state
ok 355 - remoteSsh:status returns single profile state
  ---
  duration_ms: 0.433252
  type: 'test'
  ...
# Subtest: remoteSsh:status rejects missing profileId
ok 356 - remoteSsh:status rejects missing profileId
  ---
  duration_ms: 0.269022
  type: 'test'
  ...
# Subtest: remoteSsh:connect calls runtime.connect with the resolved profile
ok 357 - remoteSsh:connect calls runtime.connect with the resolved profile
  ---
  duration_ms: 0.512625
  type: 'test'
  ...
# Subtest: remoteSsh:connect 404 when profile not in snapshot
ok 358 - remoteSsh:connect 404 when profile not in snapshot
  ---
  duration_ms: 0.377015
  type: 'test'
  ...
# Subtest: remoteSsh:disconnect requires profileId
ok 359 - remoteSsh:disconnect requires profileId
  ---
  duration_ms: 0.744891
  type: 'test'
  ...
# Subtest: remoteSsh:disconnect calls runtime.disconnect with id
ok 360 - remoteSsh:disconnect calls runtime.disconnect with id
  ---
  duration_ms: 0.818355
  type: 'test'
  ...
# Subtest: remoteSsh:deploy stamps via markDeployed (not full update) on success
ok 361 - remoteSsh:deploy stamps via markDeployed (not full update) on success
  ---
  duration_ms: 0.840929
  type: 'test'
  ...
# Subtest: runtime remote-node-detected event stamps profile node metadata
ok 362 - runtime remote-node-detected event stamps profile node metadata
  ---
  duration_ms: 15.304936
  type: 'test'
  ...
# Subtest: remoteSsh:deploy returns target_drift warning when markDeployed sees drift
ok 363 - remoteSsh:deploy returns target_drift warning when markDeployed sees drift
  ---
  duration_ms: 0.565907
  type: 'test'
  ...
# Subtest: remoteSsh:deploy returns stamp_failed warning when markDeployed returns error
ok 364 - remoteSsh:deploy returns stamp_failed warning when markDeployed returns error
  ---
  duration_ms: 0.370899
  type: 'test'
  ...
# Subtest: remoteSsh:deploy returns stamp_failed warning when markDeployed throws
ok 365 - remoteSsh:deploy returns stamp_failed warning when markDeployed throws
  ---
  duration_ms: 0.430768
  type: 'test'
  ...
# Subtest: remoteSsh:deploy on failure does NOT stamp lastDeployedAt
ok 366 - remoteSsh:deploy on failure does NOT stamp lastDeployedAt
  ---
  duration_ms: 0.26532
  type: 'test'
  ...
# Subtest: remoteSsh:deploy on unknown profile id → error, no stamp
ok 367 - remoteSsh:deploy on unknown profile id → error, no stamp
  ---
  duration_ms: 0.397099
  type: 'test'
  ...
# Subtest: remoteSsh:authenticate spawns interactive ssh args (no -T, only BatchMode=no, no ConnectTimeout)
ok 368 - remoteSsh:authenticate spawns interactive ssh args (no -T, only BatchMode=no, no ConnectTimeout)
  ---
  duration_ms: 0.910145
  type: 'test'
  ...
# Subtest: remoteSsh:open-terminal uses the same interactive ssh args contract as Authenticate
ok 369 - remoteSsh:open-terminal uses the same interactive ssh args contract as Authenticate
  ---
  duration_ms: 0.477025
  type: 'test'
  ...
# Subtest: Windows: wt.exe missing → fall back to cmd.exe (real fallback chain)
ok 370 - Windows: wt.exe missing → fall back to cmd.exe (real fallback chain)
  ---
  duration_ms: 0.674804
  type: 'test'
  ...
# Subtest: Windows: cmd.exe fallback disables delayed expansion and passes verbatim escaped args
ok 371 - Windows: cmd.exe fallback disables delayed expansion and passes verbatim escaped args
  ---
  duration_ms: 1.301655
  type: 'test'
  ...
# Subtest: Windows: both wt and cmd missing → returns error (no crash)
ok 372 - Windows: both wt and cmd missing → returns error (no crash)
  ---
  duration_ms: 0.50977
  type: 'test'
  ...
# Subtest: Linux: first candidate ENOENT → tries next candidate (no silent success)
ok 373 - Linux: first candidate ENOENT → tries next candidate (no silent success)
  ---
  duration_ms: 0.685759
  type: 'test'
  ...
# Subtest: post-spawn 'error' event does not become uncaughtException (defensive listener stays attached)
ok 374 - post-spawn 'error' event does not become uncaughtException (defensive listener stays attached)
  ---
  duration_ms: 0.472948
  type: 'test'
  ...
# Subtest: remoteSsh:open-terminal on darwin uses osascript with two-layer quoting
ok 375 - remoteSsh:open-terminal on darwin uses osascript with two-layer quoting
  ---
  duration_ms: 0.474181
  type: 'test'
  ...
# Subtest: remoteSsh:authenticate 404 on unknown profile id
ok 376 - remoteSsh:authenticate 404 on unknown profile id
  ---
  duration_ms: 0.264682
  type: 'test'
  ...
# Subtest: dispose unregisters all handlers and detaches event listeners
ok 377 - dispose unregisters all handlers and detaches event listeners
  ---
  duration_ms: 0.294004
  type: 'test'
  ...
# Subtest: buildRemoteNodeProbeCommand uses a POSIX shell probe with manager fallbacks
ok 378 - buildRemoteNodeProbeCommand uses a POSIX shell probe with manager fallbacks
  ---
  duration_ms: 3.212545
  type: 'test'
  ...
# Subtest: parseRemoteNodeProbeOutput extracts markers while ignoring shell noise
ok 379 - parseRemoteNodeProbeOutput extracts markers while ignoring shell noise
  ---
  duration_ms: 1.447213
  type: 'test'
  ...
# Subtest: parseRemoteNodeProbeOutput rejects bare node and invalid versions
ok 380 - parseRemoteNodeProbeOutput rejects bare node and invalid versions
  ---
  duration_ms: 0.575704
  type: 'test'
  ...
# Subtest: isSupportedRemoteNodeVersion enforces the hook syntax floor
ok 381 - isSupportedRemoteNodeVersion enforces the hook syntax floor
  ---
  duration_ms: 0.673902
  type: 'test'
  ...
# Subtest: isValidRemoteNodeBin accepts absolute POSIX paths including spaces
ok 382 - isValidRemoteNodeBin accepts absolute POSIX paths including spaces
  ---
  duration_ms: 0.263489
  type: 'test'
  ...
# Subtest: resolveRemoteNodeBin records ssh command and caches successful result
ok 383 - resolveRemoteNodeBin records ssh command and caches successful result
  ---
  duration_ms: 2.831143
  type: 'test'
  ...
# Subtest: resolveRemoteNodeBin reuses persisted profile Node metadata without spawning ssh
ok 384 - resolveRemoteNodeBin reuses persisted profile Node metadata without spawning ssh
  ---
  duration_ms: 0.334372
  type: 'test'
  ...
# Subtest: resolveRemoteNodeBin can verify a cached path and fall back when stale
ok 385 - resolveRemoteNodeBin can verify a cached path and fall back when stale
  ---
  duration_ms: 1.481752
  type: 'test'
  ...
# Subtest: resolveRemoteNodeBin reports a helpful failure when probe exits non-zero
ok 386 - resolveRemoteNodeBin reports a helpful failure when probe exits non-zero
  ---
  duration_ms: 1.10961
  type: 'test'
  ...
# Subtest: buildRemoteHookNodeCommand quotes node path and keeps remote HOME expansion
ok 387 - buildRemoteHookNodeCommand quotes node path and keeps remote HOME expansion
  ---
  duration_ms: 2.39108
  type: 'test'
  ...
# Subtest: buildRemoteNodeEvalCommand embeds absolute node path for health probe
ok 388 - buildRemoteNodeEvalCommand embeds absolute node path for health probe
  ---
  duration_ms: 0.357842
  type: 'test'
  ...
# Subtest: isValidHost accepts bare hostname
ok 389 - isValidHost accepts bare hostname
  ---
  duration_ms: 2.368024
  type: 'test'
  ...
# Subtest: isValidHost accepts user@host (single @)
ok 390 - isValidHost accepts user@host (single @)
  ---
  duration_ms: 0.319258
  type: 'test'
  ...
# Subtest: isValidHost rejects multiple @
ok 391 - isValidHost rejects multiple @
  ---
  duration_ms: 0.301305
  type: 'test'
  ...
# Subtest: isValidHost rejects leading dash (defeats ssh option injection)
ok 392 - isValidHost rejects leading dash (defeats ssh option injection)
  ---
  duration_ms: 0.167277
  type: 'test'
  ...
# Subtest: isValidHost rejects control chars / newlines / spaces
ok 393 - isValidHost rejects control chars / newlines / spaces
  ---
  duration_ms: 0.158276
  type: 'test'
  ...
# Subtest: isValidHost rejects empty / non-string / too long
ok 394 - isValidHost rejects empty / non-string / too long
  ---
  duration_ms: 0.221338
  type: 'test'
  ...
# Subtest: isValidHost rejects non-ASCII (forces explicit alias in ssh config)
ok 395 - isValidHost rejects non-ASCII (forces explicit alias in ssh config)
  ---
  duration_ms: 0.319722
  type: 'test'
  ...
# Subtest: isValidPort accepts integer in [1, 65535]
ok 396 - isValidPort accepts integer in [1, 65535]
  ---
  duration_ms: 0.344008
  type: 'test'
  ...
# Subtest: isValidPort rejects out-of-range / non-integer
ok 397 - isValidPort rejects out-of-range / non-integer
  ---
  duration_ms: 0.654031
  type: 'test'
  ...
# Subtest: isValidRemoteForwardPort accepts only SERVER_PORTS range 23333-23337
ok 398 - isValidRemoteForwardPort accepts only SERVER_PORTS range 23333-23337
  ---
  duration_ms: 0.700309
  type: 'test'
  ...
# Subtest: isValidRemoteForwardPort rejects outside SERVER_PORTS
ok 399 - isValidRemoteForwardPort rejects outside SERVER_PORTS
  ---
  duration_ms: 0.233602
  type: 'test'
  ...
# Subtest: isValidIdentityFile accepts absolute Unix path
ok 400 - isValidIdentityFile accepts absolute Unix path
  ---
  duration_ms: 0.28506
  type: 'test'
  ...
# Subtest: isValidIdentityFile accepts absolute Windows path
ok 401 - isValidIdentityFile accepts absolute Windows path
  ---
  duration_ms: 0.164969
  type: 'test'
  ...
# Subtest: isValidIdentityFile rejects relative path
ok 402 - isValidIdentityFile rejects relative path
  ---
  duration_ms: 0.125477
  type: 'test'
  ...
# Subtest: isValidIdentityFile rejects leading dash (ssh option injection)
ok 403 - isValidIdentityFile rejects leading dash (ssh option injection)
  ---
  duration_ms: 0.10984
  type: 'test'
  ...
# Subtest: isValidIdentityFile rejects control chars / newlines
ok 404 - isValidIdentityFile rejects control chars / newlines
  ---
  duration_ms: 0.110923
  type: 'test'
  ...
# Subtest: isValidIdentityFile accepts paths with spaces (legitimate)
ok 405 - isValidIdentityFile accepts paths with spaces (legitimate)
  ---
  duration_ms: 0.103014
  type: 'test'
  ...
# Subtest: isValidHostPrefix accepts plain ASCII labels
ok 406 - isValidHostPrefix accepts plain ASCII labels
  ---
  duration_ms: 0.264113
  type: 'test'
  ...
# Subtest: isValidHostPrefix rejects single quote
ok 407 - isValidHostPrefix rejects single quote
  ---
  duration_ms: 0.121918
  type: 'test'
  ...
# Subtest: isValidHostPrefix rejects double quote
ok 408 - isValidHostPrefix rejects double quote
  ---
  duration_ms: 0.103896
  type: 'test'
  ...
# Subtest: isValidHostPrefix rejects backtick
ok 409 - isValidHostPrefix rejects backtick
  ---
  duration_ms: 0.099908
  type: 'test'
  ...
# Subtest: isValidHostPrefix rejects dollar
ok 410 - isValidHostPrefix rejects dollar
  ---
  duration_ms: 0.098722
  type: 'test'
  ...
# Subtest: isValidHostPrefix rejects backslash
ok 411 - isValidHostPrefix rejects backslash
  ---
  duration_ms: 0.092881
  type: 'test'
  ...
# Subtest: isValidHostPrefix rejects exclamation (bash history)
ok 412 - isValidHostPrefix rejects exclamation (bash history)
  ---
  duration_ms: 0.143248
  type: 'test'
  ...
# Subtest: isValidHostPrefix rejects newlines / control chars
ok 413 - isValidHostPrefix rejects newlines / control chars
  ---
  duration_ms: 0.191275
  type: 'test'
  ...
# Subtest: isValidLabel accepts user-friendly names with spaces
ok 414 - isValidLabel accepts user-friendly names with spaces
  ---
  duration_ms: 0.221459
  type: 'test'
  ...
# Subtest: isValidLabel rejects empty / too long
ok 415 - isValidLabel rejects empty / too long
  ---
  duration_ms: 0.133343
  type: 'test'
  ...
# Subtest: isValidLabel rejects newlines
ok 416 - isValidLabel rejects newlines
  ---
  duration_ms: 0.163455
  type: 'test'
  ...
# Subtest: isValidId accepts alnum / underscore / dash
ok 417 - isValidId accepts alnum / underscore / dash
  ---
  duration_ms: 0.204762
  type: 'test'
  ...
# Subtest: isValidId rejects empty / too long / special chars
ok 418 - isValidId rejects empty / too long / special chars
  ---
  duration_ms: 0.181002
  type: 'test'
  ...
# Subtest: isValidDetectedRemoteNodeBin accepts only absolute POSIX paths without controls
ok 419 - isValidDetectedRemoteNodeBin accepts only absolute POSIX paths without controls
  ---
  duration_ms: 0.136939
  type: 'test'
  ...
# Subtest: validateProfile accepts minimal valid profile
ok 420 - validateProfile accepts minimal valid profile
  ---
  duration_ms: 0.395898
  type: 'test'
  ...
# Subtest: validateProfile rejects missing id
ok 421 - validateProfile rejects missing id
  ---
  duration_ms: 0.15733
  type: 'test'
  ...
# Subtest: validateProfile rejects bad host
ok 422 - validateProfile rejects bad host
  ---
  duration_ms: 0.874888
  type: 'test'
  ...
# Subtest: validateProfile rejects out-of-range remoteForwardPort
ok 423 - validateProfile rejects out-of-range remoteForwardPort
  ---
  duration_ms: 0.472735
  type: 'test'
  ...
# Subtest: validateProfile rejects relative identityFile
ok 424 - validateProfile rejects relative identityFile
  ---
  duration_ms: 0.530084
  type: 'test'
  ...
# Subtest: validateProfile rejects identityFile starting with dash
ok 425 - validateProfile rejects identityFile starting with dash
  ---
  duration_ms: 0.164914
  type: 'test'
  ...
# Subtest: validateProfile rejects hostPrefix with shell metacharacters
ok 426 - validateProfile rejects hostPrefix with shell metacharacters
  ---
  duration_ms: 0.579306
  type: 'test'
  ...
# Subtest: validateProfile accepts safe hostPrefix values
ok 427 - validateProfile accepts safe hostPrefix values
  ---
  duration_ms: 0.271002
  type: 'test'
  ...
# Subtest: validateProfile accepts lastDeployedAt as positive finite number
ok 428 - validateProfile accepts lastDeployedAt as positive finite number
  ---
  duration_ms: 0.202023
  type: 'test'
  ...
# Subtest: validateProfile accepts profiles without lastDeployedAt (fresh / never deployed)
ok 429 - validateProfile accepts profiles without lastDeployedAt (fresh / never deployed)
  ---
  duration_ms: 0.259032
  type: 'test'
  ...
# Subtest: validateProfile rejects negative / zero / non-finite lastDeployedAt
ok 430 - validateProfile rejects negative / zero / non-finite lastDeployedAt
  ---
  duration_ms: 0.2494
  type: 'test'
  ...
# Subtest: sanitizeProfile preserves valid lastDeployedAt; drops invalid
ok 431 - sanitizeProfile preserves valid lastDeployedAt; drops invalid
  ---
  duration_ms: 0.471141
  type: 'test'
  ...
# Subtest: validateProfile accepts detected remote Node metadata
ok 432 - validateProfile accepts detected remote Node metadata
  ---
  duration_ms: 0.384521
  type: 'test'
  ...
# Subtest: validateProfile rejects invalid detected remote Node metadata
ok 433 - validateProfile rejects invalid detected remote Node metadata
  ---
  duration_ms: 0.243763
  type: 'test'
  ...
# Subtest: sanitizeProfile preserves valid detected remote Node metadata; drops invalid
ok 434 - sanitizeProfile preserves valid detected remote Node metadata; drops invalid
  ---
  duration_ms: 0.297522
  type: 'test'
  ...
# Subtest: validateProfile rejects non-boolean autoStartCodexMonitor / connectOnLaunch
ok 435 - validateProfile rejects non-boolean autoStartCodexMonitor / connectOnLaunch
  ---
  duration_ms: 0.147168
  type: 'test'
  ...
# Subtest: sanitizeProfile fills createdAt and strips unknown fields
ok 436 - sanitizeProfile fills createdAt and strips unknown fields
  ---
  duration_ms: 0.434371
  type: 'test'
  ...
# Subtest: sanitizeProfile returns null on invalid input
ok 437 - sanitizeProfile returns null on invalid input
  ---
  duration_ms: 0.345564
  type: 'test'
  ...
# Subtest: normalizeRemoteSsh drops invalid profiles silently
ok 438 - normalizeRemoteSsh drops invalid profiles silently
  ---
  duration_ms: 1.19748
  type: 'test'
  ...
# Subtest: normalizeRemoteSsh dedups by id (first wins)
ok 439 - normalizeRemoteSsh dedups by id (first wins)
  ---
  duration_ms: 1.793123
  type: 'test'
  ...
# Subtest: normalizeRemoteSsh returns defaults for non-object
ok 440 - normalizeRemoteSsh returns defaults for non-object
  ---
  duration_ms: 0.20244
  type: 'test'
  ...
# Subtest: settings-actions: remoteSsh validator accepts empty profiles list
ok 441 - settings-actions: remoteSsh validator accepts empty profiles list
  ---
  duration_ms: 0.185137
  type: 'test'
  ...
# Subtest: settings-actions: remoteSsh validator rejects bad profile in list
ok 442 - settings-actions: remoteSsh validator rejects bad profile in list
  ---
  duration_ms: 0.374489
  type: 'test'
  ...
# Subtest: settings-actions: remoteSsh validator rejects non-object
ok 443 - settings-actions: remoteSsh validator rejects non-object
  ---
  duration_ms: 0.128686
  type: 'test'
  ...
# Subtest: settings-actions: remoteSsh.add inserts new profile and returns commit
ok 444 - settings-actions: remoteSsh.add inserts new profile and returns commit
  ---
  duration_ms: 0.289457
  type: 'test'
  ...
# Subtest: settings-actions: remoteSsh.add rejects duplicate id
ok 445 - settings-actions: remoteSsh.add rejects duplicate id
  ---
  duration_ms: 0.168221
  type: 'test'
  ...
# Subtest: settings-actions: remoteSsh.add rejects invalid input
ok 446 - settings-actions: remoteSsh.add rejects invalid input
  ---
  duration_ms: 0.139692
  type: 'test'
  ...
# Subtest: deployTargetFingerprint normalizes port 22 to undefined (matches UI omit-default)
ok 447 - deployTargetFingerprint normalizes port 22 to undefined (matches UI omit-default)
  ---
  duration_ms: 0.302378
  type: 'test'
  ...
# Subtest: deployTargetFingerprint preserves non-default port
ok 448 - deployTargetFingerprint preserves non-default port
  ---
  duration_ms: 0.123955
  type: 'test'
  ...
# Subtest: deployTargetFingerprint normalizes empty optional strings to undefined
ok 449 - deployTargetFingerprint normalizes empty optional strings to undefined
  ---
  duration_ms: 0.125631
  type: 'test'
  ...
# Subtest: deployTargetDrift detects each field change deterministically
ok 450 - deployTargetDrift detects each field change deterministically
  ---
  duration_ms: 0.2177
  type: 'test'
  ...
# Subtest: deployTargetDrift returns null when fingerprints match across normalization quirks
ok 451 - deployTargetDrift returns null when fingerprints match across normalization quirks
  ---
  duration_ms: 0.130564
  type: 'test'
  ...
# Subtest: deployTargetFingerprint rejects nullish input
ok 452 - deployTargetFingerprint rejects nullish input
  ---
  duration_ms: 0.158758
  type: 'test'
  ...
# Subtest: settings-actions: remoteSsh.markDeployed stamps lastDeployedAt without touching other fields
ok 453 - settings-actions: remoteSsh.markDeployed stamps lastDeployedAt without touching other fields
  ---
  duration_ms: 0.369259
  type: 'test'
  ...
# Subtest: settings-actions: remoteSsh.markDeployed can persist detected remote Node metadata
ok 454 - settings-actions: remoteSsh.markDeployed can persist detected remote Node metadata
  ---
  duration_ms: 0.222957
  type: 'test'
  ...
# Subtest: settings-actions: remoteSsh.markDeployed survives concurrent edit (lost-update fix)
ok 455 - settings-actions: remoteSsh.markDeployed survives concurrent edit (lost-update fix)
  ---
  duration_ms: 0.142269
  type: 'test'
  ...
# Subtest: settings-actions: remoteSsh.markDeployed noop when profile deleted mid-deploy
ok 456 - settings-actions: remoteSsh.markDeployed noop when profile deleted mid-deploy
  ---
  duration_ms: 0.573985
  type: 'test'
  ...
# Subtest: settings-actions: remoteSsh.markDeployed noop when expectedTarget host drifted
ok 457 - settings-actions: remoteSsh.markDeployed noop when expectedTarget host drifted
  ---
  duration_ms: 0.491825
  type: 'test'
  ...
# Subtest: settings-actions: remoteSsh.markDeployed allows expectedTarget that fully matches
ok 458 - settings-actions: remoteSsh.markDeployed allows expectedTarget that fully matches
  ---
  duration_ms: 0.253576
  type: 'test'
  ...
# Subtest: settings-actions: remoteSsh.markDeployed validates inputs
ok 459 - settings-actions: remoteSsh.markDeployed validates inputs
  ---
  duration_ms: 0.204302
  type: 'test'
  ...
# Subtest: settings-actions: remoteSsh.markRemoteNode stamps detected node without touching other fields
ok 460 - settings-actions: remoteSsh.markRemoteNode stamps detected node without touching other fields
  ---
  duration_ms: 0.618033
  type: 'test'
  ...
# Subtest: settings-actions: remoteSsh.markRemoteNode noops when target drifted
ok 461 - settings-actions: remoteSsh.markRemoteNode noops when target drifted
  ---
  duration_ms: 0.236507
  type: 'test'
  ...
# Subtest: settings-actions: remoteSsh.update preserves lastDeployedAt when only cosmetic fields change
ok 462 - settings-actions: remoteSsh.update preserves lastDeployedAt when only cosmetic fields change
  ---
  duration_ms: 0.452469
  type: 'test'
  ...
# Subtest: settings-actions: remoteSsh.update preserves detected remote Node on cosmetic edits
ok 463 - settings-actions: remoteSsh.update preserves detected remote Node on cosmetic edits
  ---
  duration_ms: 0.248279
  type: 'test'
  ...
# Subtest: settings-actions: remoteSsh.update CLEARS lastDeployedAt when host changes (target drift)
ok 464 - settings-actions: remoteSsh.update CLEARS lastDeployedAt when host changes (target drift)
  ---
  duration_ms: 0.19912
  type: 'test'
  ...
# Subtest: settings-actions: remoteSsh.update clears detected remote Node when host changes
ok 465 - settings-actions: remoteSsh.update clears detected remote Node when host changes
  ---
  duration_ms: 0.176479
  type: 'test'
  ...
# Subtest: settings-actions: remoteSsh.update clears lastDeployedAt on remoteForwardPort change
ok 466 - settings-actions: remoteSsh.update clears lastDeployedAt on remoteForwardPort change
  ---
  duration_ms: 0.437848
  type: 'test'
  ...
# Subtest: settings-actions: remoteSsh.update preserves lastDeployedAt when prev had port:22 and edit omits port (UI default-omit case)
ok 467 - settings-actions: remoteSsh.update preserves lastDeployedAt when prev had port:22 and edit omits port (UI default-omit case)
  ---
  duration_ms: 0.279374
  type: 'test'
  ...
# Subtest: settings-actions: remoteSsh.markDeployed treats expectedTarget.port=22 same as missing
ok 468 - settings-actions: remoteSsh.markDeployed treats expectedTarget.port=22 same as missing
  ---
  duration_ms: 0.202231
  type: 'test'
  ...
# Subtest: settings-actions: remoteSsh.update preserves lastDeployedAt when toggling autoStartCodexMonitor
ok 469 - settings-actions: remoteSsh.update preserves lastDeployedAt when toggling autoStartCodexMonitor
  ---
  duration_ms: 0.760136
  type: 'test'
  ...
# Subtest: settings-actions: remoteSsh.update overwrites existing profile + preserves createdAt
ok 470 - settings-actions: remoteSsh.update overwrites existing profile + preserves createdAt
  ---
  duration_ms: 0.2864
  type: 'test'
  ...
# Subtest: settings-actions: remoteSsh.update fails on unknown id
ok 471 - settings-actions: remoteSsh.update fails on unknown id
  ---
  duration_ms: 0.24612
  type: 'test'
  ...
# Subtest: settings-actions: remoteSsh.delete removes profile
ok 472 - settings-actions: remoteSsh.delete removes profile
  ---
  duration_ms: 0.237918
  type: 'test'
  ...
# Subtest: settings-actions: remoteSsh.delete is noop on unknown id (no error)
ok 473 - settings-actions: remoteSsh.delete is noop on unknown id (no error)
  ---
  duration_ms: 0.155769
  type: 'test'
  ...
# Subtest: settings-actions: remoteSsh.delete rejects empty / non-string id
ok 474 - settings-actions: remoteSsh.delete rejects empty / non-string id
  ---
  duration_ms: 0.191408
  type: 'test'
  ...
# Subtest: prefs.getDefaults includes remoteSsh.profiles=[]
ok 475 - prefs.getDefaults includes remoteSsh.profiles=[]
  ---
  duration_ms: 0.839351
  type: 'test'
  ...
# Subtest: prefs.validate normalizes invalid remoteSsh into defaults
ok 476 - prefs.validate normalizes invalid remoteSsh into defaults
  ---
  duration_ms: 0.629237
  type: 'test'
  ...
# Subtest: prefs.validate keeps valid remoteSsh profiles
ok 477 - prefs.validate keeps valid remoteSsh profiles
  ---
  duration_ms: 0.512347
  type: 'test'
  ...
# Subtest: real controller: update + markDeployed serialize via shared lockKey
ok 478 - real controller: update + markDeployed serialize via shared lockKey
  ---
  duration_ms: 8.623581
  type: 'test'
  ...
# Subtest: real controller: delete + markDeployed serialize (no resurrected profile)
ok 479 - real controller: delete + markDeployed serialize (no resurrected profile)
  ---
  duration_ms: 1.396721
  type: 'test'
  ...
# Subtest: quoteForCmd wraps simple values in double quotes
ok 480 - quoteForCmd wraps simple values in double quotes
  ---
  duration_ms: 3.216029
  type: 'test'
  ...
# Subtest: quoteForCmd handles empty string
ok 481 - quoteForCmd handles empty string
  ---
  duration_ms: 0.308785
  type: 'test'
  ...
# Subtest: quoteForCmd preserves spaces
ok 482 - quoteForCmd preserves spaces
  ---
  duration_ms: 0.402186
  type: 'test'
  ...
# Subtest: quoteForCmd caret-escapes cmd metacharacters and percent expansion
ok 483 - quoteForCmd caret-escapes cmd metacharacters and percent expansion
  ---
  duration_ms: 0.196328
  type: 'test'
  ...
# Subtest: quoteForCmd escapes embedded double quotes
ok 484 - quoteForCmd escapes embedded double quotes
  ---
  duration_ms: 0.178161
  type: 'test'
  ...
# Subtest: quoteForCmd doubles backslashes preceding embedded quote
ok 485 - quoteForCmd doubles backslashes preceding embedded quote
  ---
  duration_ms: 0.259984
  type: 'test'
  ...
# Subtest: quoteForCmd doubles trailing backslashes before closing quote
ok 486 - quoteForCmd doubles trailing backslashes before closing quote
  ---
  duration_ms: 0.170546
  type: 'test'
  ...
# Subtest: quoteForCmd preserves Chinese characters
ok 487 - quoteForCmd preserves Chinese characters
  ---
  duration_ms: 0.152545
  type: 'test'
  ...
# Subtest: quoteForCmd preserves parentheses
ok 488 - quoteForCmd preserves parentheses
  ---
  duration_ms: 0.471277
  type: 'test'
  ...
# Subtest: quoteForCmd throws on non-string
ok 489 - quoteForCmd throws on non-string
  ---
  duration_ms: 1.035709
  type: 'test'
  ...
# Subtest: quoteForCmd round-trips through real cmd.exe without env expansion
ok 490 - quoteForCmd round-trips through real cmd.exe without env expansion # SKIP
  ---
  duration_ms: 0.19327
  type: 'test'
  ...
# Subtest: quoteForPosixShellArg wraps simple value
ok 491 - quoteForPosixShellArg wraps simple value
  ---
  duration_ms: 0.276304
  type: 'test'
  ...
# Subtest: quoteForPosixShellArg handles empty string
ok 492 - quoteForPosixShellArg handles empty string
  ---
  duration_ms: 0.139401
  type: 'test'
  ...
# Subtest: quoteForPosixShellArg preserves spaces
ok 493 - quoteForPosixShellArg preserves spaces
  ---
  duration_ms: 0.108433
  type: 'test'
  ...
# Subtest: quoteForPosixShellArg preserves shell metacharacters inside quotes
ok 494 - quoteForPosixShellArg preserves shell metacharacters inside quotes
  ---
  duration_ms: 0.105895
  type: 'test'
  ...
# Subtest: quoteForPosixShellArg escapes single quote with close-quote-escape-reopen
ok 495 - quoteForPosixShellArg escapes single quote with close-quote-escape-reopen
  ---
  duration_ms: 0.101385
  type: 'test'
  ...
# Subtest: quoteForPosixShellArg handles multiple single quotes
ok 496 - quoteForPosixShellArg handles multiple single quotes
  ---
  duration_ms: 0.09622
  type: 'test'
  ...
# Subtest: quoteForPosixShellArg preserves backslashes literally
ok 497 - quoteForPosixShellArg preserves backslashes literally
  ---
  duration_ms: 0.103072
  type: 'test'
  ...
# Subtest: quoteForPosixShellArg preserves Chinese characters
ok 498 - quoteForPosixShellArg preserves Chinese characters
  ---
  duration_ms: 0.144799
  type: 'test'
  ...
# Subtest: quoteForPosixShellArg preserves parentheses
ok 499 - quoteForPosixShellArg preserves parentheses
  ---
  duration_ms: 0.122362
  type: 'test'
  ...
# Subtest: quoteForPosixShellArg throws on non-string
ok 500 - quoteForPosixShellArg throws on non-string
  ---
  duration_ms: 1.542973
  type: 'test'
  ...
# Subtest: escapeAppleScriptString passes through plain text
ok 501 - escapeAppleScriptString passes through plain text
  ---
  duration_ms: 0.160645
  type: 'test'
  ...
# Subtest: escapeAppleScriptString escapes backslashes
ok 502 - escapeAppleScriptString escapes backslashes
  ---
  duration_ms: 0.114354
  type: 'test'
  ...
# Subtest: escapeAppleScriptString escapes double quotes
ok 503 - escapeAppleScriptString escapes double quotes
  ---
  duration_ms: 0.088767
  type: 'test'
  ...
# Subtest: escapeAppleScriptString does not touch single quotes
ok 504 - escapeAppleScriptString does not touch single quotes
  ---
  duration_ms: 0.081515
  type: 'test'
  ...
# Subtest: escapeAppleScriptString preserves shell metacharacters
ok 505 - escapeAppleScriptString preserves shell metacharacters
  ---
  duration_ms: 0.079759
  type: 'test'
  ...
# Subtest: escapeAppleScriptString preserves Chinese characters
ok 506 - escapeAppleScriptString preserves Chinese characters
  ---
  duration_ms: 0.078297
  type: 'test'
  ...
# Subtest: escapeAppleScriptString throws on non-string
ok 507 - escapeAppleScriptString throws on non-string
  ---
  duration_ms: 0.124682
  type: 'test'
  ...
# Subtest: macOS two-layer: POSIX shell quote + AppleScript escape preserves Path with space
ok 508 - macOS two-layer: POSIX shell quote + AppleScript escape preserves Path with space
  ---
  duration_ms: 0.121834
  type: 'test'
  ...
# Subtest: macOS two-layer: identityFile path with double quote escapes both layers
ok 509 - macOS two-layer: identityFile path with double quote escapes both layers
  ---
  duration_ms: 0.184792
  type: 'test'
  ...
# Subtest: macOS two-layer: identityFile path with backslash escapes both layers
ok 510 - macOS two-layer: identityFile path with backslash escapes both layers
  ---
  duration_ms: 0.112843
  type: 'test'
  ...
# Subtest: parseOpenSshVersion extracts Windows and portable OpenSSH banners
ok 511 - parseOpenSshVersion extracts Windows and portable OpenSSH banners
  ---
  duration_ms: 3.222686
  type: 'test'
  ...
# Subtest: Windows OpenSSH before 8 is rejected for Remote SSH health probes
ok 512 - Windows OpenSSH before 8 is rejected for Remote SSH health probes
  ---
  duration_ms: 0.380362
  type: 'test'
  ...
# Subtest: buildSshArgs requires profile.host
ok 513 - buildSshArgs requires profile.host
  ---
  duration_ms: 0.692663
  type: 'test'
  ...
# Subtest: buildSshArgs base options + host on minimal profile
ok 514 - buildSshArgs base options + host on minimal profile
  ---
  duration_ms: 0.195387
  type: 'test'
  ...
# Subtest: buildSshArgs injects -i identityFile
ok 515 - buildSshArgs injects -i identityFile
  ---
  duration_ms: 0.581814
  type: 'test'
  ...
# Subtest: buildSshArgs injects -p port when non-22
ok 516 - buildSshArgs injects -p port when non-22
  ---
  duration_ms: 0.196334
  type: 'test'
  ...
# Subtest: buildSshArgs omits -p when port is 22 or absent
ok 517 - buildSshArgs omits -p when port is 22 or absent
  ---
  duration_ms: 0.388447
  type: 'test'
  ...
# Subtest: buildSshArgs places extraOpts after profile defaults, before host
ok 518 - buildSshArgs places extraOpts after profile defaults, before host
  ---
  duration_ms: 0.252447
  type: 'test'
  ...
# Subtest: buildSshArgs extraOpts cannot override base BatchMode (ssh first-wins)
ok 519 - buildSshArgs extraOpts cannot override base BatchMode (ssh first-wins)
  ---
  duration_ms: 0.514833
  type: 'test'
  ...
# Subtest: buildSshArgs validates extraOpts is an array
ok 520 - buildSshArgs validates extraOpts is an array
  ---
  duration_ms: 0.564209
  type: 'test'
  ...
# Subtest: buildSshArgs default keeps -T (correct for backgrounded tunnels)
ok 521 - buildSshArgs default keeps -T (correct for backgrounded tunnels)
  ---
  duration_ms: 0.31528
  type: 'test'
  ...
# Subtest: buildSshArgs interactive: true uses empty base (no -T, BatchMode, ConnectTimeout)
ok 522 - buildSshArgs interactive: true uses empty base (no -T, BatchMode, ConnectTimeout)
  ---
  duration_ms: 0.206961
  type: 'test'
  ...
# Subtest: buildSshArgs interactive + BatchMode=no extraOpt: BatchMode=no is the only and first token
ok 523 - buildSshArgs interactive + BatchMode=no extraOpt: BatchMode=no is the only and first token
  ---
  duration_ms: 0.173453
  type: 'test'
  ...
# Subtest: buildScpArgs base options on minimal profile
ok 524 - buildScpArgs base options on minimal profile
  ---
  duration_ms: 0.26392
  type: 'test'
  ...
# Subtest: buildScpArgs uses CAPITAL -P for port (not -p like ssh)
ok 525 - buildScpArgs uses CAPITAL -P for port (not -p like ssh)
  ---
  duration_ms: 0.187008
  type: 'test'
  ...
# Subtest: buildScpArgs injects identityFile
ok 526 - buildScpArgs injects identityFile
  ---
  duration_ms: 0.125694
  type: 'test'
  ...
# Subtest: buildScpArgs extraOpts append after defaults
ok 527 - buildScpArgs extraOpts append after defaults
  ---
  duration_ms: 0.10754
  type: 'test'
  ...
# Subtest: classifyStderr Permission denied → permanent auth_denied
ok 528 - classifyStderr Permission denied → permanent auth_denied
  ---
  duration_ms: 0.301275
  type: 'test'
  ...
# Subtest: classifyStderr Host key verification failed → permanent host_key
ok 529 - classifyStderr Host key verification failed → permanent host_key
  ---
  duration_ms: 0.333346
  type: 'test'
  ...
# Subtest: classifyStderr remote port forwarding failed → permanent forward_failed
ok 530 - classifyStderr remote port forwarding failed → permanent forward_failed
  ---
  duration_ms: 0.243129
  type: 'test'
  ...
# Subtest: classifyStderr Connection timed out → transient
ok 531 - classifyStderr Connection timed out → transient
  ---
  duration_ms: 0.359355
  type: 'test'
  ...
# Subtest: classifyStderr Connection refused → transient
ok 532 - classifyStderr Connection refused → transient
  ---
  duration_ms: 0.356793
  type: 'test'
  ...
# Subtest: classifyStderr Network is unreachable → transient
ok 533 - classifyStderr Network is unreachable → transient
  ---
  duration_ms: 0.190336
  type: 'test'
  ...
# Subtest: classifyStderr Could not resolve hostname → permanent dns
ok 534 - classifyStderr Could not resolve hostname → permanent dns
  ---
  duration_ms: 0.121096
  type: 'test'
  ...
# Subtest: classifyStderr empty / whitespace → unknown
ok 535 - classifyStderr empty / whitespace → unknown
  ---
  duration_ms: 0.101757
  type: 'test'
  ...
# Subtest: classifyStderr unrecognized text → unknown
ok 536 - classifyStderr unrecognized text → unknown
  ---
  duration_ms: 0.19865
  type: 'test'
  ...
# Subtest: classifyProbeExit 0 → ok
ok 537 - classifyProbeExit 0 → ok
  ---
  duration_ms: 1.844364
  type: 'test'
  ...
# Subtest: classifyProbeExit 1 → permanent (local unhealthy)
ok 538 - classifyProbeExit 1 → permanent (local unhealthy)
  ---
  duration_ms: 0.144436
  type: 'test'
  ...
# Subtest: classifyProbeExit 2 → permanent (unresponsive)
ok 539 - classifyProbeExit 2 → permanent (unresponsive)
  ---
  duration_ms: 0.266687
  type: 'test'
  ...
# Subtest: classifyProbeExit 3 → permanent (port hijack, regardless of status code per v7)
ok 540 - classifyProbeExit 3 → permanent (port hijack, regardless of status code per v7)
  ---
  duration_ms: 0.110176
  type: 'test'
  ...
# Subtest: classifyProbeExit 4 → transient (HTTP timeout — req.setTimeout)
ok 541 - classifyProbeExit 4 → transient (HTTP timeout — req.setTimeout)
  ---
  duration_ms: 0.100519
  type: 'test'
  ...
# Subtest: classifyProbeExit 126 → permanent (node not executable)
ok 542 - classifyProbeExit 126 → permanent (node not executable)
  ---
  duration_ms: 0.08765
  type: 'test'
  ...
# Subtest: classifyProbeExit 127 → permanent (node missing)
ok 543 - classifyProbeExit 127 → permanent (node missing)
  ---
  duration_ms: 0.088762
  type: 'test'
  ...
# Subtest: classifyProbeExit signals (130/137/143/255) → transient
ok 544 - classifyProbeExit signals (130/137/143/255) → transient
  ---
  duration_ms: 0.124093
  type: 'test'
  ...
# Subtest: classifyProbeExit unknown nonzero → transient
ok 545 - classifyProbeExit unknown nonzero → transient
  ---
  duration_ms: 0.256598
  type: 'test'
  ...
# Subtest: buildProbeCommand requires integer port
ok 546 - buildProbeCommand requires integer port
  ---
  duration_ms: 0.3311
  type: 'test'
  ...
# Subtest: buildProbeCommand embeds remoteForwardPort + clawd header check
ok 547 - buildProbeCommand embeds remoteForwardPort + clawd header check
  ---
  duration_ms: 0.150823
  type: 'test'
  ...
# Subtest: buildProbeCommand can use a resolved absolute remote Node path
ok 548 - buildProbeCommand can use a resolved absolute remote Node path
  ---
  duration_ms: 0.23893
  type: 'test'
  ...
# Subtest: buildProbeCommand returns valid JS that exits with each code under expected condition
ok 549 - buildProbeCommand returns valid JS that exits with each code under expected condition
  ---
  duration_ms: 0.356644
  type: 'test'
  ...
# Subtest: looksLikeWindowsCmdStderr matches the English cmd.exe error
ok 550 - looksLikeWindowsCmdStderr matches the English cmd.exe error
  ---
  duration_ms: 0.773764
  type: 'test'
  ...
# Subtest: looksLikeWindowsCmdStderr matches localized cmd.exe error (zh/zh-TW/ja/ko/de)
ok 551 - looksLikeWindowsCmdStderr matches localized cmd.exe error (zh/zh-TW/ja/ko/de)
  ---
  duration_ms: 0.2572
  type: 'test'
  ...
# Subtest: looksLikeWindowsCmdStderr ignores unrelated POSIX errors
ok 552 - looksLikeWindowsCmdStderr ignores unrelated POSIX errors
  ---
  duration_ms: 0.127023
  type: 'test'
  ...
# Subtest: backoffMsForAttempt follows the schedule then caps
ok 553 - backoffMsForAttempt follows the schedule then caps
  ---
  duration_ms: 0.166502
  type: 'test'
  ...
# Subtest: backoffMsForAttempt clamps negative / non-integer to first slot
ok 554 - backoffMsForAttempt clamps negative / non-integer to first slot
  ---
  duration_ms: 0.111073
  type: 'test'
  ...
# Subtest: createRemoteSshRuntime requires getHookServerPort dep
ok 555 - createRemoteSshRuntime requires getHookServerPort dep
  ---
  duration_ms: 0.551854
  type: 'test'
  ...
# Subtest: connect fails fast on legacy Windows OpenSSH before spawning tunnel
ok 556 - connect fails fast on legacy Windows OpenSSH before spawning tunnel
  ---
  duration_ms: 1.009226
  type: 'test'
  ...
# Subtest: manual reconnect reruns ssh detection after legacy Windows OpenSSH failure
ok 557 - manual reconnect reruns ssh detection after legacy Windows OpenSSH failure
  ---
  duration_ms: 1.39371
  type: 'test'
  ...
# Subtest: connect spawns ssh with main forward args + LANG=C env
ok 558 - connect spawns ssh with main forward args + LANG=C env
  ---
  duration_ms: 0.824008
  type: 'test'
  ...
# Subtest: hung probe child is hard-timed out so the probe loop can retry
ok 559 - hung probe child is hard-timed out so the probe loop can retry
  ---
  duration_ms: 46.945326
  type: 'test'
  ...
# Subtest: connect starts health probe immediately on remote Node cache miss
ok 560 - connect starts health probe immediately on remote Node cache miss
  ---
  duration_ms: 4.059084
  type: 'test'
  ...
# Subtest: bare node probe failure waits for in-flight resolver before failing
ok 561 - bare node probe failure waits for in-flight resolver before failing
  ---
  duration_ms: 2.584037
  type: 'test'
  ...
# Subtest: bare node probe does not keep spawning while absolute-node resolver is in flight
ok 562 - bare node probe does not keep spawning while absolute-node resolver is in flight
  ---
  duration_ms: 1.566872
  type: 'test'
  ...
# Subtest: disconnect followed by reconnect clears a stale in-flight node resolver gate
ok 563 - disconnect followed by reconnect clears a stale in-flight node resolver gate
  ---
  duration_ms: 2.094286
  type: 'test'
  ...
# Subtest: connect uses persisted remote Node path and skips background resolver
ok 564 - connect uses persisted remote Node path and skips background resolver
  ---
  duration_ms: 1.166882
  type: 'test'
  ...
# Subtest: cached absolute node probe failure clears cache and re-resolves
ok 565 - cached absolute node probe failure clears cache and re-resolves
  ---
  duration_ms: 2.074562
  type: 'test'
  ...
# Subtest: connect emits remote-node-detected when background resolver succeeds
ok 566 - connect emits remote-node-detected when background resolver succeeds
  ---
  duration_ms: 1.47058
  type: 'test'
  ...
# Subtest: windows-cmd shell cache suppresses automatic resolver retries but clears after manual reconnect
ok 567 - windows-cmd shell cache suppresses automatic resolver retries but clears after manual reconnect
  ---
  duration_ms: 3.067881
  type: 'test'
  ...
# Subtest: connect classifies Permission denied as permanent failed (no retry)
ok 568 - connect classifies Permission denied as permanent failed (no retry)
  ---
  duration_ms: 1.149948
  type: 'test'
  ...
# Subtest: connect preserves auth failures reported by remote Node resolver
ok 569 - connect preserves auth failures reported by remote Node resolver
  ---
  duration_ms: 1.297261
  type: 'test'
  ...
# Subtest: connect classifies Connection timed out as transient + schedules reconnect
ok 570 - connect classifies Connection timed out as transient + schedules reconnect
  ---
  duration_ms: 1.247895
  type: 'test'
  ...
# Subtest: 3 unknown exits in a row escalate to permanent failed
ok 571 - 3 unknown exits in a row escalate to permanent failed
  ---
  duration_ms: 1.588795
  type: 'test'
  ...
# Subtest: disconnect tears down child, sets idle, and stops reconnect
ok 572 - disconnect tears down child, sets idle, and stops reconnect
  ---
  duration_ms: 0.513927
  type: 'test'
  ...
# Subtest: disconnect on unknown profile is a no-op
ok 573 - disconnect on unknown profile is a no-op
  ---
  duration_ms: 0.153194
  type: 'test'
  ...
# Subtest: getHookServerPort failure → finishFailure with no_local_port
ok 574 - getHookServerPort failure → finishFailure with no_local_port
  ---
  duration_ms: 0.220617
  type: 'test'
  ...
# Subtest: connect on already-connected is idempotent
ok 575 - connect on already-connected is idempotent
  ---
  duration_ms: 0.498289
  type: 'test'
  ...
# Subtest: probe child error event clears probeInFlight (defensive against missing exit)
ok 576 - probe child error event clears probeInFlight (defensive against missing exit)
  ---
  duration_ms: 4.968265
  type: 'test'
  ...
# Subtest: stale main ssh exit (post Disconnect+Connect) is identity-gated
ok 577 - stale main ssh exit (post Disconnect+Connect) is identity-gated
  ---
  duration_ms: 1.299416
  type: 'test'
  ...
# Subtest: stale main ssh error (post Disconnect+Connect) is identity-gated
ok 578 - stale main ssh error (post Disconnect+Connect) is identity-gated
  ---
  duration_ms: 1.167813
  type: 'test'
  ...
# Subtest: stale probe exitCode=0 (after probe rotation) does NOT falsely flip new connection to connected
ok 579 - stale probe exitCode=0 (after probe rotation) does NOT falsely flip new connection to connected
  ---
  duration_ms: 1.613642
  type: 'test'
  ...
# Subtest: stale probe error (after probe rotation) does NOT clear new probe's lock
ok 580 - stale probe error (after probe rotation) does NOT clear new probe's lock
  ---
  duration_ms: 1.5802
  type: 'test'
  ...
# Subtest: cleanup() kills aux children registered via registerChild()
ok 581 - cleanup() kills aux children registered via registerChild()
  ---
  duration_ms: 0.21741
  type: 'test'
  ...
# Subtest: unregisterChild() drops child from cleanup set
ok 582 - unregisterChild() drops child from cleanup set
  ---
  duration_ms: 0.149445
  type: 'test'
  ...
# Subtest: listStatuses returns array of all known profile snapshots
ok 583 - listStatuses returns array of all known profile snapshots
  ---
  duration_ms: 0.768907
  type: 'test'
  ...
# Subtest: POSIX_OS_RX accepts every kernel name we emit
ok 584 - POSIX_OS_RX accepts every kernel name we emit
  ---
  duration_ms: 1.806691
  type: 'test'
  ...
# Subtest: detectRemoteShell: Linux remote → posix
ok 585 - detectRemoteShell: Linux remote → posix
  ---
  duration_ms: 2.364409
  type: 'test'
  ...
# Subtest: detectRemoteShell: macOS remote → posix Darwin
ok 586 - detectRemoteShell: macOS remote → posix Darwin
  ---
  duration_ms: 0.798183
  type: 'test'
  ...
# Subtest: detectRemoteShell: Windows cmd remote → windows-cmd
ok 587 - detectRemoteShell: Windows cmd remote → windows-cmd
  ---
  duration_ms: 1.202971
  type: 'test'
  ...
# Subtest: detectRemoteShell: GBK-encoded cmd stderr still classifies as windows-cmd
ok 588 - detectRemoteShell: GBK-encoded cmd stderr still classifies as windows-cmd
  ---
  duration_ms: 1.404089
  type: 'test'
  ...
# Subtest: detectRemoteShell: unknown shell → ok:false, no classification
ok 589 - detectRemoteShell: unknown shell → ok:false, no classification
  ---
  duration_ms: 0.858773
  type: 'test'
  ...
# Subtest: detectRemoteShell: uname success but unknown OS string falls through to Windows probe
ok 590 - detectRemoteShell: uname success but unknown OS string falls through to Windows probe
  ---
  duration_ms: 1.259727
  type: 'test'
  ...
# Subtest: renderer low-power idle mode
    # Subtest: waits for an animation boundary before pausing the current SVG
    ok 1 - waits for an animation boundary before pausing the current SVG
      ---
      duration_ms: 3.505177
      type: 'test'
      ...
    # Subtest: keeps the disabled-mode eye-move path cheap
    ok 2 - keeps the disabled-mode eye-move path cheap
      ---
      duration_ms: 0.706233
      type: 'test'
      ...
    # Subtest: does not treat passive eye or pointer tracking as low-power activity
    ok 3 - does not treat passive eye or pointer tracking as low-power activity
      ---
      duration_ms: 0.819259
      type: 'test'
      ...
    # Subtest: suppresses passive tracking while low-power paused and cancels layered RAF
    ok 4 - suppresses passive tracking while low-power paused and cancels layered RAF
      ---
      duration_ms: 2.137316
      type: 'test'
      ...
    # Subtest: notifies main only when the low-power paused state changes
    ok 5 - notifies main only when the low-power paused state changes
      ---
      duration_ms: 0.678269
      type: 'test'
      ...
    # Subtest: relays low-power pauses to trusted scripted SVG runtimes
    ok 6 - relays low-power pauses to trusted scripted SVG runtimes
      ---
      duration_ms: 0.418297
      type: 'test'
      ...
    # Subtest: resets main's paused mirror on renderer reload/crash and boosts eye resend on resume
    ok 7 - resets main's paused mirror on renderer reload/crash and boosts eye resend on resume
      ---
      duration_ms: 1.81677
      type: 'test'
      ...
    1..7
ok 591 - renderer low-power idle mode
  ---
  duration_ms: 11.750475
  type: 'suite'
  ...
# Subtest: renderer object-channel selection
    # Subtest: allows built-in trusted scripted SVG files to use <object>
    ok 1 - allows built-in trusted scripted SVG files to use <object>
      ---
      duration_ms: 0.643578
      type: 'test'
      ...
    # Subtest: uses state-specific static image overrides only while low-power mode is enabled
    ok 2 - uses state-specific static image overrides only while low-power mode is enabled
      ---
      duration_ms: 0.700249
      type: 'test'
      ...
    # Subtest: refreshes the current sleeping media when low-power static image mode changes
    ok 3 - refreshes the current sleeping media when low-power static image mode changes
      ---
      duration_ms: 6.920754
      type: 'test'
      ...
    # Subtest: keeps eye-tracking attachment state-based only
    ok 4 - keeps eye-tracking attachment state-based only
      ---
      duration_ms: 0.784626
      type: 'test'
      ...
    # Subtest: does not hard-code click or drag reactions to the img channel
    ok 5 - does not hard-code click or drag reactions to the img channel
      ---
      duration_ms: 0.484744
      type: 'test'
      ...
    # Subtest: uses a monotonic cache-bust counter for remaining img-channel SVG swaps
    ok 6 - uses a monotonic cache-bust counter for remaining img-channel SVG swaps
      ---
      duration_ms: 0.408063
      type: 'test'
      ...
    # Subtest: deduplicates displayed files by resolved asset URL, not filename alone
    ok 7 - deduplicates displayed files by resolved asset URL, not filename alone
      ---
      duration_ms: 0.378519
      type: 'test'
      ...
    # Subtest: rescues an invisible object-channel pending swap by reloading through the img channel
    ok 8 - rescues an invisible object-channel pending swap by reloading through the img channel
      ---
      duration_ms: 2.354548
      type: 'test'
      ...
    # Subtest: ignores stale rescue timers after a newer swap starts
    ok 9 - ignores stale rescue timers after a newer swap starts
      ---
      duration_ms: 1.941306
      type: 'test'
      ...
    # Subtest: does not rescue over an already visible pet element
    ok 10 - does not rescue over an already visible pet element
      ---
      duration_ms: 1.78317
      type: 'test'
      ...
    1..10
ok 592 - renderer object-channel selection
  ---
  duration_ms: 17.280555
  type: 'suite'
  ...
# Subtest: renderer Cloudling pointer bridge
    # Subtest: bridges only selected Cloudling pointer states through the exporter API
    ok 1 - bridges only selected Cloudling pointer states through the exporter API
      ---
      duration_ms: 0.618834
      type: 'test'
      ...
    1..1
ok 593 - renderer Cloudling pointer bridge
  ---
  duration_ms: 0.788652
  type: 'suite'
  ...
# Subtest: renderer sound preload and warmup
    # Subtest: preloads sound files without playing a primer
    ok 1 - preloads sound files without playing a primer
      ---
      duration_ms: 3.110867
      type: 'test'
      ...
    # Subtest: does not reload a cached sound object on playback
    ok 2 - does not reload a cached sound object on playback
      ---
      duration_ms: 2.115894
      type: 'test'
      ...
    1..2
ok 594 - renderer sound preload and warmup
  ---
  duration_ms: 5.408259
  type: 'suite'
  ...
# Subtest: renderer glyph flip compensation
    # Subtest: flips reverse-drawn mini crabwalk assets during pre-entry without entering mini layout
    ok 1 - flips reverse-drawn mini crabwalk assets during pre-entry without entering mini layout
      ---
      duration_ms: 0.60612
      type: 'test'
      ...
    # Subtest: notifies object-channel SVGs when mini-left glyph compensation changes
    ok 2 - notifies object-channel SVGs when mini-left glyph compensation changes
      ---
      duration_ms: 0.46113
      type: 'test'
      ...
    1..2
ok 595 - renderer glyph flip compensation
  ---
  duration_ms: 1.231688
  type: 'suite'
  ...
# (node:192428) ExperimentalWarning: The MockTimers API is an experimental feature and might change at any time
# (Use `node --trace-warnings ...` to show where the warning was created)
# Subtest: roam module
    # Subtest: does not schedule roam when disabled
    ok 1 - does not schedule roam when disabled
      ---
      duration_ms: 4.575953
      type: 'test'
      ...
    # Subtest: schedules first roam after ROAM_IDLE_DELAY_MS (8s), not ROAM_BETWEEN_DELAY_MS (4s)
    ok 2 - schedules first roam after ROAM_IDLE_DELAY_MS (8s), not ROAM_BETWEEN_DELAY_MS (4s)
      ---
      duration_ms: 1.941354
      type: 'test'
      ...
    # Subtest: subsequent roams use ROAM_BETWEEN_DELAY_MS (4s)
    ok 3 - subsequent roams use ROAM_BETWEEN_DELAY_MS (4s)
      ---
      duration_ms: 2.82438
      type: 'test'
      ...
    # Subtest: cancels roam immediately when state changes from idle to working
    ok 4 - cancels roam immediately when state changes from idle to working
      ---
      duration_ms: 0.923086
      type: 'test'
      ...
    # Subtest: stops an active roam via cancelRoam
    ok 5 - stops an active roam via cancelRoam
      ---
      duration_ms: 2.232072
      type: 'test'
      ...
    # Subtest: does not roam in mini mode
    ok 6 - does not roam in mini mode
      ---
      duration_ms: 0.433663
      type: 'test'
      ...
    # Subtest: does not roam during mini transition
    ok 7 - does not roam during mini transition
      ---
      duration_ms: 0.495069
      type: 'test'
      ...
    # Subtest: syncs hitWin and anchored surfaces every frame during animation
    ok 8 - syncs hitWin and anchored surfaces every frame during animation
      ---
      duration_ms: 0.467202
      type: 'test'
      ...
    # Subtest: switches to roam visual state when animation starts
    ok 9 - switches to roam visual state when animation starts
      ---
      duration_ms: 0.803568
      type: 'test'
      ...
    # Subtest: returns to idle via setState when animation completes normally
    ok 10 - returns to idle via setState when animation completes normally
      ---
      duration_ms: 2.551522
      type: 'test'
      ...
    # Subtest: does not call setState idle when cancelled by state change
    ok 11 - does not call setState idle when cancelled by state change
      ---
      duration_ms: 0.426088
      type: 'test'
      ...
    # Subtest: resets firstRoam when state changes away from idle/roam (via tick)
    ok 12 - resets firstRoam when state changes away from idle/roam (via tick)
      ---
      duration_ms: 4.154839
      type: 'test'
      ...
    # Subtest: resets firstRoam when state changes away from idle/roam (via step)
    ok 13 - resets firstRoam when state changes away from idle/roam (via step)
      ---
      duration_ms: 0.558323
      type: 'test'
      ...
    # Subtest: setEnabled(false) cancels ongoing roam and timers
    ok 14 - setEnabled(false) cancels ongoing roam and timers
      ---
      duration_ms: 0.46235
      type: 'test'
      ...
    # Subtest: setEnabled(true) resets firstRoam for fresh start
    ok 15 - setEnabled(true) resets firstRoam for fresh start
      ---
      duration_ms: 2.454612
      type: 'test'
      ...
    # Subtest: picks targets within work-area margins
    ok 16 - picks targets within work-area margins
      ---
      duration_ms: 0.930468
      type: 'test'
      ...
    # Subtest: stops animation when window is destroyed mid-roam
    ok 17 - stops animation when window is destroyed mid-roam
      ---
      duration_ms: 0.669142
      type: 'test'
      ...
    # Subtest: tick is a no-op when roam is already active
    ok 18 - tick is a no-op when roam is already active
      ---
      duration_ms: 0.426497
      type: 'test'
      ...
    # Subtest: per-frame isRoamAllowed check stops roam when mini mode activates mid-animation
    ok 19 - per-frame isRoamAllowed check stops roam when mini mode activates mid-animation
      ---
      duration_ms: 0.502191
      type: 'test'
      ...
    # Subtest: isRoamAllowed allows both idle and roam states
    ok 20 - isRoamAllowed allows both idle and roam states
      ---
      duration_ms: 0.374957
      type: 'test'
      ...
    1..20
ok 596 - roam module
  ---
  duration_ms: 30.640013
  type: 'suite'
  ...
# Subtest: resolveHookAgentId
    # Subtest: treats registry agent ids as explicit identities
    ok 1 - treats registry agent ids as explicit identities
      ---
      duration_ms: 2.078639
      type: 'test'
      ...
    # Subtest: trims whitespace around explicit ids
    ok 2 - trims whitespace around explicit ids
      ---
      duration_ms: 0.464046
      type: 'test'
      ...
    # Subtest: maps hook_source when agent_id is missing
    ok 3 - maps hook_source when agent_id is missing
      ---
      duration_ms: 0.266501
      type: 'test'
      ...
    # Subtest: classifies an unknown agent_id as a Claude Code subagent marker (\#451)
    ok 4 - classifies an unknown agent_id as a Claude Code subagent marker (\#451)
      ---
      duration_ms: 0.209581
      type: 'test'
      ...
    # Subtest: classifies a subagent marker without agent_type
    ok 5 - classifies a subagent marker without agent_type
      ---
      duration_ms: 0.27764
      type: 'test'
      ...
    # Subtest: prefers hook_source routing over an unknown agent_id
    ok 6 - prefers hook_source routing over an unknown agent_id
      ---
      duration_ms: 0.282689
      type: 'test'
      ...
    # Subtest: defaults to claude-code when nothing identifies the agent
    ok 7 - defaults to claude-code when nothing identifies the agent
      ---
      duration_ms: 0.42334
      type: 'test'
      ...
    # Subtest: exposes the registry-known id set
    ok 8 - exposes the registry-known id set
      ---
      duration_ms: 0.406314
      type: 'test'
      ...
    1..8
ok 597 - resolveHookAgentId
  ---
  duration_ms: 6.219844
  type: 'suite'
  ...
# Clawd state server listening on 127.0.0.1:23333
# Clawd state server listening on 127.0.0.1:23333
# Subtest: Codex official /permission path
    # Subtest: returns no-decision on DND instead of denying
    ok 1 - returns no-decision on DND instead of denying
      ---
      duration_ms: 11.607546
      type: 'test'
      ...
# Clawd state server listening on 127.0.0.1:23333
    # Subtest: returns no-decision when Codex permission bubbles are disabled
    ok 2 - returns no-decision when Codex permission bubbles are disabled
      ---
      duration_ms: 2.319462
      type: 'test'
      ...
# Clawd state server listening on 127.0.0.1:23333
    # Subtest: defaults Codex PermissionRequest to a real approval bubble
    ok 3 - defaults Codex PermissionRequest to a real approval bubble
      ---
      duration_ms: 3.91768
      type: 'test'
      ...
# Clawd state server listening on 127.0.0.1:23333
    # Subtest: returns no-decision in explicit native mode while recording the event
    ok 4 - returns no-decision in explicit native mode while recording the event
      ---
      duration_ms: 1.628693
      type: 'test'
      ...
# Clawd state server listening on 127.0.0.1:23333
    # Subtest: marks native PermissionRequest notification sound muted when the Codex switch is off
    ok 5 - marks native PermissionRequest notification sound muted when the Codex switch is off
      ---
      duration_ms: 1.511412
      type: 'test'
      ...
# Clawd state server listening on 127.0.0.1:23333
    # Subtest: enqueues a real Codex approval bubble in intercept mode without suggestions or elicitation
    ok 6 - enqueues a real Codex approval bubble in intercept mode without suggestions or elicitation
      ---
      duration_ms: 1.425684
      type: 'test'
      ...
    # Subtest: returns no-decision for subagent PermissionRequest before auto-pilot can allow
    ok 7 - returns no-decision for subagent PermissionRequest before auto-pilot can allow
      ---
      duration_ms: 1.463468
      type: 'test'
      ...
    1..7
ok 598 - Codex official /permission path
  ---
  duration_ms: 25.877667
  type: 'suite'
  ...
# Subtest: server-config helpers
    # Subtest: clearRuntimeConfig removes runtime.json when present
    ok 1 - clearRuntimeConfig removes runtime.json when present
      ---
      duration_ms: 3.257457
      type: 'test'
      ...
    # Subtest: splitPortCandidates prioritizes preferred and runtime ports
    ok 2 - splitPortCandidates prioritizes preferred and runtime ports
      ---
      duration_ms: 1.499753
      type: 'test'
      ...
    # Subtest: probePort recognizes signed Clawd responses
    ok 3 - probePort recognizes signed Clawd responses
      ---
      duration_ms: 0.761751
      type: 'test'
      ...
    # Subtest: resolveNodeBin on Windows
        # Subtest: returns options.execPath when it points at node.exe
        ok 1 - returns options.execPath when it points at node.exe
          ---
          duration_ms: 3.355377
          type: 'test'
          ...
        # Subtest: rejects the packaged Clawd Electron host as execPath
        ok 2 - rejects the packaged Clawd Electron host as execPath
          ---
          duration_ms: 1.573377
          type: 'test'
          ...
        # Subtest: iterates every where.exe line and skips scoop shims
        ok 3 - iterates every where.exe line and skips scoop shims
          ---
          duration_ms: 1.240398
          type: 'test'
          ...
        # Subtest: falls back to common install paths when where.exe fails
        ok 4 - falls back to common install paths when where.exe fails
          ---
          duration_ms: 0.796972
          type: 'test'
          ...
        # Subtest: resolves the Scoop real app path, not the shim path
        ok 5 - resolves the Scoop real app path, not the shim path
          ---
          duration_ms: 0.750783
          type: 'test'
          ...
        # Subtest: rejects Clawd on Desk.exe even when accessSync says it exists
        ok 6 - rejects Clawd on Desk.exe even when accessSync says it exists
          ---
          duration_ms: 0.700988
          type: 'test'
          ...
        # Subtest: does not spawn PowerShell as part of the default detection chain
        ok 7 - does not spawn PowerShell as part of the default detection chain
          ---
          duration_ms: 2.364425
          type: 'test'
          ...
        # Subtest: returns null when every detection step fails
        ok 8 - returns null when every detection step fails
          ---
          duration_ms: 0.86416
          type: 'test'
          ...
        # Subtest: validateWindowsNodeCandidate rejects Clawd, Electron, scoop shims, and non-node basenames
        ok 9 - validateWindowsNodeCandidate rejects Clawd, Electron, scoop shims, and non-node basenames
          ---
          duration_ms: 0.377115
          type: 'test'
          ...
        # Subtest: validateWindowsNodeCandidate parses Windows paths regardless of host platform
        ok 10 - validateWindowsNodeCandidate parses Windows paths regardless of host platform
          ---
          duration_ms: 0.290363
          type: 'test'
          ...
        # Subtest: getWindowsCommonNodePaths emits backslash-joined Windows paths on any host
        ok 11 - getWindowsCommonNodePaths emits backslash-joined Windows paths on any host
          ---
          duration_ms: 0.362629
          type: 'test'
          ...
        # Subtest: async resolver mirrors sync (execPath, where.exe, common paths, scoop shim skip)
        ok 12 - async resolver mirrors sync (execPath, where.exe, common paths, scoop shim skip)
          ---
          duration_ms: 1.656968
          type: 'test'
          ...
        1..12
    ok 4 - resolveNodeBin on Windows
      ---
      duration_ms: 15.528251
      type: 'suite'
      ...
    # Subtest: resolveNodeBin returns process.execPath when not in Electron
    ok 5 - resolveNodeBin returns process.execPath when not in Electron
      ---
      duration_ms: 0.188989
      type: 'test'
      ...
    # Subtest: resolveNodeBin finds node from well-known paths in Electron
    ok 6 - resolveNodeBin finds node from well-known paths in Electron
      ---
      duration_ms: 1.939799
      type: 'test'
      ...
    # Subtest: resolveNodeBin falls back to login shell when no well-known paths exist
    ok 7 - resolveNodeBin falls back to login shell when no well-known paths exist
      ---
      duration_ms: 0.856123
      type: 'test'
      ...
    # Subtest: resolveNodeBin extracts node path from noisy interactive shell output
    ok 8 - resolveNodeBin extracts node path from noisy interactive shell output
      ---
      duration_ms: 0.716684
      type: 'test'
      ...
    # Subtest: resolveNodeBin scans nvm versions before falling back to shell probing
    ok 9 - resolveNodeBin scans nvm versions before falling back to shell probing
      ---
      duration_ms: 1.073409
      type: 'test'
      ...
    # Subtest: resolveNodeBin prefers versioned binaries over asdf shims
    ok 10 - resolveNodeBin prefers versioned binaries over asdf shims
      ---
      duration_ms: 0.576377
      type: 'test'
      ...
    # Subtest: resolveNodeBin keeps shell fallback when command -v returns a non-path token
    ok 11 - resolveNodeBin keeps shell fallback when command -v returns a non-path token
      ---
      duration_ms: 0.586242
      type: 'test'
      ...
    # Subtest: resolveNodeBin ignores shell function body lines that look like absolute paths
    ok 12 - resolveNodeBin ignores shell function body lines that look like absolute paths
      ---
      duration_ms: 0.750767
      type: 'test'
      ...
    # Subtest: resolveNodeBin finds node on Linux via well-known paths in Electron
    ok 13 - resolveNodeBin finds node on Linux via well-known paths in Electron
      ---
      duration_ms: 1.076851
      type: 'test'
      ...
    # Subtest: resolveNodeBin returns null when nothing is found on macOS/Linux
    ok 14 - resolveNodeBin returns null when nothing is found on macOS/Linux
      ---
      duration_ms: 0.869317
      type: 'test'
      ...
    # Subtest: resolveNodeBinAsync finds node from well-known paths without sync probes
    ok 15 - resolveNodeBinAsync finds node from well-known paths without sync probes
      ---
      duration_ms: 30.221815
      type: 'test'
      ...
    # Subtest: resolveNodeBinAsync falls back to async login shell output
    ok 16 - resolveNodeBinAsync falls back to async login shell output
      ---
      duration_ms: 12.001077
      type: 'test'
      ...
    # Subtest: resolveNodeBinAsync scans fnm versions without sync probes
    ok 17 - resolveNodeBinAsync scans fnm versions without sync probes
      ---
      duration_ms: 0.785702
      type: 'test'
      ...
    # Subtest: postStateToRunningServer probes fallback ports before posting
    ok 18 - postStateToRunningServer probes fallback ports before posting
      ---
      duration_ms: 1.147833
      type: 'test'
      ...
    # Subtest: postStateToRunningServer raises short timeouts in CLAWD_REMOTE mode
    ok 19 - postStateToRunningServer raises short timeouts in CLAWD_REMOTE mode
      ---
      duration_ms: 0.670398
      type: 'test'
      ...
    # Subtest: postStateToRunningServer treats explicit remote option like remote hook mode
    ok 20 - postStateToRunningServer treats explicit remote option like remote hook mode
      ---
      duration_ms: 0.46404
      type: 'test'
      ...
    # Subtest: postStateToRunningServer lets remote false override CLAWD_REMOTE env
    ok 21 - postStateToRunningServer lets remote false override CLAWD_REMOTE env
      ---
      duration_ms: 0.414393
      type: 'test'
      ...
    # Subtest: postPermissionToRunningServer raises discovery timeout in CLAWD_REMOTE mode
    ok 22 - postPermissionToRunningServer raises discovery timeout in CLAWD_REMOTE mode
      ---
      duration_ms: 0.550146
      type: 'test'
      ...
    # Subtest: postPermissionToRunningServer raises preferred-port discovery timeout with explicit remote option
    ok 23 - postPermissionToRunningServer raises preferred-port discovery timeout with explicit remote option
      ---
      duration_ms: 0.437935
      type: 'test'
      ...
    1..23
ok 599 - server-config helpers
  ---
  duration_ms: 78.883443
  type: 'suite'
  ...
# Clawd state server listening on 127.0.0.1:23333
# Clawd state server listening on 127.0.0.1:23333
# Clawd state server listening on 127.0.0.1:23333
# Clawd state server listening on 127.0.0.1:23333
# Clawd state server listening on 127.0.0.1:23333
# Clawd: hooks missing from settings.json — re-registering
# Clawd: hooks missing from settings.json — re-registering
# Clawd: settings.json shrank suspiciously — skipping auto-resync to preserve third-party hooks
# Clawd: settings.json shrank suspiciously — skipping auto-resync to preserve third-party hooks
# Clawd: settings.json shrank suspiciously — skipping auto-resync to preserve third-party hooks
# Clawd state server listening on 127.0.0.1:23333
# Clawd state server listening on 127.0.0.1:23333
# Clawd: failed to sync Gemini hooks: permission denied
# Subtest: server Claude hook management
    # Subtest: startup syncs Claude hooks and starts watcher when automatic management is enabled
    ok 1 - startup syncs Claude hooks and starts watcher when automatic management is enabled
      ---
      duration_ms: 6.692574
      type: 'test'
      ...
    # Subtest: startup skips Hermes plugin sync quietly when Hermes is not installed
    ok 2 - startup skips Hermes plugin sync quietly when Hermes is not installed
      ---
      duration_ms: 2.827108
      type: 'test'
      ...
    # Subtest: startup skips Claude sync/watcher but still syncs other agents when automatic management is disabled
    ok 3 - startup skips Claude sync/watcher but still syncs other agents when automatic management is disabled
      ---
      duration_ms: 0.537879
      type: 'test'
      ...
    # Subtest: startup skips automatic hook/plugin sync for disabled agents
    ok 4 - startup skips automatic hook/plugin sync for disabled agents
      ---
      duration_ms: 0.719916
      type: 'test'
      ...
    # Subtest: startup skips Claude hook sync and watcher when Claude Code is disabled
    ok 5 - startup skips Claude hook sync and watcher when Claude Code is disabled
      ---
      duration_ms: 0.441157
      type: 'test'
      ...
    # Subtest: stopClaudeSettingsWatcher is safe to call repeatedly
    ok 6 - stopClaudeSettingsWatcher is safe to call repeatedly
      ---
      duration_ms: 0.658683
      type: 'test'
      ...
    # Subtest: watcher no longer re-syncs after it has been stopped
    ok 7 - watcher no longer re-syncs after it has been stopped
      ---
      duration_ms: 0.448447
      type: 'test'
      ...
    # Subtest: watcher re-syncs when PermissionRequest hook disappears but command hooks remain
    ok 8 - watcher re-syncs when PermissionRequest hook disappears but command hooks remain
      ---
      duration_ms: 1.077465
      type: 'test'
      ...
    # Subtest: watcher re-syncs when PermissionRequest hook points to the wrong port
    ok 9 - watcher re-syncs when PermissionRequest hook points to the wrong port
      ---
      duration_ms: 1.119461
      type: 'test'
      ...
    # Subtest: records suspicious-shrink guard status when watcher skips automatic Claude repair
    ok 10 - records suspicious-shrink guard status when watcher skips automatic Claude repair
      ---
      duration_ms: 2.208473
      type: 'test'
      ...
    # Subtest: keeps suspicious-shrink guard status when Claude repair fails and clears it on cleanup
    ok 11 - keeps suspicious-shrink guard status when Claude repair fails and clears it on cleanup
      ---
      duration_ms: 0.908285
      type: 'test'
      ...
    # Subtest: watcher ignores settings changes when both command and PermissionRequest hooks are intact
    ok 12 - watcher ignores settings changes when both command and PermissionRequest hooks are intact
      ---
      duration_ms: 0.364396
      type: 'test'
      ...
    # Subtest: watcher does not re-sync missing Claude hooks while Claude Code is disabled
    ok 13 - watcher does not re-sync missing Claude hooks while Claude Code is disabled
      ---
      duration_ms: 0.42283
      type: 'test'
      ...
    # Subtest: watcher does not re-sync missing Claude hooks after Claude integration is uninstalled
    ok 14 - watcher does not re-sync missing Claude hooks after Claude integration is uninstalled
      ---
      duration_ms: 0.320958
      type: 'test'
      ...
    # Subtest: disconnect-style restart does not reinstall Claude hooks when management stays disabled
    ok 15 - disconnect-style restart does not reinstall Claude hooks when management stays disabled
      ---
      duration_ms: 0.418915
      type: 'test'
      ...
    # Subtest: repairIntegrationForAgent uses the Codex official hook repair path
    ok 16 - repairIntegrationForAgent uses the Codex official hook repair path
      ---
      duration_ms: 0.347001
      type: 'test'
      ...
    # Subtest: repairIntegrationForAgent('copilot-cli') routes through the standard sync path
    ok 17 - repairIntegrationForAgent('copilot-cli') routes through the standard sync path
      ---
      duration_ms: 0.148323
      type: 'test'
      ...
    # Subtest: passes Codex repair options through to the repair implementation
    ok 18 - passes Codex repair options through to the repair implementation
      ---
      duration_ms: 0.20212
      type: 'test'
      ...
    # Subtest: surfaces repair sync failures instead of reporting success
    ok 19 - surfaces repair sync failures instead of reporting success
      ---
      duration_ms: 0.673246
      type: 'test'
      ...
    1..19
ok 600 - server Claude hook management
  ---
  duration_ms: 24.411908
  type: 'suite'
  ...
# Subtest: Codex official hook turn tracking
    # Subtest: resolves Stop to attention when the turn used a tool
    ok 1 - resolves Stop to attention when the turn used a tool
      ---
      duration_ms: 0.567925
      type: 'test'
      ...
    # Subtest: resolves Stop to idle when no tool was seen
    ok 2 - resolves Stop to idle when no tool was seen
      ---
      duration_ms: 0.166921
      type: 'test'
      ...
    # Subtest: drops stop_hook_active continuations without updating state
    ok 3 - drops stop_hook_active continuations without updating state
      ---
      duration_ms: 0.168041
      type: 'test'
      ...
    # Subtest: resolves subagent Stop to idle and marks it headless
    ok 4 - resolves subagent Stop to idle and marks it headless
      ---
      duration_ms: 1.684296
      type: 'test'
      ...
    # Subtest: keeps turns scoped by session id when turn_id overlaps
    ok 5 - keeps turns scoped by session id when turn_id overlaps
      ---
      duration_ms: 1.18746
      type: 'test'
      ...
    # Subtest: prunes the oldest tracked turns when the cap is exceeded
    ok 6 - prunes the oldest tracked turns when the cap is exceeded
      ---
      duration_ms: 1.434446
      type: 'test'
      ...
    1..6
ok 601 - Codex official hook turn tracking
  ---
  duration_ms: 5.917341
  type: 'suite'
  ...
# Subtest: permission input normalization
    # Subtest: truncates deeply nested preview values without mutating the source
    ok 1 - truncates deeply nested preview values without mutating the source
      ---
      duration_ms: 1.291496
      type: 'test'
      ...
    # Subtest: caps suggestions at 20 and preserves a merged addRules entry
    ok 2 - caps suggestions at 20 and preserves a merged addRules entry
      ---
      duration_ms: 1.29976
      type: 'test'
      ...
    # Subtest: caps elicitation questions/options and truncates displayed copy
    ok 3 - caps elicitation questions/options and truncates displayed copy
      ---
      duration_ms: 1.491859
      type: 'test'
      ...
    # Subtest: normalizes hook tool_use_id values
    ok 4 - normalizes hook tool_use_id values
      ---
      duration_ms: 0.56253
      type: 'test'
      ...
    # Subtest: normalizes Codex permission tool input with optional description
    ok 5 - normalizes Codex permission tool input with optional description
      ---
      duration_ms: 0.445923
      type: 'test'
      ...
    1..5
ok 602 - permission input normalization
  ---
  duration_ms: 6.702287
  type: 'suite'
  ...
# Subtest: normalizeToolMatchValue boundaries
    # Subtest: truncates strings longer than 240 chars with an ellipsis
    ok 1 - truncates strings longer than 240 chars with an ellipsis
      ---
      duration_ms: 0.821476
      type: 'test'
      ...
    # Subtest: keeps strings at or below the 240 char limit untouched
    ok 2 - keeps strings at or below the 240 char limit untouched
      ---
      duration_ms: 0.359326
      type: 'test'
      ...
    # Subtest: caps arrays at 16 entries and normalizes the kept ones
    ok 3 - caps arrays at 16 entries and normalizes the kept ones
      ---
      duration_ms: 0.760715
      type: 'test'
      ...
    # Subtest: caps objects at 32 sorted keys
    ok 4 - caps objects at 32 sorted keys
      ---
      duration_ms: 0.780259
      type: 'test'
      ...
    # Subtest: returns null once recursion depth passes the 6-level cap
    ok 5 - returns null once recursion depth passes the 6-level cap
      ---
      duration_ms: 0.581919
      type: 'test'
      ...
    # Subtest: produces the same fingerprint for inputs that differ only past the truncation boundary
    ok 6 - produces the same fingerprint for inputs that differ only past the truncation boundary
      ---
      duration_ms: 1.025679
      type: 'test'
      ...
    # Subtest: produces different fingerprints for inputs that differ inside the truncation boundary
    ok 7 - produces different fingerprints for inputs that differ inside the truncation boundary
      ---
      duration_ms: 0.329559
      type: 'test'
      ...
    1..7
ok 603 - normalizeToolMatchValue boundaries
  ---
  duration_ms: 6.961547
  type: 'suite'
  ...
# Clawd state server listening on 127.0.0.1:23333
# Subtest: findPendingPermissionForStateEvent
    # Subtest: matches concurrent requests by tool_use_id
    ok 1 - matches concurrent requests by tool_use_id
      ---
      duration_ms: 1.455745
      type: 'test'
      ...
    # Subtest: falls back to tool fingerprint when tool_use_id is missing
    ok 2 - falls back to tool fingerprint when tool_use_id is missing
      ---
      duration_ms: 0.985263
      type: 'test'
      ...
    # Subtest: falls back to fingerprint when the event has tool_use_id but the pending request does not
    ok 3 - falls back to fingerprint when the event has tool_use_id but the pending request does not
      ---
      duration_ms: 0.398313
      type: 'test'
      ...
    # Subtest: uses the single pending request fallback for Stop cleanup
    ok 4 - uses the single pending request fallback for Stop cleanup
      ---
      duration_ms: 0.186431
      type: 'test'
      ...
    # Subtest: refuses ambiguous Stop cleanup when multiple requests are pending
    ok 5 - refuses ambiguous Stop cleanup when multiple requests are pending
      ---
      duration_ms: 0.180736
      type: 'test'
      ...
    # Subtest: does not use singleton fallback for unrelated PostToolUse events
    ok 6 - does not use singleton fallback for unrelated PostToolUse events
      ---
      duration_ms: 0.187433
      type: 'test'
      ...
    # Subtest: does not match by tool name alone when only one pending request exists
    ok 7 - does not match by tool name alone when only one pending request exists
      ---
      duration_ms: 0.173776
      type: 'test'
      ...
    # Subtest: does not fall back to fingerprint when tool_use_id mismatches
    ok 8 - does not fall back to fingerprint when tool_use_id mismatches
      ---
      duration_ms: 0.782874
      type: 'test'
      ...
    1..8
ok 604 - findPendingPermissionForStateEvent
  ---
  duration_ms: 6.26219
  type: 'suite'
  ...
# Clawd state server listening on 127.0.0.1:23333
# Subtest: /state permission cleanup
    # Subtest: resolves only the matching concurrent permission entry
    ok 1 - resolves only the matching concurrent permission entry
      ---
      duration_ms: 18.599544
      type: 'test'
      ...
# Clawd state server listening on 127.0.0.1:23333
    # Subtest: clears matching Qwen pending entries as no-decision instead of deny
    ok 2 - clears matching Qwen pending entries as no-decision instead of deny
      ---
      duration_ms: 2.198968
      type: 'test'
      ...
# Clawd state server listening on 127.0.0.1:23333
    # Subtest: keeps concurrent pending requests untouched when Stop is ambiguous
    ok 3 - keeps concurrent pending requests untouched when Stop is ambiguous
      ---
      duration_ms: 1.136189
      type: 'test'
      ...
# Clawd state server listening on 127.0.0.1:23333
    # Subtest: does not clear a single pending Bash request when another tool finishes
    ok 4 - does not clear a single pending Bash request when another tool finishes
      ---
      duration_ms: 1.231401
      type: 'test'
      ...
# Clawd state server listening on 127.0.0.1:23333
    # Subtest: does not clear a pending Bash request when another Bash finishes
    ok 5 - does not clear a pending Bash request when another Bash finishes
      ---
      duration_ms: 1.343996
      type: 'test'
      ...
# Clawd state server listening on 127.0.0.1:23333
    # Subtest: does not clear a pending Bash request when another Bash fails
    ok 6 - does not clear a pending Bash request when another Bash fails
      ---
      duration_ms: 1.466985
      type: 'test'
      ...
# Clawd state server listening on 127.0.0.1:23333
    # Subtest: sweeps stale elicitation bubble when any PostToolUse fires for the same session
    ok 7 - sweeps stale elicitation bubble when any PostToolUse fires for the same session
      ---
      duration_ms: 1.458841
      type: 'test'
      ...
# Clawd state server listening on 127.0.0.1:23333
    # Subtest: does not sweep non-elicitation bubbles from other sessions
    ok 8 - does not sweep non-elicitation bubbles from other sessions
      ---
      duration_ms: 1.384903
      type: 'test'
      ...
    # Subtest: clears a terminal-answered pending Bash request when the pending entry lacks tool_use_id
    ok 9 - clears a terminal-answered pending Bash request when the pending entry lacks tool_use_id
      ---
      duration_ms: 1.95627
      type: 'test'
      ...
    1..9
ok 605 - /state permission cleanup
  ---
  duration_ms: 31.830518
  type: 'suite'
  ...
# Subtest: shouldBypassCCBubble
    # Subtest: does not bypass when the sub-gate is on
    ok 1 - does not bypass when the sub-gate is on
      ---
      duration_ms: 1.459351
      type: 'test'
      ...
    # Subtest: bypasses when the sub-gate is off for a normal permission tool
    ok 2 - bypasses when the sub-gate is off for a normal permission tool
      ---
      duration_ms: 0.284264
      type: 'test'
      ...
    # Subtest: never bypasses ExitPlanMode — Plan Review would break
    ok 3 - never bypasses ExitPlanMode — Plan Review would break
      ---
      duration_ms: 0.179459
      type: 'test'
      ...
    # Subtest: never bypasses AskUserQuestion — elicitations would hang CC
    ok 4 - never bypasses AskUserQuestion — elicitations would hang CC
      ---
      duration_ms: 0.225163
      type: 'test'
      ...
    # Subtest: missing isAgentPermissionsEnabled → fail-open (don't suppress)
    ok 5 - missing isAgentPermissionsEnabled → fail-open (don't suppress)
      ---
      duration_ms: 0.251159
      type: 'test'
      ...
    # Subtest: bypasses when hideBubbles is on, even if the per-agent gate is on
    ok 6 - bypasses when hideBubbles is on, even if the per-agent gate is on
      ---
      duration_ms: 0.166206
      type: 'test'
      ...
    # Subtest: bypasses normal permission tools when the split permission category is off
    ok 7 - bypasses normal permission tools when the split permission category is off
      ---
      duration_ms: 0.279605
      type: 'test'
      ...
    # Subtest: hideBubbles does NOT bypass ExitPlanMode or AskUserQuestion — those would hang CC
    ok 8 - hideBubbles does NOT bypass ExitPlanMode or AskUserQuestion — those would hang CC
      ---
      duration_ms: 0.315767
      type: 'test'
      ...
    # Subtest: split permission category does NOT bypass ExitPlanMode or AskUserQuestion
    ok 9 - split permission category does NOT bypass ExitPlanMode or AskUserQuestion
      ---
      duration_ms: 0.318266
      type: 'test'
      ...
    # Subtest: hideBubbles works without isAgentPermissionsEnabled helper present
    ok 10 - hideBubbles works without isAgentPermissionsEnabled helper present
      ---
      duration_ms: 0.656867
      type: 'test'
      ...
    1..10
ok 606 - shouldBypassCCBubble
  ---
  duration_ms: 5.942892
  type: 'suite'
  ...
# Subtest: shouldBypassOpencodeBubble
    # Subtest: does not bypass when the sub-gate is on
    ok 1 - does not bypass when the sub-gate is on
      ---
      duration_ms: 0.305379
      type: 'test'
      ...
    # Subtest: bypasses when the sub-gate is off
    ok 2 - bypasses when the sub-gate is off
      ---
      duration_ms: 0.123845
      type: 'test'
      ...
    # Subtest: always queries the 'opencode' agent id regardless of call context
    ok 3 - always queries the 'opencode' agent id regardless of call context
      ---
      duration_ms: 0.989394
      type: 'test'
      ...
    # Subtest: missing isAgentPermissionsEnabled → fail-open
    ok 4 - missing isAgentPermissionsEnabled → fail-open
      ---
      duration_ms: 0.122004
      type: 'test'
      ...
    1..4
ok 607 - shouldBypassOpencodeBubble
  ---
  duration_ms: 1.764702
  type: 'suite'
  ...
# Clawd state server listening on 127.0.0.1:23333
# Clawd state server listening on 127.0.0.1:23333
# Subtest: Qwen Code /permission path
    # Subtest: returns no-decision on DND
    ok 1 - returns no-decision on DND
      ---
      duration_ms: 10.897605
      type: 'test'
      ...
# Clawd state server listening on 127.0.0.1:23333
# Clawd state server listening on 127.0.0.1:23333
    # Subtest: returns no-decision when Qwen or Qwen permissions are disabled
    ok 2 - returns no-decision when Qwen or Qwen permissions are disabled
      ---
      duration_ms: 2.715888
      type: 'test'
      ...
# Clawd state server listening on 127.0.0.1:23333
    # Subtest: returns no-decision for headless Qwen sessions before auto-pilot can allow
    ok 3 - returns no-decision for headless Qwen sessions before auto-pilot can allow
      ---
      duration_ms: 2.979896
      type: 'test'
      ...
# Clawd state server listening on 127.0.0.1:23333
    # Subtest: enqueues a Qwen approval bubble without suggestions or provider-specific fields
    ok 4 - enqueues a Qwen approval bubble without suggestions or provider-specific fields
      ---
      duration_ms: 2.634403
      type: 'test'
      ...
    # Subtest: returns no-decision when bubble creation fails
    ok 5 - returns no-decision when bubble creation fails
      ---
      duration_ms: 1.602975
      type: 'test'
      ...
    1..5
ok 608 - Qwen Code /permission path
  ---
  duration_ms: 22.619251
  type: 'suite'
  ...
# Clawd state server listening on 127.0.0.1:23333
# Clawd state server listening on 127.0.0.1:23333
# Subtest: server hook event ringbuffer
    # Subtest: records /state disabled gate once
    ok 1 - records /state disabled gate once
      ---
      duration_ms: 11.730724
      type: 'test'
      ...
# Clawd state server listening on 127.0.0.1:23333
    # Subtest: records /state DND before updateSession calls into state.js
    ok 2 - records /state DND before updateSession calls into state.js
      ---
      duration_ms: 3.77085
      type: 'test'
      ...
# Clawd state server listening on 127.0.0.1:23333
    # Subtest: records /state accepted with event type normalization
    ok 3 - records /state accepted with event type normalization
      ---
      duration_ms: 1.613168
      type: 'test'
      ...
# Clawd state server listening on 127.0.0.1:23333
    # Subtest: forwards preserve_state to state.js without changing hook event recording
    ok 4 - forwards preserve_state to state.js without changing hook event recording
      ---
      duration_ms: 1.366635
      type: 'test'
      ...
# Clawd state server listening on 127.0.0.1:23333
    # Subtest: records /permission DND gate
    ok 5 - records /permission DND gate
      ---
      duration_ms: 4.887494
      type: 'test'
      ...
# Clawd state server listening on 127.0.0.1:23333
    # Subtest: records /permission disabled gate
    ok 6 - records /permission disabled gate
      ---
      duration_ms: 1.773515
      type: 'test'
      ...
# Clawd state server listening on 127.0.0.1:23333
    # Subtest: records Codex native permission mode as accepted HTTP activity
    ok 7 - records Codex native permission mode as accepted HTTP activity
      ---
      duration_ms: 2.514553
      type: 'test'
      ...
# Clawd state server listening on 127.0.0.1:23333
    # Subtest: records /permission accepted once on the bubble path
    ok 8 - records /permission accepted once on the bubble path
      ---
      duration_ms: 2.342925
      type: 'test'
      ...
    # Subtest: records opencode malformed bridge requests as HTTP activity
    ok 9 - records opencode malformed bridge requests as HTTP activity
      ---
      duration_ms: 2.95855
      type: 'test'
      ...
    # Subtest: caps each agent ring at 50 events
    ok 10 - caps each agent ring at 50 events
      ---
      duration_ms: 0.981409
      type: 'test'
      ...
    # Subtest: attributes hook events by hook_source when agent_id is missing
    ok 11 - attributes hook events by hook_source when agent_id is missing
      ---
      duration_ms: 0.250506
      type: 'test'
      ...
    # Subtest: filters recent hook events by agent and timestamp and returns copies
    ok 12 - filters recent hook events by agent and timestamp and returns copies
      ---
      duration_ms: 0.312674
      type: 'test'
      ...
    # Subtest: single-request recorder keeps the first valid route outcome
    ok 13 - single-request recorder keeps the first valid route outcome
      ---
      duration_ms: 0.4162
      type: 'test'
      ...
    1..13
ok 609 - server hook event ringbuffer
  ---
  duration_ms: 37.707095
  type: 'suite'
  ...
# Subtest: server-route-permission helpers
    # Subtest: preserves bubble bypass decisions for CC, Codex, and opencode
    ok 1 - preserves bubble bypass decisions for CC, Codex, and opencode
      ---
      duration_ms: 1.149911
      type: 'test'
      ...
    # Subtest: bypasses CC subagent bubbles only for subagent-origin requests with the sub-gate off
    ok 2 - bypasses CC subagent bubbles only for subagent-origin requests with the sub-gate off
      ---
      duration_ms: 0.47845
      type: 'test'
      ...
    1..2
ok 610 - server-route-permission helpers
  ---
  duration_ms: 3.011175
  type: 'suite'
  ...
# Subtest: server-route-permission POST
    # Subtest: returns 400 for invalid JSON
    ok 1 - returns 400 for invalid JSON
      ---
      duration_ms: 16.507437
      type: 'test'
      ...
    # Subtest: uses the existing deny response for oversized permission bodies
    ok 2 - uses the existing deny response for oversized permission bodies
      ---
      duration_ms: 3.513547
      type: 'test'
      ...
    # Subtest: returns no-decision for Codex DND fallback
    ok 3 - returns no-decision for Codex DND fallback
      ---
      duration_ms: 2.341094
      type: 'test'
      ...
    # Subtest: passes Codex Desktop focus metadata through permission bubbles
    ok 4 - passes Codex Desktop focus metadata through permission bubbles
      ---
      duration_ms: 2.154466
      type: 'test'
      ...
    # Subtest: returns no-decision for headless Codex sessions before auto-pilot can allow
    ok 5 - returns no-decision for headless Codex sessions before auto-pilot can allow
      ---
      duration_ms: 1.345243
      type: 'test'
      ...
    # Subtest: silently drops disabled opencode permissions after ACK
    ok 6 - silently drops disabled opencode permissions after ACK
      ---
      duration_ms: 1.535356
      type: 'test'
      ...
    # Subtest: routes opencode permissions by hook_source when agent_id is missing
    ok 7 - routes opencode permissions by hook_source when agent_id is missing
      ---
      duration_ms: 1.30649
      type: 'test'
      ...
    # Subtest: silently drops headless opencode sessions before auto-pilot can bridge allow
    ok 8 - silently drops headless opencode sessions before auto-pilot can bridge allow
      ---
      duration_ms: 1.430536
      type: 'test'
      ...
    # Subtest: destroys the Claude/CodeBuddy connection during DND
    ok 9 - destroys the Claude/CodeBuddy connection during DND
      ---
      duration_ms: 4.813179
      type: 'test'
      ...
    # Subtest: allows legacy Pi permission requests during DND to preserve Pi YOLO behavior
    ok 10 - allows legacy Pi permission requests during DND to preserve Pi YOLO behavior
      ---
      duration_ms: 1.225306
      type: 'test'
      ...
    # Subtest: returns no-decision for Antigravity DND fallback
    ok 11 - returns no-decision for Antigravity DND fallback
      ---
      duration_ms: 0.933188
      type: 'test'
      ...
    # Subtest: still returns 204 when Antigravity permission subgate is disabled (subgate has no effect on state-only flow)
    ok 12 - still returns 204 when Antigravity permission subgate is disabled (subgate has no effect on state-only flow)
      ---
      duration_ms: 0.848107
      type: 'test'
      ...
    # Subtest: returns no-decision when the Antigravity agent master switch is off
    ok 13 - returns no-decision when the Antigravity agent master switch is off
      ---
      duration_ms: 0.839658
      type: 'test'
      ...
    # Subtest: hard-blocks a stray Antigravity PreToolUse: 204, no bubble, no entry
    ok 14 - hard-blocks a stray Antigravity PreToolUse: 204, no bubble, no entry
      ---
      duration_ms: 1.034401
      type: 'test'
      ...
    # Subtest: allows legacy Pi permission requests without creating a bubble
    ok 15 - allows legacy Pi permission requests without creating a bubble
      ---
      duration_ms: 0.806325
      type: 'test'
      ...
    # Subtest: allows legacy Pi permission requests when the Pi agent is disabled
    ok 16 - allows legacy Pi permission requests when the Pi agent is disabled
      ---
      duration_ms: 1.041877
      type: 'test'
      ...
    # Subtest: pushes a normal Claude permission entry and shows the bubble
    ok 17 - pushes a normal Claude permission entry and shows the bubble
      ---
      duration_ms: 1.153492
      type: 'test'
      ...
    # Subtest: starts remote approval only after a Claude bubble is shown
    ok 18 - starts remote approval only after a Claude bubble is shown
      ---
      duration_ms: 0.924905
      type: 'test'
      ...
    # Subtest: does not start remote approval when a Claude bubble fails
    ok 19 - does not start remote approval when a Claude bubble fails
      ---
      duration_ms: 2.267657
      type: 'test'
      ...
    # Subtest: returns terminal fallback when an elicitation bubble fails
    ok 20 - returns terminal fallback when an elicitation bubble fails
      ---
      duration_ms: 1.641622
      type: 'test'
      ...
    # Subtest: keeps local Claude permission pending if remote approval startup throws
    ok 21 - keeps local Claude permission pending if remote approval startup throws
      ---
      duration_ms: 2.10369
      type: 'test'
      ...
    # Subtest: does not start remote approval for elicitation, passthrough, DND, or opencode paths
    ok 22 - does not start remote approval for elicitation, passthrough, DND, or opencode paths
      ---
      duration_ms: 1.942531
      type: 'test'
      ...
    # Subtest: returns no-decision for Copilot DND fallback
    ok 23 - returns no-decision for Copilot DND fallback
      ---
      duration_ms: 1.094571
      type: 'test'
      ...
    # Subtest: returns no-decision when the Copilot agent master switch is off
    ok 24 - returns no-decision when the Copilot agent master switch is off
      ---
      duration_ms: 0.974211
      type: 'test'
      ...
    # Subtest: returns no-decision when the global permission bubble gate is off (Copilot)
    ok 25 - returns no-decision when the global permission bubble gate is off (Copilot)
      ---
      duration_ms: 1.081447
      type: 'test'
      ...
    # Subtest: returns no-decision when the per-agent Copilot permission subgate is off
    ok 26 - returns no-decision when the per-agent Copilot permission subgate is off
      ---
      duration_ms: 0.860086
      type: 'test'
      ...
    # Subtest: returns no-decision for headless Copilot sessions before auto-pilot can allow
    ok 27 - returns no-decision for headless Copilot sessions before auto-pilot can allow
      ---
      duration_ms: 0.879434
      type: 'test'
      ...
    # Subtest: pushes a Copilot permission entry with isCopilotCli=true and shows the bubble
    ok 28 - pushes a Copilot permission entry with isCopilotCli=true and shows the bubble
      ---
      duration_ms: 1.212978
      type: 'test'
      ...
    # Subtest: does NOT start remote approval for Copilot (v1 excludes Telegram)
    ok 29 - does NOT start remote approval for Copilot (v1 excludes Telegram)
      ---
      duration_ms: 0.89668
      type: 'test'
      ...
    # Subtest: recovers via 204 when the Copilot bubble fails to construct
    ok 30 - recovers via 204 when the Copilot bubble fails to construct
      ---
      duration_ms: 2.515123
      type: 'test'
      ...
    # Subtest: resolves Copilot abort as no-decision (NOT deny) when the connection closes
    ok 31 - resolves Copilot abort as no-decision (NOT deny) when the connection closes
      ---
      duration_ms: 0.903989
      type: 'test'
      ...
    # Subtest: routes Copilot permissions by hook_source when agent_id is missing
    ok 32 - routes Copilot permissions by hook_source when agent_id is missing
      ---
      duration_ms: 0.978515
      type: 'test'
      ...
    # Subtest: returns no-decision for Hermes DND fallback
    ok 33 - returns no-decision for Hermes DND fallback
      ---
      duration_ms: 0.821872
      type: 'test'
      ...
    # Subtest: returns no-decision when the Hermes agent master switch is off
    ok 34 - returns no-decision when the Hermes agent master switch is off
      ---
      duration_ms: 0.722735
      type: 'test'
      ...
    # Subtest: returns no-decision when the global permission bubble gate is off (Hermes)
    ok 35 - returns no-decision when the global permission bubble gate is off (Hermes)
      ---
      duration_ms: 0.722925
      type: 'test'
      ...
    # Subtest: returns no-decision when the per-agent Hermes permission subgate is off
    ok 36 - returns no-decision when the per-agent Hermes permission subgate is off
      ---
      duration_ms: 0.82125
      type: 'test'
      ...
    # Subtest: returns no-decision for headless Hermes sessions before auto-pilot can allow
    ok 37 - returns no-decision for headless Hermes sessions before auto-pilot can allow
      ---
      duration_ms: 0.868594
      type: 'test'
      ...
    # Subtest: pushes a Hermes permission entry with isHermes=true and full metadata
    ok 38 - pushes a Hermes permission entry with isHermes=true and full metadata
      ---
      duration_ms: 1.237626
      type: 'test'
      ...
    # Subtest: handles Hermes clarify tool as an elicitation entry
    ok 39 - handles Hermes clarify tool as an elicitation entry
      ---
      duration_ms: 1.718321
      type: 'test'
      ...
    # Subtest: recovers via 204 when the Hermes bubble fails to construct
    ok 40 - recovers via 204 when the Hermes bubble fails to construct
      ---
      duration_ms: 1.693704
      type: 'test'
      ...
    # Subtest: resolves Hermes abort as no-decision when the connection closes
    ok 41 - resolves Hermes abort as no-decision when the connection closes
      ---
      duration_ms: 1.277832
      type: 'test'
      ...
    1..41
ok 611 - server-route-permission POST
  ---
  duration_ms: 76.163726
  type: 'suite'
  ...
# Subtest: server-route-permission POST — CC subagent requests (\#451)
    # Subtest: bubbles a subagent permission under the claude-code identity by default
    ok 1 - bubbles a subagent permission under the claude-code identity by default
      ---
      duration_ms: 4.29343
      type: 'test'
      ...
    # Subtest: stamps main-thread CC entries with null subagent fields
    ok 2 - stamps main-thread CC entries with null subagent fields
      ---
      duration_ms: 0.916672
      type: 'test'
      ...
    # Subtest: destroys the connection when the subagent sub-gate is off
    ok 3 - destroys the connection when the subagent sub-gate is off
      ---
      duration_ms: 0.919838
      type: 'test'
      ...
    # Subtest: keeps bubbling main-thread requests while the subagent sub-gate is off
    ok 4 - keeps bubbling main-thread requests while the subagent sub-gate is off
      ---
      duration_ms: 0.834493
      type: 'test'
      ...
    # Subtest: still bubbles subagent AskUserQuestion as elicitation when the sub-gate is off
    ok 5 - still bubbles subagent AskUserQuestion as elicitation when the sub-gate is off
      ---
      duration_ms: 0.741238
      type: 'test'
      ...
    # Subtest: still bubbles subagent ExitPlanMode when the sub-gate is off
    ok 6 - still bubbles subagent ExitPlanMode when the sub-gate is off
      ---
      duration_ms: 0.635679
      type: 'test'
      ...
    # Subtest: handles a verbatim CC 2.1.169 subagent payload (live capture 2026-06-10)
    ok 7 - handles a verbatim CC 2.1.169 subagent payload (live capture 2026-06-10)
      ---
      duration_ms: 0.99652
      type: 'test'
      ...
    # Subtest: lets the headless guard win over the subagent sub-gate (auto-deny, no destroy)
    ok 8 - lets the headless guard win over the subagent sub-gate (auto-deny, no destroy)
      ---
      duration_ms: 2.479021
      type: 'test'
      ...
    # Subtest: lets PASSTHROUGH tools auto-allow before the subagent sub-gate
    ok 9 - lets PASSTHROUGH tools auto-allow before the subagent sub-gate
      ---
      duration_ms: 0.71541
      type: 'test'
      ...
    # Subtest: keeps CodeBuddy requests on the explicit identity, unaffected by the subagent sub-gate
    ok 10 - keeps CodeBuddy requests on the explicit identity, unaffected by the subagent sub-gate
      ---
      duration_ms: 0.671773
      type: 'test'
      ...
    # Subtest: applies the per-agent permission subgate to subagent requests (uuid no longer dodges it)
    ok 11 - applies the per-agent permission subgate to subagent requests (uuid no longer dodges it)
      ---
      duration_ms: 0.601545
      type: 'test'
      ...
    # Subtest: applies the agent master switch to subagent requests (uuid no longer dodges it)
    ok 12 - applies the agent master switch to subagent requests (uuid no longer dodges it)
      ---
      duration_ms: 0.607066
      type: 'test'
      ...
    1..12
ok 612 - server-route-permission POST — CC subagent requests (\#451)
  ---
  duration_ms: 15.354727
  type: 'suite'
  ...
# Subtest: server-route-state health
    # Subtest: returns the same /state health payload and header
    ok 1 - returns the same /state health payload and header
      ---
      duration_ms: 1.807998
      type: 'test'
      ...
    1..1
ok 613 - server-route-state health
  ---
  duration_ms: 3.082207
  type: 'suite'
  ...
# Subtest: server-route-state POST
    # Subtest: passes normalized metadata to updateSession
    ok 1 - passes normalized metadata to updateSession
      ---
      duration_ms: 9.57364
      type: 'test'
      ...
    # Subtest: passes assistant last output metadata to updateSession
    ok 2 - passes assistant last output metadata to updateSession
      ---
      duration_ms: 3.175122
      type: 'test'
      ...
    # Subtest: passes valid context_usage to updateSession
    ok 3 - passes valid context_usage to updateSession
      ---
      duration_ms: 1.010907
      type: 'test'
      ...
    # Subtest: drops invalid context_usage without rejecting state
    ok 4 - drops invalid context_usage without rejecting state
      ---
      duration_ms: 1.193976
      type: 'test'
      ...
    # Subtest: marks missing agent_id as a defaulted Claude Code attribution
    ok 5 - marks missing agent_id as a defaulted Claude Code attribution
      ---
      duration_ms: 2.223662
      type: 'test'
      ...
    # Subtest: infers opencode from hook_source when agent_id is missing
    ok 6 - infers opencode from hook_source when agent_id is missing
      ---
      duration_ms: 1.505295
      type: 'test'
      ...
    # Subtest: uses basename for explicit svg state overrides
    ok 7 - uses basename for explicit svg state overrides
      ---
      duration_ms: 2.078676
      type: 'test'
      ...
    # Subtest: drops disabled agents with a 204 and records the disabled outcome
    ok 8 - drops disabled agents with a 204 and records the disabled outcome
      ---
      duration_ms: 1.688423
      type: 'test'
      ...
    # Subtest: returns 400 for mini states without an svg override
    ok 9 - returns 400 for mini states without an svg override
      ---
      duration_ms: 1.445097
      type: 'test'
      ...
    # Subtest: returns 413 when the body exceeds MAX_STATE_BODY_BYTES
    ok 10 - returns 413 when the body exceeds MAX_STATE_BODY_BYTES
      ---
      duration_ms: 1.061116
      type: 'test'
      ...
    # Subtest: returns 400 for invalid JSON
    ok 11 - returns 400 for invalid JSON
      ---
      duration_ms: 1.09485
      type: 'test'
      ...
    1..11
ok 614 - server-route-state POST
  ---
  duration_ms: 28.079441
  type: 'suite'
  ...
# Subtest: server-route-state ExitPlanMode stale sweep
    # Subtest: clears stale ExitPlanMode on UserPromptSubmit for same session
    ok 1 - clears stale ExitPlanMode on UserPromptSubmit for same session
      ---
      duration_ms: 3.023679
      type: 'test'
      ...
    # Subtest: does NOT clear ExitPlanMode for a different session
    ok 2 - does NOT clear ExitPlanMode for a different session
      ---
      duration_ms: 1.088486
      type: 'test'
      ...
    # Subtest: does NOT trigger sweep on PreToolUse(ExitPlanMode)
    ok 3 - does NOT trigger sweep on PreToolUse(ExitPlanMode)
      ---
      duration_ms: 1.082405
      type: 'test'
      ...
    # Subtest: triggers sweep on PreToolUse with a different tool
    ok 4 - triggers sweep on PreToolUse with a different tool
      ---
      duration_ms: 1.133519
      type: 'test'
      ...
    # Subtest: does NOT clear non-ExitPlanMode pending permissions
    ok 5 - does NOT clear non-ExitPlanMode pending permissions
      ---
      duration_ms: 0.934027
      type: 'test'
      ...
    # Subtest: skips entries with no res (already cleaned up)
    ok 6 - skips entries with no res (already cleaned up)
      ---
      duration_ms: 0.98153
      type: 'test'
      ...
    # Subtest: clears stale ExitPlanMode on PostToolUse(ExitPlanMode) as fallback
    ok 7 - clears stale ExitPlanMode on PostToolUse(ExitPlanMode) as fallback
      ---
      duration_ms: 3.378503
      type: 'test'
      ...
    1..7
ok 615 - server-route-state ExitPlanMode stale sweep
  ---
  duration_ms: 12.307988
  type: 'suite'
  ...
# Clawd state server listening on 127.0.0.1:23333
# Clawd state server listening on 127.0.0.1:23333
# Subtest: /state session_title handling
    # Subtest: passes session_title through to updateSession opts
    ok 1 - passes session_title through to updateSession opts
      ---
      duration_ms: 9.346055
      type: 'test'
      ...
# Clawd state server listening on 127.0.0.1:23333
    # Subtest: trims whitespace on session_title
    ok 2 - trims whitespace on session_title
      ---
      duration_ms: 3.314282
      type: 'test'
      ...
# Clawd state server listening on 127.0.0.1:23333
    # Subtest: passes null when session_title is absent (keeps 200)
    ok 3 - passes null when session_title is absent (keeps 200)
      ---
      duration_ms: 1.281321
      type: 'test'
      ...
# Clawd state server listening on 127.0.0.1:23333
    # Subtest: ignores non-string session_title and keeps 200 (matches cwd/agent_id style)
    ok 4 - ignores non-string session_title and keeps 200 (matches cwd/agent_id style)
      ---
      duration_ms: 1.229911
      type: 'test'
      ...
# Clawd state server listening on 127.0.0.1:23333
    # Subtest: ignores empty/whitespace session_title and keeps 200
    ok 5 - ignores empty/whitespace session_title and keeps 200
      ---
      duration_ms: 1.150212
      type: 'test'
      ...
# Clawd state server listening on 127.0.0.1:23333
    # Subtest: ignores object session_title and keeps 200
    ok 6 - ignores object session_title and keeps 200
      ---
      duration_ms: 1.11286
      type: 'test'
      ...
    1..6
ok 616 - /state session_title handling
  ---
  duration_ms: 19.241826
  type: 'suite'
  ...
# Clawd state server listening on 127.0.0.1:23333
# Subtest: /state MAX_STATE_BODY_BYTES (4KB cap)
    # Subtest: accepts a normal payload with session_title (returns 200)
    ok 1 - accepts a normal payload with session_title (returns 200)
      ---
      duration_ms: 2.450304
      type: 'test'
      ...
# Clawd state server listening on 127.0.0.1:23333
    # Subtest: returns 413 when body exceeds MAX_STATE_BODY_BYTES (4KB)
    ok 2 - returns 413 when body exceeds MAX_STATE_BODY_BYTES (4KB)
      ---
      duration_ms: 1.667478
      type: 'test'
      ...
# Clawd state server listening on 127.0.0.1:23333
    # Subtest: accepts a payload just under 4KB
    ok 3 - accepts a payload just under 4KB
      ---
      duration_ms: 2.147168
      type: 'test'
      ...
    1..3
ok 617 - /state MAX_STATE_BODY_BYTES (4KB cap)
  ---
  duration_ms: 6.988713
  type: 'suite'
  ...
# Subtest: /state Codex subagent role handling
    # Subtest: passes headless for official subagent state signals
    ok 1 - passes headless for official subagent state signals
      ---
      duration_ms: 2.478495
      type: 'test'
      ...
    1..1
ok 618 - /state Codex subagent role handling
  ---
  duration_ms: 2.703728
  type: 'suite'
  ...
# Subtest: session alias helpers
    # Subtest: routes null and local host through the same alias key
    ok 1 - routes null and local host through the same alias key
      ---
      duration_ms: 1.458288
      type: 'test'
      ...
    # Subtest: uses an explicit unknown agent segment when agentId is missing
    ok 2 - uses an explicit unknown agent segment when agentId is missing
      ---
      duration_ms: 0.328895
      type: 'test'
      ...
    # Subtest: scopes keys by session id, agent id, and host
    ok 3 - scopes keys by session id, agent id, and host
      ---
      duration_ms: 0.263842
      type: 'test'
      ...
    # Subtest: adds cwd scope for Kiro's reusable default session id
    ok 4 - adds cwd scope for Kiro's reusable default session id
      ---
      duration_ms: 0.339047
      type: 'test'
      ...
    # Subtest: returns null when session id cannot form a stable key
    ok 5 - returns null when session id cannot form a stable key
      ---
      duration_ms: 0.190471
      type: 'test'
      ...
    # Subtest: sanitizes aliases with trim, whitespace collapse, and max length
    ok 6 - sanitizes aliases with trim, whitespace collapse, and max length
      ---
      duration_ms: 2.22597
      type: 'test'
      ...
    # Subtest: normalizes alias maps to valid session alias entries only
    ok 7 - normalizes alias maps to valid session alias entries only
      ---
      duration_ms: 1.724851
      type: 'test'
      ...
    # Subtest: prunes expired inactive aliases while preserving active ones
    ok 8 - prunes expired inactive aliases while preserving active ones
      ---
      duration_ms: 0.847399
      type: 'test'
      ...
    1..8
ok 619 - session alias helpers
  ---
  duration_ms: 9.793576
  type: 'suite'
  ...
# Subtest: session focus handoff
    # Subtest: opens Codex Desktop thread URLs and logs success
    ok 1 - opens Codex Desktop thread URLs and logs success
      ---
      duration_ms: 2.530149
      type: 'test'
      ...
    # Subtest: falls back to terminal focus when Codex Desktop deep link fails
    ok 2 - falls back to terminal focus when Codex Desktop deep link fails
      ---
      duration_ms: 0.741231
      type: 'test'
      ...
    # Subtest: logs when Codex Desktop deep link fallback has no terminal source pid
    ok 3 - logs when Codex Desktop deep link fallback has no terminal source pid
      ---
      duration_ms: 0.543128
      type: 'test'
      ...
    # Subtest: sanitizes focus errors for single-line logs
    ok 4 - sanitizes focus errors for single-line logs
      ---
      duration_ms: 0.229959
      type: 'test'
      ...
    1..4
ok 620 - session focus handoff
  ---
  duration_ms: 5.541832
  type: 'suite'
  ...
# Subtest: session focus helpers
    # Subtest: selects local HUD-visible terminal and Codex Desktop thread sessions
    ok 1 - selects local HUD-visible terminal and Codex Desktop thread sessions
      ---
      duration_ms: 2.731819
      type: 'test'
      ...
    # Subtest: derives Codex Desktop thread focus targets
    ok 2 - derives Codex Desktop thread focus targets
      ---
      duration_ms: 0.555544
      type: 'test'
      ...
    # Subtest: downgrades Codex Desktop thread focus targets on Windows
    ok 3 - downgrades Codex Desktop thread focus targets on Windows
      ---
      duration_ms: 0.496471
      type: 'test'
      ...
    # Subtest: rejects malformed entries defensively
    ok 4 - rejects malformed entries defensively
      ---
      duration_ms: 0.36906
      type: 'test'
      ...
    1..4
ok 621 - session focus helpers
  ---
  duration_ms: 5.753258
  type: 'suite'
  ...
# Subtest: session HUD visual shell
    # Subtest: adds asymmetric body padding so the shadow has more room below than above
    ok 1 - adds asymmetric body padding so the shadow has more room below than above
      ---
      duration_ms: 2.093112
      type: 'test'
      ...
    # Subtest: keeps the rounded card while switching to a bottom-biased shadow
    ok 2 - keeps the rounded card while switching to a bottom-biased shadow
      ---
      duration_ms: 0.703104
      type: 'test'
      ...
    # Subtest: reserves row-level space for the auto-hide pin button
    ok 3 - reserves row-level space for the auto-hide pin button
      ---
      duration_ms: 0.30241
      type: 'test'
      ...
    # Subtest: marks non-focusable HUD sessions without attempting terminal focus
    ok 4 - marks non-focusable HUD sessions without attempting terminal focus
      ---
      duration_ms: 0.534444
      type: 'test'
      ...
    # Subtest: renders state labels without replacing unread completed-session bells
    ok 5 - renders state labels without replacing unread completed-session bells
      ---
      duration_ms: 1.952213
      type: 'test'
      ...
    # Subtest: uses a compact HUD-only title without mutating the full session title
    ok 6 - uses a compact HUD-only title without mutating the full session title
      ---
      duration_ms: 0.322127
      type: 'test'
      ...
    # Subtest: updates elapsed labels without rebuilding animated rows every second
    ok 7 - updates elapsed labels without rebuilding animated rows every second
      ---
      duration_ms: 0.418976
      type: 'test'
      ...
    # Subtest: keeps context usage chips visible before truncating elapsed text
    ok 8 - keeps context usage chips visible before truncating elapsed text
      ---
      duration_ms: 0.861049
      type: 'test'
      ...
    # Subtest: honors reduced motion for HUD animations
    ok 9 - honors reduced motion for HUD animations
      ---
      duration_ms: 0.467832
      type: 'test'
      ...
    1..9
ok 622 - session HUD visual shell
  ---
  duration_ms: 9.821469
  type: 'suite'
  ...
# node:internal/modules/cjs/loader:1386
#   throw err;
#   ^
# Error: Cannot find module 'electron'
# Require stack:
# - /app/src/session-hud.js
# - /app/test/session-hud.test.js
#     at Function._resolveFilename (node:internal/modules/cjs/loader:1383:15)
#     at defaultResolveImpl (node:internal/modules/cjs/loader:1025:19)
#     at resolveForCJSWithHooks (node:internal/modules/cjs/loader:1030:22)
#     at Function._load (node:internal/modules/cjs/loader:1192:37)
#     at TracingChannel.traceSync (node:diagnostics_channel:328:14)
#     at wrapModuleLoad (node:internal/modules/cjs/loader:237:24)
#     at Module.require (node:internal/modules/cjs/loader:1463:12)
#     at require (node:internal/modules/helpers:147:16)
#     at Object.<anonymous> (/app/src/session-hud.js:3:35)
#     at Module._compile (node:internal/modules/cjs/loader:1705:14) {
#   code: 'MODULE_NOT_FOUND',
#   requireStack: [ '/app/src/session-hud.js', '/app/test/session-hud.test.js' ]
# }
# Node.js v22.22.1
# Subtest: /app/test/session-hud.test.js
not ok 167 - /app/test/session-hud.test.js
  ---
  duration_ms: 57.203491
  type: 'test'
  location: '/app/test/session-hud.test.js:1:1'
  failureType: 'testCodeFailure'
  exitCode: 1
  signal: ~
  error: 'test failed'
  code: 'ERR_TEST_FAILURE'
  ...
# Subtest: session IPC registers owned channels and disposes them
ok 624 - session IPC registers owned channels and disposes them
  ---
  duration_ms: 2.807008
  type: 'test'
  ...
# Subtest: session IPC delegates dashboard and HUD behavior
ok 625 - session IPC delegates dashboard and HUD behavior
  ---
  duration_ms: 1.053611
  type: 'test'
  ...
# Subtest: session IPC owns dashboard open bridges
ok 626 - session IPC owns dashboard open bridges
  ---
  duration_ms: 0.307931
  type: 'test'
  ...
# Subtest: session:ack-completion returns {status:ok} when ack lands
ok 627 - session:ack-completion returns {status:ok} when ack lands
  ---
  duration_ms: 0.368153
  type: 'test'
  ...
# Subtest: session:ack-completion returns noop when session missing or unflagged
ok 628 - session:ack-completion returns noop when session missing or unflagged
  ---
  duration_ms: 1.686328
  type: 'test'
  ...
# Subtest: session:ack-completion returns error when ackSessionCompletion throws
ok 629 - session:ack-completion returns error when ackSessionCompletion throws
  ---
  duration_ms: 0.293143
  type: 'test'
  ...
# Subtest: session:ack-completion validates sessionId payload
ok 630 - session:ack-completion validates sessionId payload
  ---
  duration_ms: 0.472417
  type: 'test'
  ...
# Subtest: registerSessionIpc requires ackSessionCompletion dep
ok 631 - registerSessionIpc requires ackSessionCompletion dep
  ---
  duration_ms: 0.925286
  type: 'test'
  ...
# Subtest: dashboard renderer wires the Mark-read button + ackCompletion fallback (source check)
ok 632 - dashboard renderer wires the Mark-read button + ackCompletion fallback (source check)
  ---
  duration_ms: 1.635617
  type: 'test'
  ...
# Subtest: main forwards dashboard open source options into session IPC
ok 633 - main forwards dashboard open source options into session IPC
  ---
  duration_ms: 2.404174
  type: 'test'
  ...
# Subtest: settings agent actions expose the command surface
ok 634 - settings agent actions expose the command surface
  ---
  duration_ms: 2.349323
  type: 'test'
  ...
# Subtest: settings agent integration commands share a serialization lock
ok 635 - settings agent integration commands share a serialization lock
  ---
  duration_ms: 0.395898
  type: 'test'
  ...
# Subtest: settings agent actions enable an agent and preserve sibling flags
ok 636 - settings agent actions enable an agent and preserve sibling flags
  ---
  duration_ms: 1.000895
  type: 'test'
  ...
# Subtest: settings agent actions do not install files when enabling an uninstalled agent
ok 637 - settings agent actions do not install files when enabling an uninstalled agent
  ---
  duration_ms: 0.369089
  type: 'test'
  ...
# Subtest: settings agent actions switch Codex permission mode and dismiss pending bubbles
ok 638 - settings agent actions switch Codex permission mode and dismiss pending bubbles
  ---
  duration_ms: 0.638609
  type: 'test'
  ...
# Subtest: settings agent actions repair Codex with the forced hooks feature option
ok 639 - settings agent actions repair Codex with the forced hooks feature option
  ---
  duration_ms: 0.683305
  type: 'test'
  ...
# Subtest: settings agent actions install an integration and enable ingress
ok 640 - settings agent actions install an integration and enable ingress
  ---
  duration_ms: 0.712934
  type: 'test'
  ...
# Subtest: settings agent actions install reasonix integration and enable ingress
ok 641 - settings agent actions install reasonix integration and enable ingress
  ---
  duration_ms: 0.391499
  type: 'test'
  ...
# Subtest: settings agent actions clear hint dismissals after a manual install
ok 642 - settings agent actions clear hint dismissals after a manual install
  ---
  duration_ms: 0.73977
  type: 'test'
  ...
# Subtest: settings agent actions return skipped without committing installed intent when install skips
ok 643 - settings agent actions return skipped without committing installed intent when install skips
  ---
  duration_ms: 1.368172
  type: 'test'
  ...
# Subtest: settings agent actions uninstall an integration and disable ingress
ok 644 - settings agent actions uninstall an integration and disable ingress
  ---
  duration_ms: 0.755932
  type: 'test'
  ...
# Subtest: settings agent actions can uninstall without suppressing the next install hint
ok 645 - settings agent actions can uninstall without suppressing the next install hint
  ---
  duration_ms: 0.341147
  type: 'test'
  ...
# Subtest: settings agent actions dismiss agent install hints in one commit
ok 646 - settings agent actions dismiss agent install hints in one commit
  ---
  duration_ms: 0.392891
  type: 'test'
  ...
# Subtest: settings agent actions dismiss agent cleanup hints in one commit
ok 647 - settings agent actions dismiss agent cleanup hints in one commit
  ---
  duration_ms: 0.419986
  type: 'test'
  ...
# Subtest: settings agent actions clear agent cleanup hints in one commit
ok 648 - settings agent actions clear agent cleanup hints in one commit
  ---
  duration_ms: 0.278139
  type: 'test'
  ...
# Subtest: settings agent actions clear agent install hints in one commit
ok 649 - settings agent actions clear agent install hints in one commit
  ---
  duration_ms: 0.246041
  type: 'test'
  ...
# Subtest: settings agent actions do not commit uninstall failures
ok 650 - settings agent actions do not commit uninstall failures
  ---
  duration_ms: 0.319078
  type: 'test'
  ...
# Subtest: settings agent actions block repair for uninstalled integrations
ok 651 - settings agent actions block repair for uninstalled integrations
  ---
  duration_ms: 0.227053
  type: 'test'
  ...
# Subtest: settings agent actions report repair payload errors with the repair command name
ok 652 - settings agent actions report repair payload errors with the repair command name
  ---
  duration_ms: 0.184145
  type: 'test'
  ...
# Subtest: settings shortcut actions expose the command surface
ok 653 - settings shortcut actions expose the command surface
  ---
  duration_ms: 3.453578
  type: 'test'
  ...
# Subtest: settings shortcut actions register persistent shortcuts with rollback-safe ordering
ok 654 - settings shortcut actions register persistent shortcuts with rollback-safe ordering
  ---
  duration_ms: 2.675863
  type: 'test'
  ...
# Subtest: settings shortcut actions reject contextual conflicts before touching globalShortcut
ok 655 - settings shortcut actions reject contextual conflicts before touching globalShortcut
  ---
  duration_ms: 0.551964
  type: 'test'
  ...
# Subtest: settings system actions expose the command surface
ok 656 - settings system actions expose the command surface
  ---
  duration_ms: 2.301985
  type: 'test'
  ...
# Subtest: settings system actions keep auto-start inert when hook management is disabled
ok 657 - settings system actions keep auto-start inert when hook management is disabled
  ---
  duration_ms: 0.902523
  type: 'test'
  ...
# Subtest: settings system actions sync hooks before starting the watcher
ok 658 - settings system actions sync hooks before starting the watcher
  ---
  duration_ms: 0.524657
  type: 'test'
  ...
# Subtest: settings system actions restore the watcher when hook uninstall fails
ok 659 - settings system actions restore the watcher when hook uninstall fails
  ---
  duration_ms: 0.858007
  type: 'test'
  ...
# Subtest: settings system actions route Doctor repairs through injected cross-module actions
ok 660 - settings system actions route Doctor repairs through injected cross-module actions
  ---
  duration_ms: 0.776199
  type: 'test'
  ...
# Subtest: settings system actions normalize local server repair failures
ok 661 - settings system actions normalize local server repair failures
  ---
  duration_ms: 0.283685
  type: 'test'
  ...
# Subtest: settings system actions require restart confirmation
ok 662 - settings system actions require restart confirmation
  ---
  duration_ms: 0.360754
  type: 'test'
  ...
# Subtest: settings theme override actions expose the command surface
ok 663 - settings theme override actions expose the command surface
  ---
  duration_ms: 2.092676
  type: 'test'
  ...
# Subtest: settings theme override actions update an active state slot with explicit reload data
ok 664 - settings theme override actions update an active state slot with explicit reload data
  ---
  duration_ms: 1.47763
  type: 'test'
  ...
# Subtest: settings theme override actions clear transition overrides that match the theme default
ok 665 - settings theme override actions clear transition overrides that match the theme default
  ---
  duration_ms: 0.330108
  type: 'test'
  ...
# Subtest: settings theme override actions keep transition overrides that differ from the theme default
ok 666 - settings theme override actions keep transition overrides that differ from the theme default
  ---
  duration_ms: 0.514475
  type: 'test'
  ...
# Subtest: settings theme override actions preserve animation and hitbox data when changing sound overrides
ok 667 - settings theme override actions preserve animation and hitbox data when changing sound overrides
  ---
  duration_ms: 0.464206
  type: 'test'
  ...
# Subtest: settings theme override actions import active theme overrides with the committed map
ok 668 - settings theme override actions import active theme overrides with the committed map
  ---
  duration_ms: 0.963326
  type: 'test'
  ...
# Subtest: settings theme override actions reset an active theme by reloading without overrides
ok 669 - settings theme override actions reset an active theme by reloading without overrides
  ---
  duration_ms: 0.443751
  type: 'test'
  ...
# Subtest: validator helpers
    # Subtest: requireBoolean accepts only booleans
    ok 1 - requireBoolean accepts only booleans
      ---
      duration_ms: 1.115529
      type: 'test'
      ...
    # Subtest: requireFiniteNumber rejects NaN/Infinity
    ok 2 - requireFiniteNumber rejects NaN/Infinity
      ---
      duration_ms: 0.295664
      type: 'test'
      ...
    # Subtest: requireEnum rejects values outside the allowlist
    ok 3 - requireEnum rejects values outside the allowlist
      ---
      duration_ms: 0.373273
      type: 'test'
      ...
    1..3
ok 670 - validator helpers
  ---
  duration_ms: 3.1192
  type: 'suite'
  ...
# Subtest: updateRegistry pure-data validators
    # Subtest: lang validates against the enum
    ok 1 - lang validates against the enum
      ---
      duration_ms: 0.419698
      type: 'test'
      ...
    # Subtest: size accepts S/M/L and P:<num>
    ok 2 - size accepts S/M/L and P:<num>
      ---
      duration_ms: 0.388307
      type: 'test'
      ...
    # Subtest: miniEdge accepts only left/right
    ok 3 - miniEdge accepts only left/right
      ---
      duration_ms: 0.199978
      type: 'test'
      ...
    # Subtest: x/y/preMiniX/preMiniY require finite numbers
    ok 4 - x/y/preMiniX/preMiniY require finite numbers
      ---
      duration_ms: 0.386222
      type: 'test'
      ...
    # Subtest: function-form boolean fields reject non-booleans
    ok 5 - function-form boolean fields reject non-booleans
      ---
      duration_ms: 0.491467
      type: 'test'
      ...
    # Subtest: bubble auto-close seconds require integers in range
    ok 6 - bubble auto-close seconds require integers in range
      ---
      duration_ms: 0.488528
      type: 'test'
      ...
    # Subtest: saved pixel sizes require non-negative finite numbers
    ok 7 - saved pixel sizes require non-negative finite numbers
      ---
      duration_ms: 0.538949
      type: 'test'
      ...
    # Subtest: object-form boolean fields validate via entry.validate
    ok 8 - object-form boolean fields validate via entry.validate
      ---
      duration_ms: 0.241497
      type: 'test'
      ...
    # Subtest: theme validator requires a non-empty string
    ok 9 - theme validator requires a non-empty string
      ---
      duration_ms: 0.193773
      type: 'test'
      ...
    # Subtest: theme effect proxies to deps.activateTheme and maps throws to error
    ok 10 - theme effect proxies to deps.activateTheme and maps throws to error
      ---
      duration_ms: 1.430123
      type: 'test'
      ...
    # Subtest: theme effect errors when activateTheme dep missing
    ok 11 - theme effect errors when activateTheme dep missing
      ---
      duration_ms: 0.177293
      type: 'test'
      ...
    # Subtest: themeVariant requires a plain object (no effect runs)
    ok 12 - themeVariant requires a plain object (no effect runs)
      ---
      duration_ms: 0.273033
      type: 'test'
      ...
    # Subtest: agents/themeOverrides require plain objects
    ok 13 - agents/themeOverrides require plain objects
      ---
      duration_ms: 0.28805
      type: 'test'
      ...
    # Subtest: tgApproval validates the settings object while allowing incomplete saved config
    ok 14 - tgApproval validates the settings object while allowing incomplete saved config
      ---
      duration_ms: 0.751834
      type: 'test'
      ...
    # Subtest: hardwareBuddy accepts only the normalized product settings shape
    ok 15 - hardwareBuddy accepts only the normalized product settings shape
      ---
      duration_ms: 0.396768
      type: 'test'
      ...
    # Subtest: sessionAliases requires a plain object of valid alias entries
    ok 16 - sessionAliases requires a plain object of valid alias entries
      ---
      duration_ms: 0.490519
      type: 'test'
      ...
    # Subtest: shortcuts commit validator accepts only known keys with string/null values
    ok 17 - shortcuts commit validator accepts only known keys with string/null values
      ---
      duration_ms: 0.40976
      type: 'test'
      ...
    1..17
ok 671 - updateRegistry pure-data validators
  ---
  duration_ms: 8.845702
  type: 'suite'
  ...
# Subtest: object-form effects (autoStartWithClaude / manageClaudeHooksAutomatically / openAtLogin)
    # Subtest: autoStartWithClaude effect calls installAutoStart on true
    ok 1 - autoStartWithClaude effect calls installAutoStart on true
      ---
      duration_ms: 0.428617
      type: 'test'
      ...
    # Subtest: autoStartWithClaude effect calls uninstallAutoStart on false
    ok 2 - autoStartWithClaude effect calls uninstallAutoStart on false
      ---
      duration_ms: 0.230861
      type: 'test'
      ...
    # Subtest: autoStartWithClaude effect returns error when deps missing
    ok 3 - autoStartWithClaude effect returns error when deps missing
      ---
      duration_ms: 0.151321
      type: 'test'
      ...
    # Subtest: autoStartWithClaude effect catches install throws
    ok 4 - autoStartWithClaude effect catches install throws
      ---
      duration_ms: 0.243965
      type: 'test'
      ...
    # Subtest: autoStartWithClaude effect noops when Claude hook management is disabled
    ok 5 - autoStartWithClaude effect noops when Claude hook management is disabled
      ---
      duration_ms: 0.694811
      type: 'test'
      ...
    # Subtest: manageClaudeHooksAutomatically effect waits for async sync before starting watcher on true
    ok 6 - manageClaudeHooksAutomatically effect waits for async sync before starting watcher on true
      ---
      duration_ms: 25.923441
      type: 'test'
      ...
    # Subtest: manageClaudeHooksAutomatically effect skips side effects on true when Claude Code is disabled
    ok 7 - manageClaudeHooksAutomatically effect skips side effects on true when Claude Code is disabled
      ---
      duration_ms: 0.521346
      type: 'test'
      ...
    # Subtest: manageClaudeHooksAutomatically effect stops watcher on false
    ok 8 - manageClaudeHooksAutomatically effect stops watcher on false
      ---
      duration_ms: 2.417154
      type: 'test'
      ...
    # Subtest: manageClaudeHooksAutomatically effect returns error when deps missing
    ok 9 - manageClaudeHooksAutomatically effect returns error when deps missing
      ---
      duration_ms: 0.152928
      type: 'test'
      ...
    # Subtest: manageClaudeHooksAutomatically effect returns error and does not start watcher when async sync fails
    ok 10 - manageClaudeHooksAutomatically effect returns error and does not start watcher when async sync fails
      ---
      duration_ms: 4.118317
      type: 'test'
      ...
    # Subtest: openAtLogin effect calls setOpenAtLogin with the value
    ok 11 - openAtLogin effect calls setOpenAtLogin with the value
      ---
      duration_ms: 0.647165
      type: 'test'
      ...
    # Subtest: openAtLogin effect returns error when deps missing
    ok 12 - openAtLogin effect returns error when deps missing
      ---
      duration_ms: 0.189865
      type: 'test'
      ...
    # Subtest: openAtLogin effect catches setter throws
    ok 13 - openAtLogin effect catches setter throws
      ---
      duration_ms: 0.238574
      type: 'test'
      ...
    1..13
ok 672 - object-form effects (autoStartWithClaude / manageClaudeHooksAutomatically / openAtLogin)
  ---
  duration_ms: 36.724932
  type: 'suite'
  ...
# Subtest: telegram approval commands
    # Subtest: telegramApproval.setToken validates token and delegates storage
    ok 1 - telegramApproval.setToken validates token and delegates storage
      ---
      duration_ms: 0.537409
      type: 'test'
      ...
    # Subtest: telegramApproval.status and .test proxy injected runtime helpers
    ok 2 - telegramApproval.status and .test proxy injected runtime helpers
      ---
      duration_ms: 0.560626
      type: 'test'
      ...
    # Subtest: telegramApproval.tokenInfo returns the masked preview without the raw token
    ok 3 - telegramApproval.tokenInfo returns the masked preview without the raw token
      ---
      duration_ms: 0.398906
      type: 'test'
      ...
    # Subtest: telegramApproval.deleteTokenFile proxies the guarded main-process helper
    ok 4 - telegramApproval.deleteTokenFile proxies the guarded main-process helper
      ---
      duration_ms: 0.361063
      type: 'test'
      ...
    # Subtest: telegramMigration.dispatch only accepts renderer-callable user events
    ok 5 - telegramMigration.dispatch only accepts renderer-callable user events
      ---
      duration_ms: 0.38156
      type: 'test'
      ...
    1..5
ok 673 - telegram approval commands
  ---
  duration_ms: 2.471037
  type: 'suite'
  ...
# Subtest: bubble policy commands
    # Subtest: setBubbleCategoryEnabled toggles notification and update defaults
    ok 1 - setBubbleCategoryEnabled toggles notification and update defaults
      ---
      duration_ms: 0.656977
      type: 'test'
      ...
    # Subtest: setBubbleCategoryEnabled toggles permission without auto-close
    ok 2 - setBubbleCategoryEnabled toggles permission without auto-close
      ---
      duration_ms: 0.345302
      type: 'test'
      ...
    # Subtest: setAllBubblesHidden preserves category durations while acting as an aggregate override
    ok 3 - setAllBubblesHidden preserves category durations while acting as an aggregate override
      ---
      duration_ms: 0.427108
      type: 'test'
      ...
    # Subtest: setAllBubblesHidden restores defaults when every category is already off
    ok 4 - setAllBubblesHidden restores defaults when every category is already off
      ---
      duration_ms: 0.218832
      type: 'test'
      ...
    1..4
ok 674 - bubble policy commands
  ---
  duration_ms: 1.855447
  type: 'suite'
  ...
# Subtest: setAutoApproveAll danger gate
    # Subtest: refuses to enable without confirmed:true (dialog is a real boundary)
    ok 1 - refuses to enable without confirmed:true (dialog is a real boundary)
      ---
      duration_ms: 0.227463
      type: 'test'
      ...
    # Subtest: refuses to enable when confirmed is falsy
    ok 2 - refuses to enable when confirmed is falsy
      ---
      duration_ms: 0.243444
      type: 'test'
      ...
    # Subtest: enables only with explicit confirmed:true
    ok 3 - enables only with explicit confirmed:true
      ---
      duration_ms: 0.139108
      type: 'test'
      ...
    # Subtest: disables immediately with no confirmation required
    ok 4 - disables immediately with no confirmation required
      ---
      duration_ms: 0.131277
      type: 'test'
      ...
    # Subtest: rejects a non-boolean enabled
    ok 5 - rejects a non-boolean enabled
      ---
      duration_ms: 0.147235
      type: 'test'
      ...
    1..5
ok 675 - setAutoApproveAll danger gate
  ---
  duration_ms: 1.087228
  type: 'suite'
  ...
# Subtest: session cleanup interval validators
    # Subtest: sessionStaleMs accepts 0 (disabled) regardless of workingStaleMs
    ok 1 - sessionStaleMs accepts 0 (disabled) regardless of workingStaleMs
      ---
      duration_ms: 0.223613
      type: 'test'
      ...
    # Subtest: sessionStaleMs accepts non-zero values >= current workingStaleMs
    ok 2 - sessionStaleMs accepts non-zero values >= current workingStaleMs
      ---
      duration_ms: 0.16382
      type: 'test'
      ...
    # Subtest: sessionStaleMs rejects values below the workingStaleMs floor
    ok 3 - sessionStaleMs rejects values below the workingStaleMs floor
      ---
      duration_ms: 0.193712
      type: 'test'
      ...
    # Subtest: sessionStaleMs rejects non-integers / out-of-range
    ok 4 - sessionStaleMs rejects non-integers / out-of-range
      ---
      duration_ms: 0.130948
      type: 'test'
      ...
    # Subtest: workingStaleMs rejects values above sessionStaleMs when the latter is non-zero
    ok 5 - workingStaleMs rejects values above sessionStaleMs when the latter is non-zero
      ---
      duration_ms: 0.225186
      type: 'test'
      ...
    # Subtest: workingStaleMs accepts any in-range value when sessionStaleMs is 0
    ok 6 - workingStaleMs accepts any in-range value when sessionStaleMs is 0
      ---
      duration_ms: 0.140573
      type: 'test'
      ...
    # Subtest: workingStaleMs accepts equal to sessionStaleMs
    ok 7 - workingStaleMs accepts equal to sessionStaleMs
      ---
      duration_ms: 0.617104
      type: 'test'
      ...
    # Subtest: workingStaleMs rejects below floor / above ceiling
    ok 8 - workingStaleMs rejects below floor / above ceiling
      ---
      duration_ms: 0.277292
      type: 'test'
      ...
    # Subtest: detachedIdleStaleMs enforces 5s-300s integer range
    ok 9 - detachedIdleStaleMs enforces 5s-300s integer range
      ---
      duration_ms: 0.20041
      type: 'test'
      ...
    1..9
ok 676 - session cleanup interval validators
  ---
  duration_ms: 2.462226
  type: 'suite'
  ...
# Subtest: sessionCleanup.setTriple command
    # Subtest: commits a full valid triple
    ok 1 - commits a full valid triple
      ---
      duration_ms: 0.377361
      type: 'test'
      ...
    # Subtest: rejects an inverted triple (workingStaleMs > sessionStaleMs)
    ok 2 - rejects an inverted triple (workingStaleMs > sessionStaleMs)
      ---
      duration_ms: 0.205265
      type: 'test'
      ...
    # Subtest: accepts sessionStaleMs=0 with any in-range workingStaleMs
    ok 3 - accepts sessionStaleMs=0 with any in-range workingStaleMs
      ---
      duration_ms: 0.203879
      type: 'test'
      ...
    # Subtest: defaults absent fields from the snapshot
    ok 4 - defaults absent fields from the snapshot
      ---
      duration_ms: 0.197171
      type: 'test'
      ...
    # Subtest: rejects payload with non-integer present value (no silent snapshot fallback)
    ok 5 - rejects payload with non-integer present value (no silent snapshot fallback)
      ---
      duration_ms: 0.205054
      type: 'test'
      ...
    # Subtest: rejects out-of-range fields without committing
    ok 6 - rejects out-of-range fields without committing
      ---
      duration_ms: 0.163349
      type: 'test'
      ...
    # Subtest: rejects non-object payload
    ok 7 - rejects non-object payload
      ---
      duration_ms: 0.100332
      type: 'test'
      ...
    1..7
ok 677 - sessionCleanup.setTriple command
  ---
  duration_ms: 1.692374
  type: 'suite'
  ...
# Subtest: hook commands
    # Subtest: installHooks triggers a one-shot Claude sync without changing prefs
    ok 1 - installHooks triggers a one-shot Claude sync without changing prefs
      ---
      duration_ms: 21.795808
      type: 'test'
      ...
    # Subtest: uninstallHooks stops watcher, uninstalls hooks, and commits only manageClaudeHooksAutomatically=false
    ok 2 - uninstallHooks stops watcher, uninstalls hooks, and commits only manageClaudeHooksAutomatically=false
      ---
      duration_ms: 2.330822
      type: 'test'
      ...
    # Subtest: uninstallHooks restores watcher on uninstall failure when management was enabled
    ok 3 - uninstallHooks restores watcher on uninstall failure when management was enabled
      ---
      duration_ms: 2.198159
      type: 'test'
      ...
    # Subtest: cleanupIntegrations disables all managed agents before running cleanup
    ok 4 - cleanupIntegrations disables all managed agents before running cleanup
      ---
      duration_ms: 1.395041
      type: 'test'
      ...
    1..4
ok 678 - hook commands
  ---
  duration_ms: 28.029248
  type: 'suite'
  ...
# Subtest: doctor repair commands
    # Subtest: repairs an enabled auto-managed agent through repairIntegrationForAgent without committing prefs
    ok 1 - repairs an enabled auto-managed agent through repairIntegrationForAgent without committing prefs
      ---
      duration_ms: 0.632713
      type: 'test'
      ...
    # Subtest: passes explicit Codex feature-force consent and surfaces repair failures
    ok 2 - passes explicit Codex feature-force consent and surfaces repair failures
      ---
      duration_ms: 0.400823
      type: 'test'
      ...
    # Subtest: accepts Copilot CLI through the standard auto-repair path
    ok 3 - accepts Copilot CLI through the standard auto-repair path
      ---
      duration_ms: 0.407288
      type: 'test'
      ...
    # Subtest: does not repair disabled agents
    ok 4 - does not repair disabled agents
      ---
      duration_ms: 0.368272
      type: 'test'
      ...
    # Subtest: does not repair Claude hooks while automatic management is disabled
    ok 5 - does not repair Claude hooks while automatic management is disabled
      ---
      duration_ms: 0.259285
      type: 'test'
      ...
    # Subtest: routes Doctor permission-bubble repair through a validated commit
    ok 6 - routes Doctor permission-bubble repair through a validated commit
      ---
      duration_ms: 0.238727
      type: 'test'
      ...
    # Subtest: routes Doctor restart-clawd repair through deps.restartClawd
    ok 7 - routes Doctor restart-clawd repair through deps.restartClawd
      ---
      duration_ms: 0.209515
      type: 'test'
      ...
    # Subtest: does not run Doctor restart-clawd repair without confirmation
    ok 8 - does not run Doctor restart-clawd repair without confirmation
      ---
      duration_ms: 0.247794
      type: 'test'
      ...
    # Subtest: returns an error when restart-clawd is dispatched without deps.restartClawd
    ok 9 - returns an error when restart-clawd is dispatched without deps.restartClawd
      ---
      duration_ms: 0.130658
      type: 'test'
      ...
    # Subtest: rejects Doctor theme repair so Doctor does not reset user themes
    ok 10 - rejects Doctor theme repair so Doctor does not reset user themes
      ---
      duration_ms: 0.220282
      type: 'test'
      ...
    1..10
ok 679 - doctor repair commands
  ---
  duration_ms: 3.52343
  type: 'suite'
  ...
# Subtest: setSessionAlias command
    # Subtest: stores a sanitized alias under the normalized session key
    ok 1 - stores a sanitized alias under the normalized session key
      ---
      duration_ms: 0.822404
      type: 'test'
      ...
    # Subtest: stores Kiro default-session aliases under a cwd-scoped key
    ok 2 - stores Kiro default-session aliases under a cwd-scoped key
      ---
      duration_ms: 0.287911
      type: 'test'
      ...
    # Subtest: clears an existing alias when alias is empty
    ok 3 - clears an existing alias when alias is empty
      ---
      duration_ms: 0.415338
      type: 'test'
      ...
    # Subtest: returns noop when the alias value is unchanged
    ok 4 - returns noop when the alias value is unchanged
      ---
      duration_ms: 0.309483
      type: 'test'
      ...
    # Subtest: prunes expired inactive aliases even when the requested alias is unchanged
    ok 5 - prunes expired inactive aliases even when the requested alias is unchanged
      ---
      duration_ms: 0.285651
      type: 'test'
      ...
    # Subtest: rejects missing sessionId or non-string alias
    ok 6 - rejects missing sessionId or non-string alias
      ---
      duration_ms: 0.181559
      type: 'test'
      ...
    1..6
ok 680 - setSessionAlias command
  ---
  duration_ms: 2.576411
  type: 'suite'
  ...
# Subtest: shortcut commands
    # Subtest: registerShortcut commits persistent shortcuts after register-new/unregister-old
    ok 1 - registerShortcut commits persistent shortcuts after register-new/unregister-old
      ---
      duration_ms: 2.048303
      type: 'test'
      ...
    # Subtest: registerShortcut rejects internal conflicts before touching globalShortcut
    ok 2 - registerShortcut rejects internal conflicts before touching globalShortcut
      ---
      duration_ms: 0.246517
      type: 'test'
      ...
    # Subtest: registerShortcut rejects invalid and dangerous accelerators
    ok 3 - registerShortcut rejects invalid and dangerous accelerators
      ---
      duration_ms: 0.632097
      type: 'test'
      ...
    # Subtest: registerShortcut short-circuits idempotent writes
    ok 4 - registerShortcut short-circuits idempotent writes
      ---
      duration_ms: 0.228709
      type: 'test'
      ...
    # Subtest: registerShortcut retries same persistent value when a runtime failure exists
    ok 5 - registerShortcut retries same persistent value when a runtime failure exists
      ---
      duration_ms: 0.266276
      type: 'test'
      ...
    # Subtest: registerShortcut keeps the old persistent binding when the new register fails
    ok 6 - registerShortcut keeps the old persistent binding when the new register fails
      ---
      duration_ms: 0.389645
      type: 'test'
      ...
    # Subtest: registerShortcut rolls back the new persistent binding if old unregister verification fails
    ok 7 - registerShortcut rolls back the new persistent binding if old unregister verification fails
      ---
      duration_ms: 0.294761
      type: 'test'
      ...
    # Subtest: registerShortcut skips globalShortcut work for contextual actions
    ok 8 - registerShortcut skips globalShortcut work for contextual actions
      ---
      duration_ms: 0.209248
      type: 'test'
      ...
    # Subtest: resetShortcut routes through registerShortcut with the default value
    ok 9 - resetShortcut routes through registerShortcut with the default value
      ---
      duration_ms: 0.585602
      type: 'test'
      ...
    # Subtest: resetAllShortcuts commits the full default shortcut map atomically
    ok 10 - resetAllShortcuts commits the full default shortcut map atomically
      ---
      duration_ms: 0.636023
      type: 'test'
      ...
    # Subtest: resetAllShortcuts leaves prefs untouched when the persistent default is unavailable
    ok 11 - resetAllShortcuts leaves prefs untouched when the persistent default is unavailable
      ---
      duration_ms: 0.375653
      type: 'test'
      ...
    1..11
ok 681 - shortcut commands
  ---
  duration_ms: 8.56516
  type: 'suite'
  ...
# Subtest: updateRegistry cross-field validators (showTray/showDock)
    # Subtest: rejects disabling tray when dock is already off
    ok 1 - rejects disabling tray when dock is already off
      ---
      duration_ms: 0.518614
      type: 'test'
      ...
    # Subtest: rejects disabling dock when tray is already off
    ok 2 - rejects disabling dock when tray is already off
      ---
      duration_ms: 0.20186
      type: 'test'
      ...
    # Subtest: allows disabling tray when dock is on
    ok 3 - allows disabling tray when dock is on
      ---
      duration_ms: 0.126865
      type: 'test'
      ...
    # Subtest: allows enabling either at any time
    ok 4 - allows enabling either at any time
      ---
      duration_ms: 0.179186
      type: 'test'
      ...
    1..4
ok 682 - updateRegistry cross-field validators (showTray/showDock)
  ---
  duration_ms: 1.197986
  type: 'suite'
  ...
# Subtest: removeTheme command
    # Subtest: rejects non-string payloads
    ok 1 - rejects non-string payloads
      ---
      duration_ms: 0.406726
      type: 'test'
      ...
    # Subtest: rejects built-in themes
    ok 2 - rejects built-in themes
      ---
      duration_ms: 0.206314
      type: 'test'
      ...
    # Subtest: rejects the active theme
    ok 3 - rejects the active theme
      ---
      duration_ms: 0.131786
      type: 'test'
      ...
    # Subtest: rejects managed Codex Pet themes
    ok 4 - rejects managed Codex Pet themes
      ---
      duration_ms: 0.262658
      type: 'test'
      ...
    # Subtest: rejects unknown themes
    ok 5 - rejects unknown themes
      ---
      duration_ms: 0.115517
      type: 'test'
      ...
    # Subtest: deletes the dir for a valid user theme
    ok 6 - deletes the dir for a valid user theme
      ---
      duration_ms: 0.145839
      type: 'test'
      ...
    # Subtest: strips themeOverrides entry on success when one exists
    ok 7 - strips themeOverrides entry on success when one exists
      ---
      duration_ms: 0.1733
      type: 'test'
      ...
    # Subtest: strips themeVariant entry on success when one exists
    ok 8 - strips themeVariant entry on success when one exists
      ---
      duration_ms: 0.209961
      type: 'test'
      ...
    # Subtest: strips both themeOverrides and themeVariant when both present
    ok 9 - strips both themeOverrides and themeVariant when both present
      ---
      duration_ms: 0.168717
      type: 'test'
      ...
    # Subtest: surfaces removeThemeDir throws as error status
    ok 10 - surfaces removeThemeDir throws as error status
      ---
      duration_ms: 0.242091
      type: 'test'
      ...
    # Subtest: errors when required deps missing
    ok 11 - errors when required deps missing
      ---
      duration_ms: 0.108001
      type: 'test'
      ...
    1..11
ok 683 - removeTheme command
  ---
  duration_ms: 2.551915
  type: 'suite'
  ...
# Subtest: setThemeSelection command
    # Subtest: rejects missing themeId
    ok 1 - rejects missing themeId
      ---
      duration_ms: 0.407287
      type: 'test'
      ...
    # Subtest: rejects non-string variantId when provided
    ok 2 - rejects non-string variantId when provided
      ---
      duration_ms: 0.114258
      type: 'test'
      ...
    # Subtest: accepts string payload as themeId shorthand
    ok 3 - accepts string payload as themeId shorthand
      ---
      duration_ms: 0.157568
      type: 'test'
      ...
    # Subtest: uses snapshot.themeVariant when variantId not provided
    ok 4 - uses snapshot.themeVariant when variantId not provided
      ---
      duration_ms: 0.120719
      type: 'test'
      ...
    # Subtest: passes the target theme override map into activateTheme
    ok 5 - passes the target theme override map into activateTheme
      ---
      duration_ms: 0.136013
      type: 'test'
      ...
    # Subtest: explicit variantId overrides snapshot map
    ok 6 - explicit variantId overrides snapshot map
      ---
      duration_ms: 0.105464
      type: 'test'
      ...
    # Subtest: commits theme + themeVariant atomically
    ok 7 - commits theme + themeVariant atomically
      ---
      duration_ms: 0.169627
      type: 'test'
      ...
    # Subtest: preserves other themes' variantIds when committing
    ok 8 - preserves other themes' variantIds when committing
      ---
      duration_ms: 0.14442
      type: 'test'
      ...
    # Subtest: self-heals by committing the RESOLVED variantId on dead-variant fallback
    ok 9 - self-heals by committing the RESOLVED variantId on dead-variant fallback
      ---
      duration_ms: 0.112069
      type: 'test'
      ...
    # Subtest: surfaces activateTheme throws as error status (no commit)
    ok 10 - surfaces activateTheme throws as error status (no commit)
      ---
      duration_ms: 0.270074
      type: 'test'
      ...
    # Subtest: errors when activateTheme dep is missing
    ok 11 - errors when activateTheme dep is missing
      ---
      duration_ms: 0.11232
      type: 'test'
      ...
    1..11
ok 684 - setThemeSelection command
  ---
  duration_ms: 2.164433
  type: 'suite'
  ...
# Subtest: setAnimationOverride reaction slot
    # Subtest: rejects unknown reactionKey
    ok 1 - rejects unknown reactionKey
      ---
      duration_ms: 0.981868
      type: 'test'
      ...
    # Subtest: accepts valid reactionKey and writes reactions.<key>.file
    ok 2 - accepts valid reactionKey and writes reactions.<key>.file
      ---
      duration_ms: 0.327459
      type: 'test'
      ...
    # Subtest: rejects durationMs for drag reaction (drag plays until pointer-up)
    ok 3 - rejects durationMs for drag reaction (drag plays until pointer-up)
      ---
      duration_ms: 0.123915
      type: 'test'
      ...
    # Subtest: accepts durationMs for clickLeft reaction
    ok 4 - accepts durationMs for clickLeft reaction
      ---
      duration_ms: 0.125656
      type: 'test'
      ...
    # Subtest: rejects autoReturnMs for reaction slots
    ok 5 - rejects autoReturnMs for reaction slots
      ---
      duration_ms: 0.118314
      type: 'test'
      ...
    # Subtest: clears reaction override when file is set to null with no other fields
    ok 6 - clears reaction override when file is set to null with no other fields
      ---
      duration_ms: 0.174997
      type: 'test'
      ...
    # Subtest: preserves existing hitbox overrides when editing a reaction slot
    ok 7 - preserves existing hitbox overrides when editing a reaction slot
      ---
      duration_ms: 0.334407
      type: 'test'
      ...
    1..7
ok 685 - setAnimationOverride reaction slot
  ---
  duration_ms: 2.414439
  type: 'suite'
  ...
# Subtest: setSoundOverride command
    # Subtest: rejects missing themeId / soundName
    ok 1 - rejects missing themeId / soundName
      ---
      duration_ms: 0.360603
      type: 'test'
      ...
    # Subtest: rejects file when it is not null and not a non-empty string
    ok 2 - rejects file when it is not null and not a non-empty string
      ---
      duration_ms: 0.108614
      type: 'test'
      ...
    # Subtest: writes { sounds: { complete: { file } } } on first override
    ok 3 - writes { sounds: { complete: { file } } } on first override
      ---
      duration_ms: 0.239305
      type: 'test'
      ...
    # Subtest: preserves originalName in the committed entry when provided
    ok 4 - preserves originalName in the committed entry when provided
      ---
      duration_ms: 0.142109
      type: 'test'
      ...
    # Subtest: null file clears the entry and removes the theme row when nothing else is overridden
    ok 5 - null file clears the entry and removes the theme row when nothing else is overridden
      ---
      duration_ms: 0.171127
      type: 'test'
      ...
    # Subtest: preserves unrelated soundName entries when editing one
    ok 6 - preserves unrelated soundName entries when editing one
      ---
      duration_ms: 0.183372
      type: 'test'
      ...
    # Subtest: preserves existing animation overrides when editing a sound slot
    ok 7 - preserves existing animation overrides when editing a sound slot
      ---
      duration_ms: 0.225838
      type: 'test'
      ...
    # Subtest: same value is a noop (no commit)
    ok 8 - same value is a noop (no commit)
      ---
      duration_ms: 0.186525
      type: 'test'
      ...
    # Subtest: when active theme changes, calls activateTheme with the new override map
    ok 9 - when active theme changes, calls activateTheme with the new override map
      ---
      duration_ms: 0.271914
      type: 'test'
      ...
    # Subtest: active theme edit without activateTheme dep returns error
    ok 10 - active theme edit without activateTheme dep returns error
      ---
      duration_ms: 0.137513
      type: 'test'
      ...
    # Subtest: non-active theme skips activateTheme but still commits
    ok 11 - non-active theme skips activateTheme but still commits
      ---
      duration_ms: 0.269273
      type: 'test'
      ...
    1..11
ok 686 - setSoundOverride command
  ---
  duration_ms: 2.759243
  type: 'suite'
  ...
# Subtest: setWideHitboxOverride command
    # Subtest: rejects missing file / themeId
    ok 1 - rejects missing file / themeId
      ---
      duration_ms: 0.330525
      type: 'test'
      ...
    # Subtest: rejects non-boolean / non-null enabled
    ok 2 - rejects non-boolean / non-null enabled
      ---
      duration_ms: 0.107984
      type: 'test'
      ...
    # Subtest: writes hitbox.wide[file] = true when enabled
    ok 3 - writes hitbox.wide[file] = true when enabled
      ---
      duration_ms: 0.154696
      type: 'test'
      ...
    # Subtest: clears the entry when enabled=null (fall back to theme default)
    ok 4 - clears the entry when enabled=null (fall back to theme default)
      ---
      duration_ms: 0.135935
      type: 'test'
      ...
    # Subtest: noop when setting same value
    ok 5 - noop when setting same value
      ---
      duration_ms: 0.125692
      type: 'test'
      ...
    # Subtest: triggers activateTheme with next override map when active theme changes
    ok 6 - triggers activateTheme with next override map when active theme changes
      ---
      duration_ms: 0.162837
      type: 'test'
      ...
    # Subtest: prefers refreshActiveThemeHitboxOverrides over activateTheme for active theme changes
    ok 7 - prefers refreshActiveThemeHitboxOverrides over activateTheme for active theme changes
      ---
      duration_ms: 0.165953
      type: 'test'
      ...
    1..7
ok 687 - setWideHitboxOverride command
  ---
  duration_ms: 1.444049
  type: 'suite'
  ...
# Subtest: theme override subtree preservation
    # Subtest: setThemeOverrideDisabled keeps existing reactions and hitbox overrides
    ok 1 - setThemeOverrideDisabled keeps existing reactions and hitbox overrides
      ---
      duration_ms: 0.404714
      type: 'test'
      ...
    1..1
ok 688 - theme override subtree preservation
  ---
  duration_ms: 0.47855
  type: 'suite'
  ...
# Subtest: importAnimationOverrides command
    # Subtest: rejects non-object payloads
    ok 1 - rejects non-object payloads
      ---
      duration_ms: 0.301377
      type: 'test'
      ...
    # Subtest: rejects payloads missing themes map
    ok 2 - rejects payloads missing themes map
      ---
      duration_ms: 0.100685
      type: 'test'
      ...
    # Subtest: rejects payloads whose version is newer than supported
    ok 3 - rejects payloads whose version is newer than supported
      ---
      duration_ms: 0.106844
      type: 'test'
      ...
    # Subtest: rejects when normalized payload has no valid entries
    ok 4 - rejects when normalized payload has no valid entries
      ---
      duration_ms: 0.688224
      type: 'test'
      ...
    # Subtest: merges by theme id into existing overrides by default
    ok 5 - merges by theme id into existing overrides by default
      ---
      duration_ms: 0.217318
      type: 'test'
      ...
    # Subtest: replaces the entire map when mode=replace
    ok 6 - replaces the entire map when mode=replace
      ---
      duration_ms: 0.177143
      type: 'test'
      ...
    # Subtest: calls activateTheme with the new override map for the active theme
    ok 7 - calls activateTheme with the new override map for the active theme
      ---
      duration_ms: 0.357385
      type: 'test'
      ...
    # Subtest: skips activateTheme when active theme overrides are unchanged
    ok 8 - skips activateTheme when active theme overrides are unchanged
      ---
      duration_ms: 0.172367
      type: 'test'
      ...
    # Subtest: errors when activateTheme dep is missing and active theme needs reload
    ok 9 - errors when activateTheme dep is missing and active theme needs reload
      ---
      duration_ms: 0.146672
      type: 'test'
      ...
    # Subtest: does not require activateTheme when import only touches non-active themes
    ok 10 - does not require activateTheme when import only touches non-active themes
      ---
      duration_ms: 0.130283
      type: 'test'
      ...
    1..10
ok 689 - importAnimationOverrides command
  ---
  duration_ms: 2.738172
  type: 'suite'
  ...
# Subtest: textScaleByDisplay validator
    # Subtest: has a registry entry so command commits pass controller validation
    ok 1 - has a registry entry so command commits pass controller validation
      ---
      duration_ms: 0.152284
      type: 'test'
      ...
    # Subtest: accepts a valid display map and rejects junk entries
    ok 2 - accepts a valid display map and rejects junk entries
      ---
      duration_ms: 0.243559
      type: 'test'
      ...
    1..2
ok 690 - textScaleByDisplay validator
  ---
  duration_ms: 0.483394
  type: 'suite'
  ...
# Subtest: setTextScaleForDisplay command
    # Subtest: writes the entry for the resolved display and keeps other displays
    ok 1 - writes the entry for the resolved display and keeps other displays
      ---
      duration_ms: 0.348964
      type: 'test'
      ...
    # Subtest: overwrites an existing entry for the same display
    ok 2 - overwrites an existing entry for the same display
      ---
      duration_ms: 0.261584
      type: 'test'
      ...
    # Subtest: falls back to the legacy global without display context
    ok 3 - falls back to the legacy global without display context
      ---
      duration_ms: 0.14826
      type: 'test'
      ...
    # Subtest: never evicts the entry being written when the map is at capacity
    ok 4 - never evicts the entry being written when the map is at capacity
      ---
      duration_ms: 0.245773
      type: 'test'
      ...
    # Subtest: rejects out-of-range and non-numeric values
    ok 5 - rejects out-of-range and non-numeric values
      ---
      duration_ms: 0.145852
      type: 'test'
      ...
    1..5
ok 691 - setTextScaleForDisplay command
  ---
  duration_ms: 1.392266
  type: 'suite'
  ...
# Subtest: version validator
    # Subtest: accepts the current version
    ok 1 - accepts the current version
      ---
      duration_ms: 0.350932
      type: 'test'
      ...
    # Subtest: rejects future versions
    ok 2 - rejects future versions
      ---
      duration_ms: 0.153026
      type: 'test'
      ...
    # Subtest: rejects non-positive numbers
    ok 3 - rejects non-positive numbers
      ---
      duration_ms: 0.263513
      type: 'test'
      ...
    1..3
ok 692 - version validator
  ---
  duration_ms: 0.893935
  type: 'suite'
  ...
# Subtest: settings agent order
    # Subtest: maps agent event sources to badge labels
    ok 1 - maps agent event sources to badge labels
      ---
      duration_ms: 1.194431
      type: 'test'
      ...
    # Subtest: treats agents with detail rows as collapsible
    ok 2 - treats agents with detail rows as collapsible
      ---
      duration_ms: 0.400526
      type: 'test'
      ...
    # Subtest: sorts known agents by collapsible group and fixed priority
    ok 3 - sorts known agents by collapsible group and fixed priority
      ---
      duration_ms: 1.400875
      type: 'test'
      ...
    # Subtest: places Qoder in the collapsible group right after codebuddy
    ok 4 - places Qoder in the collapsible group right after codebuddy
      ---
      duration_ms: 0.3711
      type: 'test'
      ...
    # Subtest: keeps unknown agents in their group but appends them after known priorities by name
    ok 5 - keeps unknown agents in their group but appends them after known priorities by name
      ---
      duration_ms: 13.76572
      type: 'test'
      ...
    # Subtest: does not mutate the original agent array
    ok 6 - does not mutate the original agent array
      ---
      duration_ms: 0.346489
      type: 'test'
      ...
    1..6
ok 693 - settings agent order
  ---
  duration_ms: 20.651756
  type: 'suite'
  ...
# node:internal/modules/cjs/loader:1386
#   throw err;
#   ^
# Error: Cannot find module 'htmlparser2'
# Require stack:
# - /app/src/animation-cycle.js
# - /app/src/settings-animation-overrides-main.js
# - /app/test/settings-animation-overrides-main.test.js
#     at Function._resolveFilename (node:internal/modules/cjs/loader:1383:15)
#     at defaultResolveImpl (node:internal/modules/cjs/loader:1025:19)
#     at resolveForCJSWithHooks (node:internal/modules/cjs/loader:1030:22)
#     at Function._load (node:internal/modules/cjs/loader:1192:37)
#     at TracingChannel.traceSync (node:diagnostics_channel:328:14)
#     at wrapModuleLoad (node:internal/modules/cjs/loader:237:24)
#     at Module.require (node:internal/modules/cjs/loader:1463:12)
#     at require (node:internal/modules/helpers:147:16)
#     at Object.<anonymous> (/app/src/animation-cycle.js:5:27)
#     at Module._compile (node:internal/modules/cjs/loader:1705:14) {
#   code: 'MODULE_NOT_FOUND',
#   requireStack: [
#     '/app/src/animation-cycle.js',
#     '/app/src/settings-animation-overrides-main.js',
#     '/app/test/settings-animation-overrides-main.test.js'
#   ]
# }
# Node.js v22.22.1
# Subtest: /app/test/settings-animation-overrides-main.test.js
not ok 175 - /app/test/settings-animation-overrides-main.test.js
  ---
  duration_ms: 60.093569
  type: 'test'
  location: '/app/test/settings-animation-overrides-main.test.js:1:1'
  failureType: 'testCodeFailure'
  exitCode: 1
  signal: ~
  error: 'test failed'
  code: 'ERR_TEST_FAILURE'
  ...
# Subtest: createSettingsController construction
    # Subtest: requires prefsPath or loadResult
    ok 1 - requires prefsPath or loadResult
      ---
      duration_ms: 1.789167
      type: 'test'
      ...
    # Subtest: loads defaults from missing file
    ok 2 - loads defaults from missing file
      ---
      duration_ms: 2.017374
      type: 'test'
      ...
    # Subtest: respects locked state from future-version files
    ok 3 - respects locked state from future-version files
      ---
      duration_ms: 1.269414
      type: 'test'
      ...
    1..3
ok 695 - createSettingsController construction
  ---
  duration_ms: 6.437692
  type: 'suite'
  ...
# Subtest: setTextScaleForDisplay end-to-end commit
    # Subtest: commits the per-display map through the controller and persists it
    ok 1 - commits the per-display map through the controller and persists it
      ---
      duration_ms: 7.811664
      type: 'test'
      ...
    # Subtest: falls back to the legacy global key without display context
    ok 2 - falls back to the legacy global key without display context
      ---
      duration_ms: 2.054691
      type: 'test'
      ...
    1..2
ok 696 - setTextScaleForDisplay end-to-end commit
  ---
  duration_ms: 10.25154
  type: 'suite'
  ...
# Subtest: applyUpdate sync invariant
    # Subtest: sync action: returns a plain object, NOT a Promise, and the next sync read sees the new value
    ok 1 - sync action: returns a plain object, NOT a Promise, and the next sync read sees the new value
      ---
      duration_ms: 2.329421
      type: 'test'
      ...
    # Subtest: async action: returns a Promise resolving to the same shape
    ok 2 - async action: returns a Promise resolving to the same shape
      ---
      duration_ms: 16.024616
      type: 'test'
      ...
    # Subtest: serializes concurrent async updates on the same key (no race)
    ok 3 - serializes concurrent async updates on the same key (no race)
      ---
      duration_ms: 28.973757
      type: 'test'
      ...
    # Subtest: manageClaudeHooksAutomatically uses the async effect path without changing controller semantics
    ok 4 - manageClaudeHooksAutomatically uses the async effect path without changing controller semantics
      ---
      duration_ms: 2.881856
      type: 'test'
      ...
    # Subtest: serializes Claude hook update and command work on one shared lock
    ok 5 - serializes Claude hook update and command work on one shared lock
      ---
      duration_ms: 15.058322
      type: 'test'
      ...
    1..5
ok 697 - applyUpdate sync invariant
  ---
  duration_ms: 66.279595
  type: 'suite'
  ...
# Subtest: applyUpdate
    # Subtest: commits valid pure-data updates and persists to disk
    ok 1 - commits valid pure-data updates and persists to disk
      ---
      duration_ms: 1.795384
      type: 'test'
      ...
    # Subtest: rejects invalid values without touching the store
    ok 2 - rejects invalid values without touching the store
      ---
      duration_ms: 0.749534
      type: 'test'
      ...
    # Subtest: returns noop:true when value is unchanged (no broadcast, no fsync)
    ok 3 - returns noop:true when value is unchanged (no broadcast, no fsync)
      ---
      duration_ms: 1.495051
      type: 'test'
      ...
    # Subtest: rejects unknown keys
    ok 4 - rejects unknown keys
      ---
      duration_ms: 0.765848
      type: 'test'
      ...
    # Subtest: persists tutorialSeen through the normal update path
    ok 5 - persists tutorialSeen through the normal update path
      ---
      duration_ms: 1.859606
      type: 'test'
      ...
    # Subtest: enforces cross-field constraints (showTray/showDock)
    ok 6 - enforces cross-field constraints (showTray/showDock)
      ---
      duration_ms: 1.272914
      type: 'test'
      ...
    # Subtest: propagates async action errors as { status: error }
    ok 7 - propagates async action errors as { status: error }
      ---
      duration_ms: 0.812525
      type: 'test'
      ...
    # Subtest: does not commit autoStartWithClaude when management-disabled effect returns noop
    ok 8 - does not commit autoStartWithClaude when management-disabled effect returns noop
      ---
      duration_ms: 0.668704
      type: 'test'
      ...
    1..8
ok 698 - applyUpdate
  ---
  duration_ms: 9.888345
  type: 'suite'
  ...
# Subtest: applyBulk
    # Subtest: commits multiple fields atomically and broadcasts once
    ok 1 - commits multiple fields atomically and broadcasts once
      ---
      duration_ms: 1.935726
      type: 'test'
      ...
    # Subtest: rejects the entire bulk if any field fails validation
    ok 2 - rejects the entire bulk if any field fails validation
      ---
      duration_ms: 0.601284
      type: 'test'
      ...
    # Subtest: returns noop:true when nothing changed
    ok 3 - returns noop:true when nothing changed
      ---
      duration_ms: 0.512674
      type: 'test'
      ...
    # Subtest: rejects bulk that would violate cross-field constraints (showTray + showDock)
    ok 4 - rejects bulk that would violate cross-field constraints (showTray + showDock)
      ---
      duration_ms: 1.793702
      type: 'test'
      ...
    # Subtest: allows bulk with only one of showTray/showDock set to false
    ok 5 - allows bulk with only one of showTray/showDock set to false
      ---
      duration_ms: 1.065804
      type: 'test'
      ...
    # Subtest: rejects effect-bearing keys to protect the no-rollback commit path
    ok 6 - rejects effect-bearing keys to protect the no-rollback commit path
      ---
      duration_ms: 0.751458
      type: 'test'
      ...
    1..6
ok 699 - applyBulk
  ---
  duration_ms: 6.983755
  type: 'suite'
  ...
# Subtest: applyCommand
    # Subtest: rejects unknown commands
    ok 1 - rejects unknown commands
      ---
      duration_ms: 0.7762
      type: 'test'
      ...
    # Subtest: commits side-effect commands that return a `commit` field
    ok 2 - commits side-effect commands that return a `commit` field
      ---
      duration_ms: 1.151928
      type: 'test'
      ...
    # Subtest: propagates command errors
    ok 3 - propagates command errors
      ---
      duration_ms: 0.608798
      type: 'test'
      ...
    # Subtest: defensive-validates commit payloads against the updateRegistry
    ok 4 - defensive-validates commit payloads against the updateRegistry
      ---
      duration_ms: 0.605012
      type: 'test'
      ...
    # Subtest: rejects commit keys unknown to the updateRegistry
    ok 5 - rejects commit keys unknown to the updateRegistry
      ---
      duration_ms: 0.88255
      type: 'test'
      ...
    # Subtest: serializes same-name commands so later calls see earlier effects
    ok 6 - serializes same-name commands so later calls see earlier effects
      ---
      duration_ms: 22.527327
      type: 'test'
      ...
    # Subtest: serializes commands sharing a domain lockKey (cross-command race fix)
    ok 7 - serializes commands sharing a domain lockKey (cross-command race fix)
      ---
      duration_ms: 22.189134
      type: 'test'
      ...
    # Subtest: commands without shared lockKey can interleave (control: distinct lockKeys are independent)
    ok 8 - commands without shared lockKey can interleave (control: distinct lockKeys are independent)
      ---
      duration_ms: 21.330905
      type: 'test'
      ...
    # Subtest: applies uninstallHooks commit without clearing latent autoStartWithClaude preference
    ok 9 - applies uninstallHooks commit without clearing latent autoStartWithClaude preference
      ---
      duration_ms: 1.389379
      type: 'test'
      ...
    # Subtest: applies setSessionAlias through the default command registry and persists it
    ok 10 - applies setSessionAlias through the default command registry and persists it
      ---
      duration_ms: 2.652357
      type: 'test'
      ...
    1..10
ok 700 - applyCommand
  ---
  duration_ms: 74.799905
  type: 'suite'
  ...
# Subtest: subscribe / subscribeKey
    # Subtest: subscribeKey only fires for matching key changes
    ok 1 - subscribeKey only fires for matching key changes
      ---
      duration_ms: 2.486619
      type: 'test'
      ...
    # Subtest: multiple subscribers all fire on the same change
    ok 2 - multiple subscribers all fire on the same change
      ---
      duration_ms: 1.37971
      type: 'test'
      ...
    # Subtest: does not death-loop when a subscriber re-reads the snapshot
    ok 3 - does not death-loop when a subscriber re-reads the snapshot
      ---
      duration_ms: 1.803482
      type: 'test'
      ...
    1..3
ok 701 - subscribe / subscribeKey
  ---
  duration_ms: 5.888668
  type: 'suite'
  ...
# Subtest: object-form entries (validate + effect pre-commit gate)
    # Subtest: runs validate then effect; commits only after both succeed
    ok 1 - runs validate then effect; commits only after both succeed
      ---
      duration_ms: 1.213207
      type: 'test'
      ...
    # Subtest: does not run effect when validate fails
    ok 2 - does not run effect when validate fails
      ---
      duration_ms: 0.64369
      type: 'test'
      ...
    # Subtest: does not commit when effect fails (store stays clean)
    ok 3 - does not commit when effect fails (store stays clean)
      ---
      duration_ms: 0.674284
      type: 'test'
      ...
    # Subtest: propagates effect throws as { status: error }
    ok 4 - propagates effect throws as { status: error }
      ---
      duration_ms: 0.554529
      type: 'test'
      ...
    # Subtest: supports async effect
    ok 5 - supports async effect
      ---
      duration_ms: 8.777347
      type: 'test'
      ...
    # Subtest: noop short-circuits before validate or effect
    ok 6 - noop short-circuits before validate or effect
      ---
      duration_ms: 0.70475
      type: 'test'
      ...
    1..6
ok 702 - object-form entries (validate + effect pre-commit gate)
  ---
  duration_ms: 12.9342
  type: 'suite'
  ...
# Subtest: hydrate (system → prefs import, no effect)
    # Subtest: runs validate but skips effect, then commits
    ok 1 - runs validate but skips effect, then commits
      ---
      duration_ms: 1.529038
      type: 'test'
      ...
    # Subtest: rejects partial that fails validate without committing anything
    ok 2 - rejects partial that fails validate without committing anything
      ---
      duration_ms: 0.637455
      type: 'test'
      ...
    # Subtest: rejects non-object input
    ok 3 - rejects non-object input
      ---
      duration_ms: 0.422673
      type: 'test'
      ...
    # Subtest: commits multiple keys atomically with a single broadcast
    ok 4 - commits multiple keys atomically with a single broadcast
      ---
      duration_ms: 1.075571
      type: 'test'
      ...
    # Subtest: noop when value already matches
    ok 5 - noop when value already matches
      ---
      duration_ms: 0.442897
      type: 'test'
      ...
    1..5
ok 703 - hydrate (system → prefs import, no effect)
  ---
  duration_ms: 4.350752
  type: 'suite'
  ...
# Subtest: locked controller (future-version files)
    # Subtest: applyUpdate still validates and updates store but does not persist
    ok 1 - applyUpdate still validates and updates store but does not persist
      ---
      duration_ms: 0.895988
      type: 'test'
      ...
    1..1
ok 704 - locked controller (future-version files)
  ---
  duration_ms: 1.007464
  type: 'suite'
  ...
# Subtest: sessionCleanup.setTriple via applyCommand
    # Subtest: commits an atomic triple that drops both stale intervals together
    ok 1 - commits an atomic triple that drops both stale intervals together
      ---
      duration_ms: 1.597735
      type: 'test'
      ...
    # Subtest: rejects an inverted triple without partial commit
    ok 2 - rejects an inverted triple without partial commit
      ---
      duration_ms: 0.527048
      type: 'test'
      ...
    1..2
ok 705 - sessionCleanup.setTriple via applyCommand
  ---
  duration_ms: 2.240942
  type: 'suite'
  ...
# Subtest: settings effect router notification auto-close sync
    # Subtest: clears 0-second notify bubbles and refreshes visible notify timers for positive values
    ok 1 - clears 0-second notify bubbles and refreshes visible notify timers for positive values
      ---
      duration_ms: 2.838438
      type: 'test'
      ...
    # Subtest: hides 0-second update bubbles and refreshes visible update-bubble timers for positive values
    ok 2 - hides 0-second update bubbles and refreshes visible update-bubble timers for positive values
      ---
      duration_ms: 0.489593
      type: 'test'
      ...
    1..2
ok 706 - settings effect router notification auto-close sync
  ---
  duration_ms: 4.86428
  type: 'suite'
  ...
# Subtest: settings-effect-router
    # Subtest: updates mirrors before tray and dock side effects
    ok 1 - updates mirrors before tray and dock side effects
      ---
      duration_ms: 2.929742
      type: 'test'
      ...
    # Subtest: routes bubble policy changes to permission and update bubble effects
    ok 2 - routes bubble policy changes to permission and update bubble effects
      ---
      duration_ms: 2.365717
      type: 'test'
      ...
    # Subtest: routes textScale and textScaleByDisplay changes to applyTextScale without a menu rebuild
    ok 3 - routes textScale and textScaleByDisplay changes to applyTextScale without a menu rebuild
      ---
      duration_ms: 0.471085
      type: 'test'
      ...
    # Subtest: reconciles the power save blocker when keepAwakeWhileWorking changes
    ok 4 - reconciles the power save blocker when keepAwakeWhileWorking changes
      ---
      duration_ms: 0.538381
      type: 'test'
      ...
    # Subtest: routes language, session alias, and session HUD effects
    ok 5 - routes language, session alias, and session HUD effects
      ---
      duration_ms: 0.908529
      type: 'test'
      ...
    # Subtest: orders combined HUD changes as handlePinnedChanged before generic sync
    ok 6 - orders combined HUD changes as handlePinnedChanged before generic sync
      ---
      duration_ms: 0.293793
      type: 'test'
      ...
    # Subtest: delegates edge pinning changes to one injected reclamp helper
    ok 7 - delegates edge pinning changes to one injected reclamp helper
      ---
      duration_ms: 0.269759
      type: 'test'
      ...
    # Subtest: exits current mini mode when mini mode is disabled
    ok 8 - exits current mini mode when mini mode is disabled
      ---
      duration_ms: 0.471271
      type: 'test'
      ...
    # Subtest: does not enter mini mode when mini mode is re-enabled
    ok 9 - does not enter mini mode when mini mode is re-enabled
      ---
      duration_ms: 0.528598
      type: 'test'
      ...
    # Subtest: rebuilds menus only once for menu-affecting keys
    ok 10 - rebuilds menus only once for menu-affecting keys
      ---
      duration_ms: 0.73178
      type: 'test'
      ...
    # Subtest: broadcasts settings changes only to live renderer windows
    ok 11 - broadcasts settings changes only to live renderer windows
      ---
      duration_ms: 0.554423
      type: 'test'
      ...
    # Subtest: rebuilds shortcut menus only when the toggle-pet shortcut changes
    ok 12 - rebuilds shortcut menus only when the toggle-pet shortcut changes
      ---
      duration_ms: 0.413921
      type: 'test'
      ...
    # Subtest: logs side-effect failures and keeps later routes running
    ok 13 - logs side-effect failures and keeps later routes running
      ---
      duration_ms: 0.395147
      type: 'test'
      ...
    # Subtest: triggers a cleanup sweep + forced snapshot when any stale-cleanup config key changes
    ok 14 - triggers a cleanup sweep + forced snapshot when any stale-cleanup config key changes
      ---
      duration_ms: 0.35446
      type: 'test'
      ...
    # Subtest: dispose unsubscribes both settings routes
    ok 15 - dispose unsubscribes both settings routes
      ---
      duration_ms: 0.224382
      type: 'test'
      ...
    1..15
ok 707 - settings-effect-router
  ---
  duration_ms: 14.185558
  type: 'suite'
  ...
# Subtest: settings-icons
    # Subtest: exposes a getIcon helper on globalThis
    ok 1 - exposes a getIcon helper on globalThis
      ---
      duration_ms: 3.333909
      type: 'test'
      ...
    # Subtest: returns a currentColor inline SVG for every sidebar tab
    ok 2 - returns a currentColor inline SVG for every sidebar tab
      ---
      duration_ms: 1.392759
      type: 'test'
      ...
    # Subtest: does not fall back to placeholder for known tabs
    ok 3 - does not fall back to placeholder for known tabs
      ---
      duration_ms: 2.741757
      type: 'test'
      ...
    # Subtest: falls back to placeholder for unknown ids
    ok 4 - falls back to placeholder for unknown ids
      ---
      duration_ms: 1.536539
      type: 'test'
      ...
    # Subtest: covers every tab id used by the settings renderer
    ok 5 - covers every tab id used by the settings renderer
      ---
      duration_ms: 1.480105
      type: 'test'
      ...
    1..5
ok 708 - settings-icons
  ---
  duration_ms: 12.357341
  type: 'suite'
  ...
# Subtest: settings IPC registers owned channels and leaves animation override channels to their module
ok 709 - settings IPC registers owned channels and leaves animation override channels to their module
  ---
  duration_ms: 3.229985
  type: 'test'
  ...
# Subtest: settings IPC opens the tutorial from Settings
ok 710 - settings IPC opens the tutorial from Settings
  ---
  duration_ms: 1.450262
  type: 'test'
  ...
# Subtest: mobile connection info reports starting until the LAN bridge has a port
ok 711 - mobile connection info reports starting until the LAN bridge has a port
  ---
  duration_ms: 0.595325
  type: 'test'
  ...
# Subtest: mobile connection info returns a ready pair URL only when port and token are available
ok 712 - mobile connection info returns a ready pair URL only when port and token are available
  ---
  duration_ms: 1.057803
  type: 'test'
  ...
# Subtest: settings IPC delegates controller and size preview handlers
ok 713 - settings IPC delegates controller and size preview handlers
  ---
  duration_ms: 1.448408
  type: 'test'
  ...
# Subtest: settings IPC delegates Hardware Buddy test approval helper
ok 714 - settings IPC delegates Hardware Buddy test approval helper
  ---
  duration_ms: 0.398417
  type: 'test'
  ...
# Subtest: settings IPC delegates Quick Command helpers
ok 715 - settings IPC delegates Quick Command helpers
  ---
  duration_ms: 0.51505
  type: 'test'
  ...
# Subtest: settings IPC delegates Codex Pet theme channels and decorates metadata
ok 716 - settings IPC delegates Codex Pet theme channels and decorates metadata
  ---
  duration_ms: 0.838473
  type: 'test'
  ...
# Subtest: settings IPC opens the user themes directory
ok 717 - settings IPC opens the user themes directory
  ---
  duration_ms: 2.835334
  type: 'test'
  ...
# Subtest: settings IPC imports Clawd user theme zip packages
ok 718 - settings IPC imports Clawd user theme zip packages
  ---
  duration_ms: 12.314078
  type: 'test'
  ...
# Subtest: settings IPC copies sound overrides, removes stale siblings, and invalidates renderer cache
ok 719 - settings IPC copies sound overrides, removes stale siblings, and invalidates renderer cache
  ---
  duration_ms: 2.612315
  type: 'test'
  ...
# Subtest: settings IPC previews sound only when not muted or in DND
ok 720 - settings IPC previews sound only when not muted or in DND
  ---
  duration_ms: 0.701992
  type: 'test'
  ...
# Subtest: settings IPC serves agent/about/update/external and remove-theme dialog helpers
ok 721 - settings IPC serves agent/about/update/external and remove-theme dialog helpers
  ---
  duration_ms: 1.987522
  type: 'test'
  ...
# Subtest: settings IPC exposes read-only agent installation detection
ok 722 - settings IPC exposes read-only agent installation detection
  ---
  duration_ms: 0.562143
  type: 'test'
  ...
# Subtest: settings renderer browser environment
    # Subtest: loads browser scripts in dependency order and keeps CommonJS helpers out of settings.html
    ok 1 - loads browser scripts in dependency order and keeps CommonJS helpers out of settings.html
      ---
      duration_ms: 2.860795
      type: 'test'
      ...
    # Subtest: uses browser globals instead of CommonJS in settings renderer modules
    ok 2 - uses browser globals instead of CommonJS in settings renderer modules
      ---
      duration_ms: 8.780444
      type: 'test'
      ...
    # Subtest: keeps About contributors visible and includes verified GitHub contributors
    ok 3 - keeps About contributors visible and includes verified GitHub contributors
      ---
      duration_ms: 10.985541
      type: 'test'
      ...
    # Subtest: keeps Telegram approval drafts local across toggles and rerenders
    ok 4 - keeps Telegram approval drafts local across toggles and rerenders
      ---
      duration_ms: 16.469277
      type: 'test'
      ...
    # Subtest: preserves notifyOnComplete=false through a Telegram approval disable save
    ok 5 - preserves notifyOnComplete=false through a Telegram approval disable save
      ---
      duration_ms: 5.68223
      type: 'test'
      ...
    # Subtest: preserves notifyOnComplete=true through a Telegram recipient save
    ok 6 - preserves notifyOnComplete=true through a Telegram recipient save
      ---
      duration_ms: 3.483421
      type: 'test'
      ...
    # Subtest: dispatches USER_DISABLE when the enabled switch is turned off (zombie-switch fix)
    ok 7 - dispatches USER_DISABLE when the enabled switch is turned off (zombie-switch fix)
      ---
      duration_ms: 3.815488
      type: 'test'
      ...
    # Subtest: requires confirmation before enabling full Telegram completion output
    ok 8 - requires confirmation before enabling full Telegram completion output
      ---
      duration_ms: 9.060821
      type: 'test'
      ...
    # Subtest: toggles Telegram Direct Send paste-only mode without changing the approval transport
    ok 9 - toggles Telegram Direct Send paste-only mode without changing the approval transport
      ---
      duration_ms: 4.577193
      type: 'test'
      ...
    # Subtest: shows native-active Telegram approval as enabled even when the legacy flag is false
    ok 10 - shows native-active Telegram approval as enabled even when the legacy flag is false
      ---
      duration_ms: 4.203661
      type: 'test'
      ...
    # Subtest: uses native running status while migration snapshot is still loading
    ok 11 - uses native running status while migration snapshot is still loading
      ---
      duration_ms: 3.738296
      type: 'test'
      ...
    # Subtest: turning the Telegram approval switch on starts the native migration test
    ok 12 - turning the Telegram approval switch on starts the native migration test
      ---
      duration_ms: 5.561122
      type: 'test'
      ...
    # Subtest: does not show Telegram approval enabled for broken native setup debt
    ok 13 - does not show Telegram approval enabled for broken native setup debt
      ---
      duration_ms: 3.348457
      type: 'test'
      ...
    # Subtest: disables the independent Telegram approval test while native migration is testing
    ok 14 - disables the independent Telegram approval test while native migration is testing
      ---
      duration_ms: 3.47352
      type: 'test'
      ...
    # Subtest: disables Telegram approval test until runtime status is ready
    ok 15 - disables Telegram approval test until runtime status is ready
      ---
      duration_ms: 4.137756
      type: 'test'
      ...
    # Subtest: repaints Telegram approval after forced status refresh overlaps pending status
    ok 16 - repaints Telegram approval after forced status refresh overlaps pending status
      ---
      duration_ms: 3.86163
      type: 'test'
      ...
    # Subtest: wires the native migration delete-token button to a real command
    ok 17 - wires the native migration delete-token button to a real command
      ---
      duration_ms: 4.956379
      type: 'test'
      ...
    # Subtest: wires Clawd Doctor through Settings with Step 2 connection actions
    ok 18 - wires Clawd Doctor through Settings with Step 2 connection actions
      ---
      duration_ms: 13.666473
      type: 'test'
      ...
    # Subtest: unifies the size slider on the simple volume-style control (no floating bubble, no ticks)
    ok 19 - unifies the size slider on the simple volume-style control (no floating bubble, no ticks)
      ---
      duration_ms: 2.131955
      type: 'test'
      ...
    # Subtest: compensates every viewport unit for the injected text zoom
    ok 20 - compensates every viewport unit for the injected text zoom
      ---
      duration_ms: 2.351001
      type: 'test'
      ...
    # Subtest: keeps the text-scale slider in sync across display moves without fighting a live drag
    ok 21 - keeps the text-scale slider in sync across display moves without fighting a live drag
      ---
      duration_ms: 2.278417
      type: 'test'
      ...
    # Subtest: keeps text-scale pointer drags stable while the Settings page live-zooms
    ok 22 - keeps text-scale pointer drags stable while the Settings page live-zooms
      ---
      duration_ms: 19.670097
      type: 'test'
      ...
    # Subtest: makes both percent readouts clickable reset buttons
    ok 23 - makes both percent readouts clickable reset buttons
      ---
      duration_ms: 1.715307
      type: 'test'
      ...
    # Subtest: uses transform-based Settings switch motion with a calmer shared timing
    ok 24 - uses transform-based Settings switch motion with a calmer shared timing
      ---
      duration_ms: 2.093144
      type: 'test'
      ...
    # Subtest: renders the Settings language picker as a dropdown over all supported langs
    ok 25 - renders the Settings language picker as a dropdown over all supported langs
      ---
      duration_ms: 2.862359
      type: 'test'
      ...
    # Subtest: populates the language picker with current selection and propagates click changes
    ok 26 - populates the language picker with current selection and propagates click changes
      ---
      duration_ms: 6.205901
      type: 'test'
      ...
    # Subtest: supports keyboard language selection and reverts when saving fails
    ok 27 - supports keyboard language selection and reverts when saving fails
      ---
      duration_ms: 3.279912
      type: 'test'
      ...
    # Subtest: cleans up language picker document listeners across re-renders
    ok 28 - cleans up language picker document listeners across re-renders
      ---
      duration_ms: 5.89397
      type: 'test'
      ...
    # Subtest: exposes aggregate and split bubble controls in the General tab
    ok 29 - exposes aggregate and split bubble controls in the General tab
      ---
      duration_ms: 5.92649
      type: 'test'
      ...
    # Subtest: registers the Session cleanup group with three number rows, atomic reset, and i18n keys
    ok 30 - registers the Session cleanup group with three number rows, atomic reset, and i18n keys
      ---
      duration_ms: 5.486835
      type: 'test'
      ...
    # Subtest: uses collapsible option lists for Session HUD and sound controls
    ok 31 - uses collapsible option lists for Session HUD and sound controls
      ---
      duration_ms: 13.560742
      type: 'test'
      ...
    # Subtest: places Hardware Buddy on the Remote Approval tab instead of General
    ok 32 - places Hardware Buddy on the Remote Approval tab instead of General
      ---
      duration_ms: 17.11457
      type: 'test'
      ...
    # Subtest: renders Hardware Buddy with the same remote approval channel header style
    ok 33 - renders Hardware Buddy with the same remote approval channel header style
      ---
      duration_ms: 4.251778
      type: 'test'
      ...
    # Subtest: sends a Hardware Buddy test approval from the settings panel
    ok 34 - sends a Hardware Buddy test approval from the settings panel
      ---
      duration_ms: 3.441227
      type: 'test'
      ...
    # Subtest: renders Hardware Buddy test error codes and clears stale results when config changes
    ok 35 - renders Hardware Buddy test error codes and clears stale results when config changes
      ---
      duration_ms: 4.955966
      type: 'test'
      ...
    # Subtest: does not render Hardware Buddy Quick Command controls
    ok 36 - does not render Hardware Buddy Quick Command controls
      ---
      duration_ms: 3.698413
      type: 'test'
      ...
    # Subtest: adds hover affordance to General sliders via the shared volume-style classes
    ok 37 - adds hover affordance to General sliders via the shared volume-style classes
      ---
      duration_ms: 2.081091
      type: 'test'
      ...
    # Subtest: describes notification bubble seconds as an auto-close upper bound instead of a guaranteed visible duration
    ok 38 - describes notification bubble seconds as an auto-close upper bound instead of a guaranteed visible duration
      ---
      duration_ms: 2.261823
      type: 'test'
      ...
    # Subtest: auto-commits bubble seconds shortly after valid input instead of waiting only for change
    ok 39 - auto-commits bubble seconds shortly after valid input instead of waiting only for change
      ---
      duration_ms: 0.932146
      type: 'test'
      ...
    # Subtest: keeps update bubble disable confirmation inside the Settings renderer
    ok 40 - keeps update bubble disable confirmation inside the Settings renderer
      ---
      duration_ms: 4.196435
      type: 'test'
      ...
    # Subtest: keeps Claude hooks confirmations inside the Settings renderer
    ok 41 - keeps Claude hooks confirmations inside the Settings renderer
      ---
      duration_ms: 4.260953
      type: 'test'
      ...
    # Subtest: wires the danger auto-pilot toggle with a confirm modal and red label
    ok 42 - wires the danger auto-pilot toggle with a confirm modal and red label
      ---
      duration_ms: 3.275822
      type: 'test'
      ...
    # Subtest: clears successful switch transient state so rerenders do not keep wait cursors
    ok 43 - clears successful switch transient state so rerenders do not keep wait cursors
      ---
      duration_ms: 0.704515
      type: 'test'
      ...
    # Subtest: clears settings-broadcast transient state before patching or rerendering
    ok 44 - clears settings-broadcast transient state before patching or rerendering
      ---
      duration_ms: 0.630851
      type: 'test'
      ...
    # Subtest: patches the Session HUD master switch without rebuilding General content
    ok 45 - patches the Session HUD master switch without rebuilding General content
      ---
      duration_ms: 14.854156
      type: 'test'
      ...
    # Subtest: groups sound and volume into one collapsible control with in-place summary updates
    ok 46 - groups sound and volume into one collapsible control with in-place summary updates
      ---
      duration_ms: 18.754478
      type: 'test'
      ...
    # Subtest: lets the sound summary switch toggle sound without opening the collapsible group
    ok 47 - lets the sound summary switch toggle sound without opening the collapsible group
      ---
      duration_ms: 10.546279
      type: 'test'
      ...
    # Subtest: keeps the sound child switch and summary in sync while the update is pending
    ok 48 - keeps the sound child switch and summary in sync while the update is pending
      ---
      duration_ms: 10.414462
      type: 'test'
      ...
    # Subtest: restores the sound summary switch when a toggle is a noop
    ok 49 - restores the sound summary switch when a toggle is a noop
      ---
      duration_ms: 10.553907
      type: 'test'
      ...
    # Subtest: patches Claude hook management child switch state without rebuilding General content
    ok 50 - patches Claude hook management child switch state without rebuilding General content
      ---
      duration_ms: 16.266524
      type: 'test'
      ...
    # Subtest: patches hide-bubbles aggregate changes without rebuilding General content
    ok 51 - patches hide-bubbles aggregate changes without rebuilding General content
      ---
      duration_ms: 23.016483
      type: 'test'
      ...
    # Subtest: patches the Session HUD master switch off without rebuilding General content
    ok 52 - patches the Session HUD master switch off without rebuilding General content
      ---
      duration_ms: 21.678734
      type: 'test'
      ...
    # Subtest: patches Claude hook management off and restores the child disabled note
    ok 53 - patches Claude hook management off and restores the child disabled note
      ---
      duration_ms: 10.300057
      type: 'test'
      ...
    # Subtest: patches hide-bubbles aggregate off without rebuilding General content
    ok 54 - patches hide-bubbles aggregate off without rebuilding General content
      ---
      duration_ms: 9.222137
      type: 'test'
      ...
    # Subtest: rerenders General content for mixed non-patchable broadcasts
    ok 55 - rerenders General content for mixed non-patchable broadcasts
      ---
      duration_ms: 10.703739
      type: 'test'
      ...
    # Subtest: patches combined bubble aggregate and seconds broadcasts in place
    ok 56 - patches combined bubble aggregate and seconds broadcasts in place
      ---
      duration_ms: 14.450981
      type: 'test'
      ...
    # Subtest: patches pure bubble policy seconds broadcasts in place
    ok 57 - patches pure bubble policy seconds broadcasts in place
      ---
      duration_ms: 10.724663
      type: 'test'
      ...
    # Subtest: uses a roomier grid layout for Settings confirmation buttons
    ok 58 - uses a roomier grid layout for Settings confirmation buttons
      ---
      duration_ms: 2.292294
      type: 'test'
      ...
    # Subtest: provides a persisted collapsible Settings group helper with smart default collapse
    ok 59 - provides a persisted collapsible Settings group helper with smart default collapse
      ---
      duration_ms: 1299.008027
      type: 'test'
      ...
    # Subtest: groups Theme cards and exposes theme import actions in Settings
    ok 60 - groups Theme cards and exposes theme import actions in Settings
      ---
      duration_ms: 7.838338
      type: 'test'
      ...
    # Subtest: keeps Theme card footers reserved without leaking button keyboard events to card activation
    ok 61 - keeps Theme card footers reserved without leaking button keyboard events to card activation
      ---
      duration_ms: 8.330871
      type: 'test'
      ...
    # Subtest: animates collapsible Settings groups with measured height instead of instant hidden jumps
    ok 62 - animates collapsible Settings groups with measured height instead of instant hidden jumps
      ---
      duration_ms: 2.629843
      type: 'test'
      ...
    # Subtest: collapses only the detailed bubble policy controls while keeping primary bubble rows visible
    ok 63 - collapses only the detailed bubble policy controls while keeping primary bubble rows visible
      ---
      duration_ms: 2.509762
      type: 'test'
      ...
    # Subtest: renders Agent management as collapsed per-agent groups with master switches always visible
    ok 64 - renders Agent management as collapsed per-agent groups with master switches always visible
      ---
      duration_ms: 0.431494
      type: 'test'
      ...
    # Subtest: uses a dedicated Settings agent ordering helper before rendering Agent management groups
    ok 65 - uses a dedicated Settings agent ordering helper before rendering Agent management groups
      ---
      duration_ms: 0.341356
      type: 'test'
      ...
    # Subtest: keeps Agent management capability-driven for Gemini wait-for-input alerts
    ok 66 - keeps Agent management capability-driven for Gemini wait-for-input alerts
      ---
      duration_ms: 0.495887
      type: 'test'
      ...
    # Subtest: confirms before uninstalling an agent integration
    ok 67 - confirms before uninstalling an agent integration
      ---
      duration_ms: 2.027115
      type: 'test'
      ...
    # Subtest: fetches agent installation hints lazily when Agents renders and then uses the cache
    ok 68 - fetches agent installation hints lazily when Agents renders and then uses the cache
      ---
      duration_ms: 6.127372
      type: 'test'
      ...
    # Subtest: groups agents into connected, recommended, and unavailable sections
    ok 69 - groups agents into connected, recommended, and unavailable sections
      ---
      duration_ms: 26.732064
      type: 'test'
      ...
    # Subtest: renders an install hint banner for detected local agents that are not integrated
    ok 70 - renders an install hint banner for detected local agents that are not integrated
      ---
      duration_ms: 2.986575
      type: 'test'
      ...
    # Subtest: hides install hint banners after the agent is dismissed
    ok 71 - hides install hint banners after the agent is dismissed
      ---
      duration_ms: 2.444672
      type: 'test'
      ...
    # Subtest: clears install dismissals when the detector no longer sees the agent
    ok 72 - clears install dismissals when the detector no longer sees the agent
      ---
      duration_ms: 4.609737
      type: 'test'
      ...
    # Subtest: wires install hint banner buttons to bulk install and dismiss commands
    ok 73 - wires install hint banner buttons to bulk install and dismiss commands
      ---
      duration_ms: 4.685396
      type: 'test'
      ...
    # Subtest: shows a non-error toast when a recommended install is skipped
    ok 74 - shows a non-error toast when a recommended install is skipped
      ---
      duration_ms: 3.324192
      type: 'test'
      ...
    # Subtest: shows a non-error toast when a manual agent install is skipped
    ok 75 - shows a non-error toast when a manual agent install is skipped
      ---
      duration_ms: 2.988394
      type: 'test'
      ...
    # Subtest: renders cleanup hint banners only from detector entries, not skipped default agents
    ok 76 - renders cleanup hint banners only from detector entries, not skipped default agents
      ---
      duration_ms: 3.466336
      type: 'test'
      ...
    # Subtest: hides cleanup hint banners after the agent is dismissed
    ok 77 - hides cleanup hint banners after the agent is dismissed
      ---
      duration_ms: 2.312099
      type: 'test'
      ...
    # Subtest: clears cleanup dismissals when the detector sees the agent restored
    ok 78 - clears cleanup dismissals when the detector sees the agent restored
      ---
      duration_ms: 2.757083
      type: 'test'
      ...
    # Subtest: wires cleanup hint banner buttons to bulk uninstall and dismiss commands
    ok 79 - wires cleanup hint banner buttons to bulk uninstall and dismiss commands
      ---
      duration_ms: 4.477895
      type: 'test'
      ...
    # Subtest: keeps Agent management switch broadcasts in place even when Codex permission rows are mounted
    ok 80 - keeps Agent management switch broadcasts in place even when Codex permission rows are mounted
      ---
      duration_ms: 3.150056
      type: 'test'
      ...
    # Subtest: disables the Codex Permissions switch in place when Permission mode changes to Native
    ok 81 - disables the Codex Permissions switch in place when Permission mode changes to Native
      ---
      duration_ms: 3.163516
      type: 'test'
      ...
    # Subtest: enables the Codex native sound switch only in Native permission mode
    ok 82 - enables the Codex native sound switch only in Native permission mode
      ---
      duration_ms: 2.625447
      type: 'test'
      ...
    # Subtest: mounts the Claude subagent permission switch and greys it with the permission gate (\#451)
    ok 83 - mounts the Claude subagent permission switch and greys it with the permission gate (\#451)
      ---
      duration_ms: 3.319754
      type: 'test'
      ...
    # Subtest: does not render the subagent permission switch for non-Claude agents (\#451)
    ok 84 - does not render the subagent permission switch for non-Claude agents (\#451)
      ---
      duration_ms: 3.193429
      type: 'test'
      ...
    # Subtest: slides the Codex permission mode pill when mode broadcasts patch in place
    ok 85 - slides the Codex permission mode pill when mode broadcasts patch in place
      ---
      duration_ms: 2.955432
      type: 'test'
      ...
    # Subtest: patches agent-only broadcasts in place without requiring Codex-specific rows
    ok 86 - patches agent-only broadcasts in place without requiring Codex-specific rows
      ---
      duration_ms: 2.936713
      type: 'test'
      ...
    # Subtest: does not initialize an expanded agent group at 0px height during rerender
    ok 87 - does not initialize an expanded agent group at 0px height during rerender
      ---
      duration_ms: 2.398536
      type: 'test'
      ...
    # Subtest: uses animated switches and local theme override patching in Animation Map
    ok 88 - uses animated switches and local theme override patching in Animation Map
      ---
      duration_ms: 0.543029
      type: 'test'
      ...
    # Subtest: keeps Animation Map theme override broadcasts in place and syncs the mounted switch
    ok 89 - keeps Animation Map theme override broadcasts in place and syncs the mounted switch
      ---
      duration_ms: 2.749415
      type: 'test'
      ...
    # Subtest: rebuilds Animation Map instead of patching with stale theme ids when the theme changes
    ok 90 - rebuilds Animation Map instead of patching with stale theme ids when the theme changes
      ---
      duration_ms: 2.028144
      type: 'test'
      ...
    # Subtest: keeps stale sound override prefs resettable from the settings UI
    ok 91 - keeps stale sound override prefs resettable from the settings UI
      ---
      duration_ms: 0.660943
      type: 'test'
      ...
    # Subtest: uses the shared SVG chevron treatment for Animation Overrides rows
    ok 92 - uses the shared SVG chevron treatment for Animation Overrides rows
      ---
      duration_ms: 1291.215621
      type: 'test'
      ...
    # Subtest: uses captured poster previews for trusted scripted animation override SVGs
    ok 93 - uses captured poster previews for trusted scripted animation override SVGs
      ---
      duration_ms: 2.117998
      type: 'test'
      ...
    # Subtest: merges pushed animation preview posters without accepting stale cache keys
    ok 94 - merges pushed animation preview posters without accepting stale cache keys
      ---
      duration_ms: 1.656475
      type: 'test'
      ...
    # Subtest: keeps poster-ready pushes across an overlapping animation overrides fetch
    ok 95 - keeps poster-ready pushes across an overlapping animation overrides fetch
      ---
      duration_ms: 2.568112
      type: 'test'
      ...
    # Subtest: patches pending animation override data when a poster push arrives after fetch
    ok 96 - patches pending animation override data when a poster push arrives after fetch
      ---
      duration_ms: 2.048764
      type: 'test'
      ...
    # Subtest: does not let a stale rejected animation overrides fetch clear newer data
    ok 97 - does not let a stale rejected animation overrides fetch clear newer data
      ---
      duration_ms: 1.765761
      type: 'test'
      ...
    # Subtest: renders pending scripted animation previews as placeholders instead of SVG images
    ok 98 - renders pending scripted animation previews as placeholders instead of SVG images
      ---
      duration_ms: 7.366656
      type: 'test'
      ...
    # Subtest: keeps localized shortcut labels from collapsing into vertical CJK text
    ok 99 - keeps localized shortcut labels from collapsing into vertical CJK text
      ---
      duration_ms: 1.225804
      type: 'test'
      ...
    # Subtest: counts sound overrides in the theme-overrides reset gate
    ok 100 - counts sound overrides in the theme-overrides reset gate
      ---
      duration_ms: 0.492808
      type: 'test'
      ...
    # Subtest: does not treat an empty hitbox override group as a reset-all override
    ok 101 - does not treat an empty hitbox override group as a reset-all override
      ---
      duration_ms: 1.803495
      type: 'test'
      ...
    # Subtest: keeps current Animation Overrides data visible while theme override refresh is pending
    ok 102 - keeps current Animation Overrides data visible while theme override refresh is pending
      ---
      duration_ms: 1.834106
      type: 'test'
      ...
    # Subtest: lets Animation Overrides patch theme override broadcasts before a full content render
    ok 103 - lets Animation Overrides patch theme override broadcasts before a full content render
      ---
      duration_ms: 8.717069
      type: 'test'
      ...
    # Subtest: renders visible loading text for the initial Animation Overrides fetch
    ok 104 - renders visible loading text for the initial Animation Overrides fetch
      ---
      duration_ms: 1.661918
      type: 'test'
      ...
    # Subtest: renders Animation Overrides theme actions in two intentional rows
    ok 105 - renders Animation Overrides theme actions in two intentional rows
      ---
      duration_ms: 8.634016
      type: 'test'
      ...
    # Subtest: does not build Animation Overrides theme actions on the Sounds subtab
    ok 106 - does not build Animation Overrides theme actions on the Sounds subtab
      ---
      duration_ms: 2.041974
      type: 'test'
      ...
    # Subtest: uses specific fade timing labels and gives the slider label enough room
    ok 107 - uses specific fade timing labels and gives the slider label enough room
      ---
      duration_ms: 6.696086
      type: 'test'
      ...
    # Subtest: keeps committed slider timing visible across a stale animation override refresh
    ok 108 - keeps committed slider timing visible across a stale animation override refresh
      ---
      duration_ms: 3.930701
      type: 'test'
      ...
    # Subtest: updates Animation Overrides reset affordances after the first timing commit
    ok 109 - updates Animation Overrides reset affordances after the first timing commit
      ---
      duration_ms: 3.288546
      type: 'test'
      ...
    # Subtest: clears Animation Overrides reset affordances when timing returns to the theme default
    ok 110 - clears Animation Overrides reset affordances when timing returns to the theme default
      ---
      duration_ms: 2.924697
      type: 'test'
      ...
    # Subtest: keeps sequential fade timing commits from reverting the previous side
    ok 111 - keeps sequential fade timing commits from reverting the previous side
      ---
      duration_ms: 3.19831
      type: 'test'
      ...
    # Subtest: does not submit duplicate animation timing commands on number change followed by blur
    ok 112 - does not submit duplicate animation timing commands on number change followed by blur
      ---
      duration_ms: 2.906887
      type: 'test'
      ...
    # Subtest: renders the wide hitbox control as a scoped toggle instead of a full-row label
    ok 113 - renders the wide hitbox control as a scoped toggle instead of a full-row label
      ---
      duration_ms: 2.057822
      type: 'test'
      ...
    # Subtest: uses null to clear wide hitbox overrides that match the theme default and avoids rebuilding content
    ok 114 - uses null to clear wide hitbox overrides that match the theme default and avoids rebuilding content
      ---
      duration_ms: 3.4186
      type: 'test'
      ...
    # Subtest: shows the wide hitbox reset chip for stale overrides that already match the theme default
    ok 115 - shows the wide hitbox reset chip for stale overrides that already match the theme default
      ---
      duration_ms: 1.979629
      type: 'test'
      ...
    # Subtest: shows a fallback error detail when wide hitbox saves fail without a message
    ok 116 - shows a fallback error detail when wide hitbox saves fail without a message
      ---
      duration_ms: 2.347947
      type: 'test'
      ...
    # Subtest: preserves pending wide hitbox state across full Animation Overrides rerenders
    ok 117 - preserves pending wide hitbox state across full Animation Overrides rerenders
      ---
      duration_ms: 4.523245
      type: 'test'
      ...
    # Subtest: blocks wide hitbox edits while a same-card timing edit is pending
    ok 118 - blocks wide hitbox edits while a same-card timing edit is pending
      ---
      duration_ms: 2.663167
      type: 'test'
      ...
    # Subtest: blocks slot reset while a same-card timing edit is pending
    ok 119 - blocks slot reset while a same-card timing edit is pending
      ---
      duration_ms: 2.459148
      type: 'test'
      ...
    # Subtest: blocks timing edits while a same-card wide hitbox edit is pending
    ok 120 - blocks timing edits while a same-card wide hitbox edit is pending
      ---
      duration_ms: 2.214536
      type: 'test'
      ...
    # Subtest: reconciles acknowledged pending wide hitbox edits during Animation Overrides render
    ok 121 - reconciles acknowledged pending wide hitbox edits during Animation Overrides render
      ---
      duration_ms: 2.024273
      type: 'test'
      ...
    # Subtest: treats hitbox-only overrides as overridden for summary badges and reset actions
    ok 122 - treats hitbox-only overrides as overridden for summary badges and reset actions
      ---
      duration_ms: 2.289601
      type: 'test'
      ...
    # Subtest: clears hitbox-only overrides when resetting an animation override slot
    ok 123 - clears hitbox-only overrides when resetting an animation override slot
      ---
      duration_ms: 2.889276
      type: 'test'
      ...
    # Subtest: clears hitbox overrides for the pre-reset replacement file when resetting a slot
    ok 124 - clears hitbox overrides for the pre-reset replacement file when resetting a slot
      ---
      duration_ms: 4.41007
      type: 'test'
      ...
    # Subtest: clears pending timing edits when animation override commands reject
    ok 125 - clears pending timing edits when animation override commands reject
      ---
      duration_ms: 3.981392
      type: 'test'
      ...
    # Subtest: treats reaction-only overrides as overridden for summary badges and reset actions
    ok 126 - treats reaction-only overrides as overridden for summary badges and reset actions
      ---
      duration_ms: 2.657202
      type: 'test'
      ...
    # Subtest: does not keep reset-slot null timing values as pending slider edits
    ok 127 - does not keep reset-slot null timing values as pending slider edits
      ---
      duration_ms: 2.369315
      type: 'test'
      ...
    # Subtest: only patches Animation Overrides broadcasts that exactly acknowledge pending timing edits
    ok 128 - only patches Animation Overrides broadcasts that exactly acknowledge pending timing edits
      ---
      duration_ms: 3.984299
      type: 'test'
      ...
    # Subtest: routes matching Animation Overrides timing broadcasts through applyChanges in place
    ok 129 - routes matching Animation Overrides timing broadcasts through applyChanges in place
      ---
      duration_ms: 2.055305
      type: 'test'
      ...
    # Subtest: routes default-matching timing broadcasts through applyChanges in place
    ok 130 - routes default-matching timing broadcasts through applyChanges in place
      ---
      duration_ms: 1.766594
      type: 'test'
      ...
    # Subtest: does not patch mixed-key Animation Overrides broadcasts in place
    ok 131 - does not patch mixed-key Animation Overrides broadcasts in place
      ---
      duration_ms: 2.838046
      type: 'test'
      ...
    # Subtest: clears pending Animation Overrides timing edits on theme changes
    ok 132 - clears pending Animation Overrides timing edits on theme changes
      ---
      duration_ms: 1.721581
      type: 'test'
      ...
    # Subtest: does not patch Animation Overrides broadcasts without a pending timing edit
    ok 133 - does not patch Animation Overrides broadcasts without a pending timing edit
      ---
      duration_ms: 2.034891
      type: 'test'
      ...
    1..133
ok 723 - settings renderer browser environment
  ---
  duration_ms: 3266.697481
  type: 'suite'
  ...
# Subtest: macOS platform detection (Settings shortcut labels)
    # Subtest: keeps the unified (navigator.platform startsWith 'Mac') check in settings-ui-core.js
    ok 1 - keeps the unified (navigator.platform startsWith 'Mac') check in settings-ui-core.js
      ---
      duration_ms: 0.539462
      type: 'test'
      ...
    # Subtest: detects every known macOS navigator.platform value
    ok 2 - detects every known macOS navigator.platform value
      ---
      duration_ms: 0.151823
      type: 'test'
      ...
    # Subtest: returns false for non-macOS platforms and degenerate values
    ok 3 - returns false for non-macOS platforms and degenerate values
      ---
      duration_ms: 0.230041
      type: 'test'
      ...
    1..3
ok 724 - macOS platform detection (Settings shortcut labels)
  ---
  duration_ms: 1.174475
  type: 'suite'
  ...
# Subtest: settings size preview session
    # Subtest: keeps only the latest preview value when preview work backs up
    ok 1 - keeps only the latest preview value when preview work backs up
      ---
      duration_ms: 2.575446
      type: 'test'
      ...
    # Subtest: commits the final size once and always restores protection
    ok 2 - commits the final size once and always restores protection
      ---
      duration_ms: 0.65347
      type: 'test'
      ...
    1..2
ok 725 - settings size preview session
  ---
  duration_ms: 4.783514
  type: 'suite'
  ...
# Subtest: settings size slider controller
    # Subtest: previews during drag and commits only once when drag-end signals race
    ok 1 - previews during drag and commits only once when drag-end signals race
      ---
      duration_ms: 2.743579
      type: 'test'
      ...
    # Subtest: finalizes the latest draft on blur if dragging is interrupted
    ok 2 - finalizes the latest draft on blur if dragging is interrupted
      ---
      duration_ms: 0.647765
      type: 'test'
      ...
    1..2
ok 726 - settings size slider controller
  ---
  duration_ms: 5.428787
  type: 'suite'
  ...
# Subtest: settings size slider geometry
    # Subtest: anchors bubble/ticks to the actual thumb center instead of raw percent width
    ok 1 - anchors bubble/ticks to the actual thumb center instead of raw percent width
      ---
      duration_ms: 1.791535
      type: 'test'
      ...
    # Subtest: recomputes the same value against a new slider width
    ok 2 - recomputes the same value against a new slider width
      ---
      duration_ms: 0.229676
      type: 'test'
      ...
    1..2
ok 727 - settings size slider geometry
  ---
  duration_ms: 2.385979
  type: 'suite'
  ...
# Subtest: createStore
    # Subtest: requires an initial snapshot object
    ok 1 - requires an initial snapshot object
      ---
      duration_ms: 2.179691
      type: 'test'
      ...
    # Subtest: getSnapshot returns a copy, not the internal reference
    ok 2 - getSnapshot returns a copy, not the internal reference
      ---
      duration_ms: 0.602251
      type: 'test'
      ...
    # Subtest: get returns individual field values
    ok 3 - get returns individual field values
      ---
      duration_ms: 0.272994
      type: 'test'
      ...
    1..3
ok 728 - createStore
  ---
  duration_ms: 4.818452
  type: 'suite'
  ...
# Subtest: store._commit (death-loop guard)
    # Subtest: no-ops when partial values match current snapshot
    ok 1 - no-ops when partial values match current snapshot
      ---
      duration_ms: 2.964496
      type: 'test'
      ...
    # Subtest: commits and broadcasts only the keys that actually changed
    ok 2 - commits and broadcasts only the keys that actually changed
      ---
      duration_ms: 1.403585
      type: 'test'
      ...
    # Subtest: ignores invalid partial inputs without throwing
    ok 3 - ignores invalid partial inputs without throwing
      ---
      duration_ms: 0.347461
      type: 'test'
      ...
    1..3
ok 729 - store._commit (death-loop guard)
  ---
  duration_ms: 5.076986
  type: 'suite'
  ...
# Subtest: store.subscribe
    # Subtest: requires a function
    ok 1 - requires a function
      ---
      duration_ms: 0.462615
      type: 'test'
      ...
    # Subtest: returns an unsubscribe function
    ok 2 - returns an unsubscribe function
      ---
      duration_ms: 0.405563
      type: 'test'
      ...
    # Subtest: isolates subscriber failures (one throws, others still run)
    ok 3 - isolates subscriber failures (one throws, others still run)
      ---
      duration_ms: 0.394647
      type: 'test'
      ...
    1..3
ok 730 - store.subscribe
  ---
  duration_ms: 2.006234
  type: 'suite'
  ...
# Subtest: store.dispose
    # Subtest: blocks further commits and clears listeners
    ok 1 - blocks further commits and clears listeners
      ---
      duration_ms: 0.341844
      type: 'test'
      ...
    1..1
ok 731 - store.dispose
  ---
  duration_ms: 0.461874
  type: 'suite'
  ...
# Subtest: settings-tab-remote-ssh.js loads in a sandbox via the same IIFE pattern as siblings
ok 732 - settings-tab-remote-ssh.js loads in a sandbox via the same IIFE pattern as siblings
  ---
  duration_ms: 2.322486
  type: 'test'
  ...
# Subtest: settings-tab-remote-ssh.js is registered in settings.html before settings-renderer.js
ok 733 - settings-tab-remote-ssh.js is registered in settings.html before settings-renderer.js
  ---
  duration_ms: 0.476562
  type: 'test'
  ...
# Subtest: settings-renderer.js SIDEBAR_TABS includes remote-ssh entry
ok 734 - settings-renderer.js SIDEBAR_TABS includes remote-ssh entry
  ---
  duration_ms: 0.428595
  type: 'test'
  ...
# Subtest: settings-i18n.js: all language packs include remote-ssh keys
ok 735 - settings-i18n.js: all language packs include remote-ssh keys
  ---
  duration_ms: 5.765747
  type: 'test'
  ...
# Subtest: settings-i18n.js: sidebarRemoteSsh defined in every supported language
ok 736 - settings-i18n.js: sidebarRemoteSsh defined in every supported language
  ---
  duration_ms: 2.515735
  type: 'test'
  ...
# Subtest: settings-tab-remote-ssh.js uses only CSS classes that exist in settings.css
ok 737 - settings-tab-remote-ssh.js uses only CSS classes that exist in settings.css
  ---
  duration_ms: 1.759714
  type: 'test'
  ...
# Subtest: settings.css defines remote-ssh-* layout rules used by the tab
ok 738 - settings.css defines remote-ssh-* layout rules used by the tab
  ---
  duration_ms: 3.891291
  type: 'test'
  ...
# Subtest: settings-tab-remote-ssh.js translates runtime status hints before raw messages
ok 739 - settings-tab-remote-ssh.js translates runtime status hints before raw messages
  ---
  duration_ms: 0.563144
  type: 'test'
  ...
# Subtest: settings-i18n.js: codexHookReviewReminder defined in every supported language (B2 followup)
ok 740 - settings-i18n.js: codexHookReviewReminder defined in every supported language (B2 followup)
  ---
  duration_ms: 2.695434
  type: 'test'
  ...
# Subtest: settings-i18n.js: hooks deploy status keys present in every supported language
ok 741 - settings-i18n.js: hooks deploy status keys present in every supported language
  ---
  duration_ms: 4.012256
  type: 'test'
  ...
# Subtest: settings-tab-remote-ssh.js can be evaluated without DOM (no top-level DOM access)
ok 742 - settings-tab-remote-ssh.js can be evaluated without DOM (no top-level DOM access)
  ---
  duration_ms: 1.080187
  type: 'test'
  ...
# Subtest: settings validators expose the shared helper surface
ok 743 - settings validators expose the shared helper surface
  ---
  duration_ms: 2.498946
  type: 'test'
  ...
# Subtest: settings validators preserve primitive validation behavior
ok 744 - settings validators preserve primitive validation behavior
  ---
  duration_ms: 0.728468
  type: 'test'
  ...
# Subtest: settings validators preserve string and object validation behavior
ok 745 - settings validators preserve string and object validation behavior
  ---
  duration_ms: 0.484072
  type: 'test'
  ...
# Subtest: settings window icon path
    # Subtest: prefers the 256px project icon for unpackaged Windows runs
    ok 1 - prefers the 256px project icon for unpackaged Windows runs
      ---
      duration_ms: 2.142126
      type: 'test'
      ...
    # Subtest: falls back to icon.ico when the 256px icon is unavailable
    ok 2 - falls back to icon.ico when the 256px icon is unavailable
      ---
      duration_ms: 0.496371
      type: 'test'
      ...
    # Subtest: prefers unpacked packaged assets before falling back to icon.ico
    ok 3 - prefers unpacked packaged assets before falling back to icon.ico
      ---
      duration_ms: 0.415717
      type: 'test'
      ...
    # Subtest: returns undefined on non-Windows platforms
    ok 4 - returns undefined on non-Windows platforms
      ---
      duration_ms: 0.272856
      type: 'test'
      ...
    1..4
ok 746 - settings window icon path
  ---
  duration_ms: 6.707778
  type: 'suite'
  ...
# Subtest: windows app user model id
    # Subtest: applies the project app id on Windows
    ok 1 - applies the project app id on Windows
      ---
      duration_ms: 0.505427
      type: 'test'
      ...
    # Subtest: does nothing on non-Windows platforms
    ok 2 - does nothing on non-Windows platforms
      ---
      duration_ms: 0.2013
      type: 'test'
      ...
    1..2
ok 747 - windows app user model id
  ---
  duration_ms: 0.954818
  type: 'suite'
  ...
# Subtest: windows shell icon path
    # Subtest: prefers icon.ico for unpackaged Windows shell surfaces
    ok 1 - prefers icon.ico for unpackaged Windows shell surfaces
      ---
      duration_ms: 0.536789
      type: 'test'
      ...
    # Subtest: prefers the extra resource icon for packaged Windows shell surfaces
    ok 2 - prefers the extra resource icon for packaged Windows shell surfaces
      ---
      duration_ms: 0.504194
      type: 'test'
      ...
    1..2
ok 748 - windows shell icon path
  ---
  duration_ms: 1.578385
  type: 'suite'
  ...
# Subtest: settings window taskbar details
    # Subtest: builds Windows taskbar metadata for unpackaged runs
    ok 1 - builds Windows taskbar metadata for unpackaged runs
      ---
      duration_ms: 1.590799
      type: 'test'
      ...
    # Subtest: builds Windows taskbar metadata for packaged runs
    ok 2 - builds Windows taskbar metadata for packaged runs
      ---
      duration_ms: 0.545463
      type: 'test'
      ...
    # Subtest: returns null on non-Windows platforms
    ok 3 - returns null on non-Windows platforms
      ---
      duration_ms: 0.241484
      type: 'test'
      ...
    1..3
ok 749 - settings window taskbar details
  ---
  duration_ms: 2.642276
  type: 'suite'
  ...
# Subtest: settings window launch arg
    # Subtest: detects the settings window launch arg in argv
    ok 1 - detects the settings window launch arg in argv
      ---
      duration_ms: 0.230824
      type: 'test'
      ...
    # Subtest: ignores argv that do not request the settings window
    ok 2 - ignores argv that do not request the settings window
      ---
      duration_ms: 0.13273
      type: 'test'
      ...
    1..2
ok 750 - settings window launch arg
  ---
  duration_ms: 0.59182
  type: 'suite'
  ...
# Subtest: settings window runtime creates the Settings BrowserWindow with taskbar identity
ok 751 - settings window runtime creates the Settings BrowserWindow with taskbar identity
  ---
  duration_ms: 4.579122
  type: 'test'
  ...
# Subtest: settings window runtime reuses an existing non-destroyed Settings window
ok 752 - settings window runtime reuses an existing non-destroyed Settings window
  ---
  duration_ms: 0.699991
  type: 'test'
  ...
# Subtest: settings window runtime defers opening until Electron is ready
ok 753 - settings window runtime defers opening until Electron is ready
  ---
  duration_ms: 0.454863
  type: 'test'
  ...
# Subtest: settings window runtime places the first Settings window on the pet display
ok 754 - settings window runtime places the first Settings window on the pet display
  ---
  duration_ms: 0.512199
  type: 'test'
  ...
# Subtest: settings window runtime shows from timeout if ready-to-show never fires
ok 755 - settings window runtime shows from timeout if ready-to-show never fires
  ---
  duration_ms: 0.567785
  type: 'test'
  ...
# Subtest: settings window runtime does not show twice if reopened before ready
ok 756 - settings window runtime does not show twice if reopened before ready
  ---
  duration_ms: 0.394573
  type: 'test'
  ...
# Subtest: settings window runtime skips temporary front lift outside Windows
ok 757 - settings window runtime skips temporary front lift outside Windows
  ---
  duration_ms: 0.408407
  type: 'test'
  ...
# Subtest: settings window move re-applies text scale and pokes the slider context (debounced)
ok 758 - settings window move re-applies text scale and pokes the slider context (debounced)
  ---
  duration_ms: 0.749279
  type: 'test'
  ...
# Subtest: applyTextScaleToWindow pokes the slider context even when zoom injection is unavailable
ok 759 - applyTextScaleToWindow pokes the slider context even when zoom injection is unavailable
  ---
  duration_ms: 0.902292
  type: 'test'
  ...
# Subtest: getPlatformConfig()
    # Subtest: returns terminalNames, systemBoundary, editorMap, editorPathChecks
    ok 1 - returns terminalNames, systemBoundary, editorMap, editorPathChecks
      ---
      duration_ms: 1.531141
      type: 'test'
      ...
    # Subtest: base terminal names include common terminals
    ok 2 - base terminal names include common terminals
      ---
      duration_ms: 0.376476
      type: 'test'
      ...
    # Subtest: recognizes Windows console hosts as terminal anchors
    ok 3 - recognizes Windows console hosts as terminal anchors # SKIP
      ---
      duration_ms: 0.155492
      type: 'test'
      ...
    # Subtest: merges extraTerminals into base set
    ok 4 - merges extraTerminals into base set
      ---
      duration_ms: 0.229727
      type: 'test'
      ...
    # Subtest: merges extraEditors into base map
    ok 5 - merges extraEditors into base map
      ---
      duration_ms: 0.303613
      type: 'test'
      ...
    # Subtest: prepends extraEditorPathChecks before defaults
    ok 6 - prepends extraEditorPathChecks before defaults
      ---
      duration_ms: 1.076855
      type: 'test'
      ...
    # Subtest: returns defaults when no options given
    ok 7 - returns defaults when no options given
      ---
      duration_ms: 0.182833
      type: 'test'
      ...
    1..7
ok 760 - getPlatformConfig()
  ---
  duration_ms: 7.180724
  type: 'suite'
  ...
# Subtest: createPidResolver()
    # Subtest: returns a function
    ok 1 - returns a function
      ---
      duration_ms: 0.488154
      type: 'test'
      ...
    # Subtest: caches result after first call
    ok 2 - caches result after first call
      ---
      duration_ms: 167.762437
      type: 'test'
      ...
    # Subtest: result has expected shape
    ok 3 - result has expected shape
      ---
      duration_ms: 162.173657
      type: 'test'
      ...
    # Subtest: walks from startPid and populates pidChain
    ok 4 - walks from startPid and populates pidChain
      ---
      duration_ms: 165.237372
      type: 'test'
      ...
    # Subtest: respects maxDepth
    ok 5 - respects maxDepth
      ---
      duration_ms: 23.386385
      type: 'test'
      ...
    1..5
ok 761 - createPidResolver()
  ---
  duration_ms: 519.990754
  type: 'suite'
  ...
# Subtest: createPidResolver() — tmux bridge (mocked)
    # Subtest: (a) walk reaches tmux server; list-clients yields client pid → stablePid is terminal
    ok 1 - (a) walk reaches tmux server; list-clients yields client pid → stablePid is terminal
      ---
      duration_ms: 2.996458
      type: 'test'
      ...
    # Subtest: (b) walk does not reach tmux server → bridge skipped
    ok 2 - (b) walk does not reach tmux server → bridge skipped
      ---
      duration_ms: 1.214985
      type: 'test'
      ...
    # Subtest: (c) list-clients empty (detached) → bridge skipped, stablePid falls back
    ok 3 - (c) list-clients empty (detached) → bridge skipped, stablePid falls back
      ---
      duration_ms: 1.686599
      type: 'test'
      ...
    # Subtest: (d) tmuxSocket parsed from $TMUX exposed on resolver result
    ok 4 - (d) tmuxSocket parsed from $TMUX exposed on resolver result
      ---
      duration_ms: 0.987765
      type: 'test'
      ...
    # Subtest: (e) default socket path is preserved for -S focus
    ok 5 - (e) default socket path is preserved for -S focus
      ---
      duration_ms: 0.962469
      type: 'test'
      ...
    1..5
ok 762 - createPidResolver() — tmux bridge (mocked)
  ---
  duration_ms: 8.463323
  type: 'suite'
  ...
# Subtest: buildElectronLaunchConfig()
    # Subtest: strips ELECTRON_RUN_AS_NODE and preserves forwarded args
    ok 1 - strips ELECTRON_RUN_AS_NODE and preserves forwarded args
      ---
      duration_ms: 0.484487
      type: 'test'
      ...
    # Subtest: keeps the Linux sandbox fallback when requested
    ok 2 - keeps the Linux sandbox fallback when requested
      ---
      duration_ms: 0.19517
      type: 'test'
      ...
    1..2
ok 763 - buildElectronLaunchConfig()
  ---
  duration_ms: 0.865047
  type: 'suite'
  ...
# Subtest: createPidResolver() — Windows PowerShell path
ok 764 - createPidResolver() — Windows PowerShell path # SKIP
  ---
  duration_ms: 0.092085
  type: 'suite'
  ...
# Subtest: shortcut-actions metadata
    # Subtest: exposes all known shortcut action ids
    ok 1 - exposes all known shortcut action ids
      ---
      duration_ms: 1.950804
      type: 'test'
      ...
    # Subtest: builds fresh default shortcut maps
    ok 2 - builds fresh default shortcut maps
      ---
      duration_ms: 0.292638
      type: 'test'
      ...
    1..2
ok 765 - shortcut-actions metadata
  ---
  duration_ms: 5.863938
  type: 'suite'
  ...
# Subtest: parseAccelerator
    # Subtest: normalizes accepted accelerators into canonical order
    ok 1 - normalizes accepted accelerators into canonical order
      ---
      duration_ms: 1.203116
      type: 'test'
      ...
    # Subtest: accepts named keys and function keys
    ok 2 - accepts named keys and function keys
      ---
      duration_ms: 0.510712
      type: 'test'
      ...
    # Subtest: rejects invalid accelerator strings
    ok 3 - rejects invalid accelerator strings
      ---
      duration_ms: 0.292429
      type: 'test'
      ...
    1..3
ok 766 - parseAccelerator
  ---
  duration_ms: 2.335428
  type: 'suite'
  ...
# Subtest: dangerous accelerator blacklist
    # Subtest: flags reserved global shortcuts
    ok 1 - flags reserved global shortcuts
      ---
      duration_ms: 0.471846
      type: 'test'
      ...
    1..1
ok 767 - dangerous accelerator blacklist
  ---
  duration_ms: 0.912137
  type: 'suite'
  ...
# Subtest: normalizeKey
    # Subtest: maps letters, digits, function keys, and named keys
    ok 1 - maps letters, digits, function keys, and named keys
      ---
      duration_ms: 0.754104
      type: 'test'
      ...
    # Subtest: returns null for pure modifier keys
    ok 2 - returns null for pure modifier keys
      ---
      duration_ms: 0.179274
      type: 'test'
      ...
    1..2
ok 768 - normalizeKey
  ---
  duration_ms: 1.182366
  type: 'suite'
  ...
# Subtest: buildAcceleratorFromEvent
    # Subtest: cancels on bare escape
    ok 1 - cancels on bare escape
      ---
      duration_ms: 0.484918
      type: 'test'
      ...
    # Subtest: waits for a non-modifier key and reports held modifiers for live preview
    ok 2 - waits for a non-modifier key and reports held modifiers for live preview
      ---
      duration_ms: 0.555524
      type: 'test'
      ...
    # Subtest: rejects accelerators without modifiers
    ok 3 - rejects accelerators without modifiers
      ---
      duration_ms: 0.264266
      type: 'test'
      ...
    # Subtest: formats live partial previews for modifier-only state
    ok 4 - formats live partial previews for modifier-only state
      ---
      duration_ms: 0.280188
      type: 'test'
      ...
    # Subtest: builds canonical accelerators from keyboard state
    ok 5 - builds canonical accelerators from keyboard state
      ---
      duration_ms: 0.243883
      type: 'test'
      ...
    1..5
ok 769 - buildAcceleratorFromEvent
  ---
  duration_ms: 2.168489
  type: 'suite'
  ...
# Subtest: formatAcceleratorLabel
    # Subtest: formats labels for Windows/Linux
    ok 1 - formats labels for Windows/Linux
      ---
      duration_ms: 0.456918
      type: 'test'
      ...
    # Subtest: formats labels for macOS
    ok 2 - formats labels for macOS
      ---
      duration_ms: 0.181601
      type: 'test'
      ...
    1..2
ok 770 - formatAcceleratorLabel
  ---
  duration_ms: 2.461636
  type: 'suite'
  ...
# Subtest: normalizeShortcuts
    # Subtest: fills missing keys from defaults and drops unknown keys
    ok 1 - fills missing keys from defaults and drops unknown keys
      ---
      duration_ms: 0.519775
      type: 'test'
      ...
    # Subtest: treats empty or null values as unassigned
    ok 2 - treats empty or null values as unassigned
      ---
      duration_ms: 0.180743
      type: 'test'
      ...
    # Subtest: falls back to defaults on invalid or dangerous values
    ok 3 - falls back to defaults on invalid or dangerous values
      ---
      duration_ms: 0.169116
      type: 'test'
      ...
    # Subtest: uses default-priority de-duplication on load
    ok 4 - uses default-priority de-duplication on load
      ---
      duration_ms: 0.377013
      type: 'test'
      ...
    1..4
ok 771 - normalizeShortcuts
  ---
  duration_ms: 1.429243
  type: 'suite'
  ...
# Subtest: validateShortcutMapShape
    # Subtest: accepts plain objects with known keys and string/null values
    ok 1 - accepts plain objects with known keys and string/null values
      ---
      duration_ms: 0.262232
      type: 'test'
      ...
    # Subtest: rejects unknown keys and non-string values
    ok 2 - rejects unknown keys and non-string values
      ---
      duration_ms: 0.132121
      type: 'test'
      ...
    1..2
ok 772 - validateShortcutMapShape
  ---
  duration_ms: 0.501698
  type: 'suite'
  ...
# Subtest: shortcut runtime owns settings shortcut IPC channels and disposes them
ok 773 - shortcut runtime owns settings shortcut IPC channels and disposes them
  ---
  duration_ms: 3.34579
  type: 'test'
  ...
# Subtest: shortcut runtime broadcasts persistent registration failures and clears them
ok 774 - shortcut runtime broadcasts persistent registration failures and clears them
  ---
  duration_ms: 0.712335
  type: 'test'
  ...
# Subtest: shortcut runtime deduplicates failure broadcasts and ignores empty clears
ok 775 - shortcut runtime deduplicates failure broadcasts and ignores empty clears
  ---
  duration_ms: 0.263529
  type: 'test'
  ...
# Subtest: shortcut runtime treats thrown globalShortcut registration as a system conflict
ok 776 - shortcut runtime treats thrown globalShortcut registration as a system conflict
  ---
  duration_ms: 1.741593
  type: 'test'
  ...
# Subtest: shortcut runtime clears stale failures when a persistent shortcut has no accelerator
ok 777 - shortcut runtime clears stale failures when a persistent shortcut has no accelerator
  ---
  duration_ms: 0.380083
  type: 'test'
  ...
# Subtest: shortcut runtime does not restore an accelerator when recording had no temp unregister
ok 778 - shortcut runtime does not restore an accelerator when recording had no temp unregister
  ---
  duration_ms: 0.602939
  type: 'test'
  ...
# Subtest: shortcut runtime preserves validation and unavailable-window errors
ok 779 - shortcut runtime preserves validation and unavailable-window errors
  ---
  duration_ms: 0.34215
  type: 'test'
  ...
# Subtest: size utils
    # Subtest: uses display width on landscape screens
    ok 1 - uses display width on landscape screens
      ---
      duration_ms: 2.526286
      type: 'test'
      ...
    # Subtest: uses display height on portrait screens before boost
    ok 2 - uses display height on portrait screens before boost
      ---
      duration_ms: 0.290341
      type: 'test'
      ...
    # Subtest: boosts portrait screens so the pet stays readable
    ok 3 - boosts portrait screens so the pet stays readable
      ---
      duration_ms: 0.316639
      type: 'test'
      ...
    # Subtest: caps portrait growth before it gets absurdly wide
    ok 4 - caps portrait growth before it gets absurdly wide
      ---
      duration_ms: 0.201593
      type: 'test'
      ...
    # Subtest: picks the saved display before the first window size is computed
    ok 5 - picks the saved display before the first window size is computed
      ---
      duration_ms: 0.523869
      type: 'test'
      ...
    # Subtest: restores the last realized pixel size when keep-size-across-displays is enabled
    ok 6 - restores the last realized pixel size when keep-size-across-displays is enabled
      ---
      duration_ms: 0.488796
      type: 'test'
      ...
    # Subtest: falls back to proportional launch sizing when no saved pixel size should apply
    ok 7 - falls back to proportional launch sizing when no saved pixel size should apply
      ---
      duration_ms: 0.354992
      type: 'test'
      ...
    1..7
ok 780 - size utils
  ---
  duration_ms: 8.059263
  type: 'suite'
  ...
# Subtest: state agent icons
    # Subtest: returns undefined for BrowserWindow menu icons when nativeImage is unavailable
    ok 1 - returns undefined for BrowserWindow menu icons when nativeImage is unavailable
      ---
      duration_ms: 1.49543
      type: 'test'
      ...
    # Subtest: returns null for missing agent ids and icons
    ok 2 - returns null for missing agent ids and icons
      ---
      duration_ms: 0.796652
      type: 'test'
      ...
    # Subtest: returns a file URL for bundled agent icons
    ok 3 - returns a file URL for bundled agent icons
      ---
      duration_ms: 0.516552
      type: 'test'
      ...
    # Subtest: returns the bundled Kiro PNG icon
    ok 4 - returns the bundled Kiro PNG icon
      ---
      duration_ms: 0.330719
      type: 'test'
      ...
    # Subtest: returns bundled PNG icons for Pi and OpenClaw
    ok 5 - returns bundled PNG icons for Pi and OpenClaw
      ---
      duration_ms: 2.823664
      type: 'test'
      ...
    # Subtest: has canonical runtime PNG icons for every registered agent
    ok 6 - has canonical runtime PNG icons for every registered agent
      ---
      duration_ms: 0.715302
      type: 'test'
      ...
    # Subtest: keeps runtime agent PNG icons at 64x64
    ok 7 - keeps runtime agent PNG icons at 64x64
      ---
      duration_ms: 5.096314
      type: 'test'
      ...
    # Subtest: ignores local dotfiles and directories when checking runtime icon dimensions
    ok 8 - ignores local dotfiles and directories when checking runtime icon dimensions
      ---
      duration_ms: 0.48856
      type: 'test'
      ...
    # Subtest: keeps source SVG hashes aligned with the source manifest
    ok 9 - keeps source SVG hashes aligned with the source manifest
      ---
      duration_ms: 3.868877
      type: 'test'
      ...
    # Subtest: normalizes SVG source line endings before hashing
    ok 10 - normalizes SVG source line endings before hashing
      ---
      duration_ms: 2.059911
      type: 'test'
      ...
    # Subtest: resolves the real Electron binary for the exporter entrypoint
    ok 11 - resolves the real Electron binary for the exporter entrypoint
      ---
      duration_ms: 0.397721
      type: 'test'
      ...
    # Subtest: returns the cached URL value for repeated lookups
    ok 12 - returns the cached URL value for repeated lookups
      ---
      duration_ms: 0.200975
      type: 'test'
      ...
    1..12
ok 781 - state agent icons
  ---
  duration_ms: 20.931122
  type: 'suite'
  ...
# Subtest: display_svg session hints (updateSession path)
    # Subtest: uses allowlisted display_svg for working state
    ok 1 - uses allowlisted display_svg for working state
      ---
      duration_ms: 18.024099
      type: 'test'
      ...
    # Subtest: falls back to getWorkingSvg when no hint
    ok 2 - falls back to getWorkingSvg when no hint
      ---
      duration_ms: 1.273643
      type: 'test'
      ...
    # Subtest: ignores non-allowlisted svg and falls back
    ok 3 - ignores non-allowlisted svg and falls back
      ---
      duration_ms: 0.979997
      type: 'test'
      ...
    # Subtest: picks the most recently updated session among working sessions
    ok 4 - picks the most recently updated session among working sessions
      ---
      duration_ms: 8.356796
      type: 'test'
      ...
    # Subtest: clears hint when display_svg is null
    ok 5 - clears hint when display_svg is null
      ---
      duration_ms: 3.330728
      type: 'test'
      ...
    # Subtest: applies thinking hint for thinking state
    ok 6 - applies thinking hint for thinking state
      ---
      duration_ms: 1.013138
      type: 'test'
      ...
    1..6
ok 782 - display_svg session hints (updateSession path)
  ---
  duration_ms: 34.863855
  type: 'suite'
  ...
# Subtest: state hitbox resolver
    # Subtest: normalizes theme hitbox runtime inputs
    ok 1 - normalizes theme hitbox runtime inputs
      ---
      duration_ms: 2.294419
      type: 'test'
      ...
    # Subtest: uses file-specific, sleeping, wide, then default hitbox priority
    ok 2 - uses file-specific, sleeping, wide, then default hitbox priority
      ---
      duration_ms: 0.355936
      type: 'test'
      ...
    # Subtest: falls back to empty file/wide/sleeping sets when theme fields are absent
    ok 3 - falls back to empty file/wide/sleeping sets when theme fields are absent
      ---
      duration_ms: 0.356068
      type: 'test'
      ...
    1..3
ok 783 - state hitbox resolver
  ---
  duration_ms: 4.859074
  type: 'suite'
  ...
# (node:192803) ExperimentalWarning: The MockTimers API is an experimental feature and might change at any time
# (Use `node --trace-warnings ...` to show where the warning was created)
# Subtest: Kimi permission hold by session
    # Subtest: does not block other sessions from updating while pinned notification is active
    ok 1 - does not block other sessions from updating while pinned notification is active
      ---
      duration_ms: 17.189078
      type: 'test'
      ...
    # Subtest: clears only the matching session hold on terminal events
    ok 2 - clears only the matching session hold on terminal events
      ---
      duration_ms: 16.884093
      type: 'test'
      ...
    # Subtest: hold persists for tens of seconds while user thinks (no premature clear)
    ok 3 - hold persists for tens of seconds while user thinks (no premature clear)
      ---
      duration_ms: 6.081107
      type: 'test'
      ...
    # Subtest: CLAWD_KIMI_PERMISSION_MAX_MS=0 disables the safety timer entirely
    ok 4 - CLAWD_KIMI_PERMISSION_MAX_MS=0 disables the safety timer entirely
      ---
      duration_ms: 2.256047
      type: 'test'
      ...
    # Subtest: UserPromptSubmit clears the hold (Reject + tell-the-model path)
    ok 5 - UserPromptSubmit clears the hold (Reject + tell-the-model path)
      ---
      duration_ms: 2.704913
      type: 'test'
      ...
    # Subtest: StopFailure clears the hold
    ok 6 - StopFailure clears the hold
      ---
      duration_ms: 1.197307
      type: 'test'
      ...
    # Subtest: a new PreToolUse for the same session drops the previous hold
    ok 7 - a new PreToolUse for the same session drops the previous hold
      ---
      duration_ms: 1.677854
      type: 'test'
      ...
    # Subtest: shows and clears Kimi notify bubble with hold lifecycle
    ok 8 - shows and clears Kimi notify bubble with hold lifecycle
      ---
      duration_ms: 3.256611
      type: 'test'
      ...
    # Subtest: does not show duplicate Kimi notify bubble for repeated permission pulses
    ok 9 - does not show duplicate Kimi notify bubble for repeated permission pulses
      ---
      duration_ms: 2.858196
      type: 'test'
      ...
    # Subtest: clears Kimi notify bubble when clearSessionsByAgent disposes the hold
    ok 10 - clears Kimi notify bubble when clearSessionsByAgent disposes the hold
      ---
      duration_ms: 2.437362
      type: 'test'
      ...
    # Subtest: does not create a new Kimi hold while DND is active
    ok 11 - does not create a new Kimi hold while DND is active
      ---
      duration_ms: 2.19058
      type: 'test'
      ...
    # Subtest: clears existing Kimi holds when DND is enabled
    ok 12 - clears existing Kimi holds when DND is enabled
      ---
      duration_ms: 1.615161
      type: 'test'
      ...
    # Subtest: does not create a hold when Kimi permissions are disabled
    ok 13 - does not create a hold when Kimi permissions are disabled
      ---
      duration_ms: 1.792997
      type: 'test'
      ...
    # Subtest: disposeAllKimiPermissionState clears holds without triggering a state resolve
    ok 14 - disposeAllKimiPermissionState clears holds without triggering a state resolve
      ---
      duration_ms: 1.991514
      type: 'test'
      ...
    1..14
ok 784 - Kimi permission hold by session
  ---
  duration_ms: 67.388692
  type: 'suite'
  ...
# Subtest: Kimi permission suspect heuristic
    # Subtest: keeps pet on working during the suspect window (no instant flash)
    ok 1 - keeps pet on working during the suspect window (no instant flash)
      ---
      duration_ms: 2.902253
      type: 'test'
      ...
    # Subtest: auto-approved tools cancel the suspect timer (no notification flashes)
    ok 2 - auto-approved tools cancel the suspect timer (no notification flashes)
      ---
      duration_ms: 2.45399
      type: 'test'
      ...
    # Subtest: promotes to notification hold if no PostToolUse arrives in time
    ok 3 - promotes to notification hold if no PostToolUse arrives in time
      ---
      duration_ms: 3.502219
      type: 'test'
      ...
    # Subtest: PostToolUseFailure also cancels suspect (error path is treated as auto-approved)
    ok 4 - PostToolUseFailure also cancels suspect (error path is treated as auto-approved)
      ---
      duration_ms: 2.464538
      type: 'test'
      ...
    # Subtest: SessionEnd cancels any pending suspect timer
    ok 5 - SessionEnd cancels any pending suspect timer
      ---
      duration_ms: 0.962036
      type: 'test'
      ...
    1..5
ok 785 - Kimi permission suspect heuristic
  ---
  duration_ms: 12.888507
  type: 'suite'
  ...
# Subtest: Global permission animation lock
    # Subtest: forces notification as highest-priority display while Kimi permission hold is pending
    ok 1 - forces notification as highest-priority display while Kimi permission hold is pending
      ---
      duration_ms: 0.844717
      type: 'test'
      ...
    # Subtest: blocks oneshot state transitions while Kimi hold is pending
    ok 2 - blocks oneshot state transitions while Kimi hold is pending
      ---
      duration_ms: 0.884359
      type: 'test'
      ...
    # Subtest: resumes normal state resolution after Kimi hold is cleared
    ok 3 - resumes normal state resolution after Kimi hold is cleared
      ---
      duration_ms: 1.795315
      type: 'test'
      ...
    1..3
ok 786 - Global permission animation lock
  ---
  duration_ms: 3.793106
  type: 'suite'
  ...
# (node:192810) ExperimentalWarning: The MockTimers API is an experimental feature and might change at any time
# (Use `node --trace-warnings ...` to show where the warning was created)
# Subtest: updateSession: Notification hook gate
    # Subtest: mutes Notification bell + animation when the per-agent flag is off
    ok 1 - mutes Notification bell + animation when the per-agent flag is off
      ---
      duration_ms: 18.157608
      type: 'test'
      ...
    # Subtest: lets Notification events through when the per-agent flag is on
    ok 2 - lets Notification events through when the per-agent flag is on
      ---
      duration_ms: 1.672165
      type: 'test'
      ...
    # Subtest: mutes mini alert for post-completion idle Notification while keeping bookkeeping
    ok 3 - mutes mini alert for post-completion idle Notification while keeping bookkeeping
      ---
      duration_ms: 3.321484
      type: 'test'
      ...
    # Subtest: keeps standalone mini Notification alerts enabled
    ok 4 - keeps standalone mini Notification alerts enabled
      ---
      duration_ms: 1.469368
      type: 'test'
      ...
    # Subtest: restores mini Notification alerts after user activity follows completion
    ok 5 - restores mini Notification alerts after user activity follows completion
      ---
      duration_ms: 2.197343
      type: 'test'
      ...
    # Subtest: keeps post-completion Notification alerts enabled outside mini mode
    ok 6 - keeps post-completion Notification alerts enabled outside mini mode
      ---
      duration_ms: 2.312697
      type: 'test'
      ...
    # Subtest: mutes Gemini Notification bell + animation when the per-agent flag is off
    ok 7 - mutes Gemini Notification bell + animation when the per-agent flag is off
      ---
      duration_ms: 1.201208
      type: 'test'
      ...
    # Subtest: lets Gemini Notification through when the per-agent flag is on
    ok 8 - lets Gemini Notification through when the per-agent flag is on
      ---
      duration_ms: 0.901814
      type: 'test'
      ...
    # Subtest: mutes Qoder state-only permission notifications when the per-agent flag is off
    ok 9 - mutes Qoder state-only permission notifications when the per-agent flag is off
      ---
      duration_ms: 1.721386
      type: 'test'
      ...
    # Subtest: lets Qoder state-only notifications through when the per-agent flag is on
    ok 10 - lets Qoder state-only notifications through when the per-agent flag is on
      ---
      duration_ms: 1.164621
      type: 'test'
      ...
    # Subtest: mutes CodeWhale passive attention notifications when the per-agent flag is off
    ok 11 - mutes CodeWhale passive attention notifications when the per-agent flag is off
      ---
      duration_ms: 0.865398
      type: 'test'
      ...
    # Subtest: lets CodeWhale passive attention notifications through when the per-agent flag is on
    ok 12 - lets CodeWhale passive attention notifications through when the per-agent flag is on
      ---
      duration_ms: 0.710461
      type: 'test'
      ...
    # Subtest: never drops PermissionRequest events even when the flag is off
    ok 13 - never drops PermissionRequest events even when the flag is off
      ---
      duration_ms: 0.738605
      type: 'test'
      ...
    # Subtest: can mute only the Codex native PermissionRequest prompt sound
    ok 14 - can mute only the Codex native PermissionRequest prompt sound
      ---
      duration_ms: 0.741034
      type: 'test'
      ...
    # Subtest: lets Codex PermissionRequest play confirm when no mute flag is set
    ok 15 - lets Codex PermissionRequest play confirm when no mute flag is set
      ---
      duration_ms: 0.575207
      type: 'test'
      ...
    # Subtest: keeps Codex native prompt sound muted across notification auto-return
    ok 16 - keeps Codex native prompt sound muted across notification auto-return
      ---
      duration_ms: 1.847693
      type: 'test'
      ...
    # Subtest: keeps Codex native prompt sound muted through the pending min-display path
    ok 17 - keeps Codex native prompt sound muted through the pending min-display path
      ---
      duration_ms: 2.084233
      type: 'test'
      ...
    # Subtest: mutes Codex native prompt sound in mini-alert mode
    ok 18 - mutes Codex native prompt sound in mini-alert mode
      ---
      duration_ms: 0.756366
      type: 'test'
      ...
    # Subtest: keeps Codex completion sound even when native prompt sound is muted
    ok 19 - keeps Codex completion sound even when native prompt sound is muted
      ---
      duration_ms: 1.276256
      type: 'test'
      ...
    # Subtest: never drops Elicitation events even when the flag is off
    ok 20 - never drops Elicitation events even when the flag is off
      ---
      duration_ms: 0.843303
      type: 'test'
      ...
    # Subtest: lets non-Notification events through regardless of the flag
    ok 21 - lets non-Notification events through regardless of the flag
      ---
      duration_ms: 0.987233
      type: 'test'
      ...
    # Subtest: fails open when the ctx reader is missing
    ok 22 - fails open when the ctx reader is missing
      ---
      duration_ms: 0.616194
      type: 'test'
      ...
    # Subtest: uses the session's remembered agentId when the event omits it
    ok 23 - uses the session's remembered agentId when the event omits it
      ---
      duration_ms: 0.836994
      type: 'test'
      ...
    # Subtest: does not break Kimi hold-release when the flag is off
    ok 24 - does not break Kimi hold-release when the flag is off
      ---
      duration_ms: 1.273203
      type: 'test'
      ...
    1..24
ok 787 - updateSession: Notification hook gate
  ---
  duration_ms: 51.116666
  type: 'suite'
  ...
# Subtest: state-priority constants
    # Subtest: defines the public priority and state sets
    ok 1 - defines the public priority and state sets
      ---
      duration_ms: 1.747261
      type: 'test'
      ...
    # Subtest: creates fresh mutable constant copies for each state runtime
    ok 2 - creates fresh mutable constant copies for each state runtime
      ---
      duration_ms: 0.324738
      type: 'test'
      ...
    1..2
ok 788 - state-priority constants
  ---
  duration_ms: 3.566868
  type: 'suite'
  ...
# Subtest: state-priority display selection
    # Subtest: picks idle for no sessions or all-headless sessions
    ok 1 - picks idle for no sessions or all-headless sessions
      ---
      duration_ms: 0.794018
      type: 'test'
      ...
    # Subtest: picks the highest non-headless session priority and preserves tie order
    ok 2 - picks the highest non-headless session priority and preserves tie order
      ---
      duration_ms: 0.410288
      type: 'test'
      ...
    # Subtest: ignores superseded local Codex sessions that share one agent process
    ok 3 - ignores superseded local Codex sessions that share one agent process
      ---
      duration_ms: 0.466086
      type: 'test'
      ...
    # Subtest: does not dedupe Codex sessions without a local agent pid
    ok 4 - does not dedupe Codex sessions without a local agent pid
      ---
      duration_ms: 0.247635
      type: 'test'
      ...
    # Subtest: does not dedupe remote Codex sessions that happen to share an agent pid
    ok 5 - does not dedupe remote Codex sessions that happen to share an agent pid
      ---
      duration_ms: 0.326957
      type: 'test'
      ...
    # Subtest: does not let headless Codex sessions supersede an interactive root session
    ok 6 - does not let headless Codex sessions supersede an interactive root session
      ---
      duration_ms: 0.519906
      type: 'test'
      ...
    # Subtest: applies permission locks and update overlays with strict priority comparison
    ok 7 - applies permission locks and update overlays with strict priority comparison
      ---
      duration_ms: 0.523355
      type: 'test'
      ...
    # Subtest: keeps equal-priority update overlays below permission locks
    ok 8 - keeps equal-priority update overlays below permission locks
      ---
      duration_ms: 0.435873
      type: 'test'
      ...
    1..8
ok 789 - state-priority display selection
  ---
  duration_ms: 5.995753
  type: 'suite'
  ...
# Subtest: state session events
    # Subtest: pushes a rolling recent event history capped at RECENT_EVENT_LIMIT
    ok 1 - pushes a rolling recent event history capped at RECENT_EVENT_LIMIT
      ---
      duration_ms: 4.494602
      type: 'test'
      ...
    # Subtest: records event, state, timestamp, and no persisted label
    ok 2 - records event, state, timestamp, and no persisted label
      ---
      duration_ms: 0.58506
      type: 'test'
      ...
    # Subtest: picks only allowlisted hints for live display states
    ok 3 - picks only allowlisted hints for live display states
      ---
      duration_ms: 0.722039
      type: 'test'
      ...
    # Subtest: preserves, clears, or drops display hints using the original incoming semantics
    ok 4 - preserves, clears, or drops display hints using the original incoming semantics
      ---
      duration_ms: 0.353814
      type: 'test'
      ...
    1..4
ok 790 - state session events
  ---
  duration_ms: 8.73429
  type: 'suite'
  ...
# Subtest: isSessionInProgress state mapping
    # Subtest: treats persisted running states as in-progress and idle/sleeping/headless as not
    ok 1 - treats persisted running states as in-progress and idle/sleeping/headless as not
      ---
      duration_ms: 1.020436
      type: 'test'
      ...
    # Subtest: never counts headless sessions, even when active
    ok 2 - never counts headless sessions, even when active
      ---
      duration_ms: 0.332042
      type: 'test'
      ...
    # Subtest: returns false for nullish sessions
    ok 3 - returns false for nullish sessions
      ---
      duration_ms: 0.179954
      type: 'test'
      ...
    1..3
ok 791 - isSessionInProgress state mapping
  ---
  duration_ms: 3.065306
  type: 'suite'
  ...
# Subtest: state-session-snapshot badges
    # Subtest: derives running, done, interrupted, and idle badges
    ok 1 - derives running, done, interrupted, and idle badges
      ---
      duration_ms: 0.450813
      type: 'test'
      ...
    1..1
ok 792 - state-session-snapshot badges
  ---
  duration_ms: 0.72002
  type: 'suite'
  ...
# Subtest: state-session-snapshot builder
    # Subtest: builds ordered dashboard/menu groups and HUD summary with injected deps
    ok 1 - builds ordered dashboard/menu groups and HUD summary with injected deps
      ---
      duration_ms: 18.941377
      type: 'test'
      ...
    # Subtest: exposes focus target metadata for terminal and Codex Desktop sessions
    ok 2 - exposes focus target metadata for terminal and Codex Desktop sessions
      ---
      duration_ms: 1.579236
      type: 'test'
      ...
    # Subtest: downgrades Codex Desktop focus targets on Windows snapshots
    ok 3 - downgrades Codex Desktop focus targets on Windows snapshots
      ---
      duration_ms: 1.668357
      type: 'test'
      ...
    # Subtest: exposes assistant last output for completion companion consumers
    ok 4 - exposes assistant last output for completion companion consumers
      ---
      duration_ms: 0.606407
      type: 'test'
      ...
    # Subtest: does not expose focus targets for sessions hidden from the focusable UI surface
    ok 5 - does not expose focus targets for sessions hidden from the focusable UI surface
      ---
      duration_ms: 1.572017
      type: 'test'
      ...
    # Subtest: applies aliases, Codex thread names, and Kiro cwd-scoped alias keys
    ok 6 - applies aliases, Codex thread names, and Kiro cwd-scoped alias keys
      ---
      duration_ms: 1.501504
      type: 'test'
      ...
    # Subtest: includes contextUsage in snapshot entries
    ok 7 - includes contextUsage in snapshot entries
      ---
      duration_ms: 0.556822
      type: 'test'
      ...
    # Subtest: marks detached ended idle sessions hidden from HUD only when cleanup is enabled and pid is dead
    ok 8 - marks detached ended idle sessions hidden from HUD only when cleanup is enabled and pid is dead
      ---
      duration_ms: 0.668936
      type: 'test'
      ...
    # Subtest: hides older local Codex sessions that share one agent process from HUD
    ok 9 - hides older local Codex sessions that share one agent process from HUD
      ---
      duration_ms: 1.019968
      type: 'test'
      ...
    # Subtest: snapshot signatures include visible fields but ignore icon URL churn
    ok 10 - snapshot signatures include visible fields but ignore icon URL churn
      ---
      duration_ms: 1.275224
      type: 'test'
      ...
    # Subtest: entry includes requiresCompletionAck=false for normal sessions
    ok 11 - entry includes requiresCompletionAck=false for normal sessions
      ---
      duration_ms: 0.398148
      type: 'test'
      ...
    # Subtest: entry includes requiresCompletionAck=true when the session flag is set
    ok 12 - entry includes requiresCompletionAck=true when the session flag is set
      ---
      duration_ms: 0.247887
      type: 'test'
      ...
    # Subtest: ackedAt stays internal — does NOT appear in the snapshot entry
    ok 13 - ackedAt stays internal — does NOT appear in the snapshot entry
      ---
      duration_ms: 0.389584
      type: 'test'
      ...
    # Subtest: snapshot signature changes when requiresCompletionAck flips
    ok 14 - snapshot signature changes when requiresCompletionAck flips
      ---
      duration_ms: 0.303154
      type: 'test'
      ...
    1..14
ok 793 - state-session-snapshot builder
  ---
  duration_ms: 33.254961
  type: 'suite'
  ...
# Subtest: state stale cleanup decisions
    # Subtest: deletes immediately when a reachable agent pid is dead before badge checks
    ok 1 - deletes immediately when a reachable agent pid is dead before badge checks
      ---
      duration_ms: 12.160969
      type: 'test'
      ...
    # Subtest: marks a detached ended session for HUD refresh before fast deletion threshold
    ok 2 - marks a detached ended session for HUD refresh before fast deletion threshold
      ---
      duration_ms: 0.588495
      type: 'test'
      ...
    # Subtest: deletes a detached ended session after the fast deletion threshold
    ok 3 - deletes a detached ended session after the fast deletion threshold
      ---
      duration_ms: 0.568722
      type: 'test'
      ...
    # Subtest: handles full stale timeout source and reachability branches
    ok 4 - handles full stale timeout source and reachability branches
      ---
      duration_ms: 1.013151
      type: 'test'
      ...
    # Subtest: handles working stale timeout source exit and idle downgrade
    ok 5 - handles working stale timeout source exit and idle downgrade
      ---
      duration_ms: 0.733128
      type: 'test'
      ...
    # Subtest: keeps working-like state set explicit
    ok 6 - keeps working-like state set explicit
      ---
      duration_ms: 0.481367
      type: 'test'
      ...
    # Subtest: falls back to module defaults when no staleConfig provided
    ok 7 - falls back to module defaults when no staleConfig provided
      ---
      duration_ms: 0.60692
      type: 'test'
      ...
    # Subtest: honors a configured sessionStaleMs cutoff
    ok 8 - honors a configured sessionStaleMs cutoff
      ---
      duration_ms: 0.892199
      type: 'test'
      ...
    # Subtest: treats sessionStaleMs=0 as disabled — does not delete by age
    ok 9 - treats sessionStaleMs=0 as disabled — does not delete by age
      ---
      duration_ms: 1.074709
      type: 'test'
      ...
    # Subtest: honors a configured workingStaleMs floor
    ok 10 - honors a configured workingStaleMs floor
      ---
      duration_ms: 1.266584
      type: 'test'
      ...
    # Subtest: keeps local Codex working through the default short stale windows
    ok 11 - keeps local Codex working through the default short stale windows
      ---
      duration_ms: 0.426975
      type: 'test'
      ...
    # Subtest: still downgrades local Codex working after the Codex floor expires
    ok 12 - still downgrades local Codex working after the Codex floor expires
      ---
      duration_ms: 0.443435
      type: 'test'
      ...
    # Subtest: does not extend remote Codex working sessions
    ok 13 - does not extend remote Codex working sessions
      ---
      duration_ms: 0.391602
      type: 'test'
      ...
    # Subtest: honors a configured detachedIdleStaleMs cutoff
    ok 14 - honors a configured detachedIdleStaleMs cutoff
      ---
      duration_ms: 0.465665
      type: 'test'
      ...
    # Subtest: ignores non-finite staleConfig fields and falls back to defaults
    ok 15 - ignores non-finite staleConfig fields and falls back to defaults
      ---
      duration_ms: 0.405259
      type: 'test'
      ...
    # Subtest: un-acked remote session with old updatedAt still deletes (regression: referenceTs falls back to updatedAt)
    ok 16 - un-acked remote session with old updatedAt still deletes (regression: referenceTs falls back to updatedAt)
      ---
      duration_ms: 0.376178
      type: 'test'
      ...
    # Subtest: acked session age uses Math.max(updatedAt, ackedAt) globally (not just inside ack-pending branch)
    ok 17 - acked session age uses Math.max(updatedAt, ackedAt) globally (not just inside ack-pending branch)
      ---
      duration_ms: 0.383408
      type: 'test'
      ...
    # Subtest: requiresCompletionAck within the session timeout is kept (done badge stays visible)
    ok 18 - requiresCompletionAck within the session timeout is kept (done badge stays visible)
      ---
      duration_ms: 0.338072
      type: 'test'
      ...
    # Subtest: requiresCompletionAck no longer holds a remote session past the session timeout
    ok 19 - requiresCompletionAck no longer holds a remote session past the session timeout
      ---
      duration_ms: 0.327281
      type: 'test'
      ...
    # Subtest: requiresCompletionAck with sessionStaleMs=0 is kept forever, like a normal idle session
    ok 20 - requiresCompletionAck with sessionStaleMs=0 is kept forever, like a normal idle session
      ---
      duration_ms: 6.298114
      type: 'test'
      ...
    # Subtest: agent-exit wins over requiresCompletionAck
    ok 21 - agent-exit wins over requiresCompletionAck
      ---
      duration_ms: 0.296254
      type: 'test'
      ...
    1..21
ok 794 - state stale cleanup decisions
  ---
  duration_ms: 35.693967
  type: 'suite'
  ...
# Subtest: detectRunningAgentProcesses() agent coverage
    # Subtest: includes agy.exe, kimi.exe, and pi.exe in the Windows PowerShell process query
    ok 1 - includes agy.exe, kimi.exe, and pi.exe in the Windows PowerShell process query
      ---
      duration_ms: 12.399441
      type: 'test'
      ...
    # Subtest: includes agy, kimi, and Pi package markers in macOS/Linux pgrep query
    ok 2 - includes agy, kimi, and Pi package markers in macOS/Linux pgrep query
      ---
      duration_ms: 0.986217
      type: 'test'
      ...
    1..2
ok 795 - detectRunningAgentProcesses() agent coverage
  ---
  duration_ms: 14.910134
  type: 'suite'
  ...
# Subtest: state-visual-resolver bindings
    # Subtest: builds bindings from state bindings, theme states, and mini mode states
    ok 1 - builds bindings from state bindings, theme states, and mini mode states
      ---
      duration_ms: 2.070414
      type: 'test'
      ...
    # Subtest: resolves direct files, fallback chains, cycles, and idle fallback
    ok 2 - resolves direct files, fallback chains, cycles, and idle fallback
      ---
      duration_ms: 0.405433
      type: 'test'
      ...
    # Subtest: keeps pickStateFile random selection injectable
    ok 3 - keeps pickStateFile random selection injectable
      ---
      duration_ms: 0.404073
      type: 'test'
      ...
    1..3
ok 796 - state-visual-resolver bindings
  ---
  duration_ms: 4.259856
  type: 'suite'
  ...
# Subtest: state-visual-resolver SVG overrides
    # Subtest: counts active working sessions and selects tiered files
    ok 1 - counts active working sessions and selects tiered files
      ---
      duration_ms: 0.477812
      type: 'test'
      ...
    # Subtest: uses the most recently updated display hint and ignores headless sessions
    ok 2 - uses the most recently updated display hint and ignores headless sessions
      ---
      duration_ms: 0.404743
      type: 'test'
      ...
    # Subtest: resolves update, idle, working, juggling, thinking, and null overrides
    ok 3 - resolves update, idle, working, juggling, thinking, and null overrides
      ---
      duration_ms: 0.526238
      type: 'test'
      ...
    1..3
ok 797 - state-visual-resolver SVG overrides
  ---
  duration_ms: 1.791912
  type: 'suite'
  ...
# (node:192858) ExperimentalWarning: The MockTimers API is an experimental feature and might change at any time
# (Use `node --trace-warnings ...` to show where the warning was created)
# Subtest: resolveDisplayState()
    # Subtest: no sessions → idle
    ok 1 - no sessions → idle
      ---
      duration_ms: 10.579769
      type: 'test'
      ...
    # Subtest: single working session → working
    ok 2 - single working session → working
      ---
      duration_ms: 1.098342
      type: 'test'
      ...
    # Subtest: picks highest priority: working(3) vs error(8) → error
    ok 3 - picks highest priority: working(3) vs error(8) → error
      ---
      duration_ms: 0.97624
      type: 'test'
      ...
    # Subtest: headless sessions excluded from priority
    ok 4 - headless sessions excluded from priority
      ---
      duration_ms: 1.156721
      type: 'test'
      ...
    # Subtest: all headless → idle
    ok 5 - all headless → idle
      ---
      duration_ms: 0.702192
      type: 'test'
      ...
    # Subtest: full priority ordering
    ok 6 - full priority ordering
      ---
      duration_ms: 0.904923
      type: 'test'
      ...
    # Subtest: update visual overlay wins over session display state until cleared
    ok 7 - update visual overlay wins over session display state until cleared
      ---
      duration_ms: 1.18189
      type: 'test'
      ...
    # Subtest: checking overlay falls back to the theme thinking visual when no update override is declared
    ok 8 - checking overlay falls back to the theme thinking visual when no update override is declared
      ---
      duration_ms: 4.421172
      type: 'test'
      ...
    # Subtest: refreshes the active checking update visual override when the theme changes
    ok 9 - refreshes the active checking update visual override when the theme changes
      ---
      duration_ms: 1.095898
      type: 'test'
      ...
    # Subtest: update overlay does not override higher-priority agent states
    ok 10 - update overlay does not override higher-priority agent states
      ---
      duration_ms: 0.656075
      type: 'test'
      ...
    # Subtest: checking overlay does not override an active Kimi permission lock
    ok 11 - checking overlay does not override an active Kimi permission lock
      ---
      duration_ms: 3.354281
      type: 'test'
      ...
    # Subtest: update overlay wins when no sessions exist
    ok 12 - update overlay wins when no sessions exist
      ---
      duration_ms: 0.503095
      type: 'test'
      ...
    1..12
ok 798 - resolveDisplayState()
  ---
  duration_ms: 28.927527
  type: 'suite'
  ...
# Subtest: setState() debounce
    # Subtest: first setState → immediate applyState
    ok 1 - first setState → immediate applyState
      ---
      duration_ms: 1.858228
      type: 'test'
      ...
    # Subtest: during MIN_DISPLAY_MS → deferred
    ok 2 - during MIN_DISPLAY_MS → deferred
      ---
      duration_ms: 0.781999
      type: 'test'
      ...
    # Subtest: pending fires after MIN_DISPLAY_MS elapsed
    ok 3 - pending fires after MIN_DISPLAY_MS elapsed
      ---
      duration_ms: 0.778559
      type: 'test'
      ...
    # Subtest: higher priority overrides pending
    ok 4 - higher priority overrides pending
      ---
      duration_ms: 0.975825
      type: 'test'
      ...
    # Subtest: lower priority cannot override pending
    ok 5 - lower priority cannot override pending
      ---
      duration_ms: 0.885131
      type: 'test'
      ...
    # Subtest: DND → setState is no-op
    ok 6 - DND → setState is no-op
      ---
      duration_ms: 0.539611
      type: 'test'
      ...
    # Subtest: miniTransitioning → applyState rejects non-mini states
    ok 7 - miniTransitioning → applyState rejects non-mini states
      ---
      duration_ms: 0.623949
      type: 'test'
      ...
    # Subtest: already in sleep sequence → rejects yawning
    ok 8 - already in sleep sequence → rejects yawning
      ---
      duration_ms: 0.608474
      type: 'test'
      ...
    1..8
ok 799 - setState() debounce
  ---
  duration_ms: 7.686955
  type: 'suite'
  ...
# Subtest: working sub-animations
    # Subtest: 1 working session → typing SVG
    ok 1 - 1 working session → typing SVG
      ---
      duration_ms: 2.308773
      type: 'test'
      ...
    # Subtest: 2 working sessions → headphones groove SVG
    ok 2 - 2 working sessions → headphones groove SVG
      ---
      duration_ms: 0.357933
      type: 'test'
      ...
    # Subtest: 3+ working sessions → building SVG
    ok 3 - 3+ working sessions → building SVG
      ---
      duration_ms: 0.37977
      type: 'test'
      ...
    # Subtest: 1 juggling session → headphones groove SVG
    ok 4 - 1 juggling session → headphones groove SVG
      ---
      duration_ms: 0.500806
      type: 'test'
      ...
    # Subtest: 2+ juggling sessions → three-ball juggling SVG
    ok 5 - 2+ juggling sessions → three-ball juggling SVG
      ---
      duration_ms: 0.394846
      type: 'test'
      ...
    # Subtest: idle → follow SVG
    ok 6 - idle → follow SVG
      ---
      duration_ms: 0.305976
      type: 'test'
      ...
    1..6
ok 800 - working sub-animations
  ---
  duration_ms: 4.538025
  type: 'suite'
  ...
# Subtest: hitbox selection
    # Subtest: uses a file-specific hitbox for the displayed SVG
    ok 1 - uses a file-specific hitbox for the displayed SVG
      ---
      duration_ms: 1.5131
      type: 'test'
      ...
    # Subtest: keeps wide/default fallback when no file-specific hitbox exists
    ok 2 - keeps wide/default fallback when no file-specific hitbox exists
      ---
      duration_ms: 0.572336
      type: 'test'
      ...
    1..2
ok 801 - hitbox selection
  ---
  duration_ms: 2.214208
  type: 'suite'
  ...
# Subtest: visual fallback resolution
    # Subtest: keeps the logical state while resolving visuals through fallbackTo
    ok 1 - keeps the logical state while resolving visuals through fallbackTo
      ---
      duration_ms: 1.29241
      type: 'test'
      ...
    1..1
ok 802 - visual fallback resolution
  ---
  duration_ms: 1.394364
  type: 'suite'
  ...
# Subtest: mini mode working routing
    # Subtest: theme defines mini-working → working routes to mini-working
    ok 1 - theme defines mini-working → working routes to mini-working
      ---
      duration_ms: 0.697972
      type: 'test'
      ...
    # Subtest: theme lacks mini-working → working stays on current mini state
    ok 2 - theme lacks mini-working → working stays on current mini state
      ---
      duration_ms: 0.765584
      type: 'test'
      ...
    1..2
ok 803 - mini mode working routing
  ---
  duration_ms: 1.602662
  type: 'suite'
  ...
# Subtest: sleep sequence
    # Subtest: yawning → 3s → dozing (non-DND)
    ok 1 - yawning → 3s → dozing (non-DND)
      ---
      duration_ms: 0.648887
      type: 'test'
      ...
    # Subtest: yawning → 3s → collapsing (DND)
    ok 2 - yawning → 3s → collapsing (DND)
      ---
      duration_ms: 0.454436
      type: 'test'
      ...
    # Subtest: collapsing has no auto-return timer
    ok 3 - collapsing has no auto-return timer
      ---
      duration_ms: 0.556181
      type: 'test'
      ...
    # Subtest: waking → 1.5s → resolveDisplayState (idle when no sessions)
    ok 4 - waking → 1.5s → resolveDisplayState (idle when no sessions)
      ---
      duration_ms: 3.399725
      type: 'test'
      ...
    # Subtest: waking → 1.5s → restores working if active session exists
    ok 5 - waking → 1.5s → restores working if active session exists
      ---
      duration_ms: 0.893857
      type: 'test'
      ...
    1..5
ok 804 - sleep sequence
  ---
  duration_ms: 6.295712
  type: 'suite'
  ...
# Subtest: wake poll behavior
    # Subtest: dozing + mouse move → wake-from-doze + 350ms → idle
    ok 1 - dozing + mouse move → wake-from-doze + 350ms → idle
      ---
      duration_ms: 0.970403
      type: 'test'
      ...
    # Subtest: collapsing + mouse move → waking
    ok 2 - collapsing + mouse move → waking
      ---
      duration_ms: 0.551563
      type: 'test'
      ...
    # Subtest: sleeping + mouse move → waking
    ok 3 - sleeping + mouse move → waking
      ---
      duration_ms: 0.691849
      type: 'test'
      ...
    # Subtest: direct sleep without waking art returns straight to idle on mouse move
    ok 4 - direct sleep without waking art returns straight to idle on mouse move
      ---
      duration_ms: 1.005073
      type: 'test'
      ...
    # Subtest: dozing + still > DEEP_SLEEP_TIMEOUT → collapsing
    ok 5 - dozing + still > DEEP_SLEEP_TIMEOUT → collapsing
      ---
      duration_ms: 0.518389
      type: 'test'
      ...
    # Subtest: keeps the wake cursor baseline when state changes mid-poll
    ok 6 - keeps the wake cursor baseline when state changes mid-poll
      ---
      duration_ms: 0.412238
      type: 'test'
      ...
    # Subtest: cleanup clears a pending wake-poll start before it samples the cursor
    ok 7 - cleanup clears a pending wake-poll start before it samples the cursor
      ---
      duration_ms: 0.641247
      type: 'test'
      ...
    # Subtest: DND clears a pending wake-poll start before it samples the cursor
    ok 8 - DND clears a pending wake-poll start before it samples the cursor
      ---
      duration_ms: 0.772274
      type: 'test'
      ...
    1..8
ok 805 - wake poll behavior
  ---
  duration_ms: 6.026179
  type: 'suite'
  ...
# Subtest: cleanStaleSessions()
    # Subtest: agentPid dead → delete session
    ok 1 - agentPid dead → delete session
      ---
      duration_ms: 1.324898
      type: 'test'
      ...
    # Subtest: agentPid alive + sourcePid dead + stale → delete
    ok 2 - agentPid alive + sourcePid dead + stale → delete
      ---
      duration_ms: 0.829813
      type: 'test'
      ...
    # Subtest: agentPid alive + sourcePid alive + working > WORKING_STALE_MS → downgrade to idle
    ok 3 - agentPid alive + sourcePid alive + working > WORKING_STALE_MS → downgrade to idle
      ---
      duration_ms: 1.66891
      type: 'test'
      ...
    # Subtest: pidReachable false + stale → delete
    ok 4 - pidReachable false + stale → delete
      ---
      duration_ms: 0.435625
      type: 'test'
      ...
    # Subtest: detached ended idle session expires quickly when auto-clear is enabled
    ok 5 - detached ended idle session expires quickly when auto-clear is enabled
      ---
      duration_ms: 1.262605
      type: 'test'
      ...
    # Subtest: detached idle session stays by default before normal stale cleanup
    ok 6 - detached idle session stays by default before normal stale cleanup
      ---
      duration_ms: 0.509012
      type: 'test'
      ...
    # Subtest: broadcasts HUD-hidden state before deleting detached ended session
    ok 7 - broadcasts HUD-hidden state before deleting detached ended session
      ---
      duration_ms: 1.815591
      type: 'test'
      ...
    # Subtest: detached idle session without an ended badge does not auto-clear
    ok 8 - detached idle session without an ended badge does not auto-clear
      ---
      duration_ms: 0.435516
      type: 'test'
      ...
    # Subtest: detached ended session does not auto-clear when pid reachability was never confirmed
    ok 9 - detached ended session does not auto-clear when pid reachability was never confirmed
      ---
      duration_ms: 0.394588
      type: 'test'
      ...
    # Subtest: detached ended Kimi auto-clear disposes notification state
    ok 10 - detached ended Kimi auto-clear disposes notification state
      ---
      duration_ms: 1.85245
      type: 'test'
      ...
    # Subtest: last non-headless deleted → returns to idle
    ok 11 - last non-headless deleted → returns to idle
      ---
      duration_ms: 0.890397
      type: 'test'
      ...
    # Subtest: all headless deleted → idle (not yawning)
    ok 12 - all headless deleted → idle (not yawning)
      ---
      duration_ms: 0.821027
      type: 'test'
      ...
    # Subtest: headless session deleted does not trigger yawning
    ok 13 - headless session deleted does not trigger yawning
      ---
      duration_ms: 0.795904
      type: 'test'
      ...
    1..13
ok 806 - cleanStaleSessions()
  ---
  duration_ms: 13.878169
  type: 'suite'
  ...
# Subtest: updateSession()
    # Subtest: new session_id → creates session
    ok 1 - new session_id → creates session
      ---
      duration_ms: 2.21653
      type: 'test'
      ...
    # Subtest: existing session_id → updates state and timestamp
    ok 2 - existing session_id → updates state and timestamp
      ---
      duration_ms: 0.925051
      type: 'test'
      ...
    # Subtest: defaulted Claude attribution does not overwrite a remembered agent id
    ok 3 - defaulted Claude attribution does not overwrite a remembered agent id
      ---
      duration_ms: 1.143478
      type: 'test'
      ...
    # Subtest: explicit attribution can replace a remembered agent id for a reused session id
    ok 4 - explicit attribution can replace a remembered agent id for a reused session id
      ---
      duration_ms: 1.395594
      type: 'test'
      ...
    # Subtest: defaulted Claude attribution is still used for new legacy sessions
    ok 5 - defaulted Claude attribution is still used for new legacy sessions
      ---
      duration_ms: 0.690535
      type: 'test'
      ...
    # Subtest: opencode namespaced ids do not collide with bare Claude session ids
    ok 6 - opencode namespaced ids do not collide with bare Claude session ids
      ---
      duration_ms: 14.460534
      type: 'test'
      ...
    # Subtest: juggling + working (non-SubagentStop) → keeps juggling
    ok 7 - juggling + working (non-SubagentStop) → keeps juggling
      ---
      duration_ms: 1.158165
      type: 'test'
      ...
    # Subtest: working + SubagentStart + SubagentStop → restores working
    ok 8 - working + SubagentStart + SubagentStop → restores working
      ---
      duration_ms: 0.941743
      type: 'test'
      ...
    # Subtest: subagent-only session is removed on SubagentStop
    ok 9 - subagent-only session is removed on SubagentStop
      ---
      duration_ms: 0.885678
      type: 'test'
      ...
    # Subtest: late SubagentStop without tracked session is ignored
    ok 10 - late SubagentStop without tracked session is ignored
      ---
      duration_ms: 0.570777
      type: 'test'
      ...
    # Subtest: SessionEnd → deletes session
    ok 11 - SessionEnd → deletes session
      ---
      duration_ms: 4.111187
      type: 'test'
      ...
    # Subtest: dismissSession removes only Clawd bookkeeping for that session
    ok 12 - dismissSession removes only Clawd bookkeeping for that session
      ---
      duration_ms: 0.803341
      type: 'test'
      ...
    # Subtest: PermissionRequest → notification state, no session creation
    ok 13 - PermissionRequest → notification state, no session creation
      ---
      duration_ms: 0.422801
      type: 'test'
      ...
    # Subtest: Codex PermissionRequest persists focus metadata for snapshots
    ok 14 - Codex PermissionRequest persists focus metadata for snapshots
      ---
      duration_ms: 1.557448
      type: 'test'
      ...
    # Subtest: Codex Desktop focus metadata downgrades on Windows
    ok 15 - Codex Desktop focus metadata downgrades on Windows
      ---
      duration_ms: 5.583291
      type: 'test'
      ...
    # Subtest: keeps wtHwnd sticky when later events do not provide one
    ok 16 - keeps wtHwnd sticky when later events do not provide one
      ---
      duration_ms: 0.743045
      type: 'test'
      ...
    # Subtest: keeps Ghostty terminal id sticky and allows focus-only metadata updates
    ok 17 - keeps Ghostty terminal id sticky and allows focus-only metadata updates
      ---
      duration_ms: 1.172804
      type: 'test'
      ...
    # Subtest: Codex PermissionRequest focus metadata respects the session cap
    ok 18 - Codex PermissionRequest focus metadata respects the session cap
      ---
      duration_ms: 5.801068
      type: 'test'
      ...
    # Subtest: Codex PermissionRequest without an existing session does not persist notification
    ok 19 - Codex PermissionRequest without an existing session does not persist notification
      ---
      duration_ms: 0.899014
      type: 'test'
      ...
    # Subtest: Codex transient PermissionRequest preserves focus without keeping a waiting tail
    ok 20 - Codex transient PermissionRequest preserves focus without keeping a waiting tail
      ---
      duration_ms: 1.328543
      type: 'test'
      ...
    # Subtest: stores one-shot visuals as idle while permission prompts preserve active work
    ok 21 - stores one-shot visuals as idle while permission prompts preserve active work
      ---
      duration_ms: 1.341748
      type: 'test'
      ...
    # Subtest: clearPermissionNotification releases a persisted notification session immediately
    ok 22 - clearPermissionNotification releases a persisted notification session immediately
      ---
      duration_ms: 0.935874
      type: 'test'
      ...
    # Subtest: clearPermissionNotification removes a resolved PermissionRequest tail event
    ok 23 - clearPermissionNotification removes a resolved PermissionRequest tail event
      ---
      duration_ms: 1.132886
      type: 'test'
      ...
    # Subtest: clearPermissionNotification restores Codex work state after stale idle downgrade
    ok 24 - clearPermissionNotification restores Codex work state after stale idle downgrade
      ---
      duration_ms: 0.735024
      type: 'test'
      ...
    # Subtest: clearPermissionNotification keeps the tail while another permission is pending
    ok 25 - clearPermissionNotification keeps the tail while another permission is pending
      ---
      duration_ms: 0.553076
      type: 'test'
      ...
    # Subtest: clearPermissionNotification also strips a resolved remote Codex tail
    ok 26 - clearPermissionNotification also strips a resolved remote Codex tail
      ---
      duration_ms: 0.664438
      type: 'test'
      ...
    # Subtest: SessionEnd + sweeping → plays sweeping even with other active sessions
    ok 27 - SessionEnd + sweeping → plays sweeping even with other active sessions
      ---
      duration_ms: 10.003758
      type: 'test'
      ...
    # Subtest: SessionEnd + last non-headless → idle
    ok 28 - SessionEnd + last non-headless → idle
      ---
      duration_ms: 0.580557
      type: 'test'
      ...
    # Subtest: headless session does not affect resolveDisplayState
    ok 29 - headless session does not affect resolveDisplayState
      ---
      duration_ms: 0.627761
      type: 'test'
      ...
    # Subtest: session count > MAX_SESSIONS(20) → evicts oldest
    ok 30 - session count > MAX_SESSIONS(20) → evicts oldest
      ---
      duration_ms: 5.56439
      type: 'test'
      ...
    # Subtest: startupRecoveryActive cleared on first updateSession
    ok 31 - startupRecoveryActive cleared on first updateSession
      ---
      duration_ms: 0.611838
      type: 'test'
      ...
    # Subtest: includes hookSource in session debug logs
    ok 32 - includes hookSource in session debug logs
      ---
      duration_ms: 0.90126
      type: 'test'
      ...
    # Subtest: Codex Stop schedules an exit probe and deletes when agentPid exits
    ok 33 - Codex Stop schedules an exit probe and deletes when agentPid exits
      ---
      duration_ms: 1.947554
      type: 'test'
      ...
    # Subtest: Codex exit probe keeps the session when agentPid stays alive
    ok 34 - Codex exit probe keeps the session when agentPid stays alive
      ---
      duration_ms: 0.982237
      type: 'test'
      ...
    # Subtest: Codex exit probe cancels when new activity arrives
    ok 35 - Codex exit probe cancels when new activity arrives
      ---
      duration_ms: 2.621622
      type: 'test'
      ...
    # Subtest: upgrades pidReachable when later Codex hooks provide a live pid
    ok 36 - upgrades pidReachable when later Codex hooks provide a live pid
      ---
      duration_ms: 0.981501
      type: 'test'
      ...
    # Subtest: attention is oneshot — stored as idle in session
    ok 37 - attention is oneshot — stored as idle in session
      ---
      duration_ms: 0.540842
      type: 'test'
      ...
    # Subtest: does not replay the completion animation for a duplicate Stop without progress
    ok 38 - does not replay the completion animation for a duplicate Stop without progress
      ---
      duration_ms: 1.226317
      type: 'test'
      ...
    # Subtest: Codex Stop followed by token_count and task_complete still auto-returns from attention
    ok 39 - Codex Stop followed by token_count and task_complete still auto-returns from attention
      ---
      duration_ms: 1.858475
      type: 'test'
      ...
    # Subtest: does not replay remote Codex task_complete after the completion animation returned to idle
    ok 40 - does not replay remote Codex task_complete after the completion animation returned to idle
      ---
      duration_ms: 1.669055
      type: 'test'
      ...
    # Subtest: still plays completion after new progress follows a completed turn
    ok 41 - still plays completion after new progress follows a completed turn
      ---
      duration_ms: 1.208015
      type: 'test'
      ...
    # Subtest: SessionEnd + other non-headless sessions → resolves to highest
    ok 42 - SessionEnd + other non-headless sessions → resolves to highest
      ---
      duration_ms: 8.549404
      type: 'test'
      ...
    # Subtest: stores sessionTitle from updateSession positional arg
    ok 43 - stores sessionTitle from updateSession positional arg
      ---
      duration_ms: 0.803135
      type: 'test'
      ...
    # Subtest: stores optional platform and model metadata
    ok 44 - stores optional platform and model metadata
      ---
      duration_ms: 4.201132
      type: 'test'
      ...
    # Subtest: stores contextUsage from updateSession opts
    ok 45 - stores contextUsage from updateSession opts
      ---
      duration_ms: 0.704375
      type: 'test'
      ...
    # Subtest: keeps contextUsage sticky when later events omit it
    ok 46 - keeps contextUsage sticky when later events omit it
      ---
      duration_ms: 0.754985
      type: 'test'
      ...
    # Subtest: updates contextUsage without changing state when preserveState is true
    ok 47 - updates contextUsage without changing state when preserveState is true
      ---
      duration_ms: 1.475864
      type: 'test'
      ...
    # Subtest: trims whitespace on sessionTitle
    ok 48 - trims whitespace on sessionTitle
      ---
      duration_ms: 0.714878
      type: 'test'
      ...
    # Subtest: strips control characters and truncates long sessionTitle values
    ok 49 - strips control characters and truncates long sessionTitle values
      ---
      duration_ms: 3.75385
      type: 'test'
      ...
    # Subtest: sticky sessionTitle: follow-up events without title keep existing
    ok 50 - sticky sessionTitle: follow-up events without title keep existing
      ---
      duration_ms: 0.575617
      type: 'test'
      ...
    # Subtest: sticky sessionTitle: empty string does not clear existing title
    ok 51 - sticky sessionTitle: empty string does not clear existing title
      ---
      duration_ms: 0.705965
      type: 'test'
      ...
    # Subtest: sticky sessionTitle: whitespace-only input does not clear existing title
    ok 52 - sticky sessionTitle: whitespace-only input does not clear existing title
      ---
      duration_ms: 0.554032
      type: 'test'
      ...
    # Subtest: sessionTitle can be updated to a new non-empty value
    ok 53 - sessionTitle can be updated to a new non-empty value
      ---
      duration_ms: 0.854973
      type: 'test'
      ...
    # Subtest: new session with no sessionTitle has null field
    ok 54 - new session with no sessionTitle has null field
      ---
      duration_ms: 0.404185
      type: 'test'
      ...
    1..54
ok 807 - updateSession()
  ---
  duration_ms: 110.212604
  type: 'suite'
  ...
# Subtest: recentEvents tracking
    # Subtest: pushes events in order, capped at 8 (RECENT_EVENT_LIMIT)
    ok 1 - pushes events in order, capped at 8 (RECENT_EVENT_LIMIT)
      ---
      duration_ms: 1.409438
      type: 'test'
      ...
    # Subtest: does not store an i18n label on events (derived at render time)
    ok 2 - does not store an i18n label on events (derived at render time)
      ---
      duration_ms: 0.407065
      type: 'test'
      ...
    # Subtest: records state + event + at timestamp on each entry
    ok 3 - records state + event + at timestamp on each entry
      ---
      duration_ms: 0.392556
      type: 'test'
      ...
    # Subtest: recentEvents survives across multiple updates to the same session
    ok 4 - recentEvents survives across multiple updates to the same session
      ---
      duration_ms: 0.763775
      type: 'test'
      ...
    # Subtest: updates recentEvents when an existing session receives a oneshot error
    ok 5 - updates recentEvents when an existing session receives a oneshot error
      ---
      duration_ms: 1.374415
      type: 'test'
      ...
    # Subtest: handles null event as null (not crash, not skipped)
    ok 6 - handles null event as null (not crash, not skipped)
      ---
      duration_ms: 0.874033
      type: 'test'
      ...
    # Subtest: records Gemini PreCompress without changing the active session state
    ok 7 - records Gemini PreCompress without changing the active session state
      ---
      duration_ms: 0.583249
      type: 'test'
      ...
    # Subtest: keeps the pet display state on Gemini PreCompress while exposing the event in session snapshots
    ok 8 - keeps the pet display state on Gemini PreCompress while exposing the event in session snapshots
      ---
      duration_ms: 0.953956
      type: 'test'
      ...
    # Subtest: returns Gemini sessions to idle on AfterAgent without marking them done
    ok 9 - returns Gemini sessions to idle on AfterAgent without marking them done
      ---
      duration_ms: 0.53901
      type: 'test'
      ...
    1..9
ok 808 - recentEvents tracking
  ---
  duration_ms: 7.885618
  type: 'suite'
  ...
# Subtest: buildSessionSnapshot
    # Subtest: returns a JSON-serializable empty snapshot
    ok 1 - returns a JSON-serializable empty snapshot
      ---
      duration_ms: 0.767519
      type: 'test'
      ...
    # Subtest: builds renderer-safe fields, groups, and both dashboard/menu orderings
    ok 2 - builds renderer-safe fields, groups, and both dashboard/menu orderings
      ---
      duration_ms: 0.878168
      type: 'test'
      ...
    # Subtest: keeps headless sessions in Dashboard data but excludes them from HUD aggregates
    ok 3 - keeps headless sessions in Dashboard data but excludes them from HUD aggregates
      ---
      duration_ms: 0.700105
      type: 'test'
      ...
    # Subtest: keeps done idle interactive sessions in HUD aggregates
    ok 4 - keeps done idle interactive sessions in HUD aggregates
      ---
      duration_ms: 0.720792
      type: 'test'
      ...
    # Subtest: dedupes local Codex sessions that share one agent process across display and HUD
    ok 5 - dedupes local Codex sessions that share one agent process across display and HUD
      ---
      duration_ms: 0.695702
      type: 'test'
      ...
    # Subtest: hides detached ended idle sessions from HUD aggregates when auto-clear is enabled and source is dead
    ok 6 - hides detached ended idle sessions from HUD aggregates when auto-clear is enabled and source is dead
      ---
      duration_ms: 0.723411
      type: 'test'
      ...
    # Subtest: keeps detached idle sessions in HUD aggregates when auto-clear is enabled but badge is idle
    ok 7 - keeps detached idle sessions in HUD aggregates when auto-clear is enabled but badge is idle
      ---
      duration_ms: 0.533917
      type: 'test'
      ...
    # Subtest: keeps detached ended sessions in HUD aggregates when pid reachability is unknown
    ok 8 - keeps detached ended sessions in HUD aggregates when pid reachability is unknown
      ---
      duration_ms: 1.37546
      type: 'test'
      ...
    # Subtest: applies session aliases to displayTitle without mutating raw session fields
    ok 9 - applies session aliases to displayTitle without mutating raw session fields
      ---
      duration_ms: 0.807169
      type: 'test'
      ...
    # Subtest: uses Codex thread_name from session_index.jsonl for local session displayTitle
    ok 10 - uses Codex thread_name from session_index.jsonl for local session displayTitle
      ---
      duration_ms: 2.371396
      type: 'test'
      ...
    # Subtest: keeps session aliases scoped by host, agent, and session id
    ok 11 - keeps session aliases scoped by host, agent, and session id
      ---
      duration_ms: 0.718775
      type: 'test'
      ...
    # Subtest: scopes Kiro default-session aliases by cwd
    ok 12 - scopes Kiro default-session aliases by cwd
      ---
      duration_ms: 0.591062
      type: 'test'
      ...
    # Subtest: falls back to legacy Kiro default-session aliases when no cwd-scoped alias exists
    ok 13 - falls back to legacy Kiro default-session aliases when no cwd-scoped alias exists
      ---
      duration_ms: 0.441046
      type: 'test'
      ...
    # Subtest: prefers cwd-scoped Kiro default-session aliases over legacy aliases
    ok 14 - prefers cwd-scoped Kiro default-session aliases over legacy aliases
      ---
      duration_ms: 0.477269
      type: 'test'
      ...
    # Subtest: returns active session alias keys for all sessions including idle and headless
    ok 15 - returns active session alias keys for all sessions including idle and headless
      ---
      duration_ms: 0.555692
      type: 'test'
      ...
    1..15
ok 809 - buildSessionSnapshot
  ---
  duration_ms: 21.540609
  type: 'suite'
  ...
# Subtest: emitSessionSnapshot diff
    # Subtest: does not broadcast when only a single session updatedAt changes
    ok 1 - does not broadcast when only a single session updatedAt changes
      ---
      duration_ms: 0.515414
      type: 'test'
      ...
    # Subtest: broadcasts when updatedAt changes dashboard order and last session
    ok 2 - broadcasts when updatedAt changes dashboard order and last session
      ---
      duration_ms: 0.734883
      type: 'test'
      ...
    # Subtest: broadcasts when visible fields change, including cwd and agentId
    ok 3 - broadcasts when visible fields change, including cwd and agentId
      ---
      duration_ms: 0.64668
      type: 'test'
      ...
    1..3
ok 810 - emitSessionSnapshot diff
  ---
  duration_ms: 2.044805
  type: 'suite'
  ...
# Subtest: Stop completion gate (\#406)
    # Subtest: live background_tasks hold the Claude Stop as working — no celebrate, badge stays running
    ok 1 - live background_tasks hold the Claude Stop as working — no celebrate, badge stays running
      ---
      duration_ms: 0.846475
      type: 'test'
      ...
    # Subtest: session_crons hold the Claude Stop as working
    ok 2 - session_crons hold the Claude Stop as working
      ---
      duration_ms: 0.484758
      type: 'test'
      ...
    # Subtest: stop_hook_active (continuation) holds the Claude Stop as working
    ok 3 - stop_hook_active (continuation) holds the Claude Stop as working
      ---
      duration_ms: 0.495055
      type: 'test'
      ...
    # Subtest: debounce: a Stop followed by PreToolUse within the window never celebrates
    ok 4 - debounce: a Stop followed by PreToolUse within the window never celebrates
      ---
      duration_ms: 0.598736
      type: 'test'
      ...
    # Subtest: debounce: a quiet Stop celebrates after the window and marks the session done
    ok 5 - debounce: a quiet Stop celebrates after the window and marks the session done
      ---
      duration_ms: 0.792617
      type: 'test'
      ...
    # Subtest: debounce: a duplicate Stop after auto-return does not replay completion
    ok 6 - debounce: a duplicate Stop after auto-return does not replay completion
      ---
      duration_ms: 0.715959
      type: 'test'
      ...
    # Subtest: does not debounce non-Claude agents — a Codex Stop celebrates immediately
    ok 7 - does not debounce non-Claude agents — a Codex Stop celebrates immediately
      ---
      duration_ms: 0.651261
      type: 'test'
      ...
    # Subtest: CLAWD_COMPLETION_DEBOUNCE_MS=0 disables the debounce (immediate celebration)
    ok 8 - CLAWD_COMPLETION_DEBOUNCE_MS=0 disables the debounce (immediate celebration)
      ---
      duration_ms: 0.472426
      type: 'test'
      ...
    # Subtest: Stop then Notification within the window still records completion (badge done) (\#406 regression)
    ok 9 - Stop then Notification within the window still records completion (badge done) (\#406 regression)
      ---
      duration_ms: 0.631267
      type: 'test'
      ...
    # Subtest: liveWork-held Stop does not become a false 'done' after stale cleanup (\#406 regression)
    ok 10 - liveWork-held Stop does not become a false 'done' after stale cleanup (\#406 regression)
      ---
      duration_ms: 0.610267
      type: 'test'
      ...
    # Subtest: mini mode: a debounced Stop promotes to mini-happy after the window
    ok 11 - mini mode: a debounced Stop promotes to mini-happy after the window
      ---
      duration_ms: 0.712023
      type: 'test'
      ...
    # Subtest: promoteCompletion does not swallow another session's queued high-priority visual (\#406 regression)
    ok 12 - promoteCompletion does not swallow another session's queued high-priority visual (\#406 regression)
      ---
      duration_ms: 0.750145
      type: 'test'
      ...
    1..12
ok 811 - Stop completion gate (\#406)
  ---
  duration_ms: 8.261964
  type: 'suite'
  ...
# Subtest: Headless Stop debounce default (\#449)
    # Subtest: headless Stop is held; the orchestrator's next prompt suppresses the celebration
    ok 1 - headless Stop is held; the orchestrator's next prompt suppresses the celebration
      ---
      duration_ms: 0.838656
      type: 'test'
      ...
    # Subtest: headless Stop with a quiet window celebrates after the 2s default
    ok 2 - headless Stop with a quiet window celebrates after the 2s default
      ---
      duration_ms: 0.586839
      type: 'test'
      ...
    # Subtest: interactive (non-headless) Stop still celebrates immediately by default
    ok 3 - interactive (non-headless) Stop still celebrates immediately by default
      ---
      duration_ms: 0.435455
      type: 'test'
      ...
    # Subtest: the headless flag persists — a later Stop without the flag still debounces
    ok 4 - the headless flag persists — a later Stop without the flag still debounces
      ---
      duration_ms: 0.579977
      type: 'test'
      ...
    # Subtest: CLAWD_COMPLETION_DEBOUNCE_MS=0 disables the headless default too
    ok 5 - CLAWD_COMPLETION_DEBOUNCE_MS=0 disables the headless default too
      ---
      duration_ms: 0.555084
      type: 'test'
      ...
    # Subtest: an explicit CLAWD_COMPLETION_DEBOUNCE_MS overrides the headless default window
    ok 6 - an explicit CLAWD_COMPLETION_DEBOUNCE_MS overrides the headless default window
      ---
      duration_ms: 0.548558
      type: 'test'
      ...
    1..6
ok 812 - Headless Stop debounce default (\#449)
  ---
  duration_ms: 3.815407
  type: 'suite'
  ...
# Subtest: deriveSessionBadge
    # Subtest: returns 'running' for reachable active states
    ok 1 - returns 'running' for reachable active states
      ---
      duration_ms: 0.435472
      type: 'test'
      ...
    # Subtest: returns 'interrupted' when idle with StopFailure in recentEvents
    ok 2 - returns 'interrupted' when idle with StopFailure in recentEvents
      ---
      duration_ms: 0.602598
      type: 'test'
      ...
    # Subtest: returns 'interrupted' when idle with PostToolUseFailure in recentEvents
    ok 3 - returns 'interrupted' when idle with PostToolUseFailure in recentEvents
      ---
      duration_ms: 0.386552
      type: 'test'
      ...
    # Subtest: returns 'done' when idle with Stop in recentEvents
    ok 4 - returns 'done' when idle with Stop in recentEvents
      ---
      duration_ms: 0.235589
      type: 'test'
      ...
    # Subtest: returns 'idle' for PostCompact in recentEvents (compaction is not completion, \#406)
    ok 5 - returns 'idle' for PostCompact in recentEvents (compaction is not completion, \#406)
      ---
      duration_ms: 0.213567
      type: 'test'
      ...
    # Subtest: returns 'idle' when idle with Gemini AfterAgent in recentEvents
    ok 6 - returns 'idle' when idle with Gemini AfterAgent in recentEvents
      ---
      duration_ms: 0.302116
      type: 'test'
      ...
    # Subtest: returns 'idle' when sleeping (no tombstone, not 'exited')
    ok 7 - returns 'idle' when sleeping (no tombstone, not 'exited')
      ---
      duration_ms: 0.221461
      type: 'test'
      ...
    # Subtest: returns 'idle' when idle with no notable recentEvents
    ok 8 - returns 'idle' when idle with no notable recentEvents
      ---
      duration_ms: 0.200718
      type: 'test'
      ...
    # Subtest: uses the LATEST event for idle disambiguation
    ok 9 - uses the LATEST event for idle disambiguation
      ---
      duration_ms: 0.893664
      type: 'test'
      ...
    # Subtest: is defensive against null session
    ok 10 - is defensive against null session
      ---
      duration_ms: 0.459882
      type: 'test'
      ...
    # Subtest: is defensive against undefined session
    ok 11 - is defensive against undefined session
      ---
      duration_ms: 0.35936
      type: 'test'
      ...
    # Subtest: treats unknown non-idle state as 'running'
    ok 12 - treats unknown non-idle state as 'running'
      ---
      duration_ms: 0.260589
      type: 'test'
      ...
    # Subtest: handles missing recentEvents field (defensive)
    ok 13 - handles missing recentEvents field (defensive)
      ---
      duration_ms: 0.311616
      type: 'test'
      ...
    1..13
ok 813 - deriveSessionBadge
  ---
  duration_ms: 15.834514
  type: 'suite'
  ...
# Subtest: DND mode
    # Subtest: enableDoNotDisturb non-mini → yawning → 3s → collapsing
    ok 1 - enableDoNotDisturb non-mini → yawning → 3s → collapsing
      ---
      duration_ms: 0.687613
      type: 'test'
      ...
    # Subtest: enableDoNotDisturb uses theme-specific direct sleep transition art when provided
    ok 2 - enableDoNotDisturb uses theme-specific direct sleep transition art when provided
      ---
      duration_ms: 0.7754
      type: 'test'
      ...
    # Subtest: enableDoNotDisturb mini → mini-sleep
    ok 3 - enableDoNotDisturb mini → mini-sleep
      ---
      duration_ms: 0.481733
      type: 'test'
      ...
    # Subtest: enableDoNotDisturb direct-sleep theme → sleeping immediately
    ok 4 - enableDoNotDisturb direct-sleep theme → sleeping immediately
      ---
      duration_ms: 0.682408
      type: 'test'
      ...
    # Subtest: DND dismisses pending permissions without resolving deny
    ok 5 - DND dismisses pending permissions without resolving deny
      ---
      duration_ms: 0.994272
      type: 'test'
      ...
    # Subtest: DND clears pending and auto-return timers
    ok 6 - DND clears pending and auto-return timers
      ---
      duration_ms: 0.347526
      type: 'test'
      ...
    # Subtest: disableDoNotDisturb non-mini → waking
    ok 7 - disableDoNotDisturb non-mini → waking
      ---
      duration_ms: 0.518346
      type: 'test'
      ...
    # Subtest: disableDoNotDisturb direct-sleep theme without waking art → idle
    ok 8 - disableDoNotDisturb direct-sleep theme without waking art → idle
      ---
      duration_ms: 0.66051
      type: 'test'
      ...
    # Subtest: disableDoNotDisturb mini → mini-idle
    ok 9 - disableDoNotDisturb mini → mini-idle
      ---
      duration_ms: 0.420813
      type: 'test'
      ...
    # Subtest: DND blocks setState
    ok 10 - DND blocks setState
      ---
      duration_ms: 0.472055
      type: 'test'
      ...
    1..10
ok 814 - DND mode
  ---
  duration_ms: 6.503466
  type: 'suite'
  ...
# Subtest: refreshTheme()
    # Subtest: updates idle svg and DND sleep path after hot theme switch
    ok 1 - updates idle svg and DND sleep path after hot theme switch
      ---
      duration_ms: 0.620501
      type: 'test'
      ...
    # Subtest: uses the refreshed theme wake duration before returning from waking
    ok 2 - uses the refreshed theme wake duration before returning from waking
      ---
      duration_ms: 0.410394
      type: 'test'
      ...
    1..2
ok 815 - refreshTheme()
  ---
  duration_ms: 1.244163
  type: 'suite'
  ...
# Subtest: requiresCompletionAck lifecycle
    # Subtest: remote Codex Stop sets requiresCompletionAck=true (via finally reconciler)
    ok 1 - remote Codex Stop sets requiresCompletionAck=true (via finally reconciler)
      ---
      duration_ms: 0.764012
      type: 'test'
      ...
    # Subtest: remote Codex JSONL task_complete also sets requiresCompletionAck=true
    ok 2 - remote Codex JSONL task_complete also sets requiresCompletionAck=true
      ---
      duration_ms: 0.432603
      type: 'test'
      ...
    # Subtest: remote Codex task_complete after Stop preserves the ack flag
    ok 3 - remote Codex task_complete after Stop preserves the ack flag
      ---
      duration_ms: 0.454807
      type: 'test'
      ...
    # Subtest: remote Codex stale-cleanup preserves an unacknowledged completion
    ok 4 - remote Codex stale-cleanup preserves an unacknowledged completion
      ---
      duration_ms: 0.741372
      type: 'test'
      ...
    # Subtest: remote Codex housekeeping preserves an unacknowledged completion
    ok 5 - remote Codex housekeeping preserves an unacknowledged completion
      ---
      duration_ms: 0.835842
      type: 'test'
      ...
    # Subtest: \#414: unacknowledged remote completion is deleted by the session timeout (no 24h hold)
    ok 6 - \#414: unacknowledged remote completion is deleted by the session timeout (no 24h hold)
      ---
      duration_ms: 0.664503
      type: 'test'
      ...
    # Subtest: \#414: ack resets the idle window via ackedAt; deletion waits for a fresh timeout
    ok 7 - \#414: ack resets the idle window via ackedAt; deletion waits for a fresh timeout
      ---
      duration_ms: 0.641075
      type: 'test'
      ...
    # Subtest: remote Codex stale-cleanup alone does not create an ack requirement
    ok 8 - remote Codex stale-cleanup alone does not create an ack requirement
      ---
      duration_ms: 0.587469
      type: 'test'
      ...
    # Subtest: remote Codex activity after stale-cleanup clears the previous ack requirement
    ok 9 - remote Codex activity after stale-cleanup clears the previous ack requirement
      ---
      duration_ms: 1.047402
      type: 'test'
      ...
    # Subtest: ackSessionCompletion works after remote Codex stale-cleanup
    ok 10 - ackSessionCompletion works after remote Codex stale-cleanup
      ---
      duration_ms: 1.726915
      type: 'test'
      ...
    # Subtest: LOCAL Codex Stop does NOT set the flag (host=null)
    ok 11 - LOCAL Codex Stop does NOT set the flag (host=null)
      ---
      duration_ms: 1.536231
      type: 'test'
      ...
    # Subtest: non-codex Stop on a remote session does NOT set the flag
    ok 12 - non-codex Stop on a remote session does NOT set the flag
      ---
      duration_ms: 1.245344
      type: 'test'
      ...
    # Subtest: subsequent non-Stop event clears the flag without touching ackedAt
    ok 13 - subsequent non-Stop event clears the flag without touching ackedAt
      ---
      duration_ms: 3.655603
      type: 'test'
      ...
    # Subtest: event === null on a flagged session clears the flag (locked semantics)
    ok 14 - event === null on a flagged session clears the flag (locked semantics)
      ---
      duration_ms: 1.563297
      type: 'test'
      ...
    # Subtest: Kimi PermissionRequest early-return still reconciles the flag
    ok 15 - Kimi PermissionRequest early-return still reconciles the flag
      ---
      duration_ms: 1.819002
      type: 'test'
      ...
    # Subtest: Object.assign ONESHOT path still reconciles the flag on non-Stop events
    ok 16 - Object.assign ONESHOT path still reconciles the flag on non-Stop events
      ---
      duration_ms: 1.544089
      type: 'test'
      ...
    # Subtest: ackSessionCompletion: clears flag, sets ackedAt, returns true, forces snapshot
    ok 17 - ackSessionCompletion: clears flag, sets ackedAt, returns true, forces snapshot
      ---
      duration_ms: 1.472948
      type: 'test'
      ...
    # Subtest: ackSessionCompletion on a missing session returns false silently
    ok 18 - ackSessionCompletion on a missing session returns false silently
      ---
      duration_ms: 0.956943
      type: 'test'
      ...
    # Subtest: ackSessionCompletion on an unflagged session is an idempotent no-op
    ok 19 - ackSessionCompletion on an unflagged session is an idempotent no-op
      ---
      duration_ms: 1.461935
      type: 'test'
      ...
    1..19
ok 816 - requiresCompletionAck lifecycle
  ---
  duration_ms: 24.682298
  type: 'suite'
  ...
# Subtest: evictOldestSessionIfNeeded two-phase
    # Subtest: prefers the oldest non-ack session when capacity is hit
    ok 1 - prefers the oldest non-ack session when capacity is hit
      ---
      duration_ms: 3.355079
      type: 'test'
      ...
    # Subtest: evicts the oldest ack-pending session only when every entry is ack-pending
    ok 2 - evicts the oldest ack-pending session only when every entry is ack-pending
      ---
      duration_ms: 5.730476
      type: 'test'
      ...
    1..2
ok 817 - evictOldestSessionIfNeeded two-phase
  ---
  duration_ms: 9.422739
  type: 'suite'
  ...
# Subtest: qwen-code self-submit filter
    # Subtest: PostToolUse within window → UserPromptSubmit dropped (state/updatedAt/recentEvents untouched)
    ok 1 - PostToolUse within window → UserPromptSubmit dropped (state/updatedAt/recentEvents untouched)
      ---
      duration_ms: 2.941901
      type: 'test'
      ...
    # Subtest: UserPromptSubmit after window passes through → state switches to thinking
    ok 2 - UserPromptSubmit after window passes through → state switches to thinking
      ---
      duration_ms: 1.978707
      type: 'test'
      ...
    # Subtest: PostToolUseFailure also acts as a tool boundary (defensive — qwen 0.16.1 does not emit it, but other agents do)
    ok 3 - PostToolUseFailure also acts as a tool boundary (defensive — qwen 0.16.1 does not emit it, but other agents do)
      ---
      duration_ms: 1.760773
      type: 'test'
      ...
    # Subtest: Stop after tool boundary → next UserPromptSubmit passes through even within window
    ok 4 - Stop after tool boundary → next UserPromptSubmit passes through even within window
      ---
      duration_ms: 3.04711
      type: 'test'
      ...
    # Subtest: non-qwen agents are not filtered
    ok 5 - non-qwen agents are not filtered
      ---
      duration_ms: 2.133468
      type: 'test'
      ...
    # Subtest: kill switch CLAWD_QWEN_SELF_SUBMIT_FILTER=0 disables the filter
    ok 6 - kill switch CLAWD_QWEN_SELF_SUBMIT_FILTER=0 disables the filter
      ---
      duration_ms: 2.236311
      type: 'test'
      ...
    # Subtest: UserPromptSubmit with no prior boundary passes through (cold session)
    ok 7 - UserPromptSubmit with no prior boundary passes through (cold session)
      ---
      duration_ms: 2.402498
      type: 'test'
      ...
    # Subtest: CLAWD_QWEN_SELF_SUBMIT_WINDOW_MS override widens the window
    ok 8 - CLAWD_QWEN_SELF_SUBMIT_WINDOW_MS override widens the window
      ---
      duration_ms: 0.899733
      type: 'test'
      ...
    # Subtest: CLAWD_QWEN_SELF_SUBMIT_WINDOW_MS invalid value falls back to default 2000ms
    ok 9 - CLAWD_QWEN_SELF_SUBMIT_WINDOW_MS invalid value falls back to default 2000ms
      ---
      duration_ms: 0.947094
      type: 'test'
      ...
    # Subtest: CLAWD_QWEN_SELF_SUBMIT_WINDOW_MS out-of-range value falls back to default
    ok 10 - CLAWD_QWEN_SELF_SUBMIT_WINDOW_MS out-of-range value falls back to default
      ---
      duration_ms: 0.834075
      type: 'test'
      ...
    1..10
ok 818 - qwen-code self-submit filter
  ---
  duration_ms: 20.119266
  type: 'suite'
  ...
# Subtest: antigravity trailing PostToolUse filter
    # Subtest: drops PostToolUse that arrives after a fully-idle Stop
    ok 1 - drops PostToolUse that arrives after a fully-idle Stop
      ---
      duration_ms: 1.520183
      type: 'test'
      ...
    # Subtest: allows PostToolUse after a new user prompt starts the next turn
    ok 2 - allows PostToolUse after a new user prompt starts the next turn
      ---
      duration_ms: 1.080646
      type: 'test'
      ...
    1..2
ok 819 - antigravity trailing PostToolUse filter
  ---
  duration_ms: 2.739638
  type: 'suite'
  ...
# Subtest: taskbar helpers
    # Subtest: reasserts skipTaskbar on Windows and Linux
    ok 1 - reasserts skipTaskbar on Windows and Linux
      ---
      duration_ms: 1.125419
      type: 'test'
      ...
    # Subtest: safely ignores missing or destroyed windows
    ok 2 - safely ignores missing or destroyed windows
      ---
      duration_ms: 0.466338
      type: 'test'
      ...
    # Subtest: calls setSkipTaskbar only on supported platforms
    ok 3 - calls setSkipTaskbar only on supported platforms
      ---
      duration_ms: 0.380307
      type: 'test'
      ...
    # Subtest: uses the runtime platform for the public helper
    ok 4 - uses the runtime platform for the public helper
      ---
      duration_ms: 0.2711
      type: 'test'
      ...
    1..4
ok 820 - taskbar helpers
  ---
  duration_ms: 3.808013
  type: 'suite'
  ...
# Subtest: telegram approval client sends bearer JSON and maps allow
ok 821 - telegram approval client sends bearer JSON and maps allow
  ---
  duration_ms: 45.019176
  type: 'test'
  ...
# Subtest: telegram approval client maps timeout and HTTP errors to no-op
ok 822 - telegram approval client maps timeout and HTTP errors to no-op
  ---
  duration_ms: 17.309777
  type: 'test'
  ...
# Subtest: telegram approval client abort destroys the in-flight request
ok 823 - telegram approval client abort destroys the in-flight request
  ---
  duration_ms: 10.668014
  type: 'test'
  ...
# Subtest: telegram approval client handles connection errors as no-op
ok 824 - telegram approval client handles connection errors as no-op
  ---
  duration_ms: 4.592973
  type: 'test'
  ...
# Subtest: telegram approval client pure helpers validate payloads and endpoints
ok 825 - telegram approval client pure helpers validate payloads and endpoints
  ---
  duration_ms: 1.330156
  type: 'test'
  ...
# Subtest: native active status ignores the legacy enabled flag and sidecar stopped state
ok 826 - native active status ignores the legacy enabled flag and sidecar stopped state
  ---
  duration_ms: 5.499884
  type: 'test'
  ...
# Subtest: native active status reports native inactive instead of legacy sidecar unavailable
ok 827 - native active status reports native inactive instead of legacy sidecar unavailable
  ---
  duration_ms: 0.540198
  type: 'test'
  ...
# Subtest: native testing status carries a native reason instead of falling through to sidecar copy
ok 828 - native testing status carries a native reason instead of falling through to sidecar copy
  ---
  duration_ms: 0.350981
  type: 'test'
  ...
# Subtest: native transport setup debt uses native copy without showing as enabled
ok 829 - native transport setup debt uses native copy without showing as enabled
  ---
  duration_ms: 0.304972
  type: 'test'
  ...
# Subtest: off transport keeps the legacy disabled reason after USER_DISABLE
ok 830 - off transport keeps the legacy disabled reason after USER_DISABLE
  ---
  duration_ms: 0.803624
  type: 'test'
  ...
# Subtest: legacy runtime-failure overlay keeps the badge failed even if live sidecar is stopped
ok 831 - legacy runtime-failure overlay keeps the badge failed even if live sidecar is stopped
  ---
  duration_ms: 0.432234
  type: 'test'
  ...
# Subtest: legacy runtime overlay never forges running from a stale runtime-status
ok 832 - legacy runtime overlay never forges running from a stale runtime-status
  ---
  duration_ms: 0.349332
  type: 'test'
  ...
# Subtest: legacy runtime overlay is dropped once the owner left legacy (stale failed after disable)
ok 833 - legacy runtime overlay is dropped once the owner left legacy (stale failed after disable)
  ---
  duration_ms: 0.345214
  type: 'test'
  ...
# Subtest: native selection includes persisted native transport while excluding off
ok 834 - native selection includes persisted native transport while excluding off
  ---
  duration_ms: 0.57682
  type: 'test'
  ...
# Subtest: R2 diagnostic reports native active healthy without exposing recipient ids
ok 835 - R2 diagnostic reports native active healthy without exposing recipient ids
  ---
  duration_ms: 4.08989
  type: 'test'
  ...
# Subtest: R3 diagnostic formatter follows the Clawd language setting
ok 836 - R3 diagnostic formatter follows the Clawd language setting
  ---
  duration_ms: 1.070734
  type: 'test'
  ...
# Subtest: R3 diagnostic formatter localizes status all and falls back to English
ok 837 - R3 diagnostic formatter localizes status all and falls back to English
  ---
  duration_ms: 0.323866
  type: 'test'
  ...
# Subtest: R2 diagnostic reports native inactive when token/config are missing
ok 838 - R2 diagnostic reports native inactive when token/config are missing
  ---
  duration_ms: 0.462827
  type: 'test'
  ...
# Subtest: R2 diagnostic distinguishes off transport from legacy stopped
ok 839 - R2 diagnostic distinguishes off transport from legacy stopped
  ---
  duration_ms: 2.639527
  type: 'test'
  ...
# Subtest: R2 diagnostic reports legacy fallback without pretending native is polling
ok 840 - R2 diagnostic reports legacy fallback without pretending native is polling
  ---
  duration_ms: 0.808544
  type: 'test'
  ...
# Subtest: R2 diagnostic redacts token, Telegram ids, paths, and tool-like secrets from errors
ok 841 - R2 diagnostic redacts token, Telegram ids, paths, and tool-like secrets from errors
  ---
  duration_ms: 0.475268
  type: 'test'
  ...
# Subtest: normalizeTelegramApproval trims ids and accepts numeric chat id shorthand
ok 842 - normalizeTelegramApproval trims ids and accepts numeric chat id shorthand
  ---
  duration_ms: 6.407257
  type: 'test'
  ...
# Subtest: validateTelegramApproval permits incomplete saved config but rejects malformed ids
ok 843 - validateTelegramApproval permits incomplete saved config but rejects malformed ids
  ---
  duration_ms: 1.116782
  type: 'test'
  ...
# Subtest: normalizeTelegramApproval maps legacy tail completion output to full
ok 844 - normalizeTelegramApproval maps legacy tail completion output to full
  ---
  duration_ms: 0.626559
  type: 'test'
  ...
# Subtest: readiness blocks enabled Telegram approval until ids and token are configured
ok 845 - readiness blocks enabled Telegram approval until ids and token are configured
  ---
  duration_ms: 0.666322
  type: 'test'
  ...
# Subtest: buildBridgeConfigToml writes sidecar config without bot token fields
ok 846 - buildBridgeConfigToml writes sidecar config without bot token fields
  ---
  duration_ms: 1.377554
  type: 'test'
  ...
# Subtest: writeTokenEnvFile validates and stores token outside prefs
ok 847 - writeTokenEnvFile validates and stores token outside prefs
  ---
  duration_ms: 2.239042
  type: 'test'
  ...
# Subtest: writeTokenEnvFile tightens an existing token file on POSIX
ok 848 - writeTokenEnvFile tightens an existing token file on POSIX
  ---
  duration_ms: 1.562945
  type: 'test'
  ...
# Subtest: tokenStatus checks file presence without reading the token file
ok 849 - tokenStatus checks file presence without reading the token file
  ---
  duration_ms: 0.529187
  type: 'test'
  ...
# Subtest: maskTelegramBotToken keeps first/last 4 of the secret half and drops bot id
ok 850 - maskTelegramBotToken keeps first/last 4 of the secret half and drops bot id
  ---
  duration_ms: 0.497621
  type: 'test'
  ...
# Subtest: readMaskedBotToken returns only the masked preview, not the raw token
ok 851 - readMaskedBotToken returns only the masked preview, not the raw token
  ---
  duration_ms: 1.329987
  type: 'test'
  ...
# Subtest: readMaskedBotToken returns empty string when no token is stored
ok 852 - readMaskedBotToken returns empty string when no token is stored
  ---
  duration_ms: 1.236564
  type: 'test'
  ...
# Subtest: tokenStatus ignores process.env.CLAWD_TG_BOT_TOKEN — file is the only signal
ok 853 - tokenStatus ignores process.env.CLAWD_TG_BOT_TOKEN — file is the only signal
  ---
  duration_ms: 0.295641
  type: 'test'
  ...
# Subtest: redactionSecretsForTelegramApproval includes whole session key and numeric parts
ok 854 - redactionSecretsForTelegramApproval includes whole session key and numeric parts
  ---
  duration_ms: 0.452207
  type: 'test'
  ...
# Subtest: invariant: Clawd source never reads process.env.CLAWD_TG_BOT_TOKEN
ok 855 - invariant: Clawd source never reads process.env.CLAWD_TG_BOT_TOKEN
  ---
  duration_ms: 4.364984
  type: 'test'
  ...
# Subtest: parseHandshakeLine accepts only local sidecar handshakes
ok 856 - parseHandshakeLine accepts only local sidecar handshakes
  ---
  duration_ms: 2.695125
  type: 'test'
  ...
# Subtest: buildSidecarEnv uses an allowlist and does not inherit unrelated secrets
ok 857 - buildSidecarEnv uses an allowlist and does not inherit unrelated secrets
  ---
  duration_ms: 0.589834
  type: 'test'
  ...
# Subtest: buildSidecarEnv ignores any botToken option — token must come from the env-file
ok 858 - buildSidecarEnv ignores any botToken option — token must come from the env-file
  ---
  duration_ms: 0.296251
  type: 'test'
  ...
# Subtest: sidecar manager parses handshake and creates a client
ok 859 - sidecar manager parses handshake and creates a client
  ---
  duration_ms: 2.119389
  type: 'test'
  ...
# Subtest: sidecar manager times out malformed startup and kills child
ok 860 - sidecar manager times out malformed startup and kills child
  ---
  duration_ms: 12.213098
  type: 'test'
  ...
# Subtest: sidecar manager redacts stderr before logging
ok 861 - sidecar manager redacts stderr before logging
  ---
  duration_ms: 1.231468
  type: 'test'
  ...
# Subtest: sidecar manager redacts stderr tokens that span chunk boundaries
ok 862 - sidecar manager redacts stderr tokens that span chunk boundaries
  ---
  duration_ms: 0.610618
  type: 'test'
  ...
# Subtest: sidecar manager flushes any trailing partial stderr line on exit
ok 863 - sidecar manager flushes any trailing partial stderr line on exit
  ---
  duration_ms: 8.082858
  type: 'test'
  ...
# Subtest: sidecar manager stop terminates child and marks stopped
ok 864 - sidecar manager stop terminates child and marks stopped
  ---
  duration_ms: 1.219699
  type: 'test'
  ...
# Subtest: sidecar manager restarts unexpected exits with a rate limit
ok 865 - sidecar manager restarts unexpected exits with a rate limit
  ---
  duration_ms: 12.437195
  type: 'test'
  ...
# Subtest: resolveSidecarBinaryPath honors explicit and env executable paths
ok 866 - resolveSidecarBinaryPath honors explicit and env executable paths
  ---
  duration_ms: 0.773191
  type: 'test'
  ...
# Subtest: resolveOverrideBinaryPath accepts a directory override for dev builds
ok 867 - resolveOverrideBinaryPath accepts a directory override for dev builds
  ---
  duration_ms: 0.360462
  type: 'test'
  ...
# Subtest: resolveSidecarBinaryPath uses packaged resources path by platform and arch
ok 868 - resolveSidecarBinaryPath uses packaged resources path by platform and arch
  ---
  duration_ms: 0.606978
  type: 'test'
  ...
# Subtest: resolveSidecarBinaryPath ignores resourcesPath in source mode and falls back to repo bin
ok 869 - resolveSidecarBinaryPath ignores resourcesPath in source mode and falls back to repo bin
  ---
  duration_ms: 0.285386
  type: 'test'
  ...
# Subtest: resolveSidecarBinaryPath treats resourcesPath without packaged mode as source fallback
ok 870 - resolveSidecarBinaryPath treats resourcesPath without packaged mode as source fallback
  ---
  duration_ms: 0.194757
  type: 'test'
  ...
# Subtest: sidecar binary names are stable across packaged platforms
ok 871 - sidecar binary names are stable across packaged platforms
  ---
  duration_ms: 0.480761
  type: 'test'
  ...
# Subtest: source fetch hints cover every pinned fetch target
ok 872 - source fetch hints cover every pinned fetch target
  ---
  duration_ms: 0.329436
  type: 'test'
  ...
# Subtest: sidecar manager reports a clear missing binary error for resolved paths
ok 873 - sidecar manager reports a clear missing binary error for resolved paths
  ---
  duration_ms: 0.700703
  type: 'test'
  ...
# Subtest: sidecar manager reports a clear missing binary error for source-mode fallback
ok 874 - sidecar manager reports a clear missing binary error for source-mode fallback
  ---
  duration_ms: 0.467825
  type: 'test'
  ...
# Subtest: sidecar manager does not suggest an unsupported source fetch target
ok 875 - sidecar manager does not suggest an unsupported source fetch target
  ---
  duration_ms: 0.51803
  type: 'test'
  ...
# Subtest: sidecar manager fails closed when binary availability cannot be checked
ok 876 - sidecar manager fails closed when binary availability cannot be checked
  ---
  duration_ms: 0.264668
  type: 'test'
  ...
# Subtest: redactText masks known Telegram identifiers and token-like values
ok 877 - redactText masks known Telegram identifiers and token-like values
  ---
  duration_ms: 0.252367
  type: 'test'
  ...
# Subtest: first snapshot primes dedupe without notifying
ok 878 - first snapshot primes dedupe without notifying
  ---
  duration_ms: 13.320441
  type: 'test'
  ...
# Subtest: factory defaults to no completion output
ok 879 - factory defaults to no completion output
  ---
  duration_ms: 1.220959
  type: 'test'
  ...
# Subtest: factory sends assistant output only when full output is explicit
ok 880 - factory sends assistant output only when full output is explicit
  ---
  duration_ms: 2.758315
  type: 'test'
  ...
# Subtest: notifies a fresh completion after priming
ok 881 - notifies a fresh completion after priming
  ---
  duration_ms: 1.273509
  type: 'test'
  ...
# Subtest: registers completion notification message ids after successful sends
ok 882 - registers completion notification message ids after successful sends
  ---
  duration_ms: 1.378773
  type: 'test'
  ...
# Subtest: does not register direct-send mapping when notification delivery fails
ok 883 - does not register direct-send mapping when notification delivery fails
  ---
  duration_ms: 1.411221
  type: 'test'
  ...
# Subtest: dedupes repeated broadcasts of the same completion
ok 884 - dedupes repeated broadcasts of the same completion
  ---
  duration_ms: 1.536299
  type: 'test'
  ...
# Subtest: a later completion on the same session (new at) notifies again
ok 885 - a later completion on the same session (new at) notifies again
  ---
  duration_ms: 1.470645
  type: 'test'
  ...
# Subtest: disabled: advances dedupe but sends nothing, and never backfills
ok 886 - disabled: advances dedupe but sends nothing, and never backfills
  ---
  duration_ms: 1.542994
  type: 'test'
  ...
# Subtest: notifies each completing session with identity fields
ok 887 - notifies each completing session with identity fields
  ---
  duration_ms: 3.48789
  type: 'test'
  ...
# Subtest: ignores non-completion badges and events
ok 888 - ignores non-completion badges and events
  ---
  duration_ms: 0.980484
  type: 'test'
  ...
# Subtest: interrupted badge uses the warning marker
ok 889 - interrupted badge uses the warning marker
  ---
  duration_ms: 0.786113
  type: 'test'
  ...
# Subtest: completion notification follows the current Clawd language
ok 890 - completion notification follows the current Clawd language
  ---
  duration_ms: 0.990303
  type: 'test'
  ...
# Subtest: output mode off keeps the R1a bare notification
ok 891 - output mode off keeps the R1a bare notification
  ---
  duration_ms: 0.825228
  type: 'test'
  ...
# Subtest: full output mode appends redacted assistant text
ok 892 - full output mode appends redacted assistant text
  ---
  duration_ms: 0.940456
  type: 'test'
  ...
# Subtest: full output mode with bare ping disabled skips completions with no assistant text
ok 893 - full output mode with bare ping disabled skips completions with no assistant text
  ---
  duration_ms: 0.893621
  type: 'test'
  ...
# Subtest: output mode off with bare ping disabled sends no completion message
ok 894 - output mode off with bare ping disabled sends no completion message
  ---
  duration_ms: 0.755108
  type: 'test'
  ...
# Subtest: legacy tail output mode is treated as full output
ok 895 - legacy tail output mode is treated as full output
  ---
  duration_ms: 0.76227
  type: 'test'
  ...
# Subtest: full output mode appends assistant text and marks extractor truncation
ok 896 - full output mode appends assistant text and marks extractor truncation
  ---
  duration_ms: 0.843513
  type: 'test'
  ...
# Subtest: full output mode with bare ping enabled degrades to R1a when no assistant text is available
ok 897 - full output mode with bare ping enabled degrades to R1a when no assistant text is available
  ---
  duration_ms: 0.812786
  type: 'test'
  ...
# Subtest: forgets sessions that drop out of the snapshot
ok 898 - forgets sessions that drop out of the snapshot
  ---
  duration_ms: 0.300808
  type: 'test'
  ...
# Subtest: formatNotification falls back to short id when title missing
ok 899 - formatNotification falls back to short id when title missing
  ---
  duration_ms: 0.187244
  type: 'test'
  ...
# Subtest: direct send maps a completion notification reply to the exact local session and focuses only
ok 900 - direct send maps a completion notification reply to the exact local session and focuses only
  ---
  duration_ms: 5.319
  type: 'test'
  ...
# Subtest: direct send falls back to clipboard when the platform paste adapter is unsupported
ok 901 - direct send falls back to clipboard when the platform paste adapter is unsupported
  ---
  duration_ms: 1.842411
  type: 'test'
  ...
# Subtest: direct send treats bare carriage returns as multiline and falls back to clipboard
ok 902 - direct send treats bare carriage returns as multiline and falls back to clipboard
  ---
  duration_ms: 0.934838
  type: 'test'
  ...
# Subtest: direct send ignores normal text while the feature flag is disabled
ok 903 - direct send ignores normal text while the feature flag is disabled
  ---
  duration_ms: 0.285026
  type: 'test'
  ...
# Subtest: direct send asks for a reply target when no completion mapping exists
ok 904 - direct send asks for a reply target when no completion mapping exists
  ---
  duration_ms: 0.377987
  type: 'test'
  ...
# Subtest: direct send falls back when the mapped session is no longer live
ok 905 - direct send falls back when the mapped session is no longer live
  ---
  duration_ms: 0.43065
  type: 'test'
  ...
# Subtest: direct send copies fallback when the mapped session is no longer live
ok 906 - direct send copies fallback when the mapped session is no longer live
  ---
  duration_ms: 0.505374
  type: 'test'
  ...
# Subtest: direct send never focuses remote, headless, sleeping, or permission-pending sessions
ok 907 - direct send never focuses remote, headless, sleeping, or permission-pending sessions
  ---
  duration_ms: 2.891785
  type: 'test'
  ...
# Subtest: direct send rejects sessions with an authoritative interactive pending permission
ok 908 - direct send rejects sessions with an authoritative interactive pending permission
  ---
  duration_ms: 0.904153
  type: 'test'
  ...
# Subtest: direct send does not treat passive notify or hardware test entries as pending permissions
ok 909 - direct send does not treat passive notify or hardware test entries as pending permissions
  ---
  duration_ms: 0.929076
  type: 'test'
  ...
# Subtest: direct send falls back when focus has no confirmed result
ok 910 - direct send falls back when focus has no confirmed result
  ---
  duration_ms: 0.573116
  type: 'test'
  ...
# Subtest: direct send copies fallback when focus is unconfirmed without calling delivery adapter
ok 911 - direct send copies fallback when focus is unconfirmed without calling delivery adapter
  ---
  duration_ms: 0.457948
  type: 'test'
  ...
# Subtest: direct send calls the delivery adapter only after confirmed focus and records the state machine
ok 912 - direct send calls the delivery adapter only after confirmed focus and records the state machine
  ---
  duration_ms: 0.748774
  type: 'test'
  ...
# Subtest: direct send adapter failures become failed deliveries without logging prompt text
ok 913 - direct send adapter failures become failed deliveries without logging prompt text
  ---
  duration_ms: 0.610333
  type: 'test'
  ...
# Subtest: direct send copies fallback after delivery adapter failure without logging prompt text
ok 914 - direct send copies fallback after delivery adapter failure without logging prompt text
  ---
  duration_ms: 0.594574
  type: 'test'
  ...
# Subtest: clipboard fallback adapter copies text and reports clipboard failures
ok 915 - clipboard fallback adapter copies text and reports clipboard failures
  ---
  duration_ms: 0.43433
  type: 'test'
  ...
# Subtest: Windows paste-only adapter writes clipboard, waits before Ctrl+V, preserves clipboard, and never submits
ok 916 - Windows paste-only adapter writes clipboard, waits before Ctrl+V, preserves clipboard, and never submits
  ---
  duration_ms: 0.678031
  type: 'test'
  ...
# Subtest: Windows paste-only adapter can restore clipboard on success when explicitly requested
ok 917 - Windows paste-only adapter can restore clipboard on success when explicitly requested
  ---
  duration_ms: 0.708704
  type: 'test'
  ...
# Subtest: Windows paste-only adapter waits longer for editor-hosted terminals
ok 918 - Windows paste-only adapter waits longer for editor-hosted terminals
  ---
  duration_ms: 0.496154
  type: 'test'
  ...
# Subtest: direct send preserves editor metadata from real session snapshots for paste timing
ok 919 - direct send preserves editor metadata from real session snapshots for paste timing
  ---
  duration_ms: 1.878167
  type: 'test'
  ...
# Subtest: Windows paste-only adapter refuses multiline text before touching clipboard or keyboard
ok 920 - Windows paste-only adapter refuses multiline text before touching clipboard or keyboard
  ---
  duration_ms: 0.494619
  type: 'test'
  ...
# Subtest: Windows paste-only adapter requires confirmed focus even when called directly
ok 921 - Windows paste-only adapter requires confirmed focus even when called directly
  ---
  duration_ms: 0.352238
  type: 'test'
  ...
# Subtest: Windows paste-only adapter restores clipboard after paste shortcut failure
ok 922 - Windows paste-only adapter restores clipboard after paste shortcut failure
  ---
  duration_ms: 251.5373
  type: 'test'
  ...
# Subtest: Windows paste-only adapter fails closed on unsupported platforms
ok 923 - Windows paste-only adapter fails closed on unsupported platforms
  ---
  duration_ms: 0.543683
  type: 'test'
  ...
# Subtest: Windows paste-only adapter fails closed when clipboard writing is unavailable
ok 924 - Windows paste-only adapter fails closed when clipboard writing is unavailable
  ---
  duration_ms: 0.235366
  type: 'test'
  ...
# Subtest: Windows paste-only adapter does not send keys when clipboard write fails
ok 925 - Windows paste-only adapter does not send keys when clipboard write fails
  ---
  duration_ms: 0.335516
  type: 'test'
  ...
# Subtest: Windows paste-only adapter reports delivered when only clipboard restore fails
ok 926 - Windows paste-only adapter reports delivered when only clipboard restore fails
  ---
  duration_ms: 0.342927
  type: 'test'
  ...
# Subtest: Windows paste shortcut script contains only Ctrl+V key events
ok 927 - Windows paste shortcut script contains only Ctrl+V key events
  ---
  duration_ms: 0.233192
  type: 'test'
  ...
# Subtest: direct send expires notification mappings
ok 928 - direct send expires notification mappings
  ---
  duration_ms: 0.499107
  type: 'test'
  ...
# Subtest: normalizePromptText keeps newlines but removes control characters
ok 929 - normalizePromptText keeps newlines but removes control characters
  ---
  duration_ms: 0.158511
  type: 'test'
  ...
# Subtest: resolveProxyConfig: CLAWD_TG_PROXY precedence, default system
ok 930 - resolveProxyConfig: CLAWD_TG_PROXY precedence, default system
  ---
  duration_ms: 2.660412
  type: 'test'
  ...
# Subtest: sanitizeProxy: keeps type token, drops host:port
ok 931 - sanitizeProxy: keeps type token, drops host:port
  ---
  duration_ms: 0.592441
  type: 'test'
  ...
# Subtest: missing token short-circuits before session/proxy/fetch
ok 932 - missing token short-circuits before session/proxy/fetch
  ---
  duration_ms: 0.713121
  type: 'test'
  ...
# Subtest: default applies mode:system; fetch carries token; probe is tokenless; log sanitized
ok 933 - default applies mode:system; fetch carries token; probe is tokenless; log sanitized
  ---
  duration_ms: 3.638943
  type: 'test'
  ...
# Subtest: CLAWD_TG_PROXY escape hatch: direct / system / url
ok 934 - CLAWD_TG_PROXY escape hatch: direct / system / url
  ---
  duration_ms: 1.005902
  type: 'test'
  ...
# Subtest: setProxy applied once across repeated requests (same config)
ok 935 - setProxy applied once across repeated requests (same config)
  ---
  duration_ms: 0.788219
  type: 'test'
  ...
# Subtest: concurrent calls init session and setProxy exactly once (apply-lock)
ok 936 - concurrent calls init session and setProxy exactly once (apply-lock)
  ---
  duration_ms: 1.093203
  type: 'test'
  ...
# Subtest: setProxy failure is normalized and retryable (chain not wedged)
ok 937 - setProxy failure is normalized and retryable (chain not wedged)
  ---
  duration_ms: 1.280877
  type: 'test'
  ...
# Subtest: config change: setProxy precedes closeAllConnections; first apply does not close
ok 938 - config change: setProxy precedes closeAllConnections; first apply does not close
  ---
  duration_ms: 1.563882
  type: 'test'
  ...
# Subtest: aborted signal yields AbortError even if impl throws net::ERR_ABORTED
ok 939 - aborted signal yields AbortError even if impl throws net::ERR_ABORTED
  ---
  duration_ms: 1.362072
  type: 'test'
  ...
# Subtest: no sessionFactory falls back to injected fetchImpl
ok 940 - no sessionFactory falls back to injected fetchImpl
  ---
  duration_ms: 0.583228
  type: 'test'
  ...
# Subtest: non-ok Telegram body maps to error_code/description/parameters
ok 941 - non-ok Telegram body maps to error_code/description/parameters
  ---
  duration_ms: 0.366216
  type: 'test'
  ...
# Subtest: a throwing diagnostic log does not fail the fetch (best-effort)
ok 942 - a throwing diagnostic log does not fail the fetch (best-effort)
  ---
  duration_ms: 2.351039
  type: 'test'
  ...
# Subtest: resolveProxy timeout: fetch still proceeds, no proxy log emitted
ok 943 - resolveProxy timeout: fetch still proceeds, no proxy log emitted
  ---
  duration_ms: 12.711012
  type: 'test'
  ...
# Subtest: init: legacy user with full env → LEGACY_ACTIVE + starts sidecar
ok 944 - init: legacy user with full env → LEGACY_ACTIVE + starts sidecar
  ---
  duration_ms: 3.663145
  type: 'test'
  ...
# Subtest: init: fresh user → IDLE, nothing started
ok 945 - init: fresh user → IDLE, nothing started
  ---
  duration_ms: 0.592959
  type: 'test'
  ...
# Subtest: init: v0.8 opt-out user (legacyEnabled=false) → IDLE NOT re-activated
ok 946 - init: v0.8 opt-out user (legacyEnabled=false) → IDLE NOT re-activated
  ---
  duration_ms: 0.317886
  type: 'test'
  ...
# Subtest: dispatch USER_TEST_NATIVE from LEGACY_ACTIVE: stops sidecar, starts native, sends test card
ok 947 - dispatch USER_TEST_NATIVE from LEGACY_ACTIVE: stops sidecar, starts native, sends test card
  ---
  duration_ms: 1.616793
  type: 'test'
  ...
# Subtest: dispatch TEST_SUCCESS from TESTING_NATIVE: persists transport=native + clears test timer
ok 948 - dispatch TEST_SUCCESS from TESTING_NATIVE: persists transport=native + clears test timer
  ---
  duration_ms: 0.795514
  type: 'test'
  ...
# Subtest: dispatch USER_ROLLBACK_TO_LEGACY auto-finalizes after sidecar start
ok 949 - dispatch USER_ROLLBACK_TO_LEGACY auto-finalizes after sidecar start
  ---
  duration_ms: 2.896348
  type: 'test'
  ...
# Subtest: dispatch USER_ROLLBACK_TO_LEGACY records failed legacy runtime when sidecar start returns false
ok 950 - dispatch USER_ROLLBACK_TO_LEGACY records failed legacy runtime when sidecar start returns false
  ---
  duration_ms: 1.071809
  type: 'test'
  ...
# Subtest: dispatch: illegal event returns ok:false + errorCode + state unchanged
ok 951 - dispatch: illegal event returns ok:false + errorCode + state unchanged
  ---
  duration_ms: 0.370298
  type: 'test'
  ...
# Subtest: test timer is armed on entering TESTING_NATIVE and cancelled on success
ok 952 - test timer is armed on entering TESTING_NATIVE and cancelled on success
  ---
  duration_ms: 1.028513
  type: 'test'
  ...
# Subtest: test timer firing dispatches TEST_TIMEOUT → falls back to LEGACY_ACTIVE
ok 953 - test timer firing dispatches TEST_TIMEOUT → falls back to LEGACY_ACTIVE
  ---
  duration_ms: 15.584553
  type: 'test'
  ...
# Subtest: getSnapshot exposes state + runtime status + owner snapshot
ok 954 - getSnapshot exposes state + runtime status + owner snapshot
  ---
  duration_ms: 0.584202
  type: 'test'
  ...
# Subtest: init: legacy sidecar start failure → LEGACY_ACTIVE but runtimeStatus failed
ok 955 - init: legacy sidecar start failure → LEGACY_ACTIVE but runtimeStatus failed
  ---
  duration_ms: 0.590833
  type: 'test'
  ...
# Subtest: dispatch SIDECAR_RUNTIME_FAILED @ LEGACY_ACTIVE records failure without lifecycle change
ok 956 - dispatch SIDECAR_RUNTIME_FAILED @ LEGACY_ACTIVE records failure without lifecycle change
  ---
  duration_ms: 0.410541
  type: 'test'
  ...
# Subtest: dispatch SIDECAR_RUNTIME_RECOVERED clears a prior failure incl. message
ok 957 - dispatch SIDECAR_RUNTIME_RECOVERED clears a prior failure incl. message
  ---
  duration_ms: 0.415782
  type: 'test'
  ...
# Subtest: SIDECAR_RUNTIME_FAILED is rejected outside LEGACY_ACTIVE
ok 958 - SIDECAR_RUNTIME_FAILED is rejected outside LEGACY_ACTIVE
  ---
  duration_ms: 0.217012
  type: 'test'
  ...
# Subtest: USER_DISABLE clears a stale legacy runtime failure (no leak after disable)
ok 959 - USER_DISABLE clears a stale legacy runtime failure (no leak after disable)
  ---
  duration_ms: 0.34861
  type: 'test'
  ...
# Subtest: switching legacy→native clears stale legacy runtime failure (no /status leak)
ok 960 - switching legacy→native clears stale legacy runtime failure (no /status leak)
  ---
  duration_ms: 0.46157
  type: 'test'
  ...
# Subtest: /status diagnostic does not leak a stale legacy failure after switching to native
ok 961 - /status diagnostic does not leak a stale legacy failure after switching to native
  ---
  duration_ms: 2.501971
  type: 'test'
  ...
# Subtest: Retry legacy (USER_ENABLE_LEGACY) failing again refreshes the stale runtime message
ok 962 - Retry legacy (USER_ENABLE_LEGACY) failing again refreshes the stale runtime message
  ---
  duration_ms: 0.581779
  type: 'test'
  ...
# Subtest: normalizePrefs handles undefined/null/invalid transport
ok 963 - normalizePrefs handles undefined/null/invalid transport
  ---
  duration_ms: 2.269834
  type: 'test'
  ...
# Subtest: normalizeFiles tolerates missing input
ok 964 - normalizeFiles tolerates missing input
  ---
  duration_ms: 1.239883
  type: 'test'
  ...
# Subtest: defaultPrefs / defaultFiles are stable
ok 965 - defaultPrefs / defaultFiles are stable
  ---
  duration_ms: 0.243429
  type: 'test'
  ...
# Subtest: INIT: fresh install (no prefs, no files) → IDLE
ok 966 - INIT: fresh install (no prefs, no files) → IDLE
  ---
  duration_ms: 2.558309
  type: 'test'
  ...
# Subtest: INIT: legacy v0.8.x user upgrading (no transport pref) + full env → LEGACY_ACTIVE
ok 967 - INIT: legacy v0.8.x user upgrading (no transport pref) + full env → LEGACY_ACTIVE
  ---
  duration_ms: 0.34552
  type: 'test'
  ...
# Subtest: INIT: v0.8.x user upgrading with legacyEnabled=true + full env → LEGACY_ACTIVE
ok 968 - INIT: v0.8.x user upgrading with legacyEnabled=true + full env → LEGACY_ACTIVE
  ---
  duration_ms: 0.253297
  type: 'test'
  ...
# Subtest: INIT: v0.8.x user who had Telegram disabled (legacyEnabled=false) → IDLE, NOT re-enabled
ok 969 - INIT: v0.8.x user who had Telegram disabled (legacyEnabled=false) → IDLE, NOT re-enabled
  ---
  duration_ms: 0.207712
  type: 'test'
  ...
# Subtest: INIT: v0.8.x opt-out user with partial legacy files → IDLE (still respects opt-out)
ok 970 - INIT: v0.8.x opt-out user with partial legacy files → IDLE (still respects opt-out)
  ---
  duration_ms: 0.162438
  type: 'test'
  ...
# Subtest: INIT: user explicitly disabled (transport=off) ignores leftover legacy files
ok 971 - INIT: user explicitly disabled (transport=off) ignores leftover legacy files
  ---
  duration_ms: 0.636778
  type: 'test'
  ...
# Subtest: INIT: transport=legacy persisted + legacy files complete → LEGACY_ACTIVE
ok 972 - INIT: transport=legacy persisted + legacy files complete → LEGACY_ACTIVE
  ---
  duration_ms: 0.602446
  type: 'test'
  ...
# Subtest: INIT: transport=native verified + native config complete → NATIVE_ACTIVE
ok 973 - INIT: transport=native verified + native config complete → NATIVE_ACTIVE
  ---
  duration_ms: 0.315012
  type: 'test'
  ...
# Subtest: INIT: transport=native but nativeVerifiedAt null → NEEDS_SETUP
ok 974 - INIT: transport=native but nativeVerifiedAt null → NEEDS_SETUP
  ---
  duration_ms: 0.212568
  type: 'test'
  ...
# Subtest: INIT: transport=legacy persisted but env partial → NEEDS_SETUP
ok 975 - INIT: transport=legacy persisted but env partial → NEEDS_SETUP
  ---
  duration_ms: 0.12127
  type: 'test'
  ...
# Subtest: INIT: invalid transport value → normalized silently, falls back per files
ok 976 - INIT: invalid transport value → normalized silently, falls back per files
  ---
  duration_ms: 0.086397
  type: 'test'
  ...
# Subtest: INIT: invalid transport + legacy file residue → NEEDS_SETUP (normalized)
ok 977 - INIT: invalid transport + legacy file residue → NEEDS_SETUP (normalized)
  ---
  duration_ms: 0.074919
  type: 'test'
  ...
# Subtest: USER_TEST_NATIVE @ IDLE with native config → TESTING_NATIVE (no STOP_SIDECAR)
ok 978 - USER_TEST_NATIVE @ IDLE with native config → TESTING_NATIVE (no STOP_SIDECAR)
  ---
  duration_ms: 0.530553
  type: 'test'
  ...
# Subtest: USER_TEST_NATIVE @ LEGACY_ACTIVE with native config → TESTING_NATIVE (stops sidecar first)
ok 979 - USER_TEST_NATIVE @ LEGACY_ACTIVE with native config → TESTING_NATIVE (stops sidecar first)
  ---
  duration_ms: 0.107729
  type: 'test'
  ...
# Subtest: USER_TEST_NATIVE @ IDLE without native config → illegal
ok 980 - USER_TEST_NATIVE @ IDLE without native config → illegal
  ---
  duration_ms: 0.154839
  type: 'test'
  ...
# Subtest: USER_TEST_NATIVE @ NATIVE_ACTIVE → illegal (already active)
ok 981 - USER_TEST_NATIVE @ NATIVE_ACTIVE → illegal (already active)
  ---
  duration_ms: 0.083275
  type: 'test'
  ...
# Subtest: USER_TEST_NATIVE @ TESTING_NATIVE → illegal (already testing)
ok 982 - USER_TEST_NATIVE @ TESTING_NATIVE → illegal (already testing)
  ---
  duration_ms: 0.313094
  type: 'test'
  ...
# Subtest: TEST_SUCCESS @ TESTING_NATIVE → NATIVE_ACTIVE + persist transport=native
ok 983 - TEST_SUCCESS @ TESTING_NATIVE → NATIVE_ACTIVE + persist transport=native
  ---
  duration_ms: 0.176017
  type: 'test'
  ...
# Subtest: TEST_SUCCESS @ LEGACY_ACTIVE → illegal
ok 984 - TEST_SUCCESS @ LEGACY_ACTIVE → illegal
  ---
  duration_ms: 0.090374
  type: 'test'
  ...
# Subtest: TEST_FAILED @ TESTING_NATIVE with legacy files → LEGACY_ACTIVE (restart sidecar)
ok 985 - TEST_FAILED @ TESTING_NATIVE with legacy files → LEGACY_ACTIVE (restart sidecar)
  ---
  duration_ms: 0.11736
  type: 'test'
  ...
# Subtest: TEST_FAILED @ TESTING_NATIVE new user with native config only → IDLE
ok 986 - TEST_FAILED @ TESTING_NATIVE new user with native config only → IDLE
  ---
  duration_ms: 0.078404
  type: 'test'
  ...
# Subtest: TEST_FAILED @ TESTING_NATIVE no fallback config → NEEDS_SETUP
ok 987 - TEST_FAILED @ TESTING_NATIVE no fallback config → NEEDS_SETUP
  ---
  duration_ms: 0.072714
  type: 'test'
  ...
# Subtest: TEST_FAILED @ IDLE → illegal
ok 988 - TEST_FAILED @ IDLE → illegal
  ---
  duration_ms: 0.154412
  type: 'test'
  ...
# Subtest: TEST_TIMEOUT @ TESTING_NATIVE with legacy files → LEGACY_ACTIVE
ok 989 - TEST_TIMEOUT @ TESTING_NATIVE with legacy files → LEGACY_ACTIVE
  ---
  duration_ms: 0.082219
  type: 'test'
  ...
# Subtest: TEST_TIMEOUT @ TESTING_NATIVE new user → IDLE
ok 990 - TEST_TIMEOUT @ TESTING_NATIVE new user → IDLE
  ---
  duration_ms: 0.087272
  type: 'test'
  ...
# Subtest: TEST_TIMEOUT @ LEGACY_ACTIVE → illegal
ok 991 - TEST_TIMEOUT @ LEGACY_ACTIVE → illegal
  ---
  duration_ms: 0.074789
  type: 'test'
  ...
# Subtest: TEST_FAILED @ TESTING_NATIVE legacyEnabled=false → NEEDS_SETUP (NOT auto-restart sidecar)
ok 992 - TEST_FAILED @ TESTING_NATIVE legacyEnabled=false → NEEDS_SETUP (NOT auto-restart sidecar)
  ---
  duration_ms: 0.077302
  type: 'test'
  ...
# Subtest: USER_ROLLBACK_TO_LEGACY @ NATIVE_ACTIVE with legacy env → SWITCHING_TO_LEGACY
ok 993 - USER_ROLLBACK_TO_LEGACY @ NATIVE_ACTIVE with legacy env → SWITCHING_TO_LEGACY
  ---
  duration_ms: 0.076681
  type: 'test'
  ...
# Subtest: USER_ROLLBACK_TO_LEGACY @ NATIVE_ACTIVE without legacy env → LEGACY_ENV_MISSING
ok 994 - USER_ROLLBACK_TO_LEGACY @ NATIVE_ACTIVE without legacy env → LEGACY_ENV_MISSING
  ---
  duration_ms: 0.213971
  type: 'test'
  ...
# Subtest: USER_ROLLBACK_TO_LEGACY with env present but config incomplete → LEGACY_CONFIG_INCOMPLETE
ok 995 - USER_ROLLBACK_TO_LEGACY with env present but config incomplete → LEGACY_CONFIG_INCOMPLETE
  ---
  duration_ms: 0.082911
  type: 'test'
  ...
# Subtest: USER_ENABLE_LEGACY @ IDLE with legacy config → LEGACY_ACTIVE + persist legacyEnabled=true
ok 996 - USER_ENABLE_LEGACY @ IDLE with legacy config → LEGACY_ACTIVE + persist legacyEnabled=true
  ---
  duration_ms: 0.227428
  type: 'test'
  ...
# Subtest: USER_ENABLE_LEGACY @ NEEDS_SETUP with legacy config → LEGACY_ACTIVE
ok 997 - USER_ENABLE_LEGACY @ NEEDS_SETUP with legacy config → LEGACY_ACTIVE
  ---
  duration_ms: 0.138881
  type: 'test'
  ...
# Subtest: USER_ENABLE_LEGACY @ IDLE without legacy config → LEGACY_CONFIG_INCOMPLETE
ok 998 - USER_ENABLE_LEGACY @ IDLE without legacy config → LEGACY_CONFIG_INCOMPLETE
  ---
  duration_ms: 0.157065
  type: 'test'
  ...
# Subtest: USER_ENABLE_LEGACY @ NATIVE_ACTIVE → illegal (must rollback explicitly)
ok 999 - USER_ENABLE_LEGACY @ NATIVE_ACTIVE → illegal (must rollback explicitly)
  ---
  duration_ms: 0.079372
  type: 'test'
  ...
# Subtest: SIDECAR_STARTED @ SWITCHING_TO_LEGACY → LEGACY_ACTIVE + persist transport=legacy
ok 1000 - SIDECAR_STARTED @ SWITCHING_TO_LEGACY → LEGACY_ACTIVE + persist transport=legacy
  ---
  duration_ms: 0.118126
  type: 'test'
  ...
# Subtest: SIDECAR_START_FAILED @ SWITCHING_TO_LEGACY → LEGACY_ACTIVE + EMIT_RUNTIME_STATUS
ok 1001 - SIDECAR_START_FAILED @ SWITCHING_TO_LEGACY → LEGACY_ACTIVE + EMIT_RUNTIME_STATUS
  ---
  duration_ms: 1.587825
  type: 'test'
  ...
# Subtest: SIDECAR_STARTED @ LEGACY_ACTIVE → illegal
ok 1002 - SIDECAR_STARTED @ LEGACY_ACTIVE → illegal
  ---
  duration_ms: 0.185265
  type: 'test'
  ...
# Subtest: USER_DISABLE @ LEGACY_ACTIVE → IDLE + STOP_SIDECAR + persist transport=off
ok 1003 - USER_DISABLE @ LEGACY_ACTIVE → IDLE + STOP_SIDECAR + persist transport=off
  ---
  duration_ms: 0.101675
  type: 'test'
  ...
# Subtest: USER_DISABLE @ NATIVE_ACTIVE → IDLE + STOP_NATIVE_POLLER + persist transport=off
ok 1004 - USER_DISABLE @ NATIVE_ACTIVE → IDLE + STOP_NATIVE_POLLER + persist transport=off
  ---
  duration_ms: 0.096343
  type: 'test'
  ...
# Subtest: USER_DISABLE @ TESTING_NATIVE → IDLE + STOP_NATIVE_POLLER
ok 1005 - USER_DISABLE @ TESTING_NATIVE → IDLE + STOP_NATIVE_POLLER
  ---
  duration_ms: 0.079056
  type: 'test'
  ...
# Subtest: USER_DISABLE @ IDLE → IDLE (no-op, still persists off)
ok 1006 - USER_DISABLE @ IDLE → IDLE (no-op, still persists off)
  ---
  duration_ms: 0.094573
  type: 'test'
  ...
# Subtest: applyEvent: unknown event type → illegal, state unchanged
ok 1007 - applyEvent: unknown event type → illegal, state unchanged
  ---
  duration_ms: 0.193716
  type: 'test'
  ...
# Subtest: applyEvent: missing event → illegal, state unchanged
ok 1008 - applyEvent: missing event → illegal, state unchanged
  ---
  duration_ms: 0.530045
  type: 'test'
  ...
# Subtest: checkInvariants flags simultaneous START_SIDECAR + START_NATIVE_POLLER
ok 1009 - checkInvariants flags simultaneous START_SIDECAR + START_NATIVE_POLLER
  ---
  duration_ms: 0.429949
  type: 'test'
  ...
# Subtest: Full migration happy path: IDLE → TESTING_NATIVE → NATIVE_ACTIVE
ok 1010 - Full migration happy path: IDLE → TESTING_NATIVE → NATIVE_ACTIVE
  ---
  duration_ms: 0.225452
  type: 'test'
  ...
# Subtest: Legacy migration path: LEGACY_ACTIVE → TESTING_NATIVE → TEST_FAILED → LEGACY_ACTIVE
ok 1011 - Legacy migration path: LEGACY_ACTIVE → TESTING_NATIVE → TEST_FAILED → LEGACY_ACTIVE
  ---
  duration_ms: 0.189004
  type: 'test'
  ...
# Subtest: Rollback path: NATIVE_ACTIVE → SWITCHING_TO_LEGACY → LEGACY_ACTIVE
ok 1012 - Rollback path: NATIVE_ACTIVE → SWITCHING_TO_LEGACY → LEGACY_ACTIVE
  ---
  duration_ms: 0.209186
  type: 'test'
  ...
# Subtest: SIDECAR_RUNTIME_FAILED @ LEGACY_ACTIVE → LEGACY_ACTIVE + only EMIT_RUNTIME_STATUS
ok 1013 - SIDECAR_RUNTIME_FAILED @ LEGACY_ACTIVE → LEGACY_ACTIVE + only EMIT_RUNTIME_STATUS
  ---
  duration_ms: 0.236704
  type: 'test'
  ...
# Subtest: SIDECAR_RUNTIME_FAILED is illegal outside LEGACY_ACTIVE (incl. SWITCHING_TO_LEGACY)
ok 1014 - SIDECAR_RUNTIME_FAILED is illegal outside LEGACY_ACTIVE (incl. SWITCHING_TO_LEGACY)
  ---
  duration_ms: 0.201138
  type: 'test'
  ...
# Subtest: SIDECAR_RUNTIME_RECOVERED @ LEGACY_ACTIVE clears message (shallow-merge safe)
ok 1015 - SIDECAR_RUNTIME_RECOVERED @ LEGACY_ACTIVE clears message (shallow-merge safe)
  ---
  duration_ms: 0.154768
  type: 'test'
  ...
# Subtest: SIDECAR_RUNTIME_RECOVERED is illegal outside LEGACY_ACTIVE
ok 1016 - SIDECAR_RUNTIME_RECOVERED is illegal outside LEGACY_ACTIVE
  ---
  duration_ms: 0.111182
  type: 'test'
  ...
# Subtest: SIDECAR_START_FAILED carries message through runtime-status
ok 1017 - SIDECAR_START_FAILED carries message through runtime-status
  ---
  duration_ms: 0.280597
  type: 'test'
  ...
# Subtest: checkInvariants: runtime failure event emits no start side-effects
ok 1018 - checkInvariants: runtime failure event emits no start side-effects
  ---
  duration_ms: 0.140624
  type: 'test'
  ...
# Subtest: constructor rejects missing tokenStore / transport
ok 1019 - constructor rejects missing tokenStore / transport
  ---
  duration_ms: 4.643786
  type: 'test'
  ...
# Subtest: sendMessage: success returns result; token is NOT in transport args
ok 1020 - sendMessage: success returns result; token is NOT in transport args
  ---
  duration_ms: 1.812133
  type: 'test'
  ...
# Subtest: getMe / answerCallbackQuery / editMessageReplyMarkup / editMessageText roundtrip
ok 1021 - getMe / answerCallbackQuery / editMessageReplyMarkup / editMessageText roundtrip
  ---
  duration_ms: 0.529622
  type: 'test'
  ...
# Subtest: getUpdates advances offset to lastUpdate.update_id + 1
ok 1022 - getUpdates advances offset to lastUpdate.update_id + 1
  ---
  duration_ms: 0.650895
  type: 'test'
  ...
# Subtest: Missing token throws TOKEN_MISSING (does not call transport)
ok 1023 - Missing token throws TOKEN_MISSING (does not call transport)
  ---
  duration_ms: 0.739398
  type: 'test'
  ...
# Subtest: Error classes: 401 unauthorized
ok 1024 - Error classes: 401 unauthorized
  ---
  duration_ms: 0.36908
  type: 'test'
  ...
# Subtest: Error classes: 403 forbidden (bot blocked / not started)
ok 1025 - Error classes: 403 forbidden (bot blocked / not started)
  ---
  duration_ms: 0.518178
  type: 'test'
  ...
# Subtest: Error classes: 400 bad request
ok 1026 - Error classes: 400 bad request
  ---
  duration_ms: 0.426483
  type: 'test'
  ...
# Subtest: Error classes: 409 conflict (another consumer polling)
ok 1027 - Error classes: 409 conflict (another consumer polling)
  ---
  duration_ms: 0.79214
  type: 'test'
  ...
# Subtest: Error classes: 409 webhook conflict (distinct class)
ok 1028 - Error classes: 409 webhook conflict (distinct class)
  ---
  duration_ms: 0.924098
  type: 'test'
  ...
# Subtest: Error classes: 429 rate limited exposes retry_after
ok 1029 - Error classes: 429 rate limited exposes retry_after
  ---
  duration_ms: 0.480084
  type: 'test'
  ...
# Subtest: Error classes: 429 with retry_after=60 (>30s, UI shows wait prompt)
ok 1030 - Error classes: 429 with retry_after=60 (>30s, UI shows wait prompt)
  ---
  duration_ms: 2.02393
  type: 'test'
  ...
# Subtest: Error classes: network error (ECONNREFUSED)
ok 1031 - Error classes: network error (ECONNREFUSED)
  ---
  duration_ms: 0.170299
  type: 'test'
  ...
# Subtest: Error classes: undici fetch cause codes are network errors
ok 1032 - Error classes: undici fetch cause codes are network errors
  ---
  duration_ms: 0.149078
  type: 'test'
  ...
# Subtest: Error classes: Chromium net::ERR_* connection failures are NETWORK (issue \#359)
ok 1033 - Error classes: Chromium net::ERR_* connection failures are NETWORK (issue \#359)
  ---
  duration_ms: 0.758792
  type: 'test'
  ...
# Subtest: Error classes: net::ERR_ABORTED is NETWORK, not TIMEOUT (must not exit poll loop)
ok 1034 - Error classes: net::ERR_ABORTED is NETWORK, not TIMEOUT (must not exit poll loop)
  ---
  duration_ms: 0.141923
  type: 'test'
  ...
# Subtest: Error classes: non-retryable net::ERR_* (cert / blocked) fall through to UNKNOWN
ok 1035 - Error classes: non-retryable net::ERR_* (cert / blocked) fall through to UNKNOWN
  ---
  duration_ms: 0.358611
  type: 'test'
  ...
# Subtest: Error classes: status=null but error_code=409 still classified as CONFLICT
ok 1036 - Error classes: status=null but error_code=409 still classified as CONFLICT
  ---
  duration_ms: 0.250828
  type: 'test'
  ...
# Subtest: Error classes: AbortError → TIMEOUT
ok 1037 - Error classes: AbortError → TIMEOUT
  ---
  duration_ms: 0.137133
  type: 'test'
  ...
# Subtest: AbortController cancels in-flight getUpdates with AbortError
ok 1038 - AbortController cancels in-flight getUpdates with AbortError
  ---
  duration_ms: 17.997557
  type: 'test'
  ...
# Subtest: Pre-aborted signal: transport refuses immediately, no call recorded
ok 1039 - Pre-aborted signal: transport refuses immediately, no call recorded
  ---
  duration_ms: 0.475725
  type: 'test'
  ...
# Subtest: Wrong-user callback flow: client surfaces both updates; handler filters
ok 1040 - Wrong-user callback flow: client surfaces both updates; handler filters
  ---
  duration_ms: 0.311586
  type: 'test'
  ...
# Subtest: pollWithConflictRetry: succeeds first try without sleeping
ok 1041 - pollWithConflictRetry: succeeds first try without sleeping
  ---
  duration_ms: 0.45701
  type: 'test'
  ...
# Subtest: pollWithConflictRetry: retries through 409 conflicts, then succeeds
ok 1042 - pollWithConflictRetry: retries through 409 conflicts, then succeeds
  ---
  duration_ms: 0.403181
  type: 'test'
  ...
# Subtest: pollWithConflictRetry: caps backoff at maxDelayMs
ok 1043 - pollWithConflictRetry: caps backoff at maxDelayMs
  ---
  duration_ms: 0.527547
  type: 'test'
  ...
# Subtest: pollWithConflictRetry: hits 35s deadline → throws 409 with attempts metadata
ok 1044 - pollWithConflictRetry: hits 35s deadline → throws 409 with attempts metadata
  ---
  duration_ms: 0.971316
  type: 'test'
  ...
# Subtest: pollWithConflictRetry: webhook conflict short-circuits (no retry)
ok 1045 - pollWithConflictRetry: webhook conflict short-circuits (no retry)
  ---
  duration_ms: 0.621126
  type: 'test'
  ...
# Subtest: pollWithConflictRetry: non-409 error rethrown immediately
ok 1046 - pollWithConflictRetry: non-409 error rethrown immediately
  ---
  duration_ms: 0.422673
  type: 'test'
  ...
# Subtest: pollWithConflictRetry: external abort signal cancels mid-retry
ok 1047 - pollWithConflictRetry: external abort signal cancels mid-retry
  ---
  duration_ms: 0.421733
  type: 'test'
  ...
# Subtest: 60s timeout scenario: long poll returns empty batch (no tap)
ok 1048 - 60s timeout scenario: long poll returns empty batch (no tap)
  ---
  duration_ms: 0.389076
  type: 'test'
  ...
# Subtest: sendTestCard defers TEST_FAILED when Telegram sendMessage fails
ok 1049 - sendTestCard defers TEST_FAILED when Telegram sendMessage fails
  ---
  duration_ms: 13.706755
  type: 'test'
  ...
# Subtest: sendTestCard defers TEST_FAILED when chat id is missing
ok 1050 - sendTestCard defers TEST_FAILED when chat id is missing
  ---
  duration_ms: 6.257822
  type: 'test'
  ...
# Subtest: native runner sends nonce card and dispatches TEST_SUCCESS for matching callback
ok 1051 - native runner sends nonce card and dispatches TEST_SUCCESS for matching callback
  ---
  duration_ms: 4.414185
  type: 'test'
  ...
# Subtest: native runner requestApproval resolves allow for matching callback
ok 1052 - native runner requestApproval resolves allow for matching callback
  ---
  duration_ms: 5.778654
  type: 'test'
  ...
# Subtest: native runner claims a Telegram tap atomically so a racing abort can't drop it
ok 1053 - native runner claims a Telegram tap atomically so a racing abort can't drop it
  ---
  duration_ms: 2.758604
  type: 'test'
  ...
# Subtest: native runner requestApproval renders suggestions and returns suggestion decisions
ok 1054 - native runner requestApproval renders suggestions and returns suggestion decisions
  ---
  duration_ms: 1.906165
  type: 'test'
  ...
# Subtest: native runner rejects forged suggestion callbacks and waits for a valid decision
ok 1055 - native runner rejects forged suggestion callbacks and waits for a valid decision
  ---
  duration_ms: 2.010245
  type: 'test'
  ...
# Subtest: native runner requestApproval ignores wrong user and resolves later callback
ok 1056 - native runner requestApproval ignores wrong user and resolves later callback
  ---
  duration_ms: 1.79829
  type: 'test'
  ...
# Subtest: native runner requestApproval resolves null on abort and send failure
ok 1057 - native runner requestApproval resolves null on abort and send failure
  ---
  duration_ms: 2.792829
  type: 'test'
  ...
# Subtest: native runner aborts an in-flight approval send before a late Telegram success
ok 1058 - native runner aborts an in-flight approval send before a late Telegram success
  ---
  duration_ms: 2.028652
  type: 'test'
  ...
# Subtest: native runner rewrites approval card with status when resolved outside Telegram (abort)
ok 1059 - native runner rewrites approval card with status when resolved outside Telegram (abort)
  ---
  duration_ms: 2.068048
  type: 'test'
  ...
# Subtest: native runner appends timeout status when an approval expires
not ok 1060 - native runner appends timeout status when an approval expires
  ---
  duration_ms: 1.273897
  type: 'test'
  location: '/app/test/telegram-native-runner.test.js:606:1'
  failureType: 'cancelledByParent'
  error: 'Promise resolution is still pending but the event loop has already resolved'
  code: 'ERR_TEST_FAILURE'
  stack: |-
    process.emit (node:events:519:28)
  ...
# Subtest: native runner appends session-ended status when polling stops with a pending approval
not ok 1061 - native runner appends session-ended status when polling stops with a pending approval
  ---
  duration_ms: 0
  type: 'test'
  location: '/app/test/telegram-native-runner.test.js:642:1'
  failureType: 'cancelledByParent'
  error: 'Promise resolution is still pending but the event loop has already resolved'
  code: 'ERR_TEST_FAILURE'
  stack: |-
    process.emit (node:events:519:28)
  ...
# Subtest: native runner falls back to stripping the keyboard when the status rewrite fails
not ok 1062 - native runner falls back to stripping the keyboard when the status rewrite fails
  ---
  duration_ms: 0
  type: 'test'
  location: '/app/test/telegram-native-runner.test.js:678:1'
  failureType: 'cancelledByParent'
  error: 'Promise resolution is still pending but the event loop has already resolved'
  code: 'ERR_TEST_FAILURE'
  stack: |-
    process.emit (node:events:519:28)
  ...
# Subtest: native runner requestApproval is disabled until polling with a valid payload
not ok 1063 - native runner requestApproval is disabled until polling with a valid payload
  ---
  duration_ms: 0
  type: 'test'
  location: '/app/test/telegram-native-runner.test.js:720:1'
  failureType: 'cancelledByParent'
  error: 'Promise resolution is still pending but the event loop has already resolved'
  code: 'ERR_TEST_FAILURE'
  stack: |-
    process.emit (node:events:519:28)
  ...
# Subtest: sendNotification posts a plain message with no inline keyboard
not ok 1064 - sendNotification posts a plain message with no inline keyboard
  ---
  duration_ms: 0
  type: 'test'
  location: '/app/test/telegram-native-runner.test.js:753:1'
  failureType: 'cancelledByParent'
  error: 'Promise resolution is still pending but the event loop has already resolved'
  code: 'ERR_TEST_FAILURE'
  stack: |-
    process.emit (node:events:519:28)
  ...
# Subtest: sendNotification returns not_active when not polling
not ok 1065 - sendNotification returns not_active when not polling
  ---
  duration_ms: 0
  type: 'test'
  location: '/app/test/telegram-native-runner.test.js:767:1'
  failureType: 'cancelledByParent'
  error: 'Promise resolution is still pending but the event loop has already resolved'
  code: 'ERR_TEST_FAILURE'
  stack: |-
    process.emit (node:events:519:28)
  ...
# Subtest: sendNotification returns not_active when chat id is missing
not ok 1066 - sendNotification returns not_active when chat id is missing
  ---
  duration_ms: 0
  type: 'test'
  location: '/app/test/telegram-native-runner.test.js:781:1'
  failureType: 'cancelledByParent'
  error: 'Promise resolution is still pending but the event loop has already resolved'
  code: 'ERR_TEST_FAILURE'
  stack: |-
    process.emit (node:events:519:28)
  ...
# Subtest: sendNotification retries once on 429 then succeeds
not ok 1067 - sendNotification retries once on 429 then succeeds
  ---
  duration_ms: 0
  type: 'test'
  location: '/app/test/telegram-native-runner.test.js:789:1'
  failureType: 'cancelledByParent'
  error: 'Promise resolution is still pending but the event loop has already resolved'
  code: 'ERR_TEST_FAILURE'
  stack: |-
    process.emit (node:events:519:28)
  ...
# Subtest: sendNotification re-reads chat id before the 429 retry
not ok 1068 - sendNotification re-reads chat id before the 429 retry
  ---
  duration_ms: 0
  type: 'test'
  location: '/app/test/telegram-native-runner.test.js:805:1'
  failureType: 'cancelledByParent'
  error: 'Promise resolution is still pending but the event loop has already resolved'
  code: 'ERR_TEST_FAILURE'
  stack: |-
    process.emit (node:events:519:28)
  ...
# Subtest: sendNotification bails when the chat target changes during the 429 retry
not ok 1069 - sendNotification bails when the chat target changes during the 429 retry
  ---
  duration_ms: 0
  type: 'test'
  location: '/app/test/telegram-native-runner.test.js:821:1'
  failureType: 'cancelledByParent'
  error: 'Promise resolution is still pending but the event loop has already resolved'
  code: 'ERR_TEST_FAILURE'
  stack: |-
    process.emit (node:events:519:28)
  ...
# Subtest: sendNotification drops on 403 without retrying
not ok 1070 - sendNotification drops on 403 without retrying
  ---
  duration_ms: 0
  type: 'test'
  location: '/app/test/telegram-native-runner.test.js:837:1'
  failureType: 'cancelledByParent'
  error: 'Promise resolution is still pending but the event loop has already resolved'
  code: 'ERR_TEST_FAILURE'
  stack: |-
    process.emit (node:events:519:28)
  ...
# Subtest: native runner replies to /status from the configured Telegram user and chat
not ok 1071 - native runner replies to /status from the configured Telegram user and chat
  ---
  duration_ms: 0
  type: 'test'
  location: '/app/test/telegram-native-runner.test.js:850:1'
  failureType: 'cancelledByParent'
  error: 'Promise resolution is still pending but the event loop has already resolved'
  code: 'ERR_TEST_FAILURE'
  stack: |-
    process.emit (node:events:519:28)
  ...
# Subtest: native runner ignores /status from the wrong Telegram user or chat
not ok 1072 - native runner ignores /status from the wrong Telegram user or chat
  ---
  duration_ms: 0
  type: 'test'
  location: '/app/test/telegram-native-runner.test.js:907:1'
  failureType: 'cancelledByParent'
  error: 'Promise resolution is still pending but the event loop has already resolved'
  code: 'ERR_TEST_FAILURE'
  stack: |-
    process.emit (node:events:519:28)
  ...
# Subtest: native runner ignores /status while command handling is disabled
not ok 1073 - native runner ignores /status while command handling is disabled
  ---
  duration_ms: 0
  type: 'test'
  location: '/app/test/telegram-native-runner.test.js:958:1'
  failureType: 'cancelledByParent'
  error: 'Promise resolution is still pending but the event loop has already resolved'
  code: 'ERR_TEST_FAILURE'
  stack: |-
    process.emit (node:events:519:28)
  ...
# Subtest: native runner routes allowed non-command text replies to the text handler
not ok 1074 - native runner routes allowed non-command text replies to the text handler
  ---
  duration_ms: 0
  type: 'test'
  location: '/app/test/telegram-native-runner.test.js:1002:1'
  failureType: 'cancelledByParent'
  error: 'Promise resolution is still pending but the event loop has already resolved'
  code: 'ERR_TEST_FAILURE'
  stack: |-
    process.emit (node:events:519:28)
  ...
# Subtest: native runner ignores non-command text from the wrong Telegram user or chat
not ok 1075 - native runner ignores non-command text from the wrong Telegram user or chat
  ---
  duration_ms: 0
  type: 'test'
  location: '/app/test/telegram-native-runner.test.js:1064:1'
  failureType: 'cancelledByParent'
  error: 'Promise resolution is still pending but the event loop has already resolved'
  code: 'ERR_TEST_FAILURE'
  stack: |-
    process.emit (node:events:519:28)
  ...
# Subtest: native runner keeps slash commands out of direct-send text handling
not ok 1076 - native runner keeps slash commands out of direct-send text handling
  ---
  duration_ms: 0
  type: 'test'
  location: '/app/test/telegram-native-runner.test.js:1115:1'
  failureType: 'cancelledByParent'
  error: 'Promise resolution is still pending but the event loop has already resolved'
  code: 'ERR_TEST_FAILURE'
  stack: |-
    process.emit (node:events:519:28)
  ...
# Subtest: native runner suppresses text handling while direct-send text is disabled
not ok 1077 - native runner suppresses text handling while direct-send text is disabled
  ---
  duration_ms: 0
  type: 'test'
  location: '/app/test/telegram-native-runner.test.js:1172:1'
  failureType: 'cancelledByParent'
  error: 'Promise resolution is still pending but the event loop has already resolved'
  code: 'ERR_TEST_FAILURE'
  stack: |-
    process.emit (node:events:519:28)
  ...
# Subtest: native runner retries transient polling errors and keeps handling updates
not ok 1078 - native runner retries transient polling errors and keeps handling updates
  ---
  duration_ms: 0
  type: 'test'
  location: '/app/test/telegram-native-runner.test.js:1214:1'
  failureType: 'cancelledByParent'
  error: 'Promise resolution is still pending but the event loop has already resolved'
  code: 'ERR_TEST_FAILURE'
  stack: |-
    process.emit (node:events:519:28)
  ...
# Subtest: native runner stops polling on fatal webhook conflicts
not ok 1079 - native runner stops polling on fatal webhook conflicts
  ---
  duration_ms: 0
  type: 'test'
  location: '/app/test/telegram-native-runner.test.js:1266:1'
  failureType: 'cancelledByParent'
  error: 'Promise resolution is still pending but the event loop has already resolved'
  code: 'ERR_TEST_FAILURE'
  stack: |-
    process.emit (node:events:519:28)
  ...
# Subtest: native runner reports initial webhook conflict during migration test setup
not ok 1080 - native runner reports initial webhook conflict during migration test setup
  ---
  duration_ms: 0
  type: 'test'
  location: '/app/test/telegram-native-runner.test.js:1296:1'
  failureType: 'cancelledByParent'
  error: 'Promise resolution is still pending but the event loop has already resolved'
  code: 'ERR_TEST_FAILURE'
  stack: |-
    process.emit (node:events:519:28)
  ...
# Subtest: constructor rejects handles missing required methods
ok 1081 - constructor rejects handles missing required methods
  ---
  duration_ms: 4.023412
  type: 'test'
  ...
# Subtest: START_SIDECAR starts the sidecar; snapshot reflects state
ok 1082 - START_SIDECAR starts the sidecar; snapshot reflects state
  ---
  duration_ms: 1.653066
  type: 'test'
  ...
# Subtest: START_SIDECAR treats explicit false return as startup failure
ok 1083 - START_SIDECAR treats explicit false return as startup failure
  ---
  duration_ms: 0.705597
  type: 'test'
  ...
# Subtest: STOP_SIDECAR passes graceMs=2000 by default
ok 1084 - STOP_SIDECAR passes graceMs=2000 by default
  ---
  duration_ms: 0.328118
  type: 'test'
  ...
# Subtest: START_NATIVE_POLLER waits settleMs after STOP_SIDECAR
ok 1085 - START_NATIVE_POLLER waits settleMs after STOP_SIDECAR
  ---
  duration_ms: 0.50997
  type: 'test'
  ...
# Subtest: START_NATIVE_POLLER skips settle wait if enough time already elapsed
ok 1086 - START_NATIVE_POLLER skips settle wait if enough time already elapsed
  ---
  duration_ms: 0.49114
  type: 'test'
  ...
# Subtest: Refuses START_NATIVE_POLLER while sidecar still running
ok 1087 - Refuses START_NATIVE_POLLER while sidecar still running
  ---
  duration_ms: 0.428351
  type: 'test'
  ...
# Subtest: Refuses START_SIDECAR while native still polling
ok 1088 - Refuses START_SIDECAR while native still polling
  ---
  duration_ms: 0.490626
  type: 'test'
  ...
# Subtest: Detects post-effect mutex violation (caller fake bug)
ok 1089 - Detects post-effect mutex violation (caller fake bug)
  ---
  duration_ms: 0.877112
  type: 'test'
  ...
# Subtest: apply() serializes concurrent calls
ok 1090 - apply() serializes concurrent calls
  ---
  duration_ms: 13.399147
  type: 'test'
  ...
# Subtest: apply() failure does not poison the queue
ok 1091 - apply() failure does not poison the queue
  ---
  duration_ms: 0.89095
  type: 'test'
  ...
# Subtest: SEND_TEST_CARD forwards payload to native.sendTestCard
ok 1092 - SEND_TEST_CARD forwards payload to native.sendTestCard
  ---
  duration_ms: 0.423304
  type: 'test'
  ...
# Subtest: PERSIST_PREFS forwards patch to onPersist callback
ok 1093 - PERSIST_PREFS forwards patch to onPersist callback
  ---
  duration_ms: 0.490219
  type: 'test'
  ...
# Subtest: EMIT_RUNTIME_STATUS forwards payload to onRuntimeStatus callback
ok 1094 - EMIT_RUNTIME_STATUS forwards payload to onRuntimeStatus callback
  ---
  duration_ms: 0.372201
  type: 'test'
  ...
# Subtest: Unknown effect type is ignored
ok 1095 - Unknown effect type is ignored
  ---
  duration_ms: 0.176431
  type: 'test'
  ...
# Subtest: Every transition-table case runs through the manager without violating mutex
ok 1096 - Every transition-table case runs through the manager without violating mutex
  ---
  duration_ms: 4.231954
  type: 'test'
  ...
# Subtest: decide: running resets dedupe + requests recovery (onlyIfRuntimeFailed)
ok 1097 - decide: running resets dedupe + requests recovery (onlyIfRuntimeFailed)
  ---
  duration_ms: 1.572173
  type: 'test'
  ...
# Subtest: decide: failed before ever-ready → no event (startup failure, owned elsewhere)
ok 1098 - decide: failed before ever-ready → no event (startup failure, owned elsewhere)
  ---
  duration_ms: 0.340251
  type: 'test'
  ...
# Subtest: decide: failed after ready → RUNTIME_FAILED with reason + message
ok 1099 - decide: failed after ready → RUNTIME_FAILED with reason + message
  ---
  duration_ms: 0.227185
  type: 'test'
  ...
# Subtest: decide: rate-limit message maps to its own reason key
ok 1100 - decide: rate-limit message maps to its own reason key
  ---
  duration_ms: 0.342932
  type: 'test'
  ...
# Subtest: decide: identical failure key dedupes to null
ok 1101 - decide: identical failure key dedupes to null
  ---
  duration_ms: 0.194585
  type: 'test'
  ...
# Subtest: bridge: running→failed (after ready) dispatches RUNTIME_FAILED once in LEGACY_ACTIVE
ok 1102 - bridge: running→failed (after ready) dispatches RUNTIME_FAILED once in LEGACY_ACTIVE
  ---
  duration_ms: 0.715563
  type: 'test'
  ...
# Subtest: bridge: repeated identical failed is deduped to a single dispatch
ok 1103 - bridge: repeated identical failed is deduped to a single dispatch
  ---
  duration_ms: 0.39143
  type: 'test'
  ...
# Subtest: bridge: a later, more specific failure (rate limit) dispatches again
ok 1104 - bridge: a later, more specific failure (rate limit) dispatches again
  ---
  duration_ms: 0.389929
  type: 'test'
  ...
# Subtest: bridge: a startup failure before ever running never dispatches
ok 1105 - bridge: a startup failure before ever running never dispatches
  ---
  duration_ms: 0.510237
  type: 'test'
  ...
# Subtest: bridge: recovery dispatches RUNTIME_RECOVERED only when controller shows failed
ok 1106 - bridge: recovery dispatches RUNTIME_RECOVERED only when controller shows failed
  ---
  duration_ms: 0.673221
  type: 'test'
  ...
# Subtest: bridge: SWITCHING_TO_LEGACY window holds the failure until state settles
ok 1107 - bridge: SWITCHING_TO_LEGACY window holds the failure until state settles
  ---
  duration_ms: 0.393569
  type: 'test'
  ...
# Subtest: bridge: never dispatches while state is non-legacy (e.g. user switched to native)
ok 1108 - bridge: never dispatches while state is non-legacy (e.g. user switched to native)
  ---
  duration_ms: 0.172832
  type: 'test'
  ...
# Subtest: Telegram /status command uses the full diagnostic view by default
ok 1109 - Telegram /status command uses the full diagnostic view by default
  ---
  duration_ms: 2.816824
  type: 'test'
  ...
# Subtest: isValidToken matches Telegram bot token shape
ok 1110 - isValidToken matches Telegram bot token shape
  ---
  duration_ms: 1.673885
  type: 'test'
  ...
# Subtest: parseTokenFromEnvFileText accepts the standard CLAWD_TG_BOT_TOKEN line
ok 1111 - parseTokenFromEnvFileText accepts the standard CLAWD_TG_BOT_TOKEN line
  ---
  duration_ms: 0.53567
  type: 'test'
  ...
# Subtest: parseTokenFromEnvFileText rejects malformed contents
ok 1112 - parseTokenFromEnvFileText rejects malformed contents
  ---
  duration_ms: 0.191008
  type: 'test'
  ...
# Subtest: buildEnvFileText produces the line the sidecar expects
ok 1113 - buildEnvFileText produces the line the sidecar expects
  ---
  duration_ms: 2.230814
  type: 'test'
  ...
# Subtest: envFileTokenStore requires filePath + fs.readFileSync
ok 1114 - envFileTokenStore requires filePath + fs.readFileSync
  ---
  duration_ms: 0.748935
  type: 'test'
  ...
# Subtest: envFileTokenStore.getToken reads the file and parses
ok 1115 - envFileTokenStore.getToken reads the file and parses
  ---
  duration_ms: 2.616017
  type: 'test'
  ...
# Subtest: envFileTokenStore.getToken returns null when file missing
ok 1116 - envFileTokenStore.getToken returns null when file missing
  ---
  duration_ms: 1.064742
  type: 'test'
  ...
# Subtest: envFileTokenStore.writeToken refuses invalid tokens
ok 1117 - envFileTokenStore.writeToken refuses invalid tokens
  ---
  duration_ms: 1.389229
  type: 'test'
  ...
# Subtest: envFileTokenStore.writeToken atomically persists token (temp+rename)
ok 1118 - envFileTokenStore.writeToken atomically persists token (temp+rename)
  ---
  duration_ms: 2.544158
  type: 'test'
  ...
# Subtest: envFileTokenStore.writeToken overwrites existing token safely
ok 1119 - envFileTokenStore.writeToken overwrites existing token safely
  ---
  duration_ms: 1.93312
  type: 'test'
  ...
# Subtest: envFileTokenStore.deleteToken removes the file silently if missing
ok 1120 - envFileTokenStore.deleteToken removes the file silently if missing
  ---
  duration_ms: 1.064651
  type: 'test'
  ...
# Subtest: Source invariant: src/telegram-token-store.js never references process.env.CLAWD_TG_BOT_TOKEN
ok 1121 - Source invariant: src/telegram-token-store.js never references process.env.CLAWD_TG_BOT_TOKEN
  ---
  duration_ms: 0.456911
  type: 'test'
  ...
# Subtest: text-scale clamp and validation
    # Subtest: accepts the full supported range
    ok 1 - accepts the full supported range
      ---
      duration_ms: 1.092013
      type: 'test'
      ...
    # Subtest: rejects out-of-range and non-numeric values
    ok 2 - rejects out-of-range and non-numeric values
      ---
      duration_ms: 2.249212
      type: 'test'
      ...
    # Subtest: clamps to bounds and falls back to default on garbage
    ok 3 - clamps to bounds and falls back to default on garbage
      ---
      duration_ms: 0.302665
      type: 'test'
      ...
    1..3
ok 1122 - text-scale clamp and validation
  ---
  duration_ms: 5.033264
  type: 'suite'
  ...
# Subtest: text-scale DIP conversion
    # Subtest: is the identity at 100%
    ok 1 - is the identity at 100%
      ---
      duration_ms: 0.385924
      type: 'test'
      ...
    # Subtest: keeps the 340 bubble base width integral at every 5% step
    ok 2 - keeps the 340 bubble base width integral at every 5% step
      ---
      duration_ms: 0.464483
      type: 'test'
      ...
    # Subtest: ceils heights so scaled content is never clipped
    ok 3 - ceils heights so scaled content is never clipped
      ---
      duration_ms: 0.240764
      type: 'test'
      ...
    # Subtest: clamps the scale before converting
    ok 4 - clamps the scale before converting
      ---
      duration_ms: 0.28142
      type: 'test'
      ...
    1..4
ok 1123 - text-scale DIP conversion
  ---
  duration_ms: 2.082985
  type: 'suite'
  ...
# Subtest: text-scale slider mapping
    # Subtest: round-trips every slider stop
    ok 1 - round-trips every slider stop
      ---
      duration_ms: 0.445009
      type: 'test'
      ...
    # Subtest: normalizes invalid percent input to the default
    ok 2 - normalizes invalid percent input to the default
      ---
      duration_ms: 0.269328
      type: 'test'
      ...
    # Subtest: exposes the step constant
    ok 3 - exposes the step constant
      ---
      duration_ms: 0.425915
      type: 'test'
      ...
    1..3
ok 1124 - text-scale slider mapping
  ---
  duration_ms: 1.507072
  type: 'suite'
  ...
# Subtest: per-display resolution
    # Subtest: prefers the display entry and falls back to the legacy global
    ok 1 - prefers the display entry and falls back to the legacy global
      ---
      duration_ms: 0.282894
      type: 'test'
      ...
    # Subtest: clamps both entry and fallback values
    ok 2 - clamps both entry and fallback values
      ---
      duration_ms: 0.196956
      type: 'test'
      ...
    # Subtest: normalizes the map: drops invalid keys/values and caps entries
    ok 3 - normalizes the map: drops invalid keys/values and caps entries
      ---
      duration_ms: 1.423476
      type: 'test'
      ...
    1..3
ok 1125 - per-display resolution
  ---
  duration_ms: 2.099445
  type: 'suite'
  ...
# Subtest: applyZoomToWindow
    # Subtest: neutralizes the shared zoom map and inserts a root zoom stylesheet (CSP-immune)
    ok 1 - neutralizes the shared zoom map and inserts a root zoom stylesheet (CSP-immune)
      ---
      duration_ms: 20.639779
      type: 'test'
      ...
    # Subtest: memoizes per webContents and swaps the stylesheet on a changed value
    ok 2 - memoizes per webContents and swaps the stylesheet on a changed value
      ---
      duration_ms: 1.031637
      type: 'test'
      ...
    # Subtest: still injects explicitly at the default scale
    ok 3 - still injects explicitly at the default scale
      ---
      duration_ms: 0.778688
      type: 'test'
      ...
    # Subtest: is safe on destroyed/missing windows and swallows setter errors
    ok 4 - is safe on destroyed/missing windows and swallows setter errors
      ---
      duration_ms: 0.442076
      type: 'test'
      ...
    # Subtest: rolls the memo back on injection failure so the next call re-injects
    ok 5 - rolls the memo back on injection failure so the next call re-injects
      ---
      duration_ms: 1.178578
      type: 'test'
      ...
    # Subtest: clears the memo on reload so the zoom is re-applied to the fresh document
    ok 6 - clears the memo on reload so the zoom is re-applied to the fresh document
      ---
      duration_ms: 0.65347
      type: 'test'
      ...
    # Subtest: serializes rapid value changes and keeps exactly one live sheet
    ok 7 - serializes rapid value changes and keeps exactly one live sheet
      ---
      duration_ms: 0.892944
      type: 'test'
      ...
    1..7
ok 1126 - applyZoomToWindow
  ---
  duration_ms: 26.115804
  type: 'suite'
  ...
# [theme-loader] Failed to sanitize idle.svg: Cannot find module 'htmlparser2'
# Require stack:
# - /app/src/theme-sanitizer.js
# - /app/src/theme-assets-cache.js
# - /app/test/theme-assets-cache.test.js
# [theme-loader] Failed to sanitize idle.svg: Cannot find module 'htmlparser2'
# Require stack:
# - /app/src/theme-sanitizer.js
# - /app/src/theme-assets-cache.js
# - /app/test/theme-assets-cache.test.js
# [theme-loader] Failed to sanitize idle.svg: Cannot find module 'htmlparser2'
# Require stack:
# - /app/src/theme-sanitizer.js
# - /app/src/theme-assets-cache.js
# - /app/test/theme-assets-cache.test.js
# [theme-loader] Failed to sanitize idle.svg: Cannot find module 'htmlparser2'
# Require stack:
# - /app/src/theme-sanitizer.js
# - /app/src/theme-assets-cache.js
# - /app/test/theme-assets-cache.test.js
# [theme-loader] Failed to sanitize idle.svg: Cannot find module 'htmlparser2'
# Require stack:
# - /app/src/theme-sanitizer.js
# - /app/src/theme-assets-cache.js
# - /app/test/theme-assets-cache.test.js
# Subtest: theme-assets-cache path helpers
    # Subtest: returns source assets directly when no cache root is configured
    ok 1 - returns source assets directly when no cache root is configured
      ---
      duration_ms: 3.280949
      type: 'test'
      ...
    # Subtest: detects paths outside the intended directory
    ok 2 - detects paths outside the intended directory
      ---
      duration_ms: 3.445349
      type: 'test'
      ...
    1..2
ok 1127 - theme-assets-cache path helpers
  ---
  duration_ms: 8.121133
  type: 'suite'
  ...
# Subtest: theme-assets-cache SVG and raster sync
    # Subtest: sanitizes SVGs and copies safe relative raster dependencies beside cached SVGs
    not ok 1 - sanitizes SVGs and copies safe relative raster dependencies beside cached SVGs
      ---
      duration_ms: 5.40733
      type: 'test'
      location: '/app/test/theme-assets-cache.test.js:62:3'
      failureType: 'testCodeFailure'
      error: "ENOENT: no such file or directory, open '/tmp/clawd-theme-cache-RfSLnc/theme-cache/safe-raster-ref/assets/idle.svg'"
      code: 'ENOENT'
      stack: |-
        Object.readFileSync (node:fs:440:20)
        TestContext.<anonymous> (/app/test/theme-assets-cache.test.js:79:26)
        Test.runInAsyncScope (node:async_hooks:214:14)
        Test.run (node:internal/test_runner/test:1047:25)
        Test.start (node:internal/test_runner/test:944:17)
        node:internal/test_runner/test:1440:71
        node:internal/per_context/primordials:466:82
        new Promise (<anonymous>)
        new SafePromise (node:internal/per_context/primordials:435:3)
        node:internal/per_context/primordials:466:9
      ...
    # Subtest: rejects missing SVG raster dependencies in strict mode
    not ok 2 - rejects missing SVG raster dependencies in strict mode
      ---
      duration_ms: 5.991804
      type: 'test'
      location: '/app/test/theme-assets-cache.test.js:93:3'
      failureType: 'testCodeFailure'
      error: 'Missing expected exception.'
      code: 'ERR_ASSERTION'
      name: 'AssertionError'
      expected:
      operator: 'throws'
      stack: |-
        TestContext.<anonymous> (/app/test/theme-assets-cache.test.js:99:12)
        Test.runInAsyncScope (node:async_hooks:214:14)
        Test.run (node:internal/test_runner/test:1047:25)
        Suite.processPendingSubtests (node:internal/test_runner/test:744:18)
        Test.postRun (node:internal/test_runner/test:1173:19)
        Test.run (node:internal/test_runner/test:1101:12)
        async Promise.all (index 0)
        async Suite.run (node:internal/test_runner/test:1442:7)
        async Test.processPendingSubtests (node:internal/test_runner/test:744:7)
      ...
    # Subtest: repairs missing cached rasters and invalidates stale source metadata
    not ok 3 - repairs missing cached rasters and invalidates stale source metadata
      ---
      duration_ms: 3.092326
      type: 'test'
      location: '/app/test/theme-assets-cache.test.js:109:3'
      failureType: 'testCodeFailure'
      error: "ENOENT: no such file or directory, open '/tmp/clawd-theme-cache-P7QBL3/theme-cache/repair-raster-ref/assets/spritesheet.webp'"
      code: 'ENOENT'
      stack: |-
        Object.readFileSync (node:fs:440:20)
        TestContext.<anonymous> (/app/test/theme-assets-cache.test.js:121:27)
        Test.runInAsyncScope (node:async_hooks:214:14)
        Test.run (node:internal/test_runner/test:1047:25)
        Suite.processPendingSubtests (node:internal/test_runner/test:744:18)
        Test.postRun (node:internal/test_runner/test:1173:19)
        Test.run (node:internal/test_runner/test:1101:12)
        async Suite.processPendingSubtests (node:internal/test_runner/test:744:7)
      ...
    # Subtest: removes orphaned cached rasters after SVG references change
    not ok 4 - removes orphaned cached rasters after SVG references change
      ---
      duration_ms: 3.175744
      type: 'test'
      location: '/app/test/theme-assets-cache.test.js:137:3'
      failureType: 'testCodeFailure'
      error: "ENOENT: no such file or directory, open '/tmp/clawd-theme-cache-Yy7sl3/theme-cache/orphan-raster-ref/assets/a.webp'"
      code: 'ENOENT'
      stack: |-
        Object.readFileSync (node:fs:440:20)
        TestContext.<anonymous> (/app/test/theme-assets-cache.test.js:150:27)
        Test.runInAsyncScope (node:async_hooks:214:14)
        Test.run (node:internal/test_runner/test:1047:25)
        Suite.processPendingSubtests (node:internal/test_runner/test:744:18)
        Test.postRun (node:internal/test_runner/test:1173:19)
        Test.run (node:internal/test_runner/test:1101:12)
        async Suite.processPendingSubtests (node:internal/test_runner/test:744:7)
      ...
    # Subtest: migrates legacy flat cache metadata and refreshes cached SVGs
    not ok 5 - migrates legacy flat cache metadata and refreshes cached SVGs
      ---
      duration_ms: 19.521598
      type: 'test'
      location: '/app/test/theme-assets-cache.test.js:168:3'
      failureType: 'testCodeFailure'
      error: |-
        The expression evaluated to a falsy value:

          assert.ok(cacheMeta.rasters["spritesheet.webp"])

      code: 'ERR_ASSERTION'
      name: 'AssertionError'
      expected: true
      operator: '=='
      stack: |-
        TestContext.<anonymous> (/app/test/theme-assets-cache.test.js:198:12)
        Test.runInAsyncScope (node:async_hooks:214:14)
        Test.run (node:internal/test_runner/test:1047:25)
        Suite.processPendingSubtests (node:internal/test_runner/test:744:18)
        Test.postRun (node:internal/test_runner/test:1173:19)
        Test.run (node:internal/test_runner/test:1101:12)
        async Suite.processPendingSubtests (node:internal/test_runner/test:744:7)
      ...
    1..5
not ok 1128 - theme-assets-cache SVG and raster sync
  ---
  duration_ms: 38.186455
  type: 'suite'
  location: '/app/test/theme-assets-cache.test.js:61:1'
  failureType: 'subtestsFailed'
  error: '5 subtests failed'
  code: 'ERR_TEST_FAILURE'
  ...
# Subtest: explicit contexts resolve independent external asset paths without active-theme state
ok 1129 - explicit contexts resolve independent external asset paths without active-theme state
  ---
  duration_ms: 6.387391
  type: 'test'
  ...
# Subtest: null theme contexts return loader-compatible defaults
ok 1130 - null theme contexts return loader-compatible defaults
  ---
  duration_ms: 1.377247
  type: 'test'
  ...
# Subtest: built-in contexts prefer theme-local assets and expose relative renderer paths
ok 1131 - built-in contexts prefer theme-local assets and expose relative renderer paths
  ---
  duration_ms: 2.014656
  type: 'test'
  ...
# Subtest: external renderer asset path keeps the legacy default when file URL is absent
ok 1132 - external renderer asset path keeps the legacy default when file URL is absent
  ---
  duration_ms: 2.973799
  type: 'test'
  ...
# Subtest: file URL conversion errors still propagate from source asset URLs
ok 1133 - file URL conversion errors still propagate from source asset URLs
  ---
  duration_ms: 2.240303
  type: 'test'
  ...
# Subtest: sound URLs prefer overrides and external themes fall back to built-in sounds
ok 1134 - sound URLs prefer overrides and external themes fall back to built-in sounds
  ---
  duration_ms: 1.51673
  type: 'test'
  ...
# Subtest: renderer config exposes trusted scripted files only for built-in themes
ok 1135 - renderer config exposes trusted scripted files only for built-in themes
  ---
  duration_ms: 2.06953
  type: 'test'
  ...
# Subtest: theme fade sequencer
    # Subtest: reloads both windows after fade-out and finishes once both are ready
    ok 1 - reloads both windows after fade-out and finishes once both are ready
      ---
      duration_ms: 11.572333
      type: 'test'
      ...
    # Subtest: uses fallback if one window never finishes loading
    ok 2 - uses fallback if one window never finishes loading
      ---
      duration_ms: 1.70869
      type: 'test'
      ...
    # Subtest: invalidates stale callbacks when a newer sequence starts
    ok 3 - invalidates stale callbacks when a newer sequence starts
      ---
      duration_ms: 1.186424
      type: 'test'
      ...
    # Subtest: cancels a previous fade-out immediately when a new sequence starts
    ok 4 - cancels a previous fade-out immediately when a new sequence starts
      ---
      duration_ms: 0.488282
      type: 'test'
      ...
    # Subtest: uses fallback if fade-out never settles
    ok 5 - uses fallback if fade-out never settles
      ---
      duration_ms: 3.435257
      type: 'test'
      ...
    # Subtest: does not leak prior opacity writes after mid-ramp cancellation
    ok 6 - does not leak prior opacity writes after mid-ramp cancellation
      ---
      duration_ms: 1.352519
      type: 'test'
      ...
    # Subtest: cleanup removes listeners and clears fallback timer
    ok 7 - cleanup removes listeners and clears fallback timer
      ---
      duration_ms: 1.322555
      type: 'test'
      ...
    # Subtest: cleanup cancels an active opacity animation
    ok 8 - cleanup cancels an active opacity animation
      ---
      duration_ms: 1.012676
      type: 'test'
      ...
    1..8
ok 1136 - theme fade sequencer
  ---
  duration_ms: 24.377969
  type: 'suite'
  ...
# Subtest: validateThemeShape
    # Subtest: validates a built-in theme using central clawd assets without activating a theme
    ok 1 - validates a built-in theme using central clawd assets without activating a theme
      ---
      duration_ms: 11.025372
      type: 'test'
      ...
    # Subtest: validates external theme assets from source without creating theme cache
    ok 2 - validates external theme assets from source without creating theme cache
      ---
      duration_ms: 7.326818
      type: 'test'
      ...
    # Subtest: reports missing assets introduced by a variant
    ok 3 - reports missing assets introduced by a variant
      ---
      duration_ms: 3.564855
      type: 'test'
      ...
    # Subtest: reports override-introduced missing assets
    ok 4 - reports override-introduced missing assets
      ---
      duration_ms: 4.212029
      type: 'test'
      ...
    1..4
ok 1137 - validateThemeShape
  ---
  duration_ms: 27.913871
  type: 'suite'
  ...
# Subtest: checkThemeHealth
    # Subtest: wraps validateThemeShape into a doctor check
    ok 1 - wraps validateThemeShape into a doctor check
      ---
      duration_ms: 1.181128
      type: 'test'
      ...
    # Subtest: warns when validateThemeShape fails
    ok 2 - warns when validateThemeShape fails
      ---
      duration_ms: 0.618869
      type: 'test'
      ...
    1..2
ok 1138 - checkThemeHealth
  ---
  duration_ms: 2.278773
  type: 'suite'
  ...
# [theme-loader] Theme "doesNotExist" not found
# [theme-loader] Theme "broken" validation errors: schemaVersion must be 1, got undefined; missing or incomplete viewBox (need x, y, width, height); states.idle must be a non-empty array; states.working must be a non-empty array; states.thinking must be a non-empty array; states.sleeping must define files or fallbackTo; sleepSequence.mode=full requires states.yawning to be a non-empty array; sleepSequence.mode=full requires states.dozing to be a non-empty array; sleepSequence.mode=full requires states.collapsing to be a non-empty array; sleepSequence.mode=full requires states.waking to be a non-empty array
# [theme-loader] Failed to sanitize idle.svg: Cannot find module 'htmlparser2'
# Require stack:
# - /app/src/theme-sanitizer.js
# - /app/src/theme-assets-cache.js
# - /app/src/theme-loader.js
# - /app/test/theme-loader.test.js
# [theme-loader] Failed to sanitize react-once.svg: Cannot find module 'htmlparser2'
# Require stack:
# - /app/src/theme-sanitizer.js
# - /app/src/theme-assets-cache.js
# - /app/src/theme-loader.js
# - /app/test/theme-loader.test.js
# [theme-loader] Path traversal detected for built-in theme "../escaped-theme"
# [theme-loader] Failed to sanitize idle.svg: Cannot find module 'htmlparser2'
# Require stack:
# - /app/src/theme-sanitizer.js
# - /app/src/theme-assets-cache.js
# - /app/src/theme-loader.js
# - /app/test/theme-loader.test.js
# [theme-loader] Failed to sanitize pattern.svg: Cannot find module 'htmlparser2'
# Require stack:
# - /app/src/theme-sanitizer.js
# - /app/src/theme-assets-cache.js
# - /app/src/theme-loader.js
# - /app/test/theme-loader.test.js
# [theme-loader] Failed to sanitize idle.svg: Cannot find module 'htmlparser2'
# Require stack:
# - /app/src/theme-sanitizer.js
# - /app/src/theme-assets-cache.js
# - /app/src/theme-loader.js
# - /app/test/theme-loader.test.js
# [theme-loader] Failed to sanitize idle.svg: Cannot find module 'htmlparser2'
# Require stack:
# - /app/src/theme-sanitizer.js
# - /app/src/theme-assets-cache.js
# - /app/src/theme-loader.js
# - /app/test/theme-loader.test.js
# [theme-loader] Failed to sanitize idle.svg: Cannot find module 'htmlparser2'
# Require stack:
# - /app/src/theme-sanitizer.js
# - /app/src/theme-assets-cache.js
# - /app/src/theme-loader.js
# - /app/test/theme-loader.test.js
# [theme-loader] Failed to sanitize idle.svg: Cannot find module 'htmlparser2'
# Require stack:
# - /app/src/theme-sanitizer.js
# - /app/src/theme-assets-cache.js
# - /app/src/theme-loader.js
# - /app/test/theme-loader.test.js
# [theme-loader] Failed to sanitize idle.svg: Cannot find module 'htmlparser2'
# Require stack:
# - /app/src/theme-sanitizer.js
# - /app/src/theme-assets-cache.js
# - /app/src/theme-loader.js
# - /app/test/theme-loader.test.js
# [theme-loader] Failed to sanitize idle.svg: Cannot find module 'htmlparser2'
# Require stack:
# - /app/src/theme-sanitizer.js
# - /app/src/theme-assets-cache.js
# - /app/src/theme-loader.js
# - /app/test/theme-loader.test.js
# [theme-loader] trustedRuntime ignored for non-builtin theme "forgedScriptedPower"
# [theme-loader] variant "host:chill" declares ignored field "garbageField" (not in allow-list)
# [theme-loader] variant "host:chill" declares ignored field "garbageField" (not in allow-list)
# [theme-loader] variant "host:chill" declares ignored field "garbageField" (not in allow-list)
# [theme-loader] variant "host:chill" declares ignored field "garbageField" (not in allow-list)
# [theme-loader] variant "host:chill" declares ignored field "garbageField" (not in allow-list)
# [theme-loader] variant "host:chill" declares ignored field "garbageField" (not in allow-list)
# Subtest: theme-loader strict mode
    # Subtest: lenient load falls back to clawd when theme missing
    ok 1 - lenient load falls back to clawd when theme missing
      ---
      duration_ms: 5.934063
      type: 'test'
      ...
    # Subtest: lenient load falls back when theme validation fails
    ok 2 - lenient load falls back when theme validation fails
      ---
      duration_ms: 2.104106
      type: 'test'
      ...
    # Subtest: strict load throws when theme is missing
    ok 3 - strict load throws when theme is missing
      ---
      duration_ms: 0.877724
      type: 'test'
      ...
    # Subtest: strict load throws when theme fails validation
    ok 4 - strict load throws when theme fails validation
      ---
      duration_ms: 0.970376
      type: 'test'
      ...
    # Subtest: strict load succeeds on a valid theme
    ok 5 - strict load succeeds on a valid theme
      ---
      duration_ms: 1.738979
      type: 'test'
      ...
    # Subtest: normalizes updateVisuals file references
    ok 6 - normalizes updateVisuals file references
      ---
      duration_ms: 0.880837
      type: 'test'
      ...
    # Subtest: strict load rejects malformed updateVisuals
    ok 7 - strict load rejects malformed updateVisuals
      ---
      duration_ms: 0.408226
      type: 'test'
      ...
    # Subtest: preserves updateBubbleAnchorBox on a valid theme
    ok 8 - preserves updateBubbleAnchorBox on a valid theme
      ---
      duration_ms: 3.168977
      type: 'test'
      ...
    # Subtest: strict load rejects malformed updateBubbleAnchorBox
    ok 9 - strict load rejects malformed updateBubbleAnchorBox
      ---
      duration_ms: 0.904116
      type: 'test'
      ...
    # Subtest: strict load rejects malformed rendering config
    ok 10 - strict load rejects malformed rendering config
      ---
      duration_ms: 0.601641
      type: 'test'
      ...
    1..10
ok 1139 - theme-loader strict mode
  ---
  duration_ms: 30.149361
  type: 'suite'
  ...
# Subtest: theme-loader trusted runtime and schema v1 defaults
    # Subtest: keeps schemaVersion 1 themes valid while adding safe defaults
    ok 1 - keeps schemaVersion 1 themes valid while adding safe defaults
      ---
      duration_ms: 1.13702
      type: 'test'
      ...
    # Subtest: preserves trustedRuntime only for built-in themes and sanitizes filenames
    ok 2 - preserves trustedRuntime only for built-in themes and sanitizes filenames
      ---
      duration_ms: 2.834116
      type: 'test'
      ...
    # Subtest: does not let external themes forge trustedRuntime into renderer config
    ok 3 - does not let external themes forge trustedRuntime into renderer config
      ---
      duration_ms: 4.445872
      type: 'test'
      ...
    # Subtest: passes forced SVG object-channel rendering through for external themes
    ok 4 - passes forced SVG object-channel rendering through for external themes
      ---
      duration_ms: 2.619874
      type: 'test'
      ...
    # Subtest: rejects path traversal before marking a theme as built-in
    ok 5 - rejects path traversal before marking a theme as built-in
      ---
      duration_ms: 0.672732
      type: 'test'
      ...
    1..5
ok 1140 - theme-loader trusted runtime and schema v1 defaults
  ---
  duration_ms: 15.908924
  type: 'suite'
  ...
# Subtest: theme-loader getThemeMetadata
    # Subtest: returns null for missing / malformed themes
    ok 1 - returns null for missing / malformed themes
      ---
      duration_ms: 0.604759
      type: 'test'
      ...
    # Subtest: returns name + builtin flag even when preview file is absent
    ok 2 - returns name + builtin flag even when preview file is absent
      ---
      duration_ms: 0.884269
      type: 'test'
      ...
    # Subtest: prefers explicit preview field over idle[0]
    ok 3 - prefers explicit preview field over idle[0]
      ---
      duration_ms: 0.619995
      type: 'test'
      ...
    1..3
ok 1141 - theme-loader getThemeMetadata
  ---
  duration_ms: 4.750124
  type: 'suite'
  ...
# Subtest: theme-loader preview sound selection
    # Subtest: prefers confirm for settings preview when available
    ok 1 - prefers confirm for settings preview when available
      ---
      duration_ms: 1.413318
      type: 'test'
      ...
    # Subtest: falls back to complete when confirm is unavailable
    ok 2 - falls back to complete when confirm is unavailable
      ---
      duration_ms: 0.835784
      type: 'test'
      ...
    # Subtest: returns null when neither confirm nor complete is available
    ok 3 - returns null when neither confirm nor complete is available
      ---
      duration_ms: 0.908269
      type: 'test'
      ...
    1..3
ok 1142 - theme-loader preview sound selection
  ---
  duration_ms: 7.24544
  type: 'suite'
  ...
# Subtest: theme-loader fileHitBoxes
    # Subtest: normalizes basename keys and drops invalid entries with warnings
    ok 1 - normalizes basename keys and drops invalid entries with warnings
      ---
      duration_ms: 1.034532
      type: 'test'
      ...
    # Subtest: variant fileHitBoxes merge by file key and replace whole rects
    ok 2 - variant fileHitBoxes merge by file key and replace whole rects
      ---
      duration_ms: 0.97566
      type: 'test'
      ...
    # Subtest: variant partial rects are rejected instead of deep-merged
    ok 3 - variant partial rects are rejected instead of deep-merged
      ---
      duration_ms: 1.982707
      type: 'test'
      ...
    1..3
ok 1143 - theme-loader fileHitBoxes
  ---
  duration_ms: 6.990875
  type: 'suite'
  ...
# Subtest: theme-loader discovery
    # Subtest: skips the built-in template from discoverThemes and metadata scans
    ok 1 - skips the built-in template from discoverThemes and metadata scans
      ---
      duration_ms: 1.41227
      type: 'test'
      ...
    1..1
ok 1144 - theme-loader discovery
  ---
  duration_ms: 3.98321
  type: 'suite'
  ...
# Subtest: theme-loader external SVG sanitization
    # Subtest: strips unsafe href/url references while preserving safe local ones
    not ok 1 - strips unsafe href/url references while preserving safe local ones
      ---
      duration_ms: 3.520883
      type: 'test'
      location: '/app/test/theme-loader.test.js:692:3'
      failureType: 'testCodeFailure'
      error: "ENOENT: no such file or directory, open '/tmp/clawd-theme-mz8a9B/userData/theme-cache/unsafe-inline-style/assets/idle.svg'"
      code: 'ENOENT'
      stack: |-
        Object.readFileSync (node:fs:440:20)
        TestContext.<anonymous> (/app/test/theme-loader.test.js:695:26)
        Test.runInAsyncScope (node:async_hooks:214:14)
        Test.run (node:internal/test_runner/test:1047:25)
        async Promise.all (index 0)
        async Suite.run (node:internal/test_runner/test:1442:7)
        async Test.processPendingSubtests (node:internal/test_runner/test:744:7)
      ...
    # Subtest: copies safe relative raster dependencies beside cached SVGs
    not ok 2 - copies safe relative raster dependencies beside cached SVGs
      ---
      duration_ms: 2.021885
      type: 'test'
      location: '/app/test/theme-loader.test.js:707:3'
      failureType: 'testCodeFailure'
      error: "ENOENT: no such file or directory, open '/tmp/clawd-theme-mz8a9B/userData/theme-cache/safe-raster-ref/assets/idle.svg'"
      code: 'ENOENT'
      stack: |-
        Object.readFileSync (node:fs:440:20)
        TestContext.<anonymous> (/app/test/theme-loader.test.js:710:26)
        Test.runInAsyncScope (node:async_hooks:214:14)
        Test.run (node:internal/test_runner/test:1047:25)
        async Suite.processPendingSubtests (node:internal/test_runner/test:744:7)
      ...
    # Subtest: rejects missing SVG raster dependencies in strict mode
    not ok 3 - rejects missing SVG raster dependencies in strict mode
      ---
      duration_ms: 2.574849
      type: 'test'
      location: '/app/test/theme-loader.test.js:727:3'
      failureType: 'testCodeFailure'
      error: 'Missing expected exception.'
      code: 'ERR_ASSERTION'
      name: 'AssertionError'
      expected:
      operator: 'throws'
      stack: |-
        TestContext.<anonymous> (/app/test/theme-loader.test.js:730:12)
        Test.runInAsyncScope (node:async_hooks:214:14)
        Test.run (node:internal/test_runner/test:1047:25)
        async Suite.processPendingSubtests (node:internal/test_runner/test:744:7)
      ...
    # Subtest: repairs a missing cached raster when metadata still exists
    not ok 4 - repairs a missing cached raster when metadata still exists
      ---
      duration_ms: 1.85795
      type: 'test'
      location: '/app/test/theme-loader.test.js:737:3'
      failureType: 'testCodeFailure'
      error: "ENOENT: no such file or directory, open '/tmp/clawd-theme-mz8a9B/userData/theme-cache/repair-raster-ref/assets/spritesheet.webp'"
      code: 'ENOENT'
      stack: |-
        Object.readFileSync (node:fs:440:20)
        TestContext.<anonymous> (/app/test/theme-loader.test.js:742:27)
        Test.runInAsyncScope (node:async_hooks:214:14)
        Test.run (node:internal/test_runner/test:1047:25)
        async Suite.processPendingSubtests (node:internal/test_runner/test:744:7)
      ...
    # Subtest: invalidates cached rasters when source mtime or size changes
    not ok 5 - invalidates cached rasters when source mtime or size changes
      ---
      duration_ms: 2.398937
      type: 'test'
      location: '/app/test/theme-loader.test.js:749:3'
      failureType: 'testCodeFailure'
      error: "ENOENT: no such file or directory, open '/tmp/clawd-theme-mz8a9B/userData/theme-cache/invalidation-raster-ref/assets/spritesheet.webp'"
      code: 'ENOENT'
      stack: |-
        Object.readFileSync (node:fs:440:20)
        TestContext.<anonymous> (/app/test/theme-loader.test.js:755:27)
        Test.runInAsyncScope (node:async_hooks:214:14)
        Test.run (node:internal/test_runner/test:1047:25)
        async Suite.processPendingSubtests (node:internal/test_runner/test:744:7)
      ...
    # Subtest: removes orphaned cached rasters after SVG references change
    not ok 6 - removes orphaned cached rasters after SVG references change
      ---
      duration_ms: 1.280712
      type: 'test'
      location: '/app/test/theme-loader.test.js:762:3'
      failureType: 'testCodeFailure'
      error: "ENOENT: no such file or directory, open '/tmp/clawd-theme-mz8a9B/userData/theme-cache/orphan-raster-ref/assets/a.webp'"
      code: 'ENOENT'
      stack: |-
        Object.readFileSync (node:fs:440:20)
        TestContext.<anonymous> (/app/test/theme-loader.test.js:769:27)
        Test.runInAsyncScope (node:async_hooks:214:14)
        Test.run (node:internal/test_runner/test:1047:25)
        async Suite.processPendingSubtests (node:internal/test_runner/test:744:7)
      ...
    # Subtest: migrates legacy flat cache metadata and refreshes cached SVGs
    not ok 7 - migrates legacy flat cache metadata and refreshes cached SVGs
      ---
      duration_ms: 8.173686
      type: 'test'
      location: '/app/test/theme-loader.test.js:784:3'
      failureType: 'testCodeFailure'
      error: |-
        The expression evaluated to a falsy value:

          assert.ok(cacheMeta.rasters["spritesheet.webp"])

      code: 'ERR_ASSERTION'
      name: 'AssertionError'
      expected: true
      operator: '=='
      stack: |-
        TestContext.<anonymous> (/app/test/theme-loader.test.js:804:12)
        Test.runInAsyncScope (node:async_hooks:214:14)
        Test.run (node:internal/test_runner/test:1047:25)
        async Suite.processPendingSubtests (node:internal/test_runner/test:744:7)
      ...
    1..7
not ok 1145 - theme-loader external SVG sanitization
  ---
  duration_ms: 29.961591
  type: 'suite'
  location: '/app/test/theme-loader.test.js:591:1'
  failureType: 'subtestsFailed'
  error: '7 subtests failed'
  code: 'ERR_TEST_FAILURE'
  ...
# Subtest: theme-loader capability metadata
    # Subtest: derives _capabilities from the current schema fields
    ok 1 - derives _capabilities from the current schema fields
      ---
      duration_ms: 0.975468
      type: 'test'
      ...
    # Subtest: includes capabilities in theme metadata scans
    ok 2 - includes capabilities in theme metadata scans
      ---
      duration_ms: 2.912355
      type: 'test'
      ...
    # Subtest: marks scripted or forced-object themes as a higher power profile without trusting forged user runtime
    ok 3 - marks scripted or forced-object themes as a higher power profile without trusting forged user runtime
      ---
      duration_ms: 1.929743
      type: 'test'
      ...
    # Subtest: treats a miniMode block as supported unless supported=false
    ok 4 - treats a miniMode block as supported unless supported=false
      ---
      duration_ms: 0.549372
      type: 'test'
      ...
    # Subtest: strict load rejects mini themes that do not define all 8 mini states
    ok 5 - strict load rejects mini themes that do not define all 8 mini states
      ---
      duration_ms: 0.388973
      type: 'test'
      ...
    1..5
ok 1146 - theme-loader capability metadata
  ---
  duration_ms: 10.948628
  type: 'suite'
  ...
# Subtest: theme-loader fallback + sleepSequence
    # Subtest: normalizes object-form state bindings and direct sleep mode
    ok 1 - normalizes object-form state bindings and direct sleep mode
      ---
      duration_ms: 0.981409
      type: 'test'
      ...
    # Subtest: user overrides can materialize a fallback-only state without dropping fallbackTo
    ok 2 - user overrides can materialize a fallback-only state without dropping fallbackTo
      ---
      duration_ms: 1.383175
      type: 'test'
      ...
    # Subtest: user overrides can patch mini states and idle animations
    ok 3 - user overrides can patch mini states and idle animations
      ---
      duration_ms: 0.571489
      type: 'test'
      ...
    # Subtest: rejects invalid sleepSequence values
    ok 4 - rejects invalid sleepSequence values
      ---
      duration_ms: 0.351243
      type: 'test'
      ...
    # Subtest: rejects fallback cycles and overlong chains
    ok 5 - rejects fallback cycles and overlong chains
      ---
      duration_ms: 0.748627
      type: 'test'
      ...
    # Subtest: rejects fallbackTo on unsupported source states
    ok 6 - rejects fallbackTo on unsupported source states
      ---
      duration_ms: 0.307326
      type: 'test'
      ...
    1..6
ok 1147 - theme-loader fallback + sleepSequence
  ---
  duration_ms: 7.481454
  type: 'suite'
  ...
# Subtest: theme-loader variant loading
    # Subtest: default request returns _variantId='default' when theme has no variants
    ok 1 - default request returns _variantId='default' when theme has no variants
      ---
      duration_ms: 0.557451
      type: 'test'
      ...
    # Subtest: unknown variant lenient-falls back to default
    ok 2 - unknown variant lenient-falls back to default
      ---
      duration_ms: 0.775786
      type: 'test'
      ...
    # Subtest: named variant patches workingTiers via replace semantics
    ok 3 - named variant patches workingTiers via replace semantics
      ---
      duration_ms: 0.799365
      type: 'test'
      ...
    # Subtest: variant patches timings via deep-merge (scalars + nested objects)
    ok 4 - variant patches timings via deep-merge (scalars + nested objects)
      ---
      duration_ms: 0.572227
      type: 'test'
      ...
    # Subtest: variant replaces displayHintMap wholesale (not deep-merge)
    ok 5 - variant replaces displayHintMap wholesale (not deep-merge)
      ---
      duration_ms: 0.515353
      type: 'test'
      ...
    # Subtest: out-of-allow-list fields in variant are ignored silently
    ok 6 - out-of-allow-list fields in variant are ignored silently
      ---
      duration_ms: 0.469433
      type: 'test'
      ...
    # Subtest: getThemeMetadata.variants synthesizes a default entry when author omits it
    ok 7 - getThemeMetadata.variants synthesizes a default entry when author omits it
      ---
      duration_ms: 0.632205
      type: 'test'
      ...
    # Subtest: getThemeMetadata.variants preserves i18n-style name object as-is
    ok 8 - getThemeMetadata.variants preserves i18n-style name object as-is
      ---
      duration_ms: 0.469937
      type: 'test'
      ...
    # Subtest: getThemeMetadata.variants returns single-item list for theme with no variants
    ok 9 - getThemeMetadata.variants returns single-item list for theme with no variants
      ---
      duration_ms: 4.032341
      type: 'test'
      ...
    # Subtest: user overrides patch states / tiers / timings on top of the resolved variant
    ok 10 - user overrides patch states / tiers / timings on top of the resolved variant
      ---
      duration_ms: 4.042398
      type: 'test'
      ...
    # Subtest: stores pre-override tier bindings for UI card identity
    ok 11 - stores pre-override tier bindings for UI card identity
      ---
      duration_ms: 0.709584
      type: 'test'
      ...
    1..11
ok 1148 - theme-loader variant loading
  ---
  duration_ms: 17.365625
  type: 'suite'
  ...
# Subtest: theme metadata preview helpers
    # Subtest: uses basename-only preview fallback and built-in central assets
    ok 1 - uses basename-only preview fallback and built-in central assets
      ---
      duration_ms: 6.206459
      type: 'test'
      ...
    # Subtest: falls back from preview to states.idle[0] for theme-local assets
    ok 2 - falls back from preview to states.idle[0] for theme-local assets
      ---
      duration_ms: 2.254994
      type: 'test'
      ...
    # Subtest: computes preview content ratio and offset from layout.contentBox
    ok 3 - computes preview content ratio and offset from layout.contentBox
      ---
      duration_ms: 1.331669
      type: 'test'
      ...
    1..3
ok 1149 - theme metadata preview helpers
  ---
  duration_ms: 11.590007
  type: 'suite'
  ...
# Subtest: theme metadata variants
    # Subtest: synthesizes default metadata and resolves variant preview fallback order
    ok 1 - synthesizes default metadata and resolves variant preview fallback order
      ---
      duration_ms: 4.716198
      type: 'test'
      ...
    # Subtest: does not synthesize default metadata when an explicit default variant exists
    ok 2 - does not synthesize default metadata when an explicit default variant exists
      ---
      duration_ms: 2.859422
      type: 'test'
      ...
    1..2
ok 1150 - theme metadata variants
  ---
  duration_ms: 7.972412
  type: 'suite'
  ...
# Subtest: theme metadata facade helpers
    # Subtest: returns null for missing themes through the injected readThemeJson callback
    ok 1 - returns null for missing themes through the injected readThemeJson callback
      ---
      duration_ms: 2.757171
      type: 'test'
      ...
    # Subtest: builds metadata without activating a theme
    ok 2 - builds metadata without activating a theme
      ---
      duration_ms: 3.368267
      type: 'test'
      ...
    # Subtest: marks only trusted or forced-object metadata as higher power profile
    ok 3 - marks only trusted or forced-object metadata as higher power profile
      ---
      duration_ms: 2.64284
      type: 'test'
      ...
    # Subtest: scans built-in and user metadata while skipping scaffold, malformed, and duplicate user themes
    ok 4 - scans built-in and user metadata while skipping scaffold, malformed, and duplicate user themes
      ---
      duration_ms: 4.563886
      type: 'test'
      ...
    1..4
ok 1151 - theme metadata facade helpers
  ---
  duration_ms: 13.962626
  type: 'suite'
  ...
# Subtest: state.js applyState() gate
    # Subtest: non-disabled oneshot: attention 正常播放
    ok 1 - non-disabled oneshot: attention 正常播放
      ---
      duration_ms: 14.160782
      type: 'test'
      ...
    # Subtest: disabled attention: 不播 visual、不响音、回落到 idle
    ok 2 - disabled attention: 不播 visual、不响音、回落到 idle
      ---
      duration_ms: 1.34228
      type: 'test'
      ...
    # Subtest: disabled notification: mini-mode 下也不播 mini-alert（gate 在 mini 映射之前）
    ok 3 - disabled notification: mini-mode 下也不播 mini-alert（gate 在 mini 映射之前）
      ---
      duration_ms: 0.594045
      type: 'test'
      ...
    # Subtest: disabled attention: mini-mode 下不映射 mini-happy
    ok 4 - disabled attention: mini-mode 下不映射 mini-happy
      ---
      duration_ms: 0.754804
      type: 'test'
      ...
    # Subtest: PermissionRequest path (updateSession) 被 gate 拦住
    ok 5 - PermissionRequest path (updateSession) 被 gate 拦住
      ---
      duration_ms: 2.259442
      type: 'test'
      ...
    # Subtest: non-oneshot state 不受 gate 影响（即便 ctx.isOneshotDisabled 错报 true）
    ok 6 - non-oneshot state 不受 gate 影响（即便 ctx.isOneshotDisabled 错报 true）
      ---
      duration_ms: 0.718274
      type: 'test'
      ...
    # Subtest: 全部 5 个 oneshot 禁用：applyState(attention) 回落到 idle（无 session）
    ok 7 - 全部 5 个 oneshot 禁用：applyState(attention) 回落到 idle（无 session）
      ---
      duration_ms: 0.772116
      type: 'test'
      ...
    # Subtest: attention disabled + working session: 回落到 working 而不是 attention
    ok 8 - attention disabled + working session: 回落到 working 而不是 attention
      ---
      duration_ms: 3.619938
      type: 'test'
      ...
    1..8
ok 1152 - state.js applyState() gate
  ---
  duration_ms: 26.026982
  type: 'suite'
  ...
# Subtest: setThemeOverrideDisabled
    # Subtest: enable (disabled:true) 首次写入生成 {disabled:true}
    ok 1 - enable (disabled:true) 首次写入生成 {disabled:true}
      ---
      duration_ms: 3.127223
      type: 'test'
      ...
    # Subtest: 同值 noop 不产生 commit
    ok 2 - 同值 noop 不产生 commit
      ---
      duration_ms: 0.593433
      type: 'test'
      ...
    # Subtest: disabled:false 清理 key 且整个 theme map 空后删除 theme 条目
    ok 3 - disabled:false 清理 key 且整个 theme map 空后删除 theme 条目
      ---
      duration_ms: 0.317061
      type: 'test'
      ...
    # Subtest: disabled:false 保留其他被禁用的 state
    ok 4 - disabled:false 保留其他被禁用的 state
      ---
      duration_ms: 0.596515
      type: 'test'
      ...
    # Subtest: disabled:false 遇到 file-form 条目时保留 file 字段（forward-compat）
    ok 5 - disabled:false 遇到 file-form 条目时保留 file 字段（forward-compat）
      ---
      duration_ms: 0.466199
      type: 'test'
      ...
    # Subtest: 主题隔离：themeA 的禁用不影响 themeB
    ok 6 - 主题隔离：themeA 的禁用不影响 themeB
      ---
      duration_ms: 0.340945
      type: 'test'
      ...
    # Subtest: 非白名单 stateKey 被拒绝
    ok 7 - 非白名单 stateKey 被拒绝
      ---
      duration_ms: 0.613742
      type: 'test'
      ...
    # Subtest: 白名单 stateKey 全部接受
    ok 8 - 白名单 stateKey 全部接受
      ---
      duration_ms: 0.71399
      type: 'test'
      ...
    # Subtest: disabled 必须是 boolean
    ok 9 - disabled 必须是 boolean
      ---
      duration_ms: 0.294594
      type: 'test'
      ...
    # Subtest: themeId 必须非空字符串
    ok 10 - themeId 必须非空字符串
      ---
      duration_ms: 0.233507
      type: 'test'
      ...
    # Subtest: payload 非 object 报错
    ok 11 - payload 非 object 报错
      ---
      duration_ms: 0.199815
      type: 'test'
      ...
    1..11
ok 1153 - setThemeOverrideDisabled
  ---
  duration_ms: 8.528316
  type: 'suite'
  ...
# Subtest: resetThemeOverrides
    # Subtest: 清空当前主题的所有 overrides
    ok 1 - 清空当前主题的所有 overrides
      ---
      duration_ms: 0.560405
      type: 'test'
      ...
    # Subtest: 该主题没有 override 时 noop
    ok 2 - 该主题没有 override 时 noop
      ---
      duration_ms: 0.190102
      type: 'test'
      ...
    # Subtest: 接受字符串 payload 简写
    ok 3 - 接受字符串 payload 简写
      ---
      duration_ms: 0.201226
      type: 'test'
      ...
    # Subtest: 空 themeId 报错
    ok 4 - 空 themeId 报错
      ---
      duration_ms: 1.674288
      type: 'test'
      ...
    # Subtest: 当前主题 reset 时会显式重载运行时 theme（overrideMap=null）
    ok 5 - 当前主题 reset 时会显式重载运行时 theme（overrideMap=null）
      ---
      duration_ms: 0.651379
      type: 'test'
      ...
    # Subtest: 当前主题 reset 缺少 activateTheme 依赖时返回 error
    ok 6 - 当前主题 reset 缺少 activateTheme 依赖时返回 error
      ---
      duration_ms: 0.433571
      type: 'test'
      ...
    1..6
ok 1154 - resetThemeOverrides
  ---
  duration_ms: 4.191426
  type: 'suite'
  ...
# Subtest: setAnimationOverride
    # Subtest: 写 state file + transition + autoReturn 到嵌套 schema
    ok 1 - 写 state file + transition + autoReturn 到嵌套 schema
      ---
      duration_ms: 1.000381
      type: 'test'
      ...
    # Subtest: 写 tier file + transition，用 originalFile 作 key
    ok 2 - 写 tier file + transition，用 originalFile 作 key
      ---
      duration_ms: 0.470032
      type: 'test'
      ...
    # Subtest: 写 idleAnimation file + transition + duration，用 originalFile 作 key
    ok 3 - 写 idleAnimation file + transition + duration，用 originalFile 作 key
      ---
      duration_ms: 0.349734
      type: 'test'
      ...
    # Subtest: 非当前主题不触发 activateTheme，但照样提交 override
    ok 4 - 非当前主题不触发 activateTheme，但照样提交 override
      ---
      duration_ms: 0.256703
      type: 'test'
      ...
    # Subtest: 当前主题缺少 activateTheme 依赖时返回 error
    ok 5 - 当前主题缺少 activateTheme 依赖时返回 error
      ---
      duration_ms: 0.285237
      type: 'test'
      ...
    1..5
ok 1155 - setAnimationOverride
  ---
  duration_ms: 2.606939
  type: 'suite'
  ...
# Subtest: theme-runtime active ownership
    # Subtest: keeps active theme caches out of theme-loader and deferred wrappers out of main
    ok 1 - keeps active theme caches out of theme-loader and deferred wrappers out of main
      ---
      duration_ms: 4.967735
      type: 'test'
      ...
    # Subtest: keeps theme-loader stateless while legacy active facades delegate to the runtime
    ok 2 - keeps theme-loader stateless while legacy active facades delegate to the runtime
      ---
      duration_ms: 11.296132
      type: 'test'
      ...
    # Subtest: fails fast when legacy active config facades bind an owner without a theme context
    ok 3 - fails fast when legacy active config facades bind an owner without a theme context
      ---
      duration_ms: 6.593693
      type: 'test'
      ...
    # Subtest: loads the startup theme with requested variant and override signature
    ok 4 - loads the startup theme with requested variant and override signature
      ---
      duration_ms: 3.57645
      type: 'test'
      ...
    # Subtest: dedups an already-active theme without running the reload protocol
    ok 5 - dedups an already-active theme without running the reload protocol
      ---
      duration_ms: 3.498401
      type: 'test'
      ...
    # Subtest: explicitly reloads an already-active theme through the full reload protocol
    ok 6 - explicitly reloads an already-active theme through the full reload protocol
      ---
      duration_ms: 3.922198
      type: 'test'
      ...
    # Subtest: returns the resolved variant id when activation falls back from an unknown variant
    ok 7 - returns the resolved variant id when activation falls back from an unknown variant
      ---
      duration_ms: 2.530879
      type: 'test'
      ...
    # Subtest: switches themes through the cleanup, refresh, and sequencer protocol
    ok 8 - switches themes through the cleanup, refresh, and sequencer protocol
      ---
      duration_ms: 3.678341
      type: 'test'
      ...
    # Subtest: refreshes active theme hitbox overrides without running the full reload protocol
    ok 9 - refreshes active theme hitbox overrides without running the full reload protocol
      ---
      duration_ms: 2.604136
      type: 'test'
      ...
    # Subtest: applies clamped preserved bounds after theme reload when the clamp path adjusts them
    ok 10 - applies clamped preserved bounds after theme reload when the clamp path adjusts them
      ---
      duration_ms: 2.41669
      type: 'test'
      ...
    # Subtest: exits mini mode and skips preserved bounds when the new theme lacks mini support
    ok 11 - exits mini mode and skips preserved bounds when the new theme lacks mini support
      ---
      duration_ms: 2.206654
      type: 'test'
      ...
    # Subtest: skips preserved bounds while a mini transition owns movement
    ok 12 - skips preserved bounds while a mini transition owns movement
      ---
      duration_ms: 1.991796
      type: 'test'
      ...
    # Subtest: cleanup tears down the sequencer and resets reload state
    ok 13 - cleanup tears down the sequencer and resets reload state
      ---
      duration_ms: 1.844631
      type: 'test'
      ...
    1..13
ok 1156 - theme-runtime active ownership
  ---
  duration_ms: 53.33263
  type: 'suite'
  ...
# Subtest: sanitizeSvg strips unsafe script, href, and CSS URL surfaces
not ok 1157 - sanitizeSvg strips unsafe script, href, and CSS URL surfaces
  ---
  duration_ms: 1.447586
  type: 'test'
  location: '/app/test/theme-sanitizer.test.js:12:1'
  failureType: 'testCodeFailure'
  error: |-
    Cannot find module 'htmlparser2'
    Require stack:
    - /app/src/theme-sanitizer.js
    - /app/test/theme-sanitizer.test.js
  code: 'MODULE_NOT_FOUND'
  stack: |-
    Function._resolveFilename (node:internal/modules/cjs/loader:1383:15)
    defaultResolveImpl (node:internal/modules/cjs/loader:1025:19)
    resolveForCJSWithHooks (node:internal/modules/cjs/loader:1030:22)
    Function._load (node:internal/modules/cjs/loader:1192:37)
    TracingChannel.traceSync (node:diagnostics_channel:328:14)
    wrapModuleLoad (node:internal/modules/cjs/loader:237:24)
    Module.require (node:internal/modules/cjs/loader:1463:12)
    require (node:internal/modules/helpers:147:16)
    sanitizeSvg (/app/src/theme-sanitizer.js:30:29)
    TestContext.<anonymous> (/app/test/theme-sanitizer.test.js:25:21)
  ...
# Subtest: collectSafeRasterRefs collects only safe relative png and webp dependencies
not ok 1158 - collectSafeRasterRefs collects only safe relative png and webp dependencies
  ---
  duration_ms: 2.725015
  type: 'test'
  location: '/app/test/theme-sanitizer.test.js:39:1'
  failureType: 'testCodeFailure'
  error: |-
    Expected values to be strictly deep-equal:
    + actual - expected

    + []
    - [
    -   'icons/cursor.webp',
    -   'nested/other.png',
    -   'nested/sheet.png',
    -   'spritesheet.webp'
    - ]

  code: 'ERR_ASSERTION'
  name: 'AssertionError'
  expected:
    0: 'icons/cursor.webp'
    1: 'nested/other.png'
    2: 'nested/sheet.png'
    3: 'spritesheet.webp'
  actual:
  operator: 'deepStrictEqual'
  stack: |-
    TestContext.<anonymous> (/app/test/theme-sanitizer.test.js:58:10)
    Test.runInAsyncScope (node:async_hooks:214:14)
    Test.run (node:internal/test_runner/test:1047:25)
    Test.processPendingSubtests (node:internal/test_runner/test:744:18)
    Test.postRun (node:internal/test_runner/test:1173:19)
    Test.run (node:internal/test_runner/test:1101:12)
    async startSubtestAfterBootstrap (node:internal/test_runner/harness:296:3)
  ...
# Subtest: theme schema validation
    # Subtest: validates schema, rendering, and update bubble anchor shape
    ok 1 - validates schema, rendering, and update bubble anchor shape
      ---
      duration_ms: 1.887136
      type: 'test'
      ...
    # Subtest: treats sleepSequence.mode=direct as not requiring full sleep art
    ok 2 - treats sleepSequence.mode=direct as not requiring full sleep art
      ---
      duration_ms: 3.467738
      type: 'test'
      ...
    # Subtest: rejects invalid fallback chains and mini themes missing required mini states
    ok 3 - rejects invalid fallback chains and mini themes missing required mini states
      ---
      duration_ms: 0.690528
      type: 'test'
      ...
    1..3
ok 1159 - theme schema validation
  ---
  duration_ms: 7.661556
  type: 'suite'
  ...
# Subtest: theme schema defaults and normalization
    # Subtest: mergeDefaults applies defaults and sanitizes runtime file references
    ok 1 - mergeDefaults applies defaults and sanitizes runtime file references
      ---
      duration_ms: 2.385892
      type: 'test'
      ...
    # Subtest: normalizes file hitboxes, rendering, and trusted runtime without file system state
    ok 2 - normalizes file hitboxes, rendering, and trusted runtime without file system state
      ---
      duration_ms: 1.777262
      type: 'test'
      ...
    # Subtest: collectRequiredAssetFiles returns unique basename-only references
    ok 3 - collectRequiredAssetFiles returns unique basename-only references
      ---
      duration_ms: 0.744973
      type: 'test'
      ...
    1..3
ok 1160 - theme schema defaults and normalization
  ---
  duration_ms: 5.398702
  type: 'suite'
  ...
# Subtest: theme variant resolution
    # Subtest: resolves requested, explicit default, and synthetic default variants
    ok 1 - resolves requested, explicit default, and synthetic default variants
      ---
      duration_ms: 3.907047
      type: 'test'
      ...
    1..1
ok 1161 - theme variant resolution
  ---
  duration_ms: 5.213538
  type: 'suite'
  ...
# Subtest: theme variant patching
    # Subtest: applies allow-listed variant fields with replace and deep-merge semantics
    ok 1 - applies allow-listed variant fields with replace and deep-merge semantics
      ---
      duration_ms: 2.163985
      type: 'test'
      ...
    # Subtest: normalizes transition overrides
    ok 2 - normalizes transition overrides
      ---
      duration_ms: 0.543966
      type: 'test'
      ...
    1..2
ok 1162 - theme variant patching
  ---
  duration_ms: 2.950627
  type: 'suite'
  ...
# Subtest: theme user override patching
    # Subtest: patches state, tier, timing, hitbox, reaction, and idle animation overrides
    ok 1 - patches state, tier, timing, hitbox, reaction, and idle animation overrides
      ---
      duration_ms: 1.729983
      type: 'test'
      ...
    # Subtest: returns the raw object for invalid override payloads
    ok 2 - returns the raw object for invalid override payloads
      ---
      duration_ms: 0.42384
      type: 'test'
      ...
    1..2
ok 1163 - theme user override patching
  ---
  duration_ms: 2.552071
  type: 'suite'
  ...
# Subtest: theme binding metadata
    # Subtest: captures basename-only binding identities and sorted tier metadata
    ok 1 - captures basename-only binding identities and sorted tier metadata
      ---
      duration_ms: 0.939412
      type: 'test'
      ...
    1..1
ok 1164 - theme binding metadata
  ---
  duration_ms: 1.226168
  type: 'suite'
  ...
# (node:193063) ExperimentalWarning: The MockTimers API is an experimental feature and might change at any time
# (Use `node --trace-warnings ...` to show where the warning was created)
# Subtest: tick sleepSequence mode
    # Subtest: direct mode goes straight to sleeping after mouseSleepTimeout
    not ok 1 - direct mode goes straight to sleeping after mouseSleepTimeout
      ---
      duration_ms: 2.729495
      type: 'test'
      location: '/app/test/tick.test.js:106:3'
      failureType: 'hookFailed'
      error: |-
        Cannot find module 'electron'
        Require stack:
        - /app/test/tick.test.js
      code: 'MODULE_NOT_FOUND'
      stack: |-
        Function._resolveFilename (node:internal/modules/cjs/loader:1383:15)
        Function.resolve (node:internal/modules/helpers:157:19)
        loadTickWithScreen (/app/test/tick.test.js:16:32)
        TestContext.<anonymous> (/app/test/tick.test.js:94:14)
        TestHook.runInAsyncScope (node:async_hooks:214:14)
        TestHook.run (node:internal/test_runner/test:1047:25)
        TestHook.run (node:internal/test_runner/test:1354:18)
        Suite.runHook (node:internal/test_runner/test:965:20)
        Test.run (node:internal/test_runner/test:1022:27)
        Test.start (node:internal/test_runner/test:944:17)
      ...
    # Subtest: full mode keeps the yawning entry path
    not ok 2 - full mode keeps the yawning entry path
      ---
      duration_ms: 0.723255
      type: 'test'
      location: '/app/test/tick.test.js:120:3'
      failureType: 'hookFailed'
      error: |-
        Cannot find module 'electron'
        Require stack:
        - /app/test/tick.test.js
      code: 'MODULE_NOT_FOUND'
      stack: |-
        Function._resolveFilename (node:internal/modules/cjs/loader:1383:15)
        Function.resolve (node:internal/modules/helpers:157:19)
        loadTickWithScreen (/app/test/tick.test.js:16:32)
        TestContext.<anonymous> (/app/test/tick.test.js:94:14)
        TestHook.runInAsyncScope (node:async_hooks:214:14)
        TestHook.run (node:internal/test_runner/test:1047:25)
        TestHook.run (node:internal/test_runner/test:1354:18)
        Suite.runHook (node:internal/test_runner/test:965:20)
        Test.run (node:internal/test_runner/test:1022:27)
        Suite.processPendingSubtests (node:internal/test_runner/test:744:18)
      ...
    1..2
not ok 1165 - tick sleepSequence mode
  ---
  duration_ms: 4.886174
  type: 'suite'
  location: '/app/test/tick.test.js:84:1'
  failureType: 'subtestsFailed'
  error: '2 subtests failed'
  code: 'ERR_TEST_FAILURE'
  ...
# Subtest: tick mini hover
    # Subtest: enters mini-peek from mini-idle when the cursor moves over the pet
    not ok 1 - enters mini-peek from mini-idle when the cursor moves over the pet
      ---
      duration_ms: 0.829934
      type: 'test'
      location: '/app/test/tick.test.js:157:3'
      failureType: 'hookFailed'
      error: |-
        Cannot find module 'electron'
        Require stack:
        - /app/test/tick.test.js
      code: 'MODULE_NOT_FOUND'
      stack: |-
        Function._resolveFilename (node:internal/modules/cjs/loader:1383:15)
        Function.resolve (node:internal/modules/helpers:157:19)
        loadTickWithScreen (/app/test/tick.test.js:16:32)
        TestContext.<anonymous> (/app/test/tick.test.js:145:14)
        TestHook.runInAsyncScope (node:async_hooks:214:14)
        TestHook.run (node:internal/test_runner/test:1047:25)
        TestHook.run (node:internal/test_runner/test:1354:18)
        Suite.runHook (node:internal/test_runner/test:965:20)
        Test.run (node:internal/test_runner/test:1022:27)
        Test.start (node:internal/test_runner/test:944:17)
      ...
    # Subtest: does not enter mini-peek when the cursor is outside the seam-clipped hit rect
    not ok 2 - does not enter mini-peek when the cursor is outside the seam-clipped hit rect
      ---
      duration_ms: 1.11429
      type: 'test'
      location: '/app/test/tick.test.js:174:3'
      failureType: 'hookFailed'
      error: |-
        Cannot find module 'electron'
        Require stack:
        - /app/test/tick.test.js
      code: 'MODULE_NOT_FOUND'
      stack: |-
        Function._resolveFilename (node:internal/modules/cjs/loader:1383:15)
        Function.resolve (node:internal/modules/helpers:157:19)
        loadTickWithScreen (/app/test/tick.test.js:16:32)
        TestContext.<anonymous> (/app/test/tick.test.js:145:14)
        TestHook.runInAsyncScope (node:async_hooks:214:14)
        TestHook.run (node:internal/test_runner/test:1047:25)
        TestHook.run (node:internal/test_runner/test:1354:18)
        Suite.runHook (node:internal/test_runner/test:965:20)
        Test.run (node:internal/test_runner/test:1022:27)
        Suite.processPendingSubtests (node:internal/test_runner/test:744:18)
      ...
    # Subtest: returns to mini-idle when the cursor leaves mini-peek
    not ok 3 - returns to mini-idle when the cursor leaves mini-peek
      ---
      duration_ms: 0.720567
      type: 'test'
      location: '/app/test/tick.test.js:194:3'
      failureType: 'hookFailed'
      error: |-
        Cannot find module 'electron'
        Require stack:
        - /app/test/tick.test.js
      code: 'MODULE_NOT_FOUND'
      stack: |-
        Function._resolveFilename (node:internal/modules/cjs/loader:1383:15)
        Function.resolve (node:internal/modules/helpers:157:19)
        loadTickWithScreen (/app/test/tick.test.js:16:32)
        TestContext.<anonymous> (/app/test/tick.test.js:145:14)
        TestHook.runInAsyncScope (node:async_hooks:214:14)
        TestHook.run (node:internal/test_runner/test:1047:25)
        TestHook.run (node:internal/test_runner/test:1354:18)
        Suite.runHook (node:internal/test_runner/test:965:20)
        Test.run (node:internal/test_runner/test:1022:27)
        Suite.processPendingSubtests (node:internal/test_runner/test:744:18)
      ...
    1..3
not ok 1166 - tick mini hover
  ---
  duration_ms: 2.986928
  type: 'suite'
  location: '/app/test/tick.test.js:135:1'
  failureType: 'subtestsFailed'
  error: '3 subtests failed'
  code: 'ERR_TEST_FAILURE'
  ...
# Subtest: tick Cloudling pointer bridge
    # Subtest: sends viewBox pointer payloads for idle
    not ok 1 - sends viewBox pointer payloads for idle
      ---
      duration_ms: 0.73318
      type: 'test'
      location: '/app/test/tick.test.js:237:3'
      failureType: 'hookFailed'
      error: |-
        Cannot find module 'electron'
        Require stack:
        - /app/test/tick.test.js
      code: 'MODULE_NOT_FOUND'
      stack: |-
        Function._resolveFilename (node:internal/modules/cjs/loader:1383:15)
        Function.resolve (node:internal/modules/helpers:157:19)
        loadTickWithScreen (/app/test/tick.test.js:16:32)
        TestContext.<anonymous> (/app/test/tick.test.js:225:14)
        TestHook.runInAsyncScope (node:async_hooks:214:14)
        TestHook.run (node:internal/test_runner/test:1047:25)
        TestHook.run (node:internal/test_runner/test:1354:18)
        Suite.runHook (node:internal/test_runner/test:965:20)
        Test.run (node:internal/test_runner/test:1022:27)
        Test.start (node:internal/test_runner/test:944:17)
      ...
    # Subtest: keeps pointer bridge active outside the asset rect
    not ok 2 - keeps pointer bridge active outside the asset rect
      ---
      duration_ms: 0.613423
      type: 'test'
      location: '/app/test/tick.test.js:258:3'
      failureType: 'hookFailed'
      error: |-
        Cannot find module 'electron'
        Require stack:
        - /app/test/tick.test.js
      code: 'MODULE_NOT_FOUND'
      stack: |-
        Function._resolveFilename (node:internal/modules/cjs/loader:1383:15)
        Function.resolve (node:internal/modules/helpers:157:19)
        loadTickWithScreen (/app/test/tick.test.js:16:32)
        TestContext.<anonymous> (/app/test/tick.test.js:225:14)
        TestHook.runInAsyncScope (node:async_hooks:214:14)
        TestHook.run (node:internal/test_runner/test:1047:25)
        TestHook.run (node:internal/test_runner/test:1354:18)
        Suite.runHook (node:internal/test_runner/test:965:20)
        Test.run (node:internal/test_runner/test:1022:27)
        Suite.processPendingSubtests (node:internal/test_runner/test:744:18)
      ...
    1..2
not ok 1167 - tick Cloudling pointer bridge
  ---
  duration_ms: 1.680187
  type: 'suite'
  location: '/app/test/tick.test.js:215:1'
  failureType: 'subtestsFailed'
  error: '2 subtests failed'
  code: 'ERR_TEST_FAILURE'
  ...
# Subtest: tick adaptive polling
    # Subtest: backs off idle cursor polling below the old fixed 20Hz rate
    not ok 1 - backs off idle cursor polling below the old fixed 20Hz rate
      ---
      duration_ms: 0.632935
      type: 'test'
      location: '/app/test/tick.test.js:311:3'
      failureType: 'hookFailed'
      error: |-
        Cannot find module 'electron'
        Require stack:
        - /app/test/tick.test.js
      code: 'MODULE_NOT_FOUND'
      stack: |-
        Function._resolveFilename (node:internal/modules/cjs/loader:1383:15)
        Function.resolve (node:internal/modules/helpers:157:19)
        loadTickWithScreen (/app/test/tick.test.js:16:32)
        TestContext.<anonymous> (/app/test/tick.test.js:296:14)
        TestHook.runInAsyncScope (node:async_hooks:214:14)
        TestHook.run (node:internal/test_runner/test:1047:25)
        TestHook.run (node:internal/test_runner/test:1354:18)
        Suite.runHook (node:internal/test_runner/test:965:20)
        Test.run (node:internal/test_runner/test:1022:27)
        Test.start (node:internal/test_runner/test:944:17)
      ...
    # Subtest: uses a very low cursor polling rate while normal idle is low-power paused
    not ok 2 - uses a very low cursor polling rate while normal idle is low-power paused
      ---
      duration_ms: 0.544818
      type: 'test'
      location: '/app/test/tick.test.js:324:3'
      failureType: 'hookFailed'
      error: |-
        Cannot find module 'electron'
        Require stack:
        - /app/test/tick.test.js
      code: 'MODULE_NOT_FOUND'
      stack: |-
        Function._resolveFilename (node:internal/modules/cjs/loader:1383:15)
        Function.resolve (node:internal/modules/helpers:157:19)
        loadTickWithScreen (/app/test/tick.test.js:16:32)
        TestContext.<anonymous> (/app/test/tick.test.js:296:14)
        TestHook.runInAsyncScope (node:async_hooks:214:14)
        TestHook.run (node:internal/test_runner/test:1047:25)
        TestHook.run (node:internal/test_runner/test:1354:18)
        Suite.runHook (node:internal/test_runner/test:965:20)
        Test.run (node:internal/test_runner/test:1022:27)
        Suite.processPendingSubtests (node:internal/test_runner/test:744:18)
      ...
    # Subtest: keeps non-paused idle polling materially above the low-power paused rate
    not ok 3 - keeps non-paused idle polling materially above the low-power paused rate
      ---
      duration_ms: 0.458726
      type: 'test'
      location: '/app/test/tick.test.js:338:3'
      failureType: 'hookFailed'
      error: |-
        Cannot find module 'electron'
        Require stack:
        - /app/test/tick.test.js
      code: 'MODULE_NOT_FOUND'
      stack: |-
        Function._resolveFilename (node:internal/modules/cjs/loader:1383:15)
        Function.resolve (node:internal/modules/helpers:157:19)
        loadTickWithScreen (/app/test/tick.test.js:16:32)
        TestContext.<anonymous> (/app/test/tick.test.js:296:14)
        TestHook.runInAsyncScope (node:async_hooks:214:14)
        TestHook.run (node:internal/test_runner/test:1047:25)
        TestHook.run (node:internal/test_runner/test:1354:18)
        Suite.runHook (node:internal/test_runner/test:965:20)
        Test.run (node:internal/test_runner/test:1022:27)
        Suite.processPendingSubtests (node:internal/test_runner/test:744:18)
      ...
    # Subtest: uses a bounded low-power polling rate for mini-idle
    not ok 4 - uses a bounded low-power polling rate for mini-idle
      ---
      duration_ms: 0.418876
      type: 'test'
      location: '/app/test/tick.test.js:350:3'
      failureType: 'hookFailed'
      error: |-
        Cannot find module 'electron'
        Require stack:
        - /app/test/tick.test.js
      code: 'MODULE_NOT_FOUND'
      stack: |-
        Function._resolveFilename (node:internal/modules/cjs/loader:1383:15)
        Function.resolve (node:internal/modules/helpers:157:19)
        loadTickWithScreen (/app/test/tick.test.js:16:32)
        TestContext.<anonymous> (/app/test/tick.test.js:296:14)
        TestHook.runInAsyncScope (node:async_hooks:214:14)
        TestHook.run (node:internal/test_runner/test:1047:25)
        TestHook.run (node:internal/test_runner/test:1354:18)
        Suite.runHook (node:internal/test_runner/test:965:20)
        Test.run (node:internal/test_runner/test:1022:27)
        Suite.processPendingSubtests (node:internal/test_runner/test:744:18)
      ...
    # Subtest: does not throttle mini-peek with the low-power paused idle delay
    not ok 5 - does not throttle mini-peek with the low-power paused idle delay
      ---
      duration_ms: 0.386451
      type: 'test'
      location: '/app/test/tick.test.js:367:3'
      failureType: 'hookFailed'
      error: |-
        Cannot find module 'electron'
        Require stack:
        - /app/test/tick.test.js
      code: 'MODULE_NOT_FOUND'
      stack: |-
        Function._resolveFilename (node:internal/modules/cjs/loader:1383:15)
        Function.resolve (node:internal/modules/helpers:157:19)
        loadTickWithScreen (/app/test/tick.test.js:16:32)
        TestContext.<anonymous> (/app/test/tick.test.js:296:14)
        TestHook.runInAsyncScope (node:async_hooks:214:14)
        TestHook.run (node:internal/test_runner/test:1047:25)
        TestHook.run (node:internal/test_runner/test:1354:18)
        Suite.runHook (node:internal/test_runner/test:965:20)
        Test.run (node:internal/test_runner/test:1022:27)
        Suite.processPendingSubtests (node:internal/test_runner/test:744:18)
      ...
    # Subtest: does not throttle drag, menu-open, or mini-transition paths while low-power paused
    not ok 6 - does not throttle drag, menu-open, or mini-transition paths while low-power paused
      ---
      duration_ms: 0.316976
      type: 'test'
      location: '/app/test/tick.test.js:383:3'
      failureType: 'hookFailed'
      error: |-
        Cannot find module 'electron'
        Require stack:
        - /app/test/tick.test.js
      code: 'MODULE_NOT_FOUND'
      stack: |-
        Function._resolveFilename (node:internal/modules/cjs/loader:1383:15)
        Function.resolve (node:internal/modules/helpers:157:19)
        loadTickWithScreen (/app/test/tick.test.js:16:32)
        TestContext.<anonymous> (/app/test/tick.test.js:296:14)
        TestHook.runInAsyncScope (node:async_hooks:214:14)
        TestHook.run (node:internal/test_runner/test:1047:25)
        TestHook.run (node:internal/test_runner/test:1354:18)
        Suite.runHook (node:internal/test_runner/test:965:20)
        Test.run (node:internal/test_runner/test:1022:27)
        Suite.processPendingSubtests (node:internal/test_runner/test:744:18)
      ...
    # Subtest: suppresses passive eye-move IPC while low-power paused
    not ok 7 - suppresses passive eye-move IPC while low-power paused
      ---
      duration_ms: 0.285207
      type: 'test'
      location: '/app/test/tick.test.js:406:3'
      failureType: 'hookFailed'
      error: |-
        Cannot find module 'electron'
        Require stack:
        - /app/test/tick.test.js
      code: 'MODULE_NOT_FOUND'
      stack: |-
        Function._resolveFilename (node:internal/modules/cjs/loader:1383:15)
        Function.resolve (node:internal/modules/helpers:157:19)
        loadTickWithScreen (/app/test/tick.test.js:16:32)
        TestContext.<anonymous> (/app/test/tick.test.js:296:14)
        TestHook.runInAsyncScope (node:async_hooks:214:14)
        TestHook.run (node:internal/test_runner/test:1047:25)
        TestHook.run (node:internal/test_runner/test:1354:18)
        Suite.runHook (node:internal/test_runner/test:965:20)
        Test.run (node:internal/test_runner/test:1022:27)
        Suite.processPendingSubtests (node:internal/test_runner/test:744:18)
      ...
    # Subtest: suppresses passive Cloudling pointer IPC while low-power paused
    not ok 8 - suppresses passive Cloudling pointer IPC while low-power paused
      ---
      duration_ms: 0.356133
      type: 'test'
      location: '/app/test/tick.test.js:425:3'
      failureType: 'hookFailed'
      error: |-
        Cannot find module 'electron'
        Require stack:
        - /app/test/tick.test.js
      code: 'MODULE_NOT_FOUND'
      stack: |-
        Function._resolveFilename (node:internal/modules/cjs/loader:1383:15)
        Function.resolve (node:internal/modules/helpers:157:19)
        loadTickWithScreen (/app/test/tick.test.js:16:32)
        TestContext.<anonymous> (/app/test/tick.test.js:296:14)
        TestHook.runInAsyncScope (node:async_hooks:214:14)
        TestHook.run (node:internal/test_runner/test:1047:25)
        TestHook.run (node:internal/test_runner/test:1354:18)
        Suite.runHook (node:internal/test_runner/test:965:20)
        Test.run (node:internal/test_runner/test:1022:27)
        Suite.processPendingSubtests (node:internal/test_runner/test:744:18)
      ...
    # Subtest: cleanup clears the pending adaptive tick
    not ok 9 - cleanup clears the pending adaptive tick
      ---
      duration_ms: 0.302258
      type: 'test'
      location: '/app/test/tick.test.js:449:3'
      failureType: 'hookFailed'
      error: |-
        Cannot find module 'electron'
        Require stack:
        - /app/test/tick.test.js
      code: 'MODULE_NOT_FOUND'
      stack: |-
        Function._resolveFilename (node:internal/modules/cjs/loader:1383:15)
        Function.resolve (node:internal/modules/helpers:157:19)
        loadTickWithScreen (/app/test/tick.test.js:16:32)
        TestContext.<anonymous> (/app/test/tick.test.js:296:14)
        TestHook.runInAsyncScope (node:async_hooks:214:14)
        TestHook.run (node:internal/test_runner/test:1047:25)
        TestHook.run (node:internal/test_runner/test:1354:18)
        Suite.runHook (node:internal/test_runner/test:965:20)
        Test.run (node:internal/test_runner/test:1022:27)
        Suite.processPendingSubtests (node:internal/test_runner/test:744:18)
      ...
    # Subtest: still enters direct sleep near mouseSleepTimeout under adaptive scheduling
    not ok 10 - still enters direct sleep near mouseSleepTimeout under adaptive scheduling
      ---
      duration_ms: 0.455072
      type: 'test'
      location: '/app/test/tick.test.js:462:3'
      failureType: 'hookFailed'
      error: |-
        Cannot find module 'electron'
        Require stack:
        - /app/test/tick.test.js
      code: 'MODULE_NOT_FOUND'
      stack: |-
        Function._resolveFilename (node:internal/modules/cjs/loader:1383:15)
        Function.resolve (node:internal/modules/helpers:157:19)
        loadTickWithScreen (/app/test/tick.test.js:16:32)
        TestContext.<anonymous> (/app/test/tick.test.js:296:14)
        TestHook.runInAsyncScope (node:async_hooks:214:14)
        TestHook.run (node:internal/test_runner/test:1047:25)
        TestHook.run (node:internal/test_runner/test:1354:18)
        Suite.runHook (node:internal/test_runner/test:965:20)
        Test.run (node:internal/test_runner/test:1022:27)
        Suite.processPendingSubtests (node:internal/test_runner/test:744:18)
      ...
    # Subtest: uses the ctx setter path to pull a pending tick forward for force eye resend boost
    not ok 11 - uses the ctx setter path to pull a pending tick forward for force eye resend boost
      ---
      duration_ms: 0.415708
      type: 'test'
      location: '/app/test/tick.test.js:476:3'
      failureType: 'hookFailed'
      error: |-
        Cannot find module 'electron'
        Require stack:
        - /app/test/tick.test.js
      code: 'MODULE_NOT_FOUND'
      stack: |-
        Function._resolveFilename (node:internal/modules/cjs/loader:1383:15)
        Function.resolve (node:internal/modules/helpers:157:19)
        loadTickWithScreen (/app/test/tick.test.js:16:32)
        TestContext.<anonymous> (/app/test/tick.test.js:296:14)
        TestHook.runInAsyncScope (node:async_hooks:214:14)
        TestHook.run (node:internal/test_runner/test:1047:25)
        TestHook.run (node:internal/test_runner/test:1354:18)
        Suite.runHook (node:internal/test_runner/test:965:20)
        Test.run (node:internal/test_runner/test:1022:27)
        Suite.processPendingSubtests (node:internal/test_runner/test:744:18)
      ...
    # Subtest: preserves ticks scheduled while the current tick is running
    not ok 12 - preserves ticks scheduled while the current tick is running
      ---
      duration_ms: 0.360078
      type: 'test'
      location: '/app/test/tick.test.js:517:3'
      failureType: 'hookFailed'
      error: |-
        Cannot find module 'electron'
        Require stack:
        - /app/test/tick.test.js
      code: 'MODULE_NOT_FOUND'
      stack: |-
        Function._resolveFilename (node:internal/modules/cjs/loader:1383:15)
        Function.resolve (node:internal/modules/helpers:157:19)
        loadTickWithScreen (/app/test/tick.test.js:16:32)
        TestContext.<anonymous> (/app/test/tick.test.js:296:14)
        TestHook.runInAsyncScope (node:async_hooks:214:14)
        TestHook.run (node:internal/test_runner/test:1047:25)
        TestHook.run (node:internal/test_runner/test:1354:18)
        Suite.runHook (node:internal/test_runner/test:965:20)
        Test.run (node:internal/test_runner/test:1022:27)
        Suite.processPendingSubtests (node:internal/test_runner/test:744:18)
      ...
    1..12
not ok 1168 - tick adaptive polling
  ---
  duration_ms: 6.591703
  type: 'suite'
  location: '/app/test/tick.test.js:284:1'
  failureType: 'subtestsFailed'
  error: '12 subtests failed'
  code: 'ERR_TEST_FAILURE'
  ...
# Subtest: topmost runtime Windows recovery
    # Subtest: reasserts the pet and hit windows at the Windows topmost level
    ok 1 - reasserts the pet and hit windows at the Windows topmost level
      ---
      duration_ms: 2.56743
      type: 'test'
      ...
    # Subtest: guards main-window topmost loss by nudging input routing and scheduling recovery
    ok 2 - guards main-window topmost loss by nudging input routing and scheduling recovery
      ---
      duration_ms: 2.327026
      type: 'test'
      ...
    # Subtest: does not accumulate repeated topmost nudges while recovery is pending
    ok 3 - does not accumulate repeated topmost nudges while recovery is pending
      ---
      duration_ms: 0.55239
      type: 'test'
      ...
    # Subtest: restores the original position only when the immediate nudge-back was swallowed
    ok 4 - restores the original position only when the immediate nudge-back was swallowed
      ---
      duration_ms: 0.437214
      type: 'test'
      ...
    # Subtest: does not restore stale nudge coordinates after the pet legitimately moved
    ok 5 - does not restore stale nudge coordinates after the pet legitimately moved
      ---
      duration_ms: 0.433868
      type: 'test'
      ...
    # Subtest: starts a fresh nudge for a repeated topmost loss after the pet legitimately moved
    ok 6 - starts a fresh nudge for a repeated topmost loss after the pet legitimately moved
      ---
      duration_ms: 0.39729
      type: 'test'
      ...
    # Subtest: does not restore a topmost nudge over an active drag
    ok 7 - does not restore a topmost nudge over an active drag
      ---
      duration_ms: 0.316735
      type: 'test'
      ...
    # Subtest: skips the nudge path while dragging or mini transitions own movement
    ok 8 - skips the nudge path while dragging or mini transitions own movement
      ---
      duration_ms: 0.588787
      type: 'test'
      ...
    # Subtest: watchdog reasserts visible helper windows and keeps them out of the taskbar
    ok 9 - watchdog reasserts visible helper windows and keeps them out of the taskbar
      ---
      duration_ms: 0.896846
      type: 'test'
      ...
    # Subtest: cleanup clears both the watchdog interval and pending HWND recovery
    ok 10 - cleanup clears both the watchdog interval and pending HWND recovery
      ---
      duration_ms: 0.736225
      type: 'test'
      ...
    # Subtest: detects work-area edge proximity using the injected work-area resolver
    ok 11 - detects work-area edge proximity using the injected work-area resolver
      ---
      duration_ms: 0.317816
      type: 'test'
      ...
    1..11
ok 1169 - topmost runtime Windows recovery
  ---
  duration_ms: 11.762363
  type: 'suite'
  ...
# Subtest: topmost runtime macOS visibility
    # Subtest: uses native macOS stationary visibility without Electron fallback when available
    ok 1 - uses native macOS stationary visibility without Electron fallback when available
      ---
      duration_ms: 0.509463
      type: 'test'
      ...
    # Subtest: reapplies native visibility first and falls back to Electron cross-space visibility
    ok 2 - reapplies native visibility first and falls back to Electron cross-space visibility
      ---
      duration_ms: 0.510343
      type: 'test'
      ...
    # Subtest: honors deferred macOS visibility markers
    ok 3 - honors deferred macOS visibility markers
      ---
      duration_ms: 0.278092
      type: 'test'
      ...
    1..3
ok 1170 - topmost runtime macOS visibility
  ---
  duration_ms: 1.519507
  type: 'suite'
  ...
# Subtest: bucketAgentsForTutorial
    # Subtest: buckets active / cleanup / install across the marquee cases
    ok 1 - buckets active / cleanup / install across the marquee cases
      ---
      duration_ms: 4.112889
      type: 'test'
      ...
    # Subtest: offers medium-confidence detections for install but never low
    ok 2 - offers medium-confidence detections for install but never low
      ---
      duration_ms: 0.494071
      type: 'test'
      ...
    # Subtest: falls back to the agentId as label when the detector has no name
    ok 3 - falls back to the agentId as label when the detector has no name
      ---
      duration_ms: 0.347559
      type: 'test'
      ...
    # Subtest: treats an installable agent with no detector entry as not detected
    ok 4 - treats an installable agent with no detector entry as not detected
      ---
      duration_ms: 0.385562
      type: 'test'
      ...
    # Subtest: tolerates missing/empty inputs without throwing
    ok 5 - tolerates missing/empty inputs without throwing
      ---
      duration_ms: 0.249295
      type: 'test'
      ...
    1..5
ok 1171 - bucketAgentsForTutorial
  ---
  duration_ms: 9.958565
  type: 'suite'
  ...
# Subtest: tutorial window shell
    # Subtest: opens a centered, framed window and loads tutorial.html
    ok 1 - opens a centered, framed window and loads tutorial.html
      ---
      duration_ms: 3.847354
      type: 'test'
      ...
    # Subtest: registers all tutorial IPC channels on open
    ok 2 - registers all tutorial IPC channels on open
      ---
      duration_ms: 2.984917
      type: 'test'
      ...
    # Subtest: pushes the full state payload after the page loads
    ok 3 - pushes the full state payload after the page loads
      ---
      duration_ms: 1.92288
      type: 'test'
      ...
    # Subtest: set-lang routes to ctx.setLang and re-pushes state
    ok 4 - set-lang routes to ctx.setLang and re-pushes state
      ---
      duration_ms: 0.986257
      type: 'test'
      ...
    # Subtest: get-state handler returns the live state
    ok 5 - get-state handler returns the live state
      ---
      duration_ms: 0.913609
      type: 'test'
      ...
    # Subtest: install-agent routes to ctx.installAgent and re-pushes state
    ok 6 - install-agent routes to ctx.installAgent and re-pushes state
      ---
      duration_ms: 0.91236
      type: 'test'
      ...
    # Subtest: open-shortcuts routes to ctx.openSettingsTab('shortcuts')
    ok 7 - open-shortcuts routes to ctx.openSettingsTab('shortcuts')
      ---
      duration_ms: 0.802747
      type: 'test'
      ...
    # Subtest: shortcut edits route to ctx commands and re-push state
    ok 8 - shortcut edits route to ctx commands and re-push state
      ---
      duration_ms: 1.220107
      type: 'test'
      ...
    # Subtest: finish marks seen and closes the window
    ok 9 - finish marks seen and closes the window
      ---
      duration_ms: 1.307808
      type: 'test'
      ...
    # Subtest: marks seen when the window is closed via the OS chrome
    ok 10 - marks seen when the window is closed via the OS chrome
      ---
      duration_ms: 2.569201
      type: 'test'
      ...
    # Subtest: reuses the existing window and re-sends state on a second open
    ok 11 - reuses the existing window and re-sends state on a second open
      ---
      duration_ms: 0.71161
      type: 'test'
      ...
    # Subtest: close() before open is a no-op
    ok 12 - close() before open is a no-op
      ---
      duration_ms: 0.471824
      type: 'test'
      ...
    # Subtest: syncs background color on native theme change
    ok 13 - syncs background color on native theme change
      ---
      duration_ms: 0.504058
      type: 'test'
      ...
    1..13
ok 1172 - tutorial window shell
  ---
  duration_ms: 21.178017
  type: 'suite'
  ...
# (node:193090) ExperimentalWarning: The MockTimers API is an experimental feature and might change at any time
# (Use `node --trace-warnings ...` to show where the warning was created)
# Subtest: update bubble auto-close refresh
    # Subtest: recomputes the remaining lifetime for a visible update bubble
    ok 1 - recomputes the remaining lifetime for a visible update bubble
      ---
      duration_ms: 6.672564
      type: 'test'
      ...
    # Subtest: uses remaining lifetime instead of restarting the full update-bubble countdown
    ok 2 - uses remaining lifetime instead of restarting the full update-bubble countdown
      ---
      duration_ms: 3.102566
      type: 'test'
      ...
    1..2
ok 1173 - update bubble auto-close refresh
  ---
  duration_ms: 11.327759
  type: 'suite'
  ...
# node:internal/modules/cjs/loader:1386
#   throw err;
#   ^
# Error: Cannot find module 'electron'
# Require stack:
# - /app/src/update-bubble.js
# - /app/test/update-bubble-position.test.js
#     at Function._resolveFilename (node:internal/modules/cjs/loader:1383:15)
#     at defaultResolveImpl (node:internal/modules/cjs/loader:1025:19)
#     at resolveForCJSWithHooks (node:internal/modules/cjs/loader:1030:22)
#     at Function._load (node:internal/modules/cjs/loader:1192:37)
#     at TracingChannel.traceSync (node:diagnostics_channel:328:14)
#     at wrapModuleLoad (node:internal/modules/cjs/loader:237:24)
#     at Module.require (node:internal/modules/cjs/loader:1463:12)
#     at require (node:internal/modules/helpers:147:16)
#     at Object.<anonymous> (/app/src/update-bubble.js:1:27)
#     at Module._compile (node:internal/modules/cjs/loader:1705:14) {
#   code: 'MODULE_NOT_FOUND',
#   requireStack: [
#     '/app/src/update-bubble.js',
#     '/app/test/update-bubble-position.test.js'
#   ]
# }
# Node.js v22.22.1
# Subtest: /app/test/update-bubble-position.test.js
not ok 238 - /app/test/update-bubble-position.test.js
  ---
  duration_ms: 55.943016
  type: 'test'
  location: '/app/test/update-bubble-position.test.js:1:1'
  failureType: 'testCodeFailure'
  exitCode: 1
  signal: ~
  error: 'test failed'
  code: 'ERR_TEST_FAILURE'
  ...
# Subtest: update bubble visual style
    # Subtest: matches the permission bubble's core card styling tokens
    ok 1 - matches the permission bubble's core card styling tokens
      ---
      duration_ms: 1.289784
      type: 'test'
      ...
    # Subtest: uses permission-style detail and button treatments
    ok 2 - uses permission-style detail and button treatments
      ---
      duration_ms: 0.5897
      type: 'test'
      ...
    # Subtest: gives checking and available bubbles a permission-style footprint
    ok 3 - gives checking and available bubbles a permission-style footprint
      ---
      duration_ms: 0.338875
      type: 'test'
      ...
    # Subtest: reports height including the body padding so rounded corners are not clipped
    ok 4 - reports height including the body padding so rounded corners are not clipped
      ---
      duration_ms: 0.271962
      type: 'test'
      ...
    1..4
ok 1175 - update bubble visual style
  ---
  duration_ms: 4.9743
  type: 'suite'
  ...
# node:internal/modules/cjs/loader:1386
#   throw err;
#   ^
# Error: Cannot find module 'electron'
# Require stack:
# - /app/src/updater.js
# - /app/test/updater.test.js
#     at Function._resolveFilename (node:internal/modules/cjs/loader:1383:15)
#     at defaultResolveImpl (node:internal/modules/cjs/loader:1025:19)
#     at resolveForCJSWithHooks (node:internal/modules/cjs/loader:1030:22)
#     at Function._load (node:internal/modules/cjs/loader:1192:37)
#     at TracingChannel.traceSync (node:diagnostics_channel:328:14)
#     at wrapModuleLoad (node:internal/modules/cjs/loader:237:24)
#     at Module.require (node:internal/modules/cjs/loader:1463:12)
#     at require (node:internal/modules/helpers:147:16)
#     at Object.<anonymous> (/app/src/updater.js:5:18)
#     at Module._compile (node:internal/modules/cjs/loader:1705:14) {
#   code: 'MODULE_NOT_FOUND',
#   requireStack: [ '/app/src/updater.js', '/app/test/updater.test.js' ]
# }
# Node.js v22.22.1
# Subtest: /app/test/updater.test.js
not ok 240 - /app/test/updater.test.js
  ---
  duration_ms: 79.837988
  type: 'test'
  location: '/app/test/updater.test.js:1:1'
  failureType: 'testCodeFailure'
  exitCode: 1
  signal: ~
  error: 'test failed'
  code: 'ERR_TEST_FAILURE'
  ...
# Subtest: normalizeLifecycleEvent maps npm prebuild hooks to build scripts
ok 1177 - normalizeLifecycleEvent maps npm prebuild hooks to build scripts
  ---
  duration_ms: 1.709677
  type: 'test'
  ...
# Subtest: getRequiredSidecarsForLifecycle maps configured build targets
ok 1178 - getRequiredSidecarsForLifecycle maps configured build targets
  ---
  duration_ms: 1.155055
  type: 'test'
  ...
# Subtest: sidecarBinaryPath uses resolver-compatible binary names
ok 1179 - sidecarBinaryPath uses resolver-compatible binary names
  ---
  duration_ms: 0.299584
  type: 'test'
  ...
# Subtest: verifySidecarBinaries reports missing binaries for the active build
ok 1180 - verifySidecarBinaries reports missing binaries for the active build
  ---
  duration_ms: 0.629862
  type: 'test'
  ...
# Subtest: verifySidecarBinaries passes when all required files exist
ok 1181 - verifySidecarBinaries passes when all required files exist
  ---
  duration_ms: 0.376887
  type: 'test'
  ...
# Subtest: package build scripts use the sidecar verification command
ok 1182 - package build scripts use the sidecar verification command
  ---
  duration_ms: 2.537704
  type: 'test'
  ...
# Subtest: visible margin envelopes
    # Subtest: prefers layout.marginBox over contentBox when present
    ok 1 - prefers layout.marginBox over contentBox when present
      ---
      duration_ms: 5.964319
      type: 'test'
      ...
    # Subtest: collects a non-mini envelope file set
    ok 2 - collects a non-mini envelope file set
      ---
      duration_ms: 2.913705
      type: 'test'
      ...
    # Subtest: uses the minimum top and bottom margins across a theme envelope
    ok 3 - uses the minimum top and bottom margins across a theme envelope
      ---
      duration_ms: 2.783604
      type: 'test'
      ...
    # Subtest: builds the update anchor from marginBox and the idle file
    ok 4 - builds the update anchor from marginBox and the idle file
      ---
      duration_ms: 1.735332
      type: 'test'
      ...
    # Subtest: prefers updateBubbleAnchorBox over layout-derived boxes when present
    ok 5 - prefers updateBubbleAnchorBox over layout-derived boxes when present
      ---
      duration_ms: 1.485116
      type: 'test'
      ...
    # Subtest: keeps a stable update anchor for calico even though per-state hit bottoms differ
    ok 6 - keeps a stable update anchor for calico even though per-state hit bottoms differ
      ---
      duration_ms: 1.04102
      type: 'test'
      ...
    # Subtest: returns null for the update anchor when the theme has no layout
    ok 7 - returns null for the update anchor when the theme has no layout
      ---
      duration_ms: 0.998716
      type: 'test'
      ...
    # Subtest: still returns an anchor without layout when updateBubbleAnchorBox is present
    ok 8 - still returns an anchor without layout when updateBubbleAnchorBox is present
      ---
      duration_ms: 3.091319
      type: 'test'
      ...
    1..8
ok 1183 - visible margin envelopes
  ---
  duration_ms: 22.096136
  type: 'suite'
  ...
# Subtest: edge pinning margin policy
    # Subtest: keeps OFF drag bottom rubber band but caps total top overflow at half the window
    ok 1 - keeps OFF drag bottom rubber band but caps total top overflow at half the window
      ---
      duration_ms: 0.84903
      type: 'test'
      ...
    # Subtest: OFF drag keeps the full 0.25h top overshoot when headroom is modest
    ok 2 - OFF drag keeps the full 0.25h top overshoot when headroom is modest
      ---
      duration_ms: 0.989987
      type: 'test'
      ...
    # Subtest: OFF drag stops adding extra top overshoot once rest headroom already exceeds half the window
    ok 3 - OFF drag stops adding extra top overshoot once rest headroom already exceeds half the window
      ---
      duration_ms: 0.247224
      type: 'test'
      ...
    # Subtest: ON drag uses height ratios 0.6/0.25 (Peter hitRect parity) regardless of visibleMargins
    ok 4 - ON drag uses height ratios 0.6/0.25 (Peter hitRect parity) regardless of visibleMargins
      ---
      duration_ms: 0.417694
      type: 'test'
      ...
    # Subtest: ON drag caps bottom slack by display inset
    ok 5 - ON drag caps bottom slack by display inset
      ---
      duration_ms: 0.168419
      type: 'test'
      ...
    # Subtest: OFF rest clamp keeps the visibleMargins verbatim
    ok 6 - OFF rest clamp keeps the visibleMargins verbatim
      ---
      duration_ms: 0.215785
      type: 'test'
      ...
    # Subtest: ON rest clamp matches ON drag (no rubber-band bounce-back)
    ok 7 - ON rest clamp matches ON drag (no rubber-band bounce-back)
      ---
      duration_ms: 0.161396
      type: 'test'
      ...
    # Subtest: ON rest clamp caps bottom slack by display inset
    ok 8 - ON rest clamp caps bottom slack by display inset
      ---
      duration_ms: 0.175118
      type: 'test'
      ...
    # Subtest: ON cap uses the smaller of ratio and inset
    ok 9 - ON cap uses the smaller of ratio and inset
      ---
      duration_ms: 0.143891
      type: 'test'
      ...
    # Subtest: ON bottom can clamp fully to zero when no physical inset is available
    ok 10 - ON bottom can clamp fully to zero when no physical inset is available
      ---
      duration_ms: 0.132255
      type: 'test'
      ...
    # Subtest: ON rest clamp ignores visibleMargins and uses height ratios
    ok 11 - ON rest clamp ignores visibleMargins and uses height ratios
      ---
      duration_ms: 0.125311
      type: 'test'
      ...
    1..11
ok 1184 - edge pinning margin policy
  ---
  duration_ms: 4.300082
  type: 'suite'
  ...
# Subtest: terminal-focus extension activates on startup and focuses terminal input
ok 1185 - terminal-focus extension activates on startup and focuses terminal input
  ---
  duration_ms: 3.010926
  type: 'test'
  ...
# Subtest: window opacity transition
    # Subtest: animates a BrowserWindow opacity to the target value
    ok 1 - animates a BrowserWindow opacity to the target value
      ---
      duration_ms: 2.152047
      type: 'test'
      ...
    # Subtest: resolves false without leaving pending timers when the window is unavailable
    ok 2 - resolves false without leaving pending timers when the window is unavailable
      ---
      duration_ms: 0.308806
      type: 'test'
      ...
    # Subtest: clamps opacity targets to Electron's valid range
    ok 3 - clamps opacity targets to Electron's valid range
      ---
      duration_ms: 0.381077
      type: 'test'
      ...
    # Subtest: stops writing opacity after cancellation
    ok 4 - stops writing opacity after cancellation
      ---
      duration_ms: 0.368642
      type: 'test'
      ...
    1..4
ok 1186 - window opacity transition
  ---
  duration_ms: 4.884528
  type: 'suite'
  ...
# Subtest: Windows NSIS Claude hook uninstall cleanup
    # Subtest: wires the NSIS include and cleanup script into package config
    ok 1 - wires the NSIS include and cleanup script into package config
      ---
      duration_ms: 1.8557
      type: 'test'
      ...
    # Subtest: keeps the PowerShell permission port list in sync with SERVER_PORTS
    ok 2 - keeps the PowerShell permission port list in sync with SERVER_PORTS
      ---
      duration_ms: 2.130739
      type: 'test'
      ...
    # Subtest: contains PowerShell 5.1 JSON hardening requirements
    ok 3 - contains PowerShell 5.1 JSON hardening requirements
      ---
      duration_ms: 0.502669
      type: 'test'
      ...
    # Subtest: removes only Clawd hooks while preserving third-party hooks and array shape
    ok 4 - removes only Clawd hooks while preserving third-party hooks and array shape # SKIP requires Windows PowerShell
      ---
      duration_ms: 0.242892
      type: 'test'
      ...
    # Subtest: reads an NSIS-style UTF-16LE BOM user-home marker
    ok 5 - reads an NSIS-style UTF-16LE BOM user-home marker # SKIP requires Windows PowerShell
      ---
      duration_ms: 0.157719
      type: 'test'
      ...
    # Subtest: cleans a UTF-8 BOM settings.json and rewrites it without BOM
    ok 6 - cleans a UTF-8 BOM settings.json and rewrites it without BOM # SKIP requires Windows PowerShell
      ---
      duration_ms: 0.192513
      type: 'test'
      ...
    # Subtest: keeps command marker matching case-sensitive to match JS cleanup semantics
    ok 7 - keeps command marker matching case-sensitive to match JS cleanup semantics # SKIP requires Windows PowerShell
      ---
      duration_ms: 0.240338
      type: 'test'
      ...
    # Subtest: leaves malformed settings untouched
    ok 8 - leaves malformed settings untouched # SKIP requires Windows PowerShell
      ---
      duration_ms: 0.236362
      type: 'test'
      ...
    # Subtest: treats missing settings.json as a silent no-op
    ok 9 - treats missing settings.json as a silent no-op # SKIP requires Windows PowerShell
      ---
      duration_ms: 0.463621
      type: 'test'
      ...
    1..9
ok 1187 - Windows NSIS Claude hook uninstall cleanup
  ---
  duration_ms: 8.120567
  type: 'suite'
  ...
# Subtest: getDisplayInsets
    # Subtest: returns zeros when display is missing or incomplete
    ok 1 - returns zeros when display is missing or incomplete
      ---
      duration_ms: 1.989079
      type: 'test'
      ...
    # Subtest: measures a bottom taskbar as a bottom inset
    ok 2 - measures a bottom taskbar as a bottom inset
      ---
      duration_ms: 0.266308
      type: 'test'
      ...
    # Subtest: measures a top taskbar as a top inset
    ok 3 - measures a top taskbar as a top inset
      ---
      duration_ms: 0.332298
      type: 'test'
      ...
    # Subtest: measures left and right taskbars independently
    ok 4 - measures left and right taskbars independently
      ---
      duration_ms: 0.372033
      type: 'test'
      ...
    1..4
ok 1188 - getDisplayInsets
  ---
  duration_ms: 4.562249
  type: 'suite'
  ...
# Subtest: findNearestWorkArea
    # Subtest: returns the only display's workArea when there is one display
    ok 1 - returns the only display's workArea when there is one display
      ---
      duration_ms: 0.395529
      type: 'test'
      ...
    # Subtest: picks the left display when cursor is over it
    ok 2 - picks the left display when cursor is over it
      ---
      duration_ms: 0.21929
      type: 'test'
      ...
    # Subtest: picks the right display when cursor is over it
    ok 3 - picks the right display when cursor is over it
      ---
      duration_ms: 0.389813
      type: 'test'
      ...
    # Subtest: falls back to primary workArea when displays array is empty
    ok 4 - falls back to primary workArea when displays array is empty
      ---
      duration_ms: 0.430517
      type: 'test'
      ...
    # Subtest: falls back to synthetic workArea when both displays and primary are unavailable
    ok 5 - falls back to synthetic workArea when both displays and primary are unavailable
      ---
      duration_ms: 0.34074
      type: 'test'
      ...
    # Subtest: treats null/undefined displays as empty and falls through
    ok 6 - treats null/undefined displays as empty and falls through
      ---
      duration_ms: 0.421691
      type: 'test'
      ...
    # Subtest: never throws on empty displays — does not read displays[0]
    ok 7 - never throws on empty displays — does not read displays[0]
      ---
      duration_ms: 0.385847
      type: 'test'
      ...
    1..7
ok 1189 - findNearestWorkArea
  ---
  duration_ms: 3.314455
  type: 'suite'
  ...
# Subtest: computeLooseClamp
    # Subtest: clamps to a single display when window is well inside it
    ok 1 - clamps to a single display when window is well inside it
      ---
      duration_ms: 0.515442
      type: 'test'
      ...
    # Subtest: clamps a far-off window back near the right edge of the union
    ok 2 - clamps a far-off window back near the right edge of the union
      ---
      duration_ms: 0.15755
      type: 'test'
      ...
    # Subtest: allows partial off-screen by 25% margin (left side)
    ok 3 - allows partial off-screen by 25% margin (left side)
      ---
      duration_ms: 0.141423
      type: 'test'
      ...
    # Subtest: supports asymmetric top and bottom margins
    ok 4 - supports asymmetric top and bottom margins
      ---
      duration_ms: 1.617215
      type: 'test'
      ...
    # Subtest: falls back to primary when displays is empty
    ok 5 - falls back to primary when displays is empty
      ---
      duration_ms: 0.241458
      type: 'test'
      ...
    # Subtest: falls back to synthetic when both displays and primary are unavailable
    ok 6 - falls back to synthetic when both displays and primary are unavailable
      ---
      duration_ms: 0.1341
      type: 'test'
      ...
    # Subtest: never returns NaN or Infinity even when displays is null
    ok 7 - never returns NaN or Infinity even when displays is null
      ---
      duration_ms: 0.238776
      type: 'test'
      ...
    # Subtest: never throws on empty displays
    ok 8 - never throws on empty displays
      ---
      duration_ms: 0.183482
      type: 'test'
      ...
    1..8
ok 1190 - computeLooseClamp
  ---
  duration_ms: 3.611315
  type: 'suite'
  ...
# Subtest: buildDisplaySnapshot
    # Subtest: returns null for missing or malformed displays
    ok 1 - returns null for missing or malformed displays
      ---
      duration_ms: 0.396777
      type: 'test'
      ...
    # Subtest: captures bounds, workArea, id, and scaleFactor
    ok 2 - captures bounds, workArea, id, and scaleFactor
      ---
      duration_ms: 0.177417
      type: 'test'
      ...
    # Subtest: omits workArea when the display reports none
    ok 3 - omits workArea when the display reports none
      ---
      duration_ms: 0.141866
      type: 'test'
      ...
    1..3
ok 1191 - buildDisplaySnapshot
  ---
  duration_ms: 0.928528
  type: 'suite'
  ...
# Subtest: findMatchingDisplay
    # Subtest: returns null when snapshot or displays is empty
    ok 1 - returns null when snapshot or displays is empty
      ---
      duration_ms: 0.28805
      type: 'test'
      ...
    # Subtest: matches on exact bounds equality
    ok 2 - matches on exact bounds equality
      ---
      duration_ms: 0.326206
      type: 'test'
      ...
    # Subtest: falls back to display.id when bounds shifted
    ok 3 - falls back to display.id when bounds shifted
      ---
      duration_ms: 0.173744
      type: 'test'
      ...
    # Subtest: returns null when saved monitor is gone — bounds and id both differ
    ok 4 - returns null when saved monitor is gone — bounds and id both differ
      ---
      duration_ms: 0.128453
      type: 'test'
      ...
    1..4
ok 1192 - findMatchingDisplay
  ---
  duration_ms: 1.093628
  type: 'suite'
  ...
# Subtest: isPointInAnyWorkArea
    # Subtest: returns true when the point is inside a workArea
    ok 1 - returns true when the point is inside a workArea
      ---
      duration_ms: 0.264267
      type: 'test'
      ...
    # Subtest: returns false when the point is outside every workArea
    ok 2 - returns false when the point is outside every workArea
      ---
      duration_ms: 0.136825
      type: 'test'
      ...
    # Subtest: returns true when the point lies on a secondary display's workArea
    ok 3 - returns true when the point lies on a secondary display's workArea
      ---
      duration_ms: 0.121641
      type: 'test'
      ...
    # Subtest: treats bottom-right edge as outside (exclusive upper bound)
    ok 4 - treats bottom-right edge as outside (exclusive upper bound)
      ---
      duration_ms: 0.117854
      type: 'test'
      ...
    # Subtest: returns false for non-finite coordinates or missing displays
    ok 5 - returns false for non-finite coordinates or missing displays
      ---
      duration_ms: 0.144933
      type: 'test'
      ...
    1..5
ok 1193 - isPointInAnyWorkArea
  ---
  duration_ms: 1.01564
  type: 'suite'
  ...
# Subtest: isValidDisplaySnapshot
    # Subtest: accepts a well-formed snapshot
    ok 1 - accepts a well-formed snapshot
      ---
      duration_ms: 0.194142
      type: 'test'
      ...
    # Subtest: rejects null, arrays, missing bounds, and non-finite fields
    ok 2 - rejects null, arrays, missing bounds, and non-finite fields
      ---
      duration_ms: 0.190936
      type: 'test'
      ...
    1..2
ok 1194 - isValidDisplaySnapshot
  ---
  duration_ms: 0.493229
  type: 'suite'
  ...
1..1194
# tests 3979
# suites 446
# pass 3877
# fail 64
# cancelled 21
# skipped 17
# todo 0
# duration_ms 58645.472673
npm notice
npm notice New minor version of npm available! 11.11.0 -> 11.17.0
npm notice Changelog: https://github.com/npm/cli/releases/tag/v11.17.0
npm notice To update run: npm install -g npm@11.17.0
npm notice
